test_independent_actual_guard_precedes_reader_and_verified_context (__main__.Independent.test_independent_actual_guard_precedes_reader_and_verified_context) ... ok
test_independent_changed_control_after_auth_rejects_before_import (__main__.Independent.test_independent_changed_control_after_auth_rejects_before_import) ... ok
test_independent_changed_helper_bytes_reject_before_study_import (__main__.Independent.test_independent_changed_helper_bytes_reject_before_study_import) ... ok
test_independent_custodian_subprocess_has_only_fixed_environment (__main__.Independent.test_independent_custodian_subprocess_has_only_fixed_environment) ... ok
test_independent_custody_aggregate_reserve_and_count (__main__.Independent.test_independent_custody_aggregate_reserve_and_count) ... ok
test_independent_custody_entry_and_both_log_hash_links (__main__.Independent.test_independent_custody_entry_and_both_log_hash_links) ... ok
test_independent_custody_fixed_limits_cannot_change (__main__.Independent.test_independent_custody_fixed_limits_cannot_change) ... ok
test_independent_custody_measured_resources_have_bounds_and_types (__main__.Independent.test_independent_custody_measured_resources_have_bounds_and_types) ... ok
test_independent_custody_wait_exit_types_and_signal_failures (__main__.Independent.test_independent_custody_wait_exit_types_and_signal_failures) ... ok
test_independent_failed_normal_never_launches_optimized (__main__.Independent.test_independent_failed_normal_never_launches_optimized) ... ok
test_independent_first_fresh_science_mismatch_never_launches_optimized (__main__.Independent.test_independent_first_fresh_science_mismatch_never_launches_optimized) ... ok
test_independent_fresh_fake_custodian_failure_rejected (__main__.Independent.test_independent_fresh_fake_custodian_failure_rejected) ... ok
test_independent_fresh_modes_compare_to_saved_and_each_other (__main__.Independent.test_independent_fresh_modes_compare_to_saved_and_each_other) ... ok
test_independent_fresh_output_inside_package_rejected (__main__.Independent.test_independent_fresh_output_inside_package_rejected) ... ok
test_independent_interruption_signals_custodian_cleanup (__main__.Independent.test_independent_interruption_signals_custodian_cleanup) ... ok
test_independent_isolated_mode_required_before_guard_import (__main__.Independent.test_independent_isolated_mode_required_before_guard_import) ... ok
test_independent_manifested_native_code_rejected (__main__.Independent.test_independent_manifested_native_code_rejected) ... ok
test_independent_package_change_during_saved_readback_blocks_fresh (__main__.Independent.test_independent_package_change_during_saved_readback_blocks_fresh) ... ok
test_independent_saved_failed_custodian_must_block_saved_pass (__main__.Independent.test_independent_saved_failed_custodian_must_block_saved_pass) ... ok
test_independent_saved_wrong_optimized_mode_must_block_saved_pass (__main__.Independent.test_independent_saved_wrong_optimized_mode_must_block_saved_pass) ... ok
test_independent_scientific_identity_names_match_frozen_readback (__main__.Independent.test_independent_scientific_identity_names_match_frozen_readback) ... ok

----------------------------------------------------------------------
Ran 21 tests in 0.292s

OK
