{
  "all_registered_postpulse_values_strictly_negative": true,
  "all_registered_prepulse_values_exactly_zero": true,
  "analytic_stationary_Qx": -0.011699927596382968,
  "finite_k_comparisons": 36,
  "maximum_K256_analytic_tail_bound": 2.340779456256588e-06,
  "maximum_linear_wronskian_residual_over_epsilon": 9.75781955236954e-14,
  "maximum_memory_form_difference": 6.938893903907228e-18,
  "maximum_mode_refinement_difference": 1.2836953722228372e-16,
  "maximum_mode_to_primary_finite_k_difference": 6.938893903907228e-17,
  "maximum_primary_K256_to_continuum_difference": 1.1446876304731929e-07,
  "maximum_primary_finite_k_quadrature_estimate": 8.758338850489144e-16,
  "maximum_primary_finite_k_to_continuum_difference": 1.8389396836387267e-06,
  "maximum_primary_response_quadrature_estimate": 1.3754629604142939e-14,
  "maximum_reconstructed_wronskian_residual_over_epsilon": 9.692347929113447e-14,
  "minimum_nonzero_K256_analytic_tail_bound": 1.1538556115928457e-06,
  "mode_elapsed_seconds": 2.2380389220052166,
  "mode_peak_rss_kib": 50036,
  "primary_elapsed_seconds": 0.13419774000067264,
  "registered_source_observation_points": 12,
  "rejected_wrong_formula_controls": 17
}
