static shells: rho_b=78.8283759665 phi_b=5.891232e-06 (bg); seed phi_b=2.324294e-03 rho_b=78.8005803646  [76s]
grid: 2647 points, dz 2.09e-04 (shell) .. 4.00e-03 (far), L=10.00; chart xc=inf F_inf=inf; T_switch=inf; kappa=10
Remedy A projection: {'final': True, 'max_rel_H_window': 3.790984416575243e-12, 'max_rel_M_window': 1.4802981877960538e-16, 'max_abs_shift': 1.2753285319862735e-05}
T=  0.000 H0tau= 0.0000 phi_b=+0.00232 H/H0=+1.00037 lapse=0.9996 R=0.000e+00 Wy/H0^2=+5.2182e-03 rad=0.0000e+00 mode=dev Hmax=3.9e-05 [0s]
T=  0.472 H0tau= 0.4722 phi_b=+0.00270 H/H0=+1.00027 lapse=0.9996 R=1.871e-09 Wy/H0^2=-3.6971e-05 rad=1.2889e-06 mode=dev Hmax=- [31s]
T=  0.955 H0tau= 0.9545 phi_b=+0.00316 H/H0=+1.00031 lapse=0.9995 R=2.869e-09 Wy/H0^2=-5.3488e-05 rad=1.9756e-06 mode=dev Hmax=- [61s]
T=  1.427 H0tau= 1.4266 phi_b=+0.00369 H/H0=+1.00036 lapse=0.9994 R=3.950e-09 Wy/H0^2=-5.9176e-05 rad=2.7187e-06 mode=dev Hmax=- [91s]
T=  1.900 H0tau= 1.8987 phi_b=+0.00430 H/H0=+1.00042 lapse=0.9993 R=5.385e-09 Wy/H0^2=-6.9696e-05 rad=3.7041e-06 mode=dev Hmax=- [122s]
T=  2.392 H0tau= 2.3909 phi_b=+0.00506 H/H0=+1.00049 lapse=0.9992 R=7.430e-09 Wy/H0^2=-8.1546e-05 rad=5.1066e-06 mode=dev Hmax=- [152s]
T=  2.875 H0tau= 2.8729 phi_b=+0.00592 H/H0=+1.00056 lapse=0.9990 R=1.018e-08 Wy/H0^2=-9.6735e-05 rad=6.9916e-06 mode=dev Hmax=- [182s]
T=  3.347 H0tau= 3.3447 phi_b=+0.00690 H/H0=+1.00065 lapse=0.9987 R=1.386e-08 Wy/H0^2=-1.0994e-04 rad=9.5073e-06 mode=dev Hmax=- [212s]
T=  3.829 H0tau= 3.8265 phi_b=+0.00808 H/H0=+1.00076 lapse=0.9984 R=1.898e-08 Wy/H0^2=-1.2429e-04 rad=1.3009e-05 mode=dev Hmax=- [242s]
T=  4.312 H0tau= 4.3080 phi_b=+0.00946 H/H0=+1.00087 lapse=0.9978 R=2.600e-08 Wy/H0^2=-1.5761e-04 rad=1.7792e-05 mode=dev Hmax=- [273s]
T=  4.794 H0tau= 4.7892 phi_b=+0.01107 H/H0=+1.00100 lapse=0.9971 R=3.560e-08 Wy/H0^2=-2.0838e-04 rad=2.4321e-05 mode=dev Hmax=- [303s]
T=  5.287 H0tau= 5.2800 phi_b=+0.01299 H/H0=+1.00116 lapse=0.9959 R=4.904e-08 Wy/H0^2=-1.8316e-04 rad=3.3439e-05 mode=dev Hmax=- [333s]
T=  5.779 H0tau= 5.7701 phi_b=+0.01525 H/H0=+1.00135 lapse=0.9941 R=6.752e-08 Wy/H0^2=-5.3143e-05 rad=4.5931e-05 mode=dev Hmax=- [364s]
T=  6.272 H0tau= 6.2590 phi_b=+0.01788 H/H0=+1.00150 lapse=0.9911 R=9.287e-08 Wy/H0^2=-4.2664e-04 rad=6.3010e-05 mode=dev Hmax=- [394s]
T=  6.764 H0tau= 6.7461 phi_b=+0.02097 H/H0=+1.00177 lapse=0.9867 R=1.276e-07 Wy/H0^2=+3.2649e-05 rad=8.6282e-05 mode=dev Hmax=- [424s]
T=  7.247 H0tau= 7.2205 phi_b=+0.02448 H/H0=+1.00197 lapse=0.9796 R=1.738e-07 Wy/H0^2=-9.1993e-05 rad=1.1710e-04 mode=dev Hmax=- [454s]
T=  7.729 H0tau= 7.6907 phi_b=+0.02854 H/H0=+1.00219 lapse=0.9685 R=2.360e-07 Wy/H0^2=-2.3540e-04 rad=1.5837e-04 mode=dev Hmax=- [485s]
T=  8.202 H0tau= 8.1445 phi_b=+0.03309 H/H0=+1.00229 lapse=0.9515 R=3.169e-07 Wy/H0^2=-1.0417e-03 rad=2.1170e-04 mode=dev Hmax=- [515s]
T=  8.684 H0tau= 8.5977 phi_b=+0.03836 H/H0=+1.00258 lapse=0.9252 R=4.256e-07 Wy/H0^2=-3.8110e-04 rad=2.8273e-04 mode=dev Hmax=- [545s]
T=  9.167 H0tau= 9.0351 phi_b=+0.04423 H/H0=+1.00243 lapse=0.8852 R=5.657e-07 Wy/H0^2=-2.8276e-03 rad=3.7354e-04 mode=dev Hmax=- [575s]
T=  9.659 H0tau= 9.4575 phi_b=+0.05076 H/H0=+1.00253 lapse=0.8263 R=7.470e-07 Wy/H0^2=-4.4137e-03 rad=4.8984e-04 mode=dev Hmax=- [606s]
T= 10.152 H0tau= 9.8455 phi_b=+0.05758 H/H0=+1.00928 lapse=0.7475 R=9.753e-07 Wy/H0^2=+4.7039e-02 rad=6.3498e-04 mode=dev Hmax=5.9e-02 [636s]
T= 10.644 H0tau=10.1880 phi_b=+0.06437 H/H0=+1.02173 lapse=0.6460 R=1.341e-06 Wy/H0^2=+1.3074e-01 rad=8.6677e-04 mode=dev Hmax=- [666s]
T= 11.137 H0tau=10.4757 phi_b=+0.07067 H/H0=+0.93501 lapse=0.5174 R=2.848e-06 Wy/H0^2=-4.1550e-01 rad=1.8284e-03 mode=dev Hmax=- [697s]
T= 11.619 H0tau=10.7004 phi_b=+0.07594 H/H0=+0.03534 lapse=0.3745 R=1.898e-05 Wy/H0^2=-3.9470e+00 rad=1.2119e-02 mode=dev Hmax=- [727s]
T= 12.091 H0tau=10.8706 phi_b=+0.07918 H/H0=+5.10592 lapse=0.4257 R=1.975e-04 Wy/H0^2=+2.8542e+01 rad=1.2566e-01 mode=dev Hmax=- [757s]
{"stop": "shell lapse diverged or vanished (|B_b| > 40) at T=12.3381", "T_end": 12.338133924231679, "H0tau_end": 10.970260720061114, "runtime": 773.1}
