static shells: rho_b=7.8382855381 phi_b=6.170898e-04 (bg); seed phi_b=6.407770e-04 rho_b=7.8382577733  [21s]
grid: 8581 points, dz 5.00e-04 (shell) .. 2.00e-03 (far), L=16.00; chart xc=10.9 F_inf=10.900000000340707; T_switch=9.900000000340707; kappa=10
Remedy A projection: {'final': True, 'max_rel_H_window': 1.2655166100968476e-13, 'max_rel_M_window': 2.3925905252703268e-08, 'max_abs_shift': 6.828777273462977e-08}
T=  0.000 H0tau= 0.0000 phi_b=+0.00064 H/H0=+1.00000 lapse=1.0000 R=0.000e+00 Wy/H0^2=+4.9583e-05 rad=0.0000e+00 mode=dev Hmax=6.2e-06 [0s]
T=  0.210 H0tau= 0.2100 phi_b=+0.00065 H/H0=+1.00000 lapse=1.0000 R=2.560e-11 Wy/H0^2=+1.4514e-07 rad=1.8335e-10 mode=dev Hmax=- [31s]
T=  0.420 H0tau= 0.4200 phi_b=+0.00065 H/H0=+1.00000 lapse=1.0000 R=6.195e-11 Wy/H0^2=-5.9473e-07 rad=4.4379e-10 mode=dev Hmax=- [62s]
T=  0.630 H0tau= 0.6300 phi_b=+0.00066 H/H0=+1.00000 lapse=1.0000 R=1.005e-10 Wy/H0^2=+1.1641e-07 rad=7.1964e-10 mode=dev Hmax=- [92s]
T=  0.850 H0tau= 0.8500 phi_b=+0.00067 H/H0=+1.00000 lapse=1.0000 R=1.568e-10 Wy/H0^2=-2.9603e-07 rad=1.1234e-09 mode=dev Hmax=- [123s]
T=  1.080 H0tau= 1.0800 phi_b=+0.00068 H/H0=+1.00000 lapse=1.0000 R=2.451e-10 Wy/H0^2=-1.5298e-07 rad=1.7560e-09 mode=dev Hmax=- [153s]
T=  1.310 H0tau= 1.3100 phi_b=+0.00070 H/H0=+1.00000 lapse=1.0000 R=3.810e-10 Wy/H0^2=-2.5753e-07 rad=2.7293e-09 mode=dev Hmax=- [185s]
T=  1.530 H0tau= 1.5300 phi_b=+0.00072 H/H0=+1.00000 lapse=1.0000 R=5.803e-10 Wy/H0^2=-3.0967e-07 rad=4.1571e-09 mode=dev Hmax=- [215s]
T=  1.750 H0tau= 1.7500 phi_b=+0.00074 H/H0=+1.00000 lapse=1.0000 R=8.836e-10 Wy/H0^2=-3.7226e-07 rad=6.3293e-09 mode=dev Hmax=- [245s]
T=  1.980 H0tau= 1.9800 phi_b=+0.00077 H/H0=+1.00000 lapse=1.0000 R=1.371e-09 Wy/H0^2=-4.7551e-07 rad=9.8217e-09 mode=dev Hmax=- [276s]
T=  2.200 H0tau= 2.2000 phi_b=+0.00081 H/H0=+1.00000 lapse=1.0000 R=2.088e-09 Wy/H0^2=-5.8428e-07 rad=1.4952e-08 mode=dev Hmax=2.7e-08 [307s]
T=  2.430 H0tau= 2.4300 phi_b=+0.00085 H/H0=+1.00000 lapse=1.0000 R=3.239e-09 Wy/H0^2=-7.2598e-07 rad=2.3201e-08 mode=dev Hmax=- [338s]
T=  2.650 H0tau= 2.6500 phi_b=+0.00091 H/H0=+1.00000 lapse=1.0000 R=4.931e-09 Wy/H0^2=-8.9251e-07 rad=3.5319e-08 mode=dev Hmax=- [368s]
T=  2.870 H0tau= 2.8700 phi_b=+0.00097 H/H0=+1.00000 lapse=1.0000 R=7.507e-09 Wy/H0^2=-1.0978e-06 rad=5.3764e-08 mode=dev Hmax=- [399s]
T=  3.100 H0tau= 3.0999 phi_b=+0.00106 H/H0=+1.00000 lapse=0.9999 R=1.165e-08 Wy/H0^2=-1.3610e-06 rad=8.3418e-08 mode=dev Hmax=2.2e-08 [430s]
T=  3.330 H0tau= 3.3299 phi_b=+0.00117 H/H0=+1.00000 lapse=0.9999 R=1.808e-08 Wy/H0^2=-1.6856e-06 rad=1.2942e-07 mode=dev Hmax=- [461s]
T=  3.560 H0tau= 3.5599 phi_b=+0.00131 H/H0=+1.00000 lapse=0.9999 R=2.805e-08 Wy/H0^2=-2.0842e-06 rad=2.0079e-07 mode=dev Hmax=- [492s]
T=  3.790 H0tau= 3.7899 phi_b=+0.00148 H/H0=+1.00001 lapse=0.9999 R=4.351e-08 Wy/H0^2=-2.5723e-06 rad=3.1148e-07 mode=dev Hmax=- [524s]
T=  4.020 H0tau= 4.0199 phi_b=+0.00169 H/H0=+1.00001 lapse=0.9999 R=6.751e-08 Wy/H0^2=-3.1671e-06 rad=4.8317e-07 mode=dev Hmax=- [555s]
T=  4.240 H0tau= 4.2398 phi_b=+0.00194 H/H0=+1.00001 lapse=0.9998 R=1.028e-07 Wy/H0^2=-3.8531e-06 rad=7.3525e-07 mode=dev Hmax=- [585s]
T=  4.460 H0tau= 4.4598 phi_b=+0.00224 H/H0=+1.00001 lapse=0.9998 R=1.564e-07 Wy/H0^2=-4.6710e-06 rad=1.1187e-06 mode=dev Hmax=- [616s]
T=  4.690 H0tau= 4.6898 phi_b=+0.00264 H/H0=+1.00001 lapse=0.9998 R=2.426e-07 Wy/H0^2=-5.6844e-06 rad=1.7347e-06 mode=dev Hmax=- [647s]
T=  4.920 H0tau= 4.9197 phi_b=+0.00314 H/H0=+1.00001 lapse=0.9997 R=3.763e-07 Wy/H0^2=-6.8723e-06 rad=2.6895e-06 mode=dev Hmax=- [679s]
T=  5.150 H0tau= 5.1496 phi_b=+0.00376 H/H0=+1.00001 lapse=0.9996 R=5.836e-07 Wy/H0^2=-8.2366e-06 rad=4.1686e-06 mode=dev Hmax=- [709s]
T=  5.380 H0tau= 5.3795 phi_b=+0.00453 H/H0=+1.00001 lapse=0.9996 R=9.050e-07 Wy/H0^2=-9.7566e-06 rad=6.4595e-06 mode=dev Hmax=- [740s]
T=  5.610 H0tau= 5.6094 phi_b=+0.00549 H/H0=+1.00001 lapse=0.9995 R=1.403e-06 Wy/H0^2=-1.1371e-05 rad=1.0006e-05 mode=dev Hmax=- [771s]
T=  5.830 H0tau= 5.8293 phi_b=+0.00663 H/H0=+1.00001 lapse=0.9993 R=2.134e-06 Wy/H0^2=-1.2882e-05 rad=1.5200e-05 mode=dev Hmax=- [801s]
T=  6.060 H0tau= 6.0591 phi_b=+0.00811 H/H0=+1.00001 lapse=0.9992 R=3.306e-06 Wy/H0^2=-1.4190e-05 rad=2.3522e-05 mode=dev Hmax=- [832s]
T=  6.280 H0tau= 6.2789 phi_b=+0.00985 H/H0=+0.99999 lapse=0.9990 R=5.025e-06 Wy/H0^2=-1.4783e-05 rad=3.5693e-05 mode=dev Hmax=- [862s]
T=  6.510 H0tau= 6.5087 phi_b=+0.01211 H/H0=+0.99997 lapse=0.9988 R=7.782e-06 Wy/H0^2=-1.4000e-05 rad=5.5152e-05 mode=dev Hmax=- [893s]
T=  6.740 H0tau= 6.7384 phi_b=+0.01493 H/H0=+0.99994 lapse=0.9986 R=1.204e-05 Wy/H0^2=-1.0558e-05 rad=8.5133e-05 mode=dev Hmax=- [924s]
T=  6.970 H0tau= 6.9680 phi_b=+0.01842 H/H0=+0.99987 lapse=0.9983 R=1.863e-05 Wy/H0^2=-2.4166e-06 rad=1.3124e-04 mode=dev Hmax=- [955s]
T=  7.200 H0tau= 7.1976 phi_b=+0.02277 H/H0=+0.99977 lapse=0.9981 R=2.879e-05 Wy/H0^2=+1.3758e-05 rad=2.0201e-04 mode=dev Hmax=2.6e-08 [986s]
T=  7.430 H0tau= 7.4271 phi_b=+0.02816 H/H0=+0.99960 lapse=0.9978 R=4.445e-05 Wy/H0^2=+4.3370e-05 rad=3.1034e-04 mode=dev Hmax=- [1017s]
T=  7.660 H0tau= 7.6566 phi_b=+0.03486 H/H0=+0.99932 lapse=0.9977 R=6.857e-05 Wy/H0^2=+9.5139e-05 rad=4.7562e-04 mode=dev Hmax=- [1048s]
T=  7.890 H0tau= 7.8861 phi_b=+0.04318 H/H0=+0.99889 lapse=0.9978 R=1.056e-04 Wy/H0^2=+1.8310e-04 rad=7.2685e-04 mode=dev Hmax=- [1078s]
T=  8.120 H0tau= 8.1156 phi_b=+0.05349 H/H0=+0.99820 lapse=0.9982 R=1.625e-04 Wy/H0^2=+3.2985e-04 rad=1.1069e-03 mode=dev Hmax=- [1109s]
T=  8.350 H0tau= 8.3453 phi_b=+0.06626 H/H0=+0.99713 lapse=0.9995 R=2.495e-04 Wy/H0^2=+5.7182e-04 rad=1.6787e-03 mode=dev Hmax=- [1139s]
T=  8.580 H0tau= 8.5754 phi_b=+0.08210 H/H0=+0.99546 lapse=1.0020 R=3.825e-04 Wy/H0^2=+9.6807e-04 rad=2.5334e-03 mode=dev Hmax=- [1169s]
T=  8.810 H0tau= 8.8064 phi_b=+0.10173 H/H0=+0.99288 lapse=1.0067 R=5.855e-04 Wy/H0^2=+1.6150e-03 rad=3.8012e-03 mode=dev Hmax=- [1200s]
T=  9.050 H0tau= 9.0490 phi_b=+0.12729 H/H0=+0.98865 lapse=1.0157 R=9.116e-04 Wy/H0^2=+2.7307e-03 rad=5.7639e-03 mode=dev Hmax=- [1231s]
T=  9.290 H0tau= 9.2945 phi_b=+0.15943 H/H0=+0.98198 lapse=1.0316 R=1.419e-03 Wy/H0^2=+4.6026e-03 rad=8.6688e-03 mode=dev Hmax=- [1262s]
T=  9.530 H0tau= 9.5451 phi_b=+0.20015 H/H0=+0.97138 lapse=1.0594 R=2.211e-03 Wy/H0^2=+7.7777e-03 rad=1.2918e-02 mode=dev Hmax=- [1293s]
T=  9.760 H0tau= 9.7935 phi_b=+0.24993 H/H0=+0.95520 lapse=1.1045 R=3.396e-03 Wy/H0^2=+1.2968e-02 rad=1.8750e-02 mode=dev Hmax=- [1323s]
switched to full-field mode at T=9.9000
T= 10.290 H0tau=10.4331 phi_b=+0.43151 H/H0=+0.86663 lapse=1.3572 R=9.490e-03 Wy/H0^2=+4.5120e-02 rad=4.1855e-02 mode=full Hmax=- [1353s]
T= 11.320 H0tau=12.7344 phi_b=+1.03239 H/H0=+0.17155 lapse=3.6434 R=1.217e-02 Wy/H0^2=+8.0872e-03 rad=2.7879e-02 mode=full Hmax=- [1384s]
T= 12.340 H0tau=19.6540 phi_b=+1.03610 H/H0=+0.04805 lapse=12.1661 R=1.155e-03 Wy/H0^2=+2.6569e-05 rad=2.6221e-03 mode=full Hmax=- [1414s]
T= 13.350 H0tau=47.6395 phi_b=+1.03610 H/H0=+0.00338 lapse=50.6406 R=1.522e-04 Wy/H0^2=+1.4009e-05 rad=3.4516e-04 mode=full Hmax=- [1444s]
{"stop": "non-finite", "T_end": 13.819999999990467, "H0tau_end": 69.47565261884374, "runtime": 1458.4}
