static shells: rho_b=7.8382855381 phi_b=6.170898e-04 (bg); seed phi_b=2.982687e-03 rho_b=7.8354627273  [24s]
grid: 8581 points, dz 5.00e-04 (shell) .. 2.00e-03 (far), L=16.00; chart xc=6.1 F_inf=6.100005030417649; T_switch=5.100005030417649; kappa=10
Remedy A projection: {'final': True, 'max_rel_H_window': 3.8675978877868965e-13, 'max_rel_M_window': 1.7071741386031875e-06, 'max_abs_shift': 1.8188622730418714e-05}
T=  0.000 H0tau= 0.0000 phi_b=+0.00298 H/H0=+1.00034 lapse=0.9997 R=0.000e+00 Wy/H0^2=+4.9529e-03 rad=0.0000e+00 mode=dev Hmax=1.3e-03 [1s]
T=  0.230 H0tau= 0.2299 phi_b=+0.00347 H/H0=+0.99997 lapse=0.9997 R=2.869e-07 Wy/H0^2=-5.1805e-05 rad=2.0496e-06 mode=dev Hmax=- [32s]
T=  0.460 H0tau= 0.4598 phi_b=+0.00418 H/H0=+1.00002 lapse=0.9996 R=6.852e-07 Wy/H0^2=-1.8176e-05 rad=4.8925e-06 mode=dev Hmax=- [63s]
T=  0.690 H0tau= 0.6897 phi_b=+0.00505 H/H0=+1.00001 lapse=0.9995 R=1.131e-06 Wy/H0^2=-2.1638e-06 rad=8.0683e-06 mode=dev Hmax=- [94s]
T=  0.910 H0tau= 0.9096 phi_b=+0.00609 H/H0=+1.00001 lapse=0.9994 R=1.754e-06 Wy/H0^2=-2.0014e-05 rad=1.2498e-05 mode=dev Hmax=- [124s]
T=  1.140 H0tau= 1.1395 phi_b=+0.00743 H/H0=+1.00001 lapse=0.9993 R=2.731e-06 Wy/H0^2=-1.2398e-05 rad=1.9438e-05 mode=dev Hmax=- [155s]
T=  1.370 H0tau= 1.3693 phi_b=+0.00910 H/H0=+1.00000 lapse=0.9991 R=4.236e-06 Wy/H0^2=-1.4921e-05 rad=3.0105e-05 mode=dev Hmax=- [186s]
T=  1.600 H0tau= 1.5991 phi_b=+0.01117 H/H0=+0.99998 lapse=0.9989 R=6.562e-06 Wy/H0^2=-1.4253e-05 rad=4.6551e-05 mode=dev Hmax=1.1e-05 [217s]
T=  1.820 H0tau= 1.8188 phi_b=+0.01363 H/H0=+0.99995 lapse=0.9987 R=9.968e-06 Wy/H0^2=-1.3116e-05 rad=7.0550e-05 mode=dev Hmax=- [247s]
T=  2.050 H0tau= 2.0485 phi_b=+0.01681 H/H0=+0.99990 lapse=0.9985 R=1.542e-05 Wy/H0^2=-6.5857e-06 rad=1.0883e-04 mode=dev Hmax=- [278s]
T=  2.280 H0tau= 2.2781 phi_b=+0.02077 H/H0=+0.99982 lapse=0.9982 R=2.385e-05 Wy/H0^2=+5.4513e-06 rad=1.6764e-04 mode=dev Hmax=- [309s]
T=  2.510 H0tau= 2.5077 phi_b=+0.02568 H/H0=+0.99968 lapse=0.9980 R=3.684e-05 Wy/H0^2=+2.8411e-05 rad=2.5777e-04 mode=dev Hmax=- [340s]
T=  2.740 H0tau= 2.7372 phi_b=+0.03178 H/H0=+0.99946 lapse=0.9978 R=5.685e-05 Wy/H0^2=+6.9252e-05 rad=3.9550e-04 mode=dev Hmax=- [371s]
T=  2.970 H0tau= 2.9667 phi_b=+0.03936 H/H0=+0.99910 lapse=0.9977 R=8.763e-05 Wy/H0^2=+1.3941e-04 rad=6.0521e-04 mode=dev Hmax=- [402s]
T=  3.200 H0tau= 3.1962 phi_b=+0.04875 H/H0=+0.99854 lapse=0.9980 R=1.349e-04 Wy/H0^2=+2.5719e-04 rad=9.2316e-04 mode=dev Hmax=1.2e-05 [432s]
T=  3.430 H0tau= 3.4258 phi_b=+0.06040 H/H0=+0.99765 lapse=0.9987 R=2.073e-04 Wy/H0^2=+4.5229e-04 rad=1.4027e-03 mode=dev Hmax=- [462s]
T=  3.660 H0tau= 3.6557 phi_b=+0.07483 H/H0=+0.99628 lapse=1.0005 R=3.180e-04 Wy/H0^2=+7.7252e-04 rad=2.1214e-03 mode=dev Hmax=- [493s]
T=  3.890 H0tau= 3.8861 phi_b=+0.09271 H/H0=+0.99414 lapse=1.0038 R=4.870e-04 Wy/H0^2=+1.2956e-03 rad=3.1909e-03 mode=dev Hmax=- [523s]
T=  4.120 H0tau= 4.1177 phi_b=+0.11487 H/H0=+0.99082 lapse=1.0100 R=7.446e-04 Wy/H0^2=+2.1490e-03 rad=4.7690e-03 mode=dev Hmax=- [554s]
T=  4.350 H0tau= 4.3511 phi_b=+0.14242 H/H0=+0.98570 lapse=1.0209 R=1.137e-03 Wy/H0^2=+3.5448e-03 rad=7.0755e-03 mode=dev Hmax=- [585s]
T=  4.570 H0tau= 4.5775 phi_b=+0.17513 H/H0=+0.97818 lapse=1.0386 R=1.705e-03 Wy/H0^2=+5.7168e-03 rad=1.0239e-02 mode=dev Hmax=- [616s]
T=  4.800 H0tau= 4.8196 phi_b=+0.21791 H/H0=+0.96601 lapse=1.0695 R=2.607e-03 Wy/H0^2=+9.4601e-03 rad=1.4932e-02 mode=dev Hmax=1.2e-05 [646s]
T=  5.020 H0tau= 5.0599 phi_b=+0.26974 H/H0=+0.94778 lapse=1.1184 R=3.931e-03 Wy/H0^2=+1.5455e-02 rad=2.1206e-02 mode=dev Hmax=- [676s]
switched to full-field mode at T=5.1000
T=  5.780 H0tau= 6.0631 phi_b=+0.60839 H/H0=+0.73595 lapse=1.6634 R=1.723e-02 Wy/H0^2=+9.4159e-02 rad=6.0042e-02 mode=full Hmax=- [706s]
T=  6.790 H0tau= 8.9933 phi_b=+1.03594 H/H0=+0.12183 lapse=4.6536 R=6.565e-03 Wy/H0^2=+5.1074e-04 rad=1.4964e-02 mode=full Hmax=- [737s]
T=  7.790 H0tau=18.1732 phi_b=+1.03610 H/H0=+0.03460 lapse=16.9367 R=6.706e-04 Wy/H0^2=+1.5546e-05 rad=1.5216e-03 mode=full Hmax=- [767s]
T=  8.800 H0tau=54.9740 phi_b=+1.03610 H/H0=-0.00469 lapse=51.0913 R=1.570e-04 Wy/H0^2=+1.3994e-05 rad=3.5603e-04 mode=full Hmax=1.2e-01 [797s]
{"stop": "non-finite", "T_end": 9.040000000001607, "H0tau_end": 64.6468464401415, "runtime": 804.1}
