static shells: rho_b=7.8382855381 phi_b=6.170898e-04 (bg); seed phi_b=6.407770e-04 rho_b=7.8382577733  [21s]
grid: 8581 points, dz 5.00e-04 (shell) .. 2.00e-03 (far), L=16.00; chart xc=3.6 F_inf=3.6007457511072425; T_switch=2.6007457511072425; kappa=10
Remedy A projection: {'final': True, 'max_rel_H_window': 1.2466996519859387e-13, 'max_rel_M_window': 1.2722447607915418e-10, 'max_abs_shift': 6.839318036564292e-08}
T=  0.000 H0tau= 0.0000 phi_b=+0.00064 H/H0=+1.00000 lapse=1.0015 R=0.000e+00 Wy/H0^2=+4.9583e-05 rad=0.0000e+00 mode=dev Hmax=4.1e-06 [0s]
T=  0.210 H0tau= 0.2104 phi_b=+0.00065 H/H0=+0.99999 lapse=1.0023 R=2.783e-11 Wy/H0^2=+2.6294e-05 rad=1.9938e-10 mode=dev Hmax=- [31s]
T=  0.420 H0tau= 0.4210 phi_b=+0.00069 H/H0=+0.99998 lapse=1.0035 R=1.827e-10 Wy/H0^2=+3.8601e-05 rad=1.3084e-09 mode=dev Hmax=- [61s]
T=  0.640 H0tau= 0.6419 phi_b=+0.00076 H/H0=+0.99995 lapse=1.0054 R=8.416e-10 Wy/H0^2=+7.8358e-05 rad=6.0284e-09 mode=dev Hmax=- [92s]
T=  0.860 H0tau= 0.8634 phi_b=+0.00092 H/H0=+0.99990 lapse=1.0083 R=3.631e-09 Wy/H0^2=+1.6190e-04 rad=2.6002e-08 mode=dev Hmax=- [123s]
T=  1.080 H0tau= 1.0857 phi_b=+0.00125 H/H0=+0.99980 lapse=1.0130 R=1.563e-08 Wy/H0^2=+3.3541e-04 rad=1.1189e-07 mode=dev Hmax=- [154s]
T=  1.300 H0tau= 1.3093 phi_b=+0.00193 H/H0=+0.99957 lapse=1.0202 R=6.773e-08 Wy/H0^2=+6.9815e-04 rad=4.8460e-07 mode=dev Hmax=1.3e-07 [185s]
T=  1.520 H0tau= 1.5349 phi_b=+0.00338 H/H0=+0.99910 lapse=1.0315 R=2.970e-07 Wy/H0^2=+1.4618e-03 rad=2.1221e-06 mode=dev Hmax=- [215s]
T=  1.740 H0tau= 1.7636 phi_b=+0.00645 H/H0=+0.99809 lapse=1.0492 R=1.325e-06 Wy/H0^2=+3.0876e-03 rad=9.4443e-06 mode=dev Hmax=- [246s]
T=  1.960 H0tau= 1.9973 phi_b=+0.01313 H/H0=+0.99585 lapse=1.0772 R=6.072e-06 Wy/H0^2=+6.6055e-03 rad=4.2995e-05 mode=dev Hmax=- [276s]
T=  2.180 H0tau= 2.2388 phi_b=+0.02802 H/H0=+0.99065 lapse=1.1218 R=2.886e-05 Wy/H0^2=+1.4389e-02 rad=2.0148e-04 mode=dev Hmax=- [307s]
T=  2.400 H0tau= 2.4929 phi_b=+0.06234 H/H0=+0.97754 lapse=1.1938 R=1.437e-04 Wy/H0^2=+3.2071e-02 rad=9.7040e-04 mode=dev Hmax=4.3e-08 [338s]
switched to full-field mode at T=2.6005
T=  2.660 H0tau= 2.8203 phi_b=+0.16882 H/H0=+0.92751 lapse=1.3380 R=1.003e-03 Wy/H0^2=+8.4908e-02 rad=6.0637e-03 mode=full Hmax=- [368s]
T=  3.610 H0tau= 4.5066 phi_b=+1.03493 H/H0=+0.15812 lapse=2.1969 R=7.520e-03 Wy/H0^2=+1.0565e-02 rad=1.7154e-02 mode=full Hmax=- [398s]
T=  4.590 H0tau= 7.6391 phi_b=+1.03610 H/H0=+0.07785 lapse=5.1622 R=1.927e-03 Wy/H0^2=+2.0242e-03 rad=4.3768e-03 mode=full Hmax=- [428s]
{"stop": "non-finite", "T_end": 5.150000000000548, "H0tau_end": 12.782748452882007, "runtime": 446.0}
