static shells: rho_b=7.8382855381 phi_b=6.170898e-04 (bg); seed phi_b=6.407770e-04 rho_b=7.8382577733  [20s]
grid: 8581 points, dz 5.00e-04 (shell) .. 2.00e-03 (far), L=16.00; chart xc=5.4 F_inf=5.400020398879231; T_switch=4.400020398879231; kappa=10
Remedy A projection: {'final': True, 'max_rel_H_window': 1.8275552497366844e-13, 'max_rel_M_window': 1.881570614775334e-09, 'max_abs_shift': 6.829065821113157e-08}
T=  0.000 H0tau= 0.0000 phi_b=+0.00064 H/H0=+1.00000 lapse=1.0000 R=0.000e+00 Wy/H0^2=+4.9583e-05 rad=0.0000e+00 mode=dev Hmax=4.5e-06 [0s]
T=  0.220 H0tau= 0.2200 phi_b=+0.00065 H/H0=+0.99999 lapse=1.0001 R=4.097e-11 Wy/H0^2=+8.9155e-06 rad=2.9352e-10 mode=dev Hmax=- [30s]
T=  0.420 H0tau= 0.4200 phi_b=+0.00067 H/H0=+0.99999 lapse=1.0001 R=1.536e-10 Wy/H0^2=+7.6664e-06 rad=1.1004e-09 mode=dev Hmax=- [61s]
T=  0.640 H0tau= 0.6401 phi_b=+0.00070 H/H0=+0.99999 lapse=1.0001 R=4.185e-10 Wy/H0^2=+1.3077e-05 rad=2.9977e-09 mode=dev Hmax=- [92s]
T=  0.830 H0tau= 0.8301 phi_b=+0.00073 H/H0=+0.99998 lapse=1.0002 R=9.345e-10 Wy/H0^2=+1.9247e-05 rad=6.6939e-09 mode=dev Hmax=- [123s]
T=  1.050 H0tau= 1.0501 phi_b=+0.00080 H/H0=+0.99997 lapse=1.0003 R=2.347e-09 Wy/H0^2=+3.0423e-05 rad=1.6812e-08 mode=dev Hmax=- [153s]
T=  1.260 H0tau= 1.2602 phi_b=+0.00091 H/H0=+0.99995 lapse=1.0005 R=5.640e-09 Wy/H0^2=+4.7214e-05 rad=4.0395e-08 mode=dev Hmax=- [183s]
T=  1.440 H0tau= 1.4403 phi_b=+0.00104 H/H0=+0.99993 lapse=1.0007 R=1.196e-08 Wy/H0^2=+6.8761e-05 rad=8.5615e-08 mode=dev Hmax=- [214s]
T=  1.660 H0tau= 1.6605 phi_b=+0.00128 H/H0=+0.99990 lapse=1.0011 R=2.995e-08 Wy/H0^2=+1.0887e-04 rad=2.1442e-07 mode=dev Hmax=- [245s]
T=  1.890 H0tau= 1.8908 phi_b=+0.00169 H/H0=+0.99983 lapse=1.0017 R=7.824e-08 Wy/H0^2=+1.7606e-04 rad=5.5996e-07 mode=dev Hmax=- [276s]
T=  2.110 H0tau= 2.1113 phi_b=+0.00232 H/H0=+0.99973 lapse=1.0026 R=1.961e-07 Wy/H0^2=+2.7896e-04 rad=1.4028e-06 mode=dev Hmax=- [306s]
T=  2.340 H0tau= 2.3421 phi_b=+0.00337 H/H0=+0.99956 lapse=1.0042 R=5.129e-07 Wy/H0^2=+4.5175e-04 rad=3.6650e-06 mode=dev Hmax=- [337s]
T=  2.560 H0tau= 2.5632 phi_b=+0.00498 H/H0=+0.99930 lapse=1.0064 R=1.288e-06 Wy/H0^2=+7.1727e-04 rad=9.1869e-06 mode=dev Hmax=- [367s]
T=  2.780 H0tau= 2.7850 phi_b=+0.00753 H/H0=+0.99888 lapse=1.0100 R=3.237e-06 Wy/H0^2=+1.1411e-03 rad=2.3040e-05 mode=dev Hmax=- [397s]
T=  2.990 H0tau= 2.9976 phi_b=+0.01137 H/H0=+0.99823 lapse=1.0152 R=7.818e-06 Wy/H0^2=+1.7823e-03 rad=5.5451e-05 mode=dev Hmax=- [428s]
T=  3.200 H0tau= 3.2116 phi_b=+0.01738 H/H0=+0.99717 lapse=1.0232 R=1.894e-05 Wy/H0^2=+2.7961e-03 rad=1.3355e-04 mode=dev Hmax=4.4e-08 [458s]
T=  3.420 H0tau= 3.4380 phi_b=+0.02738 H/H0=+0.99530 lapse=1.0361 R=4.804e-05 Wy/H0^2=+4.5140e-03 rad=3.3565e-04 mode=dev Hmax=- [489s]
T=  3.640 H0tau= 3.6680 phi_b=+0.04353 H/H0=+0.99198 lapse=1.0562 R=1.227e-04 Wy/H0^2=+7.3743e-03 rad=8.4380e-04 mode=dev Hmax=- [520s]
T=  3.860 H0tau= 3.9036 phi_b=+0.06992 H/H0=+0.98579 lapse=1.0877 R=3.159e-04 Wy/H0^2=+1.2281e-02 rad=2.1176e-03 mode=dev Hmax=- [551s]
T=  4.080 H0tau= 4.1479 phi_b=+0.11359 H/H0=+0.97350 lapse=1.1370 R=8.219e-04 Wy/H0^2=+2.1106e-02 rad=5.2712e-03 mode=dev Hmax=- [581s]
T=  4.300 H0tau= 4.4058 phi_b=+0.18697 H/H0=+0.94718 lapse=1.2136 R=2.155e-03 Wy/H0^2=+3.8115e-02 rad=1.2779e-02 mode=dev Hmax=4.4e-08 [613s]
switched to full-field mode at T=4.4000
T=  4.880 H0tau= 5.2109 phi_b=+0.67874 H/H0=+0.60900 lapse=1.6070 R=1.983e-02 Wy/H0^2=+1.9903e-01 rad=6.2945e-02 mode=full Hmax=- [643s]
T=  5.870 H0tau= 7.2775 phi_b=+1.03601 H/H0=+0.13387 lapse=2.7313 R=7.449e-03 Wy/H0^2=+1.4558e-03 rad=1.6989e-02 mode=full Hmax=- [673s]
T=  6.840 H0tau=11.7403 phi_b=+1.03610 H/H0=+0.05919 lapse=7.8292 R=1.577e-03 Wy/H0^2=+2.6249e-04 rad=3.5812e-03 mode=full Hmax=- [703s]
{"stop": "non-finite", "T_end": 7.790000000003775, "H0tau_end": 31.055223450547622, "runtime": 732.5}
