static shells: rho_b=7.8382855381 phi_b=6.170898e-04 (bg); seed phi_b=6.407770e-04 rho_b=7.8382577733  [22s]
grid: 4291 points, dz 1.00e-03 (shell) .. 4.00e-03 (far), L=16.00; chart xc=10.9 F_inf=10.900000000340707; T_switch=9.900000000340707; kappa=10
Remedy A projection: {'final': True, 'max_rel_H_window': 3.6214249764879685e-13, 'max_rel_M_window': 3.6719477278697374e-08, 'max_abs_shift': 1.0535217059269236e-07}
T=  0.000 H0tau= 0.0000 phi_b=+0.00064 H/H0=+1.00000 lapse=1.0000 R=0.000e+00 Wy/H0^2=+4.9509e-05 rad=0.0000e+00 mode=dev Hmax=4.8e-06 [0s]
T=  0.740 H0tau= 0.7400 phi_b=+0.00066 H/H0=+1.00000 lapse=1.0000 R=1.259e-10 Wy/H0^2=-1.8089e-07 rad=9.0180e-10 mode=dev Hmax=- [30s]
T=  1.470 H0tau= 1.4700 phi_b=+0.00071 H/H0=+1.00000 lapse=1.0000 R=5.175e-10 Wy/H0^2=-2.9030e-07 rad=3.7070e-09 mode=dev Hmax=- [60s]
T=  2.220 H0tau= 2.2200 phi_b=+0.00081 H/H0=+1.00000 lapse=1.0000 R=2.169e-09 Wy/H0^2=-5.9381e-07 rad=1.5536e-08 mode=dev Hmax=- [91s]
T=  2.980 H0tau= 2.9800 phi_b=+0.00101 H/H0=+1.00000 lapse=1.0000 R=9.264e-09 Wy/H0^2=-1.2167e-06 rad=6.6340e-08 mode=dev Hmax=- [121s]
T=  3.750 H0tau= 3.7499 phi_b=+0.00144 H/H0=+1.00000 lapse=0.9999 R=4.032e-08 Wy/H0^2=-2.4803e-06 rad=2.8861e-07 mode=dev Hmax=- [151s]
T=  4.510 H0tau= 4.5098 phi_b=+0.00232 H/H0=+1.00001 lapse=0.9998 R=1.721e-07 Wy/H0^2=-4.8772e-06 rad=1.2308e-06 mode=dev Hmax=- [181s]
T=  5.290 H0tau= 5.2896 phi_b=+0.00421 H/H0=+1.00001 lapse=0.9996 R=7.623e-07 Wy/H0^2=-9.1462e-06 rad=5.4430e-06 mode=dev Hmax=- [211s]
T=  6.080 H0tau= 6.0791 phi_b=+0.00825 H/H0=+1.00001 lapse=0.9992 R=3.435e-06 Wy/H0^2=-1.4278e-05 rad=2.4435e-05 mode=dev Hmax=- [242s]
T=  6.890 H0tau= 6.8882 phi_b=+0.01712 H/H0=+0.99990 lapse=0.9984 R=1.601e-05 Wy/H0^2=-5.9501e-06 rad=1.1294e-04 mode=dev Hmax=- [272s]
T=  7.700 H0tau= 7.6966 phi_b=+0.03619 H/H0=+0.99926 lapse=0.9978 R=7.395e-05 Wy/H0^2=+1.0738e-04 rad=5.1227e-04 mode=dev Hmax=4.0e-08 [302s]
T=  8.510 H0tau= 8.5055 phi_b=+0.07693 H/H0=+0.99605 lapse=1.0012 R=3.361e-04 Wy/H0^2=+8.2679e-04 rad=2.2374e-03 mode=dev Hmax=- [332s]
T=  9.340 H0tau= 9.3466 phi_b=+0.16720 H/H0=+0.98015 lapse=1.0367 R=1.557e-03 Wy/H0^2=+5.1374e-03 rad=9.4348e-03 mode=dev Hmax=- [363s]
switched to full-field mode at T=9.9000
T= 10.680 H0tau=11.0467 phi_b=+0.67949 H/H0=+0.67069 lapse=1.8454 R=2.041e-02 Wy/H0^2=+1.1559e-01 rad=6.4733e-02 mode=full Hmax=- [393s]
T= 13.670 H0tau=56.9395 phi_b=+1.03610 H/H0=-0.00116 lapse=22.0061 R=1.359e-04 Wy/H0^2=+3.7677e-05 rad=3.0814e-04 mode=full Hmax=- [423s]
{"stop": "non-finite", "T_end": 13.820000000005399, "H0tau_end": 60.021842277926055, "runtime": 424.2}
