test_access_boolean_integer_substitution_rejected (__main__.BoundaryControls.test_access_boolean_integer_substitution_rejected) ... ok
test_bound_owner_query_allowed (__main__.BoundaryControls.test_bound_owner_query_allowed) ... ok
test_canonical_quoted_etag_converts_to_matching_decimal_revision (__main__.BoundaryControls.test_canonical_quoted_etag_converts_to_matching_decimal_revision) ... ok
test_cli_406_retry_requires_explicit_create_mutation (__main__.BoundaryControls.test_cli_406_retry_requires_explicit_create_mutation) ... ok
test_cli_mutation_flags_reject_before_transport (__main__.BoundaryControls.test_cli_mutation_flags_reject_before_transport) ... ok
test_cli_publish_flag_cannot_hide_in_other_stage (__main__.BoundaryControls.test_cli_publish_flag_cannot_hide_in_other_stage) ... ok
test_cli_publish_requires_second_explicit_flag (__main__.BoundaryControls.test_cli_publish_requires_second_explicit_flag) ... ok
test_custom_boolean_substitution_rejected (__main__.BoundaryControls.test_custom_boolean_substitution_rejected) ... ok
test_custom_float_substitution_rejected (__main__.BoundaryControls.test_custom_float_substitution_rejected) ... ok
test_embedded_error_url_query_and_malformed_url_are_redacted (__main__.BoundaryControls.test_embedded_error_url_query_and_malformed_url_are_redacted) ... ok
test_error_json_structure_and_nonfinite_limits (__main__.BoundaryControls.test_error_json_structure_and_nonfinite_limits) ... ok
test_etag_requires_integer_matching_record_revision (__main__.BoundaryControls.test_etag_requires_integer_matching_record_revision) ... ok
test_evidence_process_lock_excludes_second_controller (__main__.BoundaryControls.test_evidence_process_lock_excludes_second_controller) ... ok
test_extra_file_rejected (__main__.BoundaryControls.test_extra_file_rejected) ... ok
test_extra_metadata_field_rejected (__main__.BoundaryControls.test_extra_metadata_field_rejected) ... ok
test_fake_token_and_query_redacted (__main__.BoundaryControls.test_fake_token_and_query_redacted) ... ok
test_filename_size_md5_complete_pass (__main__.BoundaryControls.test_filename_size_md5_complete_pass) ... ok
test_float_and_boolean_file_size_rejected (__main__.BoundaryControls.test_float_and_boolean_file_size_rejected) ... ok
test_frozen_input_digest_change_rejected (__main__.BoundaryControls.test_frozen_input_digest_change_rejected) ... ok
test_html_changed_paragraph_rejected (__main__.BoundaryControls.test_html_changed_paragraph_rejected) ... ok
test_html_entities_with_preserved_interior_whitespace_pass (__main__.BoundaryControls.test_html_entities_with_preserved_interior_whitespace_pass) ... ok
test_html_inside_paragraph_whitespace_change_rejected (__main__.BoundaryControls.test_html_inside_paragraph_whitespace_change_rejected) ... ok
test_identical_complete_metadata_passes (__main__.BoundaryControls.test_identical_complete_metadata_passes) ... ok
test_incomplete_file_rejected (__main__.BoundaryControls.test_incomplete_file_rejected) ... ok
test_known_server_access_status_passes (__main__.BoundaryControls.test_known_server_access_status_passes) ... ok
test_known_vocabulary_decoration_passes (__main__.BoundaryControls.test_known_vocabulary_decoration_passes) ... ok
test_missing_custom_field_rejected (__main__.BoundaryControls.test_missing_custom_field_rejected) ... ok
test_missing_metadata_field_rejected (__main__.BoundaryControls.test_missing_metadata_field_rejected) ... ok
test_transport_error_oversize_is_bounded (__main__.BoundaryControls.test_transport_error_oversize_is_bounded) ... ok
test_transport_http400_reads_bounded_body_and_preserves_status (__main__.BoundaryControls.test_transport_http400_reads_bounded_body_and_preserves_status) ... ok
test_unknown_access_field_rejected (__main__.BoundaryControls.test_unknown_access_field_rejected) ... ok
test_unknown_vocabulary_property_rejected (__main__.BoundaryControls.test_unknown_vocabulary_property_rejected) ... ok
test_unrecognized_id_decoration_not_dropped (__main__.BoundaryControls.test_unrecognized_id_decoration_not_dropped) ... ok
test_unsafe_destination_and_credential_query_rejected (__main__.BoundaryControls.test_unsafe_destination_and_credential_query_rejected) ... ok
test_vocabulary_id_substitution_rejected (__main__.BoundaryControls.test_vocabulary_id_substitution_rejected) ... ok
test_weak_negative_nondecimal_unquoted_or_noncanonical_etags_rejected (__main__.BoundaryControls.test_weak_negative_nondecimal_unquoted_or_noncanonical_etags_rejected) ... ok
test_wrong_md5_rejected (__main__.BoundaryControls.test_wrong_md5_rejected) ... ok

----------------------------------------------------------------------
Ran 37 tests in 0.027s

OK
