test_ambiguous_create_recovers_with_gets_and_no_second_post (__main__.ControllerFixtures.test_ambiguous_create_recovers_with_gets_and_no_second_post) ... ok
test_ambiguous_publication_recovers_from_public_gets (__main__.ControllerFixtures.test_ambiguous_publication_recovers_from_public_gets) ... ok
test_both_newversion_response_forms_and_latest_resolution (__main__.ControllerFixtures.test_both_newversion_response_forms_and_latest_resolution) ... ok
test_changed_inherited_id_requires_complete_fresh_stream (__main__.ControllerFixtures.test_changed_inherited_id_requires_complete_fresh_stream) ... ok
test_complete_prepare_publish_once_and_persisted_redaction (__main__.ControllerFixtures.test_complete_prepare_publish_once_and_persisted_redaction) ... ok
test_completed_file_edit_between_verify_and_final_get_blocks_publish (__main__.ControllerFixtures.test_completed_file_edit_between_verify_and_final_get_blocks_publish) ... ok
test_definitive_406_one_explicit_corrected_retry_after_reconciliation (__main__.ControllerFixtures.test_definitive_406_one_explicit_corrected_retry_after_reconciliation) ... ok
test_error_500_diagnostic_keeps_pending_and_blocks_metadata_retry (__main__.ControllerFixtures.test_error_500_diagnostic_keeps_pending_and_blocks_metadata_retry) ... ok
test_etag_only_edit_between_verify_and_final_get_blocks_publish (__main__.ControllerFixtures.test_etag_only_edit_between_verify_and_final_get_blocks_publish) ... ok
test_file_and_record_actions_use_supported_accept_media_types (__main__.ControllerFixtures.test_file_and_record_actions_use_supported_accept_media_types) ... ok
test_invalid_error_json_preserves_definite_400_without_raw_body (__main__.ControllerFixtures.test_invalid_error_json_preserves_definite_400_without_raw_body) ... ok
test_invalid_or_mismatched_metadata_etag_stops_before_put (__main__.ControllerFixtures.test_invalid_or_mismatched_metadata_etag_stops_before_put) ... ok
test_invalid_publish_etag_stops_before_attempt_latch_and_post (__main__.ControllerFixtures.test_invalid_publish_etag_stops_before_attempt_latch_and_post) ... ok
test_latest_only_owner_listing_complete_create_prepare_publish_flow (__main__.ControllerFixtures.test_latest_only_owner_listing_complete_create_prepare_publish_flow) ... ok
test_latest_only_published_record_requires_matching_submitted_state (__main__.ControllerFixtures.test_latest_only_published_record_requires_matching_submitted_state) ... ok
test_latest_only_unjournaled_draft_cannot_authorize_creation_or_adoption (__main__.ControllerFixtures.test_latest_only_unjournaled_draft_cannot_authorize_creation_or_adoption) ... ok
test_latest_only_unknown_create_without_journaled_id_remains_blocked (__main__.ControllerFixtures.test_latest_only_unknown_create_without_journaled_id_remains_blocked) ... ok
test_latest_only_unknown_publish_recovers_only_from_public_gets (__main__.ControllerFixtures.test_latest_only_unknown_publish_recovers_only_from_public_gets) ... ok
test_latest_only_wrong_owner_family_state_or_id_are_rejected (__main__.ControllerFixtures.test_latest_only_wrong_owner_family_state_or_id_are_rejected) ... ok
test_legacy_newversion_uses_json_accept (__main__.ControllerFixtures.test_legacy_newversion_uses_json_accept) ... ok
test_malformed_success_create_recovers_without_repeat (__main__.ControllerFixtures.test_malformed_success_create_recovers_without_repeat) ... ok
test_metadata_400_json_saved_redacted_before_stop_and_no_publish (__main__.ControllerFixtures.test_metadata_400_json_saved_redacted_before_stop_and_no_publish) ... ok
test_metadata_edit_between_verify_and_final_get_blocks_publish (__main__.ControllerFixtures.test_metadata_edit_between_verify_and_final_get_blocks_publish) ... ok
test_metadata_mismatch_and_extra_file_block_verify (__main__.ControllerFixtures.test_metadata_mismatch_and_extra_file_block_verify) ... ok
test_metadata_only_retry_keeps_two_completed_uploads_and_exact_body (__main__.ControllerFixtures.test_metadata_only_retry_keeps_two_completed_uploads_and_exact_body) ... ok
test_missing_inherited_pin_blocks_adoption (__main__.ControllerFixtures.test_missing_inherited_pin_blocks_adoption) ... ok
test_non406_rejections_never_qualify_for_explicit_retry (__main__.ControllerFixtures.test_non406_rejections_never_qualify_for_explicit_retry) ... ok
test_numeric_bool_and_unrecognized_decoration_are_rejected (__main__.ControllerFixtures.test_numeric_bool_and_unrecognized_decoration_are_rejected) ... ok
test_original_public_immutable_identity_change_blocks_all_writes (__main__.ControllerFixtures.test_original_public_immutable_identity_change_blocks_all_writes) ... ok
test_owner_pagination_bound_never_implies_absence (__main__.ControllerFixtures.test_owner_pagination_bound_never_implies_absence) ... ok
test_owner_pagination_repeat_blocks_creation (__main__.ControllerFixtures.test_owner_pagination_repeat_blocks_creation) ... ok
test_owner_reconciliation_reads_later_page_before_adoption (__main__.ControllerFixtures.test_owner_reconciliation_reads_later_page_before_adoption) ... ok
test_publish_requires_saved_verified_receipt_and_untampered_file (__main__.ControllerFixtures.test_publish_requires_saved_verified_receipt_and_untampered_file) ... ok
test_raw_verified_etag_preserved_and_publish_header_is_decimal (__main__.ControllerFixtures.test_raw_verified_etag_preserved_and_publish_header_is_decimal) ... ok
test_rejected_corrected_406_retry_latch_survives_restart (__main__.ControllerFixtures.test_rejected_corrected_406_retry_latch_survives_restart) ... ok
test_rejected_create_latch_survives_restart (__main__.ControllerFixtures.test_rejected_create_latch_survives_restart) ... ok
test_rejected_publication_latch_survives_restart (__main__.ControllerFixtures.test_rejected_publication_latch_survives_restart) ... ok
test_retry_rejects_missing_duplicate_or_intervening_create_evidence (__main__.ControllerFixtures.test_retry_rejects_missing_duplicate_or_intervening_create_evidence) ... ok
test_retry_rejects_wrong_original_url_or_payload_pin (__main__.ControllerFixtures.test_retry_rejects_wrong_original_url_or_payload_pin) ... ok
test_unknown_corrected_retry_preserves_both_latches_and_never_third_post (__main__.ControllerFixtures.test_unknown_corrected_retry_preserves_both_latches_and_never_third_post) ... ok
test_unknown_initial_500_and_transport_remain_blocked (__main__.ControllerFixtures.test_unknown_initial_500_and_transport_remain_blocked) ... ok
test_wrong_family_blocks_adoption (__main__.ControllerFixtures.test_wrong_family_blocks_adoption) ... ok

----------------------------------------------------------------------
Ran 42 tests in 2.712s

OK
