{
  "status": "PASS",
  "scope": "Exact rational analytic global envelopes, not pulse/source sampling or response evaluation",
  "optimization_level": 0,
  "root_refinement_bisections": 40,
  "square_root_bisections": 40,
  "positive_exponential_Taylor_order": 80,
  "proof": "N_j is nondecreasing and its global maximum is the full total variation of f^(j+2). Algebraic critical intervals and rational exponential inequalities enclose this variation.",
  "script_sha256": "362f7c7fd64518dbd070d9d69a6a8bfcd4a66b30c0c4e84581868773f894cfc0",
  "pulse_module_sha256": "fa37e7a4d0b0ee09400d17b8a9689e0bcb7c100be89bf5a55cfc755ccba120a0",
  "envelopes": {
    "positive_B": [
      {
        "j": 0,
        "global_N_upper_integer": 97,
        "exact_rational_upper_le_integer_verified": true,
        "number_of_interior_critical_points": 5
      },
      {
        "j": 1,
        "global_N_upper_integer": 2926,
        "exact_rational_upper_le_integer_verified": true,
        "number_of_interior_critical_points": 6
      },
      {
        "j": 2,
        "global_N_upper_integer": 161866,
        "exact_rational_upper_le_integer_verified": true,
        "number_of_interior_critical_points": 9
      }
    ],
    "signed_uB": [
      {
        "j": 0,
        "global_N_upper_integer": 96,
        "exact_rational_upper_le_integer_verified": true,
        "number_of_interior_critical_points": 4
      },
      {
        "j": 1,
        "global_N_upper_integer": 2760,
        "exact_rational_upper_le_integer_verified": true,
        "number_of_interior_critical_points": 7
      },
      {
        "j": 2,
        "global_N_upper_integer": 154078,
        "exact_rational_upper_le_integer_verified": true,
        "number_of_interior_critical_points": 8
      }
    ]
  }
}
