static shells: rho_b=7.8382855381 phi_b=6.170898e-04 (bg); seed phi_b=2.982687e-03 rho_b=7.8354627273  [21s]
grid: 12656 points, dz 1.25e-04 (shell) .. 1.00e-03 (far), L=10.00; chart xc=8.7 F_inf=8.70000002775083; T_switch=7.70000002775083; kappa=10
T=  8.750 H0tau= 9.1234 phi_b=+0.53946 H/H0=+0.80961 lapse=2.5248 R=1.160e-02 Wy/H0^2=+4.6787e-02 rad=4.4282e-02 mode=full Hmax=8.6e-05 [0s]
T=  8.850 H0tau= 9.4048 phi_b=+0.62035 H/H0=+0.74340 lapse=3.1431 R=1.489e-02 Wy/H0^2=+6.5571e-02 rad=5.0999e-02 mode=full Hmax=1.1e-04 [33s]
T=  8.940 H0tau= 9.7218 phi_b=+0.71739 H/H0=+0.64958 lapse=3.9470 R=1.892e-02 Wy/H0^2=+8.9960e-02 rad=5.7077e-02 mode=full Hmax=- [64s]
T=  9.030 H0tau=10.1248 phi_b=+0.83986 H/H0=+0.50547 lapse=5.0642 R=2.300e-02 Wy/H0^2=+1.1354e-01 rad=6.0236e-02 mode=full Hmax=- [95s]
T=  9.120 H0tau=10.6435 phi_b=+0.96234 H/H0=+0.32334 lapse=6.5149 R=2.201e-02 Wy/H0^2=+8.9275e-02 rad=5.2143e-02 mode=full Hmax=- [127s]
T=  9.210 H0tau=11.3037 phi_b=+1.02370 H/H0=+0.19582 lapse=8.1618 R=1.419e-02 Wy/H0^2=+2.2427e-02 rad=3.2607e-02 mode=full Hmax=- [157s]
T=  9.300 H0tau=12.1090 phi_b=+1.03480 H/H0=+0.14013 lapse=9.7120 R=8.467e-03 Wy/H0^2=+2.7049e-03 rad=1.9330e-02 mode=full Hmax=- [187s]
T=  9.390 H0tau=13.0513 phi_b=+1.03596 H/H0=+0.10908 lapse=11.2419 R=5.324e-03 Wy/H0^2=+3.5154e-04 rad=1.2124e-02 mode=full Hmax=- [218s]
T=  9.480 H0tau=14.1378 phi_b=+1.03608 H/H0=+0.08735 lapse=12.9421 R=3.487e-03 Wy/H0^2=+7.3073e-05 rad=7.9282e-03 mode=full Hmax=- [248s]
T=  9.580 H0tau=15.5391 phi_b=+1.03610 H/H0=+0.06934 lapse=15.1471 R=2.256e-03 Wy/H0^2=+2.6797e-05 rad=5.1246e-03 mode=full Hmax=- [281s]
T=  9.670 H0tau=17.0047 phi_b=+1.03610 H/H0=+0.05677 lapse=17.4819 R=1.562e-03 Wy/H0^2=+1.6121e-05 rad=3.5472e-03 mode=full Hmax=- [311s]
T=  9.760 H0tau=18.6975 phi_b=+1.03610 H/H0=+0.04663 lapse=20.2051 R=1.103e-03 Wy/H0^2=+1.0988e-05 rad=2.5036e-03 mode=full Hmax=- [341s]
T=  9.860 H0tau=20.8905 phi_b=+1.03610 H/H0=+0.03745 lapse=23.7522 R=7.647e-04 Wy/H0^2=+7.5498e-06 rad=1.7352e-03 mode=full Hmax=- [374s]
T=  9.960 H0tau=23.4686 phi_b=+1.03610 H/H0=+0.02990 lapse=27.9173 R=5.415e-04 Wy/H0^2=+5.3390e-06 rad=1.2286e-03 mode=full Hmax=- [408s]
T= 10.050 H0tau=26.1716 phi_b=+1.03610 H/H0=+0.02414 lapse=32.2424 R=4.049e-04 Wy/H0^2=+3.9957e-06 rad=9.1867e-04 mode=full Hmax=5.1e-04 [438s]
T= 10.140 H0tau=29.2893 phi_b=+1.03610 H/H0=+0.01912 lapse=37.1343 R=3.096e-04 Wy/H0^2=+3.0633e-06 rad=7.0241e-04 mode=full Hmax=- [469s]
T= 10.230 H0tau=32.8722 phi_b=+1.03610 H/H0=+0.01465 lapse=42.5719 R=2.434e-04 Wy/H0^2=+2.4215e-06 rad=5.5213e-04 mode=full Hmax=- [499s]
T= 10.320 H0tau=36.9660 phi_b=+1.03610 H/H0=+0.01057 lapse=48.4661 R=1.982e-04 Wy/H0^2=+1.9929e-06 rad=4.4963e-04 mode=full Hmax=- [529s]
T= 10.420 H0tau=42.1538 phi_b=+1.03610 H/H0=+0.00630 lapse=55.3097 R=1.666e-04 Wy/H0^2=+1.7083e-06 rad=3.7792e-04 mode=full Hmax=- [562s]
T= 10.520 H0tau=48.0226 phi_b=+1.03610 H/H0=+0.00209 lapse=61.9807 R=1.511e-04 Wy/H0^2=+1.5890e-06 rad=3.4277e-04 mode=full Hmax=- [596s]
T= 10.620 H0tau=54.5170 phi_b=+1.03610 H/H0=-0.00235 lapse=67.6490 R=1.516e-04 Wy/H0^2=+1.6235e-06 rad=3.4391e-04 mode=full Hmax=- [629s]
T= 10.720 H0tau=61.4766 phi_b=+1.03610 H/H0=-0.00743 lapse=71.0283 R=1.735e-04 Wy/H0^2=+1.8446e-06 rad=3.9343e-04 mode=full Hmax=- [662s]
{"stop": "step failed at T=10.7532 (ValueError: w outside the static table (sgn=-1, max x=5.3786 > 5.3786))", "T_end": 10.753187499948904, "H0tau_end": 63.840588644482565, "runtime": 672.8}
