test_actual_authorization_failure_never_reads_saved_science_or_launches (__main__.Controls.test_actual_authorization_failure_never_reads_saved_science_or_launches) ... ok
test_changed_compact_or_original_input_fails (__main__.Controls.test_changed_compact_or_original_input_fails) ... ok
test_changed_registered_resource_gate_rejected (__main__.Controls.test_changed_registered_resource_gate_rejected) ... ok
test_complete_byte_closure_and_all8_inputs_no_scientific_import (__main__.Controls.test_complete_byte_closure_and_all8_inputs_no_scientific_import) ... ok
test_custody_entry_and_log_linkage_rejected (__main__.Controls.test_custody_entry_and_log_linkage_rejected) ... ok
test_custody_failed_wrong_mode_or_fabricated_rejected (__main__.Controls.test_custody_failed_wrong_mode_or_fabricated_rejected) ... ok
test_custody_measured_RSS_and_CPU_bound_rejected (__main__.Controls.test_custody_measured_RSS_and_CPU_bound_rejected) ... ok
test_custody_validates_each_mode_without_public_GO (__main__.Controls.test_custody_validates_each_mode_without_public_GO) ... ok
test_custody_wait_outcome_types_and_limits_rejected (__main__.Controls.test_custody_wait_outcome_types_and_limits_rejected) ... ok
test_duplicate_nonfinite_and_float_manifest_rejected (__main__.Controls.test_duplicate_nonfinite_and_float_manifest_rejected) ... ok
test_external_helper_manifest_or_replay_pin_mismatch_fails (__main__.Controls.test_external_helper_manifest_or_replay_pin_mismatch_fails) ... ok
test_extra_empty_directory_fails (__main__.Controls.test_extra_empty_directory_fails) ... ok
test_extra_python_before_any_import_fails (__main__.Controls.test_extra_python_before_any_import_fails) ... ok
test_foreign_imported_study_module_rejected (__main__.Controls.test_foreign_imported_study_module_rejected) ... ok
test_helper_path_cannot_be_substituted (__main__.Controls.test_helper_path_cannot_be_substituted) ... ok
test_missing_original_input_binding_rejected (__main__.Controls.test_missing_original_input_binding_rejected) ... ok
test_pending_replay_seal_rejected (__main__.Controls.test_pending_replay_seal_rejected) ... ok
test_registered_commands_have_fixed_auth_paths_mode_and_isolation (__main__.Controls.test_registered_commands_have_fixed_auth_paths_mode_and_isolation) ... ok
test_resource_time_and_RSS_not_byte_identity (__main__.Controls.test_resource_time_and_RSS_not_byte_identity) ... ok
test_saved_scientific_pin_disagreement_rejected (__main__.Controls.test_saved_scientific_pin_disagreement_rejected) ... ok
test_symlink_ancestor_rejected (__main__.Controls.test_symlink_ancestor_rejected) ... ok
test_symlink_hardlink_fifo_rejected_without_blocking (__main__.Controls.test_symlink_hardlink_fifo_rejected_without_blocking) ... ok
test_unsafe_and_circular_manifest_names_rejected (__main__.Controls.test_unsafe_and_circular_manifest_names_rejected) ... ok
test_wrong_runtime_rejected (__main__.Controls.test_wrong_runtime_rejected) ... ok

----------------------------------------------------------------------
Ran 24 tests in 0.180s

OK
