static shells: rho_b=7.8382855381 phi_b=6.170898e-04 (bg); seed phi_b=2.982687e-03 rho_b=7.8354627273  [23s]
grid: 5581 points, dz 5.00e-04 (shell) .. 2.00e-03 (far), L=10.00; chart xc=6.1 F_inf=6.100005030417649; T_switch=5.100005030417649; kappa=10
Remedy A projection: {'final': True, 'max_rel_H_window': 3.664698048323259e-13, 'max_rel_M_window': 6.3301572936819004e-06, 'max_abs_shift': 1.8188622730755985e-05}
T=  0.000 H0tau= 0.0000 phi_b=+0.00298 H/H0=+1.00034 lapse=0.9997 R=0.000e+00 Wy/H0^2=+4.9529e-03 rad=0.0000e+00 mode=dev Hmax=1.7e-03 [0s]
T=  0.330 H0tau= 0.3299 phi_b=+0.00376 H/H0=+1.00000 lapse=0.9997 R=4.598e-07 Wy/H0^2=-1.6533e-04 rad=3.2844e-06 mode=dev Hmax=- [31s]
T=  0.650 H0tau= 0.6498 phi_b=+0.00489 H/H0=+1.00001 lapse=0.9995 R=1.042e-06 Wy/H0^2=+9.8616e-06 rad=7.4344e-06 mode=dev Hmax=- [61s]
T=  0.980 H0tau= 0.9796 phi_b=+0.00646 H/H0=+1.00001 lapse=0.9994 R=2.008e-06 Wy/H0^2=-1.6067e-05 rad=1.4311e-05 mode=dev Hmax=- [92s]
T=  1.310 H0tau= 1.3093 phi_b=+0.00863 H/H0=+1.00000 lapse=0.9992 R=3.778e-06 Wy/H0^2=-1.5126e-05 rad=2.6863e-05 mode=dev Hmax=- [122s]
T=  1.640 H0tau= 1.6390 phi_b=+0.01158 H/H0=+0.99998 lapse=0.9989 R=7.081e-06 Wy/H0^2=-1.4521e-05 rad=5.0210e-05 mode=dev Hmax=- [152s]
T=  1.970 H0tau= 1.9686 phi_b=+0.01563 H/H0=+0.99992 lapse=0.9986 R=1.325e-05 Wy/H0^2=-9.4154e-06 rad=9.3613e-05 mode=dev Hmax=- [183s]
T=  2.300 H0tau= 2.2981 phi_b=+0.02115 H/H0=+0.99981 lapse=0.9982 R=2.477e-05 Wy/H0^2=+6.9688e-06 rad=1.7404e-04 mode=dev Hmax=6.1e-06 [213s]
T=  2.630 H0tau= 2.6274 phi_b=+0.02870 H/H0=+0.99958 lapse=0.9979 R=4.620e-05 Wy/H0^2=+4.6883e-05 rad=3.2237e-04 mode=dev Hmax=- [243s]
T=  2.960 H0tau= 2.9567 phi_b=+0.03899 H/H0=+0.99912 lapse=0.9977 R=8.600e-05 Wy/H0^2=+1.3552e-04 rad=5.9416e-04 mode=dev Hmax=- [274s]
T=  3.290 H0tau= 3.2860 phi_b=+0.05301 H/H0=+0.99824 lapse=0.9982 R=1.596e-04 Wy/H0^2=+3.2220e-04 rad=1.0879e-03 mode=dev Hmax=- [305s]
T=  3.620 H0tau= 3.6157 phi_b=+0.07209 H/H0=+0.99656 lapse=1.0001 R=2.952e-04 Wy/H0^2=+7.0494e-04 rad=1.9749e-03 mode=dev Hmax=- [336s]
T=  3.960 H0tau= 3.9564 phi_b=+0.09895 H/H0=+0.99328 lapse=1.0054 R=5.543e-04 Wy/H0^2=+1.5127e-03 rad=3.6086e-03 mode=dev Hmax=- [367s]
T=  4.290 H0tau= 4.2899 phi_b=+0.13464 H/H0=+0.98726 lapse=1.0175 R=1.018e-03 Wy/H0^2=+3.1118e-03 rad=6.3884e-03 mode=dev Hmax=- [397s]
T=  4.620 H0tau= 4.6295 phi_b=+0.18360 H/H0=+0.97598 lapse=1.0440 R=1.869e-03 Wy/H0^2=+6.3749e-03 rad=1.1124e-02 mode=dev Hmax=- [427s]
T=  4.960 H0tau= 4.9932 phi_b=+0.25435 H/H0=+0.95359 lapse=1.1027 R=3.513e-03 Wy/H0^2=+1.3502e-02 rad=1.9293e-02 mode=dev Hmax=- [457s]
switched to full-field mode at T=5.1000
T=  5.910 H0tau= 6.2925 phi_b=+0.70839 H/H0=+0.64198 lapse=1.8732 R=2.163e-02 Wy/H0^2=+1.2377e-01 rad=6.6105e-02 mode=full Hmax=- [487s]
T=  7.250 H0tau=11.8012 phi_b=+1.03610 H/H0=+0.07090 lapse=7.9700 R=2.338e-03 Wy/H0^2=+5.5074e-05 rad=5.3125e-03 mode=full Hmax=- [517s]
T=  8.640 H0tau=46.4132 phi_b=+1.03610 H/H0=+0.00099 lapse=53.2840 R=1.475e-04 Wy/H0^2=+1.5865e-05 rad=3.3454e-04 mode=full Hmax=- [548s]
{"stop": "non-finite", "T_end": 9.040000000001607, "H0tau_end": 64.6468442848862, "runtime": 556.0}
