static shells: rho_b=7.8382855381 phi_b=6.170898e-04 (bg); seed phi_b=2.982687e-03 rho_b=7.8354627273  [22s]
grid: 5581 points, dz 5.00e-04 (shell) .. 2.00e-03 (far), L=10.00; chart xc=8.7 F_inf=8.70000002775083; T_switch=7.70000002775083; kappa=10
Remedy A projection: {'final': True, 'max_rel_H_window': 3.628950720556219e-13, 'max_rel_M_window': 5.493156602109858e-06, 'max_abs_shift': 1.818849545068266e-05}
T=  0.000 H0tau= 0.0000 phi_b=+0.00298 H/H0=+1.00034 lapse=0.9997 R=0.000e+00 Wy/H0^2=+4.9529e-03 rad=0.0000e+00 mode=dev Hmax=1.6e-03 [0s]
T=  0.160 H0tau= 0.1599 phi_b=+0.00319 H/H0=+1.00011 lapse=0.9997 R=1.318e-07 Wy/H0^2=+1.4623e-04 rad=9.4174e-07 mode=dev Hmax=- [31s]
T=  0.320 H0tau= 0.3199 phi_b=+0.00345 H/H0=+1.00015 lapse=0.9996 R=2.791e-07 Wy/H0^2=-1.9106e-04 rad=1.9940e-06 mode=dev Hmax=- [63s]
T=  0.480 H0tau= 0.4798 phi_b=+0.00375 H/H0=+1.00018 lapse=0.9996 R=4.037e-07 Wy/H0^2=-2.7628e-05 rad=2.8836e-06 mode=dev Hmax=- [94s]
T=  0.640 H0tau= 0.6398 phi_b=+0.00407 H/H0=+1.00019 lapse=0.9996 R=5.164e-07 Wy/H0^2=-4.3663e-05 rad=3.6877e-06 mode=dev Hmax=- [125s]
T=  0.800 H0tau= 0.7997 phi_b=+0.00442 H/H0=+1.00021 lapse=0.9995 R=6.442e-07 Wy/H0^2=-7.6218e-05 rad=4.5988e-06 mode=dev Hmax=6.2e-06 [157s]
T=  0.960 H0tau= 0.9596 phi_b=+0.00481 H/H0=+1.00023 lapse=0.9995 R=7.922e-07 Wy/H0^2=-7.5507e-05 rad=5.6533e-06 mode=dev Hmax=- [188s]
T=  1.120 H0tau= 1.1195 phi_b=+0.00524 H/H0=+1.00025 lapse=0.9994 R=9.666e-07 Wy/H0^2=-7.8559e-05 rad=6.8950e-06 mode=dev Hmax=- [218s]
T=  1.280 H0tau= 1.2794 phi_b=+0.00571 H/H0=+1.00027 lapse=0.9993 R=1.177e-06 Wy/H0^2=-8.6492e-05 rad=8.3907e-06 mode=dev Hmax=- [249s]
T=  1.440 H0tau= 1.4393 phi_b=+0.00623 H/H0=+1.00030 lapse=0.9993 R=1.431e-06 Wy/H0^2=-9.4875e-05 rad=1.0199e-05 mode=dev Hmax=- [280s]
T=  1.600 H0tau= 1.5992 phi_b=+0.00681 H/H0=+1.00032 lapse=0.9992 R=1.739e-06 Wy/H0^2=-1.0382e-04 rad=1.2389e-05 mode=dev Hmax=5.9e-06 [311s]
T=  1.760 H0tau= 1.7591 phi_b=+0.00744 H/H0=+1.00035 lapse=0.9991 R=2.114e-06 Wy/H0^2=-1.1551e-04 rad=1.5045e-05 mode=dev Hmax=- [342s]
T=  1.920 H0tau= 1.9189 phi_b=+0.00814 H/H0=+1.00039 lapse=0.9990 R=2.568e-06 Wy/H0^2=-1.2471e-04 rad=1.8266e-05 mode=dev Hmax=- [372s]
T=  2.080 H0tau= 2.0787 phi_b=+0.00891 H/H0=+1.00042 lapse=0.9989 R=3.119e-06 Wy/H0^2=-1.3775e-04 rad=2.2174e-05 mode=dev Hmax=- [404s]
T=  2.240 H0tau= 2.2385 phi_b=+0.00976 H/H0=+1.00046 lapse=0.9988 R=3.789e-06 Wy/H0^2=-1.5065e-04 rad=2.6912e-05 mode=dev Hmax=- [435s]
T=  2.400 H0tau= 2.3983 phi_b=+0.01069 H/H0=+1.00050 lapse=0.9986 R=4.602e-06 Wy/H0^2=-1.6496e-04 rad=3.2659e-05 mode=dev Hmax=5.8e-06 [466s]
T=  2.560 H0tau= 2.5581 phi_b=+0.01172 H/H0=+1.00054 lapse=0.9984 R=5.589e-06 Wy/H0^2=-1.8016e-04 rad=3.9625e-05 mode=dev Hmax=- [496s]
T=  2.720 H0tau= 2.7178 phi_b=+0.01286 H/H0=+1.00058 lapse=0.9983 R=6.787e-06 Wy/H0^2=-1.9745e-04 rad=4.8067e-05 mode=dev Hmax=- [526s]
T=  2.890 H0tau= 2.8875 phi_b=+0.01419 H/H0=+1.00063 lapse=0.9980 R=8.341e-06 Wy/H0^2=-2.1674e-04 rad=5.9003e-05 mode=dev Hmax=- [558s]
T=  3.060 H0tau= 3.0572 phi_b=+0.01566 H/H0=+1.00068 lapse=0.9978 R=1.025e-05 Wy/H0^2=-2.3760e-04 rad=7.2408e-05 mode=dev Hmax=- [590s]
T=  3.230 H0tau= 3.2268 phi_b=+0.01730 H/H0=+1.00073 lapse=0.9975 R=1.259e-05 Wy/H0^2=-2.6018e-04 rad=8.8831e-05 mode=dev Hmax=- [621s]
T=  3.390 H0tau= 3.3863 phi_b=+0.01900 H/H0=+1.00078 lapse=0.9971 R=1.529e-05 Wy/H0^2=-2.8296e-04 rad=1.0764e-04 mode=dev Hmax=- [652s]
T=  3.550 H0tau= 3.5458 phi_b=+0.02087 H/H0=+1.00083 lapse=0.9967 R=1.855e-05 Wy/H0^2=-3.0720e-04 rad=1.3040e-04 mode=dev Hmax=- [682s]
T=  3.710 H0tau= 3.7053 phi_b=+0.02293 H/H0=+1.00088 lapse=0.9963 R=2.251e-05 Wy/H0^2=-3.3292e-04 rad=1.5790e-04 mode=dev Hmax=- [712s]
T=  3.880 H0tau= 3.8746 phi_b=+0.02535 H/H0=+1.00093 lapse=0.9957 R=2.763e-05 Wy/H0^2=-3.6170e-04 rad=1.9342e-04 mode=dev Hmax=- [743s]
T=  4.050 H0tau= 4.0438 phi_b=+0.02803 H/H0=+1.00097 lapse=0.9951 R=3.392e-05 Wy/H0^2=-3.9185e-04 rad=2.3681e-04 mode=dev Hmax=- [775s]
T=  4.220 H0tau= 4.2129 phi_b=+0.03100 H/H0=+1.00100 lapse=0.9943 R=4.162e-05 Wy/H0^2=-4.2306e-04 rad=2.8976e-04 mode=dev Hmax=- [806s]
T=  4.390 H0tau= 4.3819 phi_b=+0.03428 H/H0=+1.00102 lapse=0.9935 R=5.105e-05 Wy/H0^2=-4.5493e-04 rad=3.5431e-04 mode=dev Hmax=- [837s]
T=  4.560 H0tau= 4.5507 phi_b=+0.03791 H/H0=+1.00102 lapse=0.9924 R=6.260e-05 Wy/H0^2=-4.8689e-04 rad=4.3293e-04 mode=dev Hmax=- [868s]
T=  4.730 H0tau= 4.7193 phi_b=+0.04192 H/H0=+1.00099 lapse=0.9912 R=7.672e-05 Wy/H0^2=-5.1811e-04 rad=5.2856e-04 mode=dev Hmax=- [899s]
T=  4.900 H0tau= 4.8877 phi_b=+0.04636 H/H0=+1.00094 lapse=0.9898 R=9.398e-05 Wy/H0^2=-5.4753e-04 rad=6.4471e-04 mode=dev Hmax=5.8e-06 [931s]
T=  5.070 H0tau= 5.0558 phi_b=+0.05126 H/H0=+1.00084 lapse=0.9882 R=1.151e-04 Wy/H0^2=-5.7370e-04 rad=7.8555e-04 mode=dev Hmax=- [963s]
T=  5.240 H0tau= 5.2237 phi_b=+0.05667 H/H0=+1.00068 lapse=0.9863 R=1.408e-04 Wy/H0^2=-5.9473e-04 rad=9.5605e-04 mode=dev Hmax=- [994s]
T=  5.410 H0tau= 5.3912 phi_b=+0.06264 H/H0=+1.00046 lapse=0.9842 R=1.721e-04 Wy/H0^2=-6.0815e-04 rad=1.1620e-03 mode=dev Hmax=- [1026s]
T=  5.580 H0tau= 5.5583 phi_b=+0.06922 H/H0=+1.00015 lapse=0.9817 R=2.102e-04 Wy/H0^2=-6.1080e-04 rad=1.4103e-03 mode=dev Hmax=- [1057s]
T=  5.750 H0tau= 5.7250 phi_b=+0.07647 H/H0=+0.99973 lapse=0.9790 R=2.566e-04 Wy/H0^2=-5.9861e-04 rad=1.7088e-03 mode=dev Hmax=- [1088s]
T=  5.920 H0tau= 5.8911 phi_b=+0.08445 H/H0=+0.99917 lapse=0.9760 R=3.128e-04 Wy/H0^2=-5.6644e-04 rad=2.0667e-03 mode=dev Hmax=- [1120s]
T=  6.090 H0tau= 6.0568 phi_b=+0.09323 H/H0=+0.99844 lapse=0.9727 R=3.810e-04 Wy/H0^2=-5.0775e-04 rad=2.4947e-03 mode=dev Hmax=- [1151s]
T=  6.260 H0tau= 6.2219 phi_b=+0.10288 H/H0=+0.99750 lapse=0.9693 R=4.634e-04 Wy/H0^2=-4.1432e-04 rad=3.0047e-03 mode=dev Hmax=- [1182s]
T=  6.430 H0tau= 6.3864 phi_b=+0.11347 H/H0=+0.99630 lapse=0.9660 R=5.629e-04 Wy/H0^2=-2.7582e-04 rad=3.6106e-03 mode=dev Hmax=- [1213s]
T=  6.600 H0tau= 6.5503 phi_b=+0.12508 H/H0=+0.99479 lapse=0.9631 R=6.830e-04 Wy/H0^2=-7.9209e-05 rad=4.3279e-03 mode=dev Hmax=6.1e-06 [1245s]
T=  6.770 H0tau= 6.7139 phi_b=+0.13783 H/H0=+0.99289 lapse=0.9610 R=8.276e-04 Wy/H0^2=+1.9196e-04 rad=5.1744e-03 mode=dev Hmax=- [1276s]
T=  6.940 H0tau= 6.8772 phi_b=+0.15182 H/H0=+0.99052 lapse=0.9606 R=1.002e-03 Wy/H0^2=+5.5866e-04 rad=6.1707e-03 mode=dev Hmax=- [1307s]
T=  7.110 H0tau= 7.0406 phi_b=+0.16719 H/H0=+0.98758 lapse=0.9628 R=1.212e-03 Wy/H0^2=+1.0481e-03 rad=7.3410e-03 mode=dev Hmax=- [1339s]
T=  7.280 H0tau= 7.2048 phi_b=+0.18415 H/H0=+0.98392 lapse=0.9694 R=1.465e-03 Wy/H0^2=+1.6963e-03 rad=8.7144e-03 mode=dev Hmax=- [1370s]
T=  7.450 H0tau= 7.3706 phi_b=+0.20294 H/H0=+0.97936 lapse=0.9827 R=1.773e-03 Wy/H0^2=+2.5529e-03 rad=1.0328e-02 mode=dev Hmax=- [1401s]
T=  7.620 H0tau= 7.5394 phi_b=+0.22394 H/H0=+0.97363 lapse=1.0062 R=2.151e-03 Wy/H0^2=+3.6889e-03 rad=1.2233e-02 mode=dev Hmax=- [1432s]
switched to full-field mode at T=7.7000
T=  8.040 H0tau= 7.9864 phi_b=+0.28980 H/H0=+0.95147 lapse=1.1492 R=3.555e-03 Wy/H0^2=+8.5474e-03 rad=1.8721e-02 mode=full Hmax=- [1462s]
T=  8.740 H0tau= 9.0984 phi_b=+0.53260 H/H0=+0.81475 lapse=2.4750 R=1.133e-02 Wy/H0^2=+4.5317e-02 rad=4.3657e-02 mode=full Hmax=- [1493s]
{"stop": "wall-clock limit 1500s", "T_end": 8.89999999999699, "H0tau_end": 9.571971332442745, "runtime": 1500.1}
