static shells: rho_b=7.8382855381 phi_b=6.170898e-04 (bg); seed phi_b=2.982687e-03 rho_b=7.8354627273  [22s]
grid: 2791 points, dz 1.00e-03 (shell) .. 4.00e-03 (far), L=10.00; chart xc=8.7 F_inf=8.70000002775083; T_switch=7.70000002775083; kappa=10
Remedy A projection: {'final': True, 'max_rel_H_window': 8.230396469284546e-14, 'max_rel_M_window': 6.5984387833963885e-06, 'max_abs_shift': 2.1965926185132624e-05}
T=  0.000 H0tau= 0.0000 phi_b=+0.00298 H/H0=+1.00034 lapse=0.9997 R=0.000e+00 Wy/H0^2=+4.9453e-03 rad=0.0000e+00 mode=dev Hmax=9.4e-04 [0s]
T=  0.540 H0tau= 0.5398 phi_b=+0.00386 H/H0=+1.00018 lapse=0.9996 R=4.454e-07 Wy/H0^2=-1.5835e-05 rad=3.1815e-06 mode=dev Hmax=- [31s]
T=  1.090 H0tau= 1.0895 phi_b=+0.00516 H/H0=+1.00024 lapse=0.9994 R=9.315e-07 Wy/H0^2=-6.8634e-05 rad=6.6452e-06 mode=dev Hmax=- [61s]
T=  1.640 H0tau= 1.6392 phi_b=+0.00696 H/H0=+1.00033 lapse=0.9992 R=1.826e-06 Wy/H0^2=-1.0619e-04 rad=1.3007e-05 mode=dev Hmax=- [91s]
T=  2.190 H0tau= 2.1886 phi_b=+0.00948 H/H0=+1.00045 lapse=0.9988 R=3.566e-06 Wy/H0^2=-1.4630e-04 rad=2.5335e-05 mode=dev Hmax=- [121s]
T=  2.740 H0tau= 2.7379 phi_b=+0.01301 H/H0=+1.00059 lapse=0.9983 R=6.954e-06 Wy/H0^2=-1.9942e-04 rad=4.9248e-05 mode=dev Hmax=- [152s]
T=  3.290 H0tau= 3.2867 phi_b=+0.01792 H/H0=+1.00075 lapse=0.9974 R=1.355e-05 Wy/H0^2=-2.6858e-04 rad=9.5486e-05 mode=dev Hmax=- [182s]
T=  3.850 H0tau= 3.8449 phi_b=+0.02491 H/H0=+1.00092 lapse=0.9960 R=2.666e-05 Wy/H0^2=-3.5656e-04 rad=1.8667e-04 mode=dev Hmax=- [212s]
T=  4.410 H0tau= 4.4021 phi_b=+0.03469 H/H0=+1.00102 lapse=0.9937 R=5.231e-05 Wy/H0^2=-4.5876e-04 rad=3.6294e-04 mode=dev Hmax=- [242s]
T=  4.970 H0tau= 4.9575 phi_b=+0.04833 H/H0=+1.00090 lapse=0.9898 R=1.022e-04 Wy/H0^2=-5.5889e-04 rad=6.9994e-04 mode=dev Hmax=- [273s]
T=  5.530 H0tau= 5.5101 phi_b=+0.06726 H/H0=+1.00025 lapse=0.9834 R=1.985e-04 Wy/H0^2=-6.1135e-04 rad=1.3340e-03 mode=dev Hmax=- [303s]
T=  6.100 H0tau= 6.0682 phi_b=+0.09387 H/H0=+0.99838 lapse=0.9742 R=3.862e-04 Wy/H0^2=-5.0251e-04 rad=2.5272e-03 mode=dev Hmax=6.8e-06 [333s]
T=  6.680 H0tau= 6.6303 phi_b=+0.13117 H/H0=+0.99391 lapse=0.9648 R=7.503e-04 Wy/H0^2=+4.2856e-05 rad=4.7243e-03 mode=dev Hmax=- [363s]
T=  7.250 H0tau= 7.1807 phi_b=+0.18157 H/H0=+0.98450 lapse=0.9726 R=1.425e-03 Wy/H0^2=+1.5904e-03 rad=8.5005e-03 mode=dev Hmax=- [393s]
switched to full-field mode at T=7.7000
T=  8.110 H0tau= 8.0802 phi_b=+0.30572 H/H0=+0.94516 lapse=1.2065 R=3.944e-03 Wy/H0^2=+1.0034e-02 rad=2.0372e-02 mode=full Hmax=- [423s]
T=  9.970 H0tau=23.9022 phi_b=+1.03610 H/H0=+0.02895 lapse=28.3101 R=5.140e-04 Wy/H0^2=+2.4063e-05 rad=1.1662e-03 mode=full Hmax=- [453s]
{"stop": "step failed at T=10.7522 (ValueError: w outside the static table (sgn=-1, max x=5.3787 > 5.3786))", "T_end": 10.752249999997616, "H0tau_end": 48.54535757748352, "runtime": 465.6}
