static shells: rho_b=7.8382855381 phi_b=6.170898e-04 (bg); seed phi_b=6.407770e-04 rho_b=7.8382577733  [19s]
grid: 5581 points, dz 5.00e-04 (shell) .. 2.00e-03 (far), L=10.00; chart xc=8.1 F_inf=8.100000092135994; T_switch=7.1000000921359945; kappa=10
Remedy A projection: {'final': True, 'max_rel_H_window': 2.009850117669677e-13, 'max_rel_M_window': 2.2773759727790314e-08, 'max_abs_shift': 6.828778305398566e-08}
T=  0.000 H0tau= 0.0000 phi_b=+0.00064 H/H0=+1.00000 lapse=1.0000 R=0.000e+00 Wy/H0^2=+4.9583e-05 rad=0.0000e+00 mode=dev Hmax=6.1e-06 [0s]
T=  0.290 H0tau= 0.2900 phi_b=+0.00065 H/H0=+1.00000 lapse=1.0000 R=5.202e-11 Wy/H0^2=-1.9135e-07 rad=3.7268e-10 mode=dev Hmax=- [30s]
T=  0.600 H0tau= 0.6000 phi_b=+0.00067 H/H0=+1.00000 lapse=1.0000 R=1.594e-10 Wy/H0^2=+1.8203e-06 rad=1.1416e-09 mode=dev Hmax=4.5e-08 [60s]
T=  0.910 H0tau= 0.9100 phi_b=+0.00069 H/H0=+1.00000 lapse=1.0000 R=3.710e-10 Wy/H0^2=+2.2391e-06 rad=2.6574e-09 mode=dev Hmax=- [91s]
T=  1.220 H0tau= 1.2200 phi_b=+0.00073 H/H0=+0.99999 lapse=1.0000 R=8.447e-10 Wy/H0^2=+3.5073e-06 rad=6.0503e-09 mode=dev Hmax=- [121s]
T=  1.530 H0tau= 1.5300 phi_b=+0.00079 H/H0=+0.99999 lapse=1.0000 R=1.917e-09 Wy/H0^2=+5.2549e-06 rad=1.3732e-08 mode=dev Hmax=- [152s]
T=  1.820 H0tau= 1.8200 phi_b=+0.00087 H/H0=+0.99999 lapse=1.0000 R=4.126e-09 Wy/H0^2=+7.7136e-06 rad=2.9548e-08 mode=dev Hmax=- [182s]
T=  2.140 H0tau= 2.1400 phi_b=+0.00100 H/H0=+0.99998 lapse=1.0000 R=9.610e-09 Wy/H0^2=+1.1783e-05 rad=6.8818e-08 mode=dev Hmax=- [212s]
T=  2.460 H0tau= 2.4600 phi_b=+0.00119 H/H0=+0.99997 lapse=1.0000 R=2.238e-08 Wy/H0^2=+1.8007e-05 rad=1.6025e-07 mode=dev Hmax=- [243s]
T=  2.780 H0tau= 2.7800 phi_b=+0.00150 H/H0=+0.99996 lapse=1.0000 R=5.212e-08 Wy/H0^2=+2.7535e-05 rad=3.7310e-07 mode=dev Hmax=- [273s]
T=  3.100 H0tau= 3.0999 phi_b=+0.00196 H/H0=+0.99994 lapse=0.9999 R=1.214e-07 Wy/H0^2=+4.2145e-05 rad=8.6838e-07 mode=dev Hmax=2.2e-08 [303s]
T=  3.430 H0tau= 3.4299 phi_b=+0.00270 H/H0=+0.99990 lapse=0.9999 R=2.901e-07 Wy/H0^2=+6.5472e-05 rad=2.0742e-06 mode=dev Hmax=- [334s]
T=  3.760 H0tau= 3.7599 phi_b=+0.00383 H/H0=+0.99984 lapse=1.0000 R=6.931e-07 Wy/H0^2=+1.0196e-04 rad=4.9507e-06 mode=dev Hmax=- [365s]
T=  4.080 H0tau= 4.0799 phi_b=+0.00552 H/H0=+0.99975 lapse=1.0001 R=1.612e-06 Wy/H0^2=+1.5721e-04 rad=1.1497e-05 mode=dev Hmax=- [395s]
T=  4.410 H0tau= 4.4100 phi_b=+0.00820 H/H0=+0.99960 lapse=1.0004 R=3.847e-06 Wy/H0^2=+2.4709e-04 rad=2.7367e-05 mode=dev Hmax=- [425s]
T=  4.740 H0tau= 4.7402 phi_b=+0.01234 H/H0=+0.99935 lapse=1.0010 R=9.172e-06 Wy/H0^2=+3.9170e-04 rad=6.4992e-05 mode=dev Hmax=- [456s]
T=  5.070 H0tau= 5.0708 phi_b=+0.01872 H/H0=+0.99891 lapse=1.0025 R=2.184e-05 Wy/H0^2=+6.2909e-04 rad=1.5381e-04 mode=dev Hmax=- [486s]
T=  5.400 H0tau= 5.4020 phi_b=+0.02858 H/H0=+0.99811 lapse=1.0055 R=5.191e-05 Wy/H0^2=+1.0302e-03 rad=3.6225e-04 mode=dev Hmax=2.3e-08 [517s]
T=  5.730 H0tau= 5.7347 phi_b=+0.04382 H/H0=+0.99659 lapse=1.0116 R=1.232e-04 Wy/H0^2=+1.7359e-03 rad=8.4738e-04 mode=dev Hmax=- [547s]
T=  6.050 H0tau= 6.0601 phi_b=+0.06656 H/H0=+0.99371 lapse=1.0233 R=2.847e-04 Wy/H0^2=+2.9937e-03 rad=1.9147e-03 mode=dev Hmax=- [578s]
T=  6.380 H0tau= 6.4013 phi_b=+0.10292 H/H0=+0.98754 lapse=1.0471 R=6.759e-04 Wy/H0^2=+5.5549e-03 rad=4.3826e-03 mode=dev Hmax=- [608s]
T=  6.720 H0tau= 6.7646 phi_b=+0.16263 H/H0=+0.97334 lapse=1.0958 R=1.657e-03 Wy/H0^2=+1.1384e-02 rad=1.0087e-02 mode=dev Hmax=- [639s]
T=  7.050 H0tau= 7.1399 phi_b=+0.25729 H/H0=+0.94070 lapse=1.1889 R=4.000e-03 Wy/H0^2=+2.5255e-02 rad=2.1897e-02 mode=dev Hmax=- [670s]
switched to full-field mode at T=7.1000
T=  8.210 H0tau= 9.0690 phi_b=+1.01675 H/H0=+0.22743 lapse=2.4310 R=1.827e-02 Wy/H0^2=+3.9722e-02 rad=4.2186e-02 mode=full Hmax=- [700s]
T=  9.520 H0tau=15.2148 phi_b=+1.03610 H/H0=+0.05614 lapse=9.1128 R=1.506e-03 Wy/H0^2=+7.2759e-05 rad=3.4186e-03 mode=full Hmax=- [730s]
{"stop": "step failed at T=10.4695 (ValueError: w outside the static table (sgn=-1, max x=5.3787 > 5.3786))", "T_end": 10.469499999998275, "H0tau_end": 33.98214516503142, "runtime": 751.5}
