baseline_order4 ['4e-4', '2e-4', '1e-4', '5e-5']
  t 0.25 H_max ['3.487e-02', '4.905e-03', '7.865e-04', '7.321e-04'] ord ['2.83', '2.64', '0.10'] | causal ['3.49e-02', '4.90e-03', '7.86e-04', '7.32e-04'] ['2.83', '2.64', '0.10'] | L2c ord ['2.88', '3.12', '0.57'] | selfdiff ord ['2.87', '2.90']
  t 0.50 H_max ['2.449e-01', '4.492e-02', '7.548e-03', '6.379e-03'] ord ['2.45', '2.57', '0.24'] | causal ['2.45e-01', '4.49e-02', '7.55e-03', '6.38e-03'] ['2.45', '2.57', '0.24'] | L2c ord ['2.90', '3.10', '0.58'] | selfdiff ord ['2.91', '2.81']
  t 0.75 H_max ['6.988e-01', '1.461e-01', '2.672e-02', '1.677e-02'] ord ['2.26', '2.45', '0.67'] | causal ['6.99e-01', '1.46e-01', '2.67e-02', '1.68e-02'] ['2.26', '2.45', '0.67'] | L2c ord ['2.91', '3.05', '0.60'] | selfdiff ord ['2.95', '3.00']
  t 1.00 H_max ['1.328e+00', '3.006e-01', '3.357e-02', '2.784e-02'] ord ['2.14', '3.16', '0.27'] | causal ['1.33e+00', '3.01e-01', '3.36e-02', '2.78e-02'] ['2.14', '3.16', '0.27'] | L2c ord ['2.87', '3.03', '0.63'] | selfdiff ord ['2.89', '2.72']
remedy_A_discrete_projection ['4e-4', '2e-4', '1e-4', '5e-5']
  t 0.25 H_max ['3.235e-02', '4.650e-03', '6.469e-04', '7.047e-05'] ord ['2.80', '2.85', '3.20'] | causal ['3.23e-02', '4.65e-03', '6.47e-04', '7.05e-05'] ['2.80', '2.85', '3.20'] | L2c ord ['2.86', '3.21', '3.54'] | selfdiff ord ['2.84', '3.36']
  t 0.50 H_max ['2.268e-01', '4.832e-02', '7.014e-03', '9.354e-04'] ord ['2.23', '2.78', '2.91'] | causal ['2.27e-01', '4.83e-02', '7.01e-03', '9.35e-04'] ['2.23', '2.78', '2.91'] | L2c ord ['2.88', '3.15', '3.48'] | selfdiff ord ['2.88', '3.10']
  t 0.75 H_max ['5.583e-01', '1.058e-01', '2.387e-02', '2.097e-03'] ord ['2.40', '2.15', '3.51'] | causal ['5.58e-01', '1.06e-01', '2.39e-02', '2.10e-03'] ['2.40', '2.15', '3.51'] | L2c ord ['2.90', '3.08', '3.43'] | selfdiff ord ['2.93', '3.15']
  t 1.00 H_max ['1.254e+00', '2.699e-01', '3.032e-02', '3.459e-03'] ord ['2.22', '3.15', '3.13'] | causal ['1.25e+00', '2.70e-01', '3.03e-02', '3.46e-03'] ['2.22', '3.15', '3.13'] | L2c ord ['2.86', '3.06', '3.38'] | selfdiff ord ['2.89', '3.07']
remedy_B_outgoing_damping_k10 ['4e-4', '2e-4', '1e-4', '5e-5']
  t 0.25 H_max ['4.331e-03', '6.282e-04', '9.800e-05', '8.551e-05'] ord ['2.79', '2.68', '0.20'] | causal ['4.33e-03', '6.28e-04', '9.80e-05', '8.55e-05'] ['2.79', '2.68', '0.20'] | L2c ord ['2.88', '3.13', '0.65'] | selfdiff ord ['2.86', '2.94']
  t 0.50 H_max ['5.956e-03', '1.156e-03', '1.775e-04', '6.497e-05'] ord ['2.36', '2.70', '1.45'] | causal ['5.96e-03', '1.16e-03', '1.78e-04', '6.50e-05'] ['2.36', '2.70', '1.45'] | L2c ord ['2.53', '2.97', '1.71'] | selfdiff ord ['2.55', '2.98']
  t 0.75 H_max ['1.661e-02', '3.059e-03', '7.946e-04', '6.266e-05'] ord ['2.44', '1.94', '3.66'] | causal ['1.66e-02', '3.06e-03', '7.95e-04', '6.27e-05'] ['2.44', '1.94', '3.66'] | L2c ord ['2.39', '2.76', '3.39'] | selfdiff ord ['2.47', '2.95']
  t 1.00 H_max ['4.338e-02', '1.148e-02', '1.193e-03', '1.433e-04'] ord ['1.92', '3.27', '3.06'] | causal ['4.34e-02', '1.15e-02', '1.19e-03', '1.43e-04'] ['1.92', '3.27', '3.06'] | L2c ord ['2.46', '3.07', '3.10'] | selfdiff ord ['2.56', '3.13']
remedy_A_plus_B ['4e-4', '2e-4', '1e-4', '5e-5']
  t 0.25 H_max ['4.004e-03', '5.930e-04', '8.443e-05', '1.884e-05'] ord ['2.76', '2.81', '2.16'] | causal ['4.00e-03', '5.93e-04', '8.44e-05', '8.64e-06'] ['2.76', '2.81', '3.29'] | L2c ord ['2.86', '3.20', '3.54'] | selfdiff ord ['2.83', '3.36']
  t 0.50 H_max ['5.394e-03', '1.172e-03', '1.813e-04', '2.282e-05'] ord ['2.20', '2.69', '2.99'] | causal ['5.39e-03', '1.17e-03', '1.81e-04', '2.28e-05'] ['2.20', '2.69', '2.99'] | L2c ord ['2.48', '2.95', '3.40'] | selfdiff ord ['2.49', '3.06']
  t 0.75 H_max ['1.676e-02', '3.033e-03', '7.922e-04', '6.339e-05'] ord ['2.47', '1.94', '3.64'] | causal ['1.68e-02', '3.03e-03', '7.92e-04', '6.34e-05'] ['2.47', '1.94', '3.64'] | L2c ord ['2.39', '2.76', '3.39'] | selfdiff ord ['2.47', '2.94']
  t 1.00 H_max ['4.338e-02', '1.148e-02', '1.194e-03', '1.444e-04'] ord ['1.92', '3.27', '3.05'] | causal ['4.34e-02', '1.15e-02', '1.19e-03', '1.44e-04'] ['1.92', '3.27', '3.05'] | L2c ord ['2.46', '3.07', '3.10'] | selfdiff ord ['2.56', '3.13']
remedy_C_order6_projected ['4e-4', '2e-4', '1e-4', '5e-5']
  t 0.25 H_max ['7.133e-03', '1.121e-03', '1.461e-04', '1.883e-05'] ord ['2.67', '2.94', '2.96'] | causal ['7.13e-03', '1.12e-03', '1.46e-04', '1.04e-05'] ['2.67', '2.94', '3.82'] | L2c ord ['3.29', '3.70', '4.08'] | selfdiff ord ['3.21', '3.74']
  t 0.50 H_max ['6.885e-02', '9.734e-03', '1.209e-03', '8.412e-05'] ord ['2.82', '3.01', '3.85'] | causal ['6.88e-02', '9.73e-03', '1.21e-03', '8.41e-05'] ['2.82', '3.01', '3.85'] | L2c ord ['3.15', '3.46', '3.97'] | selfdiff ord ['3.18', '3.55']
  t 0.75 H_max ['1.570e-01', '2.309e-02', '2.911e-03', '2.208e-04'] ord ['2.77', '2.99', '3.72'] | causal ['1.57e-01', '2.31e-02', '2.91e-03', '2.21e-04'] ['2.77', '2.99', '3.72'] | L2c ord ['3.08', '3.37', '3.93'] | selfdiff ord ['3.10', '3.40']
  t 1.00 H_max ['2.417e-01', '3.594e-02', '4.539e-03', '3.558e-04'] ord ['2.75', '2.99', '3.67'] | causal ['2.42e-01', '3.59e-02', '4.54e-03', '3.56e-04'] ['2.75', '2.99', '3.67'] | L2c ord ['2.95', '3.39', '3.91'] | selfdiff ord ['2.95', '3.46']
{
 "projection_correction": {
  "rows": {
   "4e-4": {
    "max_abs_delta_a": 4.725715245875893e-08,
    "delta_a_at_shell": 4.725715245875893e-08,
    "f_unchanged": true
   },
   "2e-4": {
    "max_abs_delta_a": 6.875955563698743e-09,
    "delta_a_at_shell": 6.875955563698743e-09,
    "f_unchanged": true
   },
   "1e-4": {
    "max_abs_delta_a": 1.4903512856603244e-09,
    "delta_a_at_shell": 1.4903512856603244e-09,
    "f_unchanged": true
   },
   "5e-5": {
    "max_abs_delta_a": 1.5447232368698315e-09,
    "delta_a_at_shell": -1.5447232368698315e-09,
    "f_unchanged": true
   }
  },
  "orders": [
   2.780900574012893,
   2.2059077977992603,
   -0.05169595468046493
  ]
 },
 "smooth_bulk_calibration": {
  "resolutions": [
   "4e-4",
   "2e-4",
   "1e-4",
   "5e-5"
  ],
  "by_time": {
   "0.25": {
    "H_max": [
     1.6791389929999314e-06,
     1.0525126209044579e-07,
     6.695233956868824e-09,
     4.9343573455839105e-09
    ],
    "H_L2": [
     1.9403999901042542e-07,
     1.216159217950346e-08,
     7.684792944390974e-10,
     5.698876014625562e-10
    ],
    "H_max_order": [
     3.9958122180764866,
     3.9745592531684637,
     0.4402722704389978
    ],
    "H_L2_order": [
     3.9959500553093923,
     3.9841819175279465,
     0.43132898352391363
    ]
   },
   "0.50": {
    "H_max": [
     4.215203445846099e-06,
     2.6461857901732e-07,
     1.6673026628868486e-08,
     1.6530354009053875e-09
    ],
    "H_L2": [
     4.886154550356373e-07,
     3.0632265299230424e-08,
     1.9162809169268142e-09,
     1.8936252506321843e-10
    ],
    "H_max_order": [
     3.993616001494456,
     3.9883264341713534,
     3.334326491914652
    ],
    "H_L2_order": [
     3.9955755318232637,
     3.9986710868522723,
     3.339086314141663
    ]
   },
   "0.75": {
    "H_max": [
     6.589625013754353e-09,
     4.1262205883841063e-10,
     3.535339082326596e-11,
     1.3382639360532922e-10
    ],
    "H_L2": [
     7.512213428942992e-10,
     4.704980806333903e-11,
     6.133605363342481e-12,
     2.467947805142197e-11
    ],
    "H_max_order": [
     3.9973035151157963,
     3.5449004510724933,
     -1.9204421773697482
    ],
    "H_L2_order": [
     3.996977309179636,
     2.9393815859945907,
     -2.008504631528546
    ]
   },
   "1.00": {
    "H_max": [
     6.532660839917438e-10,
     4.088687796944571e-11,
     6.933683402492609e-11,
     3.2685151866192277e-10
    ],
    "H_L2": [
     7.455356156010866e-11,
     5.174355604617612e-12,
     1.1988734921594852e-11,
     5.941558412175857e-11
    ],
    "H_max_order": [
     3.9979609292011142,
     -0.7619840573365634,
     -2.2369415318837187
    ],
    "H_L2_order": [
     3.84882616340736,
     -1.2122283194116912,
     -2.3091619549996625
    ]
   },
   "initial": {
    "H_max": [
     8.275624704412888e-08,
     5.348000078823034e-09,
     1.1559021123842596e-09,
     1.3416476131854458e-09
    ],
    "H_L2": [
     7.853653520848547e-09,
     4.932740249620976e-10,
     6.71820095103186e-11,
     2.5317424855816187e-10
    ],
    "H_max_order": [
     3.9517968293499455,
     2.2099802583695003,
     -0.21498656581450462
    ],
    "H_L2_order": [
     3.992902727736473,
     2.876242464860787,
     -1.9139838151008117
    ]
   }
  },
  "window": "z > -0.85L + t + 0.05 and z < -0.05 (outside the taper causal future and away from the shell); L=3",
  "pulse_width": 0.02
 },
 "smooth_bulk_calibration_fields": {
  "0.25": {
   "field_self_difference_L2": [
    [
     4.219722411783844e-12,
     6.62182961080843e-11,
     2.685122256459288e-09,
     1.0236325904285779e-09,
     3.925813796513647e-09,
     4.4514249010701563e-07
    ],
    [
     2.671588944681314e-13,
     4.1595132112190185e-12,
     1.679810513901417e-10,
     6.413289918052824e-11,
     2.458709951348203e-10,
     2.7852824977710925e-08
    ],
    [
     1.717898693265996e-13,
     5.589473487275748e-13,
     1.0505356509636419e-11,
     4.127957256587701e-12,
     1.6114512631428515e-11,
     1.7415078709336172e-09
    ]
   ],
   "field_self_difference_order": [
    [
     3.9813781420551764,
     3.992743284168161,
     3.9986173688272664,
     3.9964895486731913,
     3.9970182881191407,
     3.998371650977103
    ],
    [
     0.6370530879499982,
     2.8956304025599864,
     3.9991014759651953,
     3.9575646894694434,
     3.9314690921945177,
     3.9994147621179863
    ]
   ]
  },
  "0.50": {
   "field_self_difference_L2": [
    [
     1.1119536811505705e-11,
     1.8979421073584016e-10,
     6.075061301925503e-09,
     2.4498165810582967e-09,
     8.435534726206902e-09,
     1.0068903171558119e-06
    ],
    [
     6.919234827663422e-13,
     1.2159141612883157e-11,
     3.8008980450454527e-10,
     1.5352074710798274e-10,
     5.285037195866889e-10,
     6.300854631147281e-08
    ],
    [
     1.7533333566294165e-13,
     2.216083109318883e-12,
     2.3769700251298563e-11,
     9.60240266549042e-12,
     3.4905756941350386e-11,
     3.9396630721246265e-09
    ]
   ],
   "field_self_difference_order": [
    [
     4.006340378655655,
     3.96432269777339,
     3.9984867345602484,
     3.9961681953577983,
     3.996493993067436,
     3.9982152004388958
    ],
    [
     1.9805121864616317,
     2.4559574912189883,
     3.99914471164665,
     3.9988943923172764,
     3.920376723097988,
     3.999403367298226
    ]
   ]
  },
  "0.75": {
   "field_self_difference_L2": [
    [
     1.4541783505104743e-11,
     2.3108249843100727e-10,
     3.031078771515572e-10,
     5.835698114636785e-11,
     5.149713071975911e-09,
     5.023924912231638e-08
    ],
    [
     9.123978053543871e-13,
     1.5101293991316664e-11,
     1.8958401236800257e-11,
     3.737600560139068e-12,
     3.2254928669501964e-10,
     3.142691026766505e-09
    ],
    [
     7.267425158986132e-14,
     3.759297623501022e-12,
     1.1960760239688196e-12,
     6.566015187110887e-13,
     2.4232555602874545e-11,
     1.96515236733085e-10
    ]
   ],
   "field_self_difference_order": [
    [
     3.994397435549021,
     3.935663917274576,
     3.9989221333796876,
     3.964720952755699,
     3.9969005199847034,
     3.998742555959092
    ],
    [
     3.650146761987813,
     2.0061371325544806,
     3.9864563098794483,
     2.5090224035785007,
     3.7345011596083513,
     3.9992873600085113
    ]
   ]
  },
  "1.00": {
   "field_self_difference_L2": [
    [
     2.8206582172723635e-11,
     2.2466844197731954e-10,
     1.1249099141451657e-10,
     1.0507803057113987e-10,
     6.007261925745302e-09,
     1.8639223947235483e-08
    ],
    [
     1.8011547081170702e-12,
     1.495789312599357e-11,
     7.035692839941405e-12,
     6.759806241826709e-12,
     3.761988085731884e-10,
     1.1659184959340092e-09
    ],
    [
     2.717680928930242e-13,
     4.876740493206839e-12,
     4.416813507877027e-13,
     1.3542873506083572e-12,
     2.8761946526136987e-11,
     7.291193980692183e-11
    ]
   ],
   "field_self_difference_order": [
    [
     3.9690378530146924,
     3.9088186050127107,
     3.998973161018411,
     3.9583353611093823,
     3.997140383985179,
     3.9988029490441814
    ],
    [
     2.728474114576499,
     1.6169178714967811,
     3.9936146763345075,
     2.3194480145294096,
     3.709262058172356,
     3.9991680449360114
    ]
   ]
  }
 },
 "wrapper_reproduction": {
  "original_copy_H_t1": 0.30059624750766056,
  "lab_H_t1": 0.30059624773939525,
  "archived_checkpoint_H_t1": 0.30047427375135166,
  "relative_difference_lab_vs_copy": 7.709167659826001e-10
 }
}
