primary_algebra PASS
primary_preflight PASS
primary_contact_action PASS
primary_ward_trace PASS
independent_generic_wkb PASS
independent_inventory_agreement PASS
generic_cse_agreement PASS
actual_root_algebra PASS
metric_tail_algebra PASS
validator_guards PASS
raw_baseline_algebra PASS
inherited_source_pins PASS
primary_algebra_optimized PASS
primary_preflight_optimized PASS
primary_contact_action_optimized PASS
primary_ward_trace_optimized PASS
independent_generic_wkb_optimized PASS
independent_inventory_agreement_optimized PASS
generic_cse_agreement_optimized PASS
actual_root_algebra_optimized PASS
metric_tail_algebra_optimized PASS
validator_guards_optimized PASS
raw_baseline_algebra_optimized PASS
inherited_source_pins_optimized PASS
independent_preflight PASS
metric_derivative_certificate PASS
primary PASS
