t=  0.00 H0tau= 0.0000 phi_b=+0.00242 H/H0=+1.00001 R=0.0000e+00 Wy/H0^2=+4.9817e-05 [0s]
t=  1.00 H0tau= 1.0000 phi_b=+0.00263 H/H0=+0.99998 R=3.2416e-10 Wy/H0^2=+1.3136e-05 [38s]
t=  2.00 H0tau= 1.9999 phi_b=+0.00356 H/H0=+0.99992 R=5.6500e-09 Wy/H0^2=+5.3337e-05 [76s]
t=  3.00 H0tau= 2.9996 phi_b=+0.00740 H/H0=+0.99968 R=9.6543e-08 Wy/H0^2=+2.2080e-04 [113s]
t=  4.00 H0tau= 3.9984 phi_b=+0.02318 H/H0=+0.99859 R=1.6222e-06 Wy/H0^2=+9.1113e-04 [151s]
t=  5.00 H0tau= 4.9931 phi_b=+0.08604 H/H0=+0.99293 R=2.5403e-05 Wy/H0^2=+3.7475e-03 [188s]
t=  6.00 H0tau= 5.9682 phi_b=+0.30548 H/H0=+0.95679 R=2.9327e-04 Wy/H0^2=+1.6518e-02 [226s]
t=  7.00 H0tau= 6.8498 phi_b=+0.74447 H/H0=+0.81261 R=1.0186e-03 Wy/H0^2=+6.5250e-02 [264s]
t=  8.00 H0tau= 7.4867 phi_b=+0.96231 H/H0=+0.69292 R=4.9072e-04 Wy/H0^2=+5.6665e-02 [301s]
t=  9.00 H0tau= 7.8376 phi_b=+0.98719 H/H0=+0.66145 R=2.0418e-04 Wy/H0^2=+2.8769e-02 [338s]
t= 10.00 H0tau= 7.9949 phi_b=+0.98989 H/H0=+0.65271 R=1.3553e-04 Wy/H0^2=+1.8771e-02 [375s]
t= 11.00 H0tau= 8.0578 phi_b=+0.99039 H/H0=+0.64786 R=1.1512e-04 Wy/H0^2=+1.2755e-02 [412s]
t= 12.00 H0tau= 8.0817 phi_b=+0.99049 H/H0=+0.64049 R=1.0824e-04 Wy/H0^2=+3.3221e-03 [450s]
t= 13.00 H0tau= 8.0906 phi_b=+0.99047 H/H0=+0.62264 R=1.0583e-04 Wy/H0^2=-1.9240e-02 [488s]
t= 14.00 H0tau= 8.0939 phi_b=+0.99041 H/H0=+0.57515 R=1.0501e-04 Wy/H0^2=-7.6288e-02 [525s]
t= 15.00 H0tau= 8.0951 phi_b=+0.99033 H/H0=+0.44669 R=1.0481e-04 Wy/H0^2=-2.0873e-01 [562s]
t= 16.00 H0tau= 8.0955 phi_b=+0.99024 H/H0=+0.09793 R=1.0499e-04 Wy/H0^2=-4.0758e-01 [599s]
t= 17.00 H0tau= 8.0957 phi_b=+0.99015 H/H0=-0.84978 R=1.0570e-04 Wy/H0^2=+2.3792e-01 [637s]
t= 18.00 H0tau= 8.0958 phi_b=+0.99006 H/H0=-3.42574 R=1.0770e-04 Wy/H0^2=+1.0752e+01 [675s]
{"tag": "runs/pilot_Y0.1_L21", "Y": 0.1, "z_fine": 0.4, "dc": 0.0001, "t_det": 0.1, "dz_fine": 0.001, "dz_coarse": 0.008, "n_points": 2958, "closure": 2, "L": 21.0, "rho_b": 7.836278852192727, "phi_b_static": 0.002335296128745991, "t_end": 18.0000000000034, "H0_tau_end": 8.095774181997983, "stop_reason": "t_final", "phi_b_end": 0.99005571499684, "H_over_H0_end": -3.4257395249914584, "R_end": 0.00010769628831020638, "R_max": 0.001022680420234109, "Wy_over_H0sq_end": 10.751701421636465, "radiation_ledger_median_rel": 1.6381558883365288e-05, "runtime_s": 674.8}
