t=  0.00 H0tau= 0.0000 phi_b=+0.00242 H/H0=+1.00001 R=0.0000e+00 Wy/H0^2=+4.9817e-05 [0s]
t=  1.00 H0tau= 1.0000 phi_b=+0.00257 H/H0=+1.00000 R=4.2287e-10 Wy/H0^2=+2.3452e-06 [37s]
t=  2.00 H0tau= 1.9999 phi_b=+0.00306 H/H0=+0.99999 R=4.0155e-09 Wy/H0^2=+6.8307e-06 [75s]
t=  3.00 H0tau= 2.9998 phi_b=+0.00455 H/H0=+0.99996 R=3.7602e-08 Wy/H0^2=+2.1057e-05 [113s]
t=  4.00 H0tau= 3.9993 phi_b=+0.00910 H/H0=+0.99987 R=3.5126e-07 Wy/H0^2=+6.5662e-05 [150s]
t=  5.00 H0tau= 4.9978 phi_b=+0.02297 H/H0=+0.99952 R=3.2567e-06 Wy/H0^2=+2.1268e-04 [187s]
t=  6.00 H0tau= 5.9931 phi_b=+0.06471 H/H0=+0.99783 R=2.9468e-05 Wy/H0^2=+7.7314e-04 [224s]
t=  7.00 H0tau= 6.9766 phi_b=+0.18518 H/H0=+0.98753 R=2.4437e-04 Wy/H0^2=+3.7866e-03 [262s]
t=  8.00 H0tau= 7.9128 phi_b=+0.47685 H/H0=+0.92813 R=1.4162e-03 Wy/H0^2=+2.5388e-02 [300s]
t=  9.00 H0tau= 8.6895 phi_b=+0.84359 H/H0=+0.77805 R=2.3971e-03 Wy/H0^2=+7.7062e-02 [337s]
t= 10.00 H0tau= 9.1868 phi_b=+0.96859 H/H0=+0.69032 R=1.1070e-03 Wy/H0^2=+5.4727e-02 [375s]
t= 11.00 H0tau= 9.4348 phi_b=+0.98544 H/H0=+0.66634 R=5.9665e-04 Wy/H0^2=+3.3297e-02 [412s]
t= 12.00 H0tau= 9.5395 phi_b=+0.98825 H/H0=+0.65824 R=4.5455e-04 Wy/H0^2=+2.4368e-02 [449s]
t= 13.00 H0tau= 9.5803 phi_b=+0.98893 H/H0=+0.65223 R=4.0888e-04 Wy/H0^2=+1.6947e-02 [486s]
t= 14.00 H0tau= 9.5956 phi_b=+0.98910 H/H0=+0.64126 R=3.9303e-04 Wy/H0^2=+2.8718e-03 [524s]
t= 15.00 H0tau= 9.6013 phi_b=+0.98912 H/H0=+0.61352 R=3.8744e-04 Wy/H0^2=-3.1934e-02 [561s]
t= 16.00 H0tau= 9.6034 phi_b=+0.98907 H/H0=+0.53914 R=3.8559e-04 Wy/H0^2=-1.1797e-01 [599s]
t= 17.00 H0tau= 9.6041 phi_b=+0.98900 H/H0=+0.33755 R=3.8530e-04 Wy/H0^2=-2.9704e-01 [637s]
t= 18.00 H0tau= 9.6044 phi_b=+0.98892 H/H0=-0.20998 R=3.8617e-04 Wy/H0^2=-3.8488e-01 [674s]
{"tag": "runs/pilot_Y0.3_L21", "Y": 0.3, "z_fine": 0.4, "dc": 0.0001, "t_det": 0.1, "dz_fine": 0.001, "dz_coarse": 0.008, "n_points": 2958, "closure": 2, "L": 21.0, "rho_b": 7.836278852192727, "phi_b_static": 0.002335296128745991, "t_end": 18.0000000000034, "H0_tau_end": 9.604430596715986, "stop_reason": "t_final", "phi_b_end": 0.9889179671720805, "H_over_H0_end": -0.20998278179030272, "R_end": 0.0003861670465721061, "R_max": 0.002495556608416062, "Wy_over_H0sq_end": -0.3848843755205234, "radiation_ledger_median_rel": 1.132060127726366e-05, "runtime_s": 674.1}
