/home/user/unified-theory-maldonado/research/HDBLAST_CHECKPOINT_20260927/mechanisms/pilot_5d/rolloff5d_v1.py:59: RuntimeWarning: overflow encountered in scalar multiply
  rp = math.sqrt(1 + rho*rho*(s*s/12 - U(phi)/6))
/home/user/unified-theory-maldonado/research/HDBLAST_CHECKPOINT_20260927/mechanisms/pilot_5d/rolloff5d_v1.py:28: RuntimeWarning: overflow encountered in scalar power
  def U(p):  return 0.5*W1(p)**2 - (2/3)*W(p)**2
/home/user/unified-theory-maldonado/research/HDBLAST_CHECKPOINT_20260927/mechanisms/pilot_5d/rolloff5d_v1.py:25: RuntimeWarning: overflow encountered in scalar power
  def W(p):  return 1 - p + p**3/3
/home/user/unified-theory-maldonado/research/HDBLAST_CHECKPOINT_20260927/mechanisms/pilot_5d/rolloff5d_v1.py:28: RuntimeWarning: invalid value encountered in scalar subtract
  def U(p):  return 0.5*W1(p)**2 - (2/3)*W(p)**2
/home/user/unified-theory-maldonado/research/HDBLAST_CHECKPOINT_20260927/mechanisms/pilot_5d/rolloff5d_v1.py:76: RuntimeWarning: invalid value encountered in subtract
  xp = x.copy(); xp[j] += 1e-7; xm = x.copy(); xm[j] -= 1e-7; J[:, j] = (res(xp) - res(xm))/2e-7
Traceback (most recent call last):
  File "/home/user/unified-theory-maldonado/research/HDBLAST_CHECKPOINT_20260927/mechanisms/pilot_5d/rolloff5d_matter.py", line 134, in <module>
    run(Y=A_.Y, dc=A_.dc, dz_fine=A_.dzf, dz_coarse=A_.dzc, z_fine=A_.zfine, L=A_.L, t_final=A_.tf, t_det=A_.tdet, tag=A_.tag, closure=A_.closure,
  File "/home/user/unified-theory-maldonado/research/HDBLAST_CHECKPOINT_20260927/mechanisms/pilot_5d/rolloff5d_matter.py", line 37, in run
    ph_h, y_b, r0 = R_.solve_shell(ten, guess=g0); ph_h2, y_b2, r2 = R_.solve_shell(ten_seed, guess=(math.log10(ph_h + 1), y_b))
                    ^^^^^^^^^^^^^^^^^^^^^^^^^^^^^
  File "/home/user/unified-theory-maldonado/research/HDBLAST_CHECKPOINT_20260927/mechanisms/pilot_5d/rolloff5d_v1.py", line 78, in solve_shell
    while lam > 1e-4 and np.linalg.norm(res(x + lam*dx)) > np.linalg.norm(F): lam /= 2
                                        ^^^^^^^^^^^^^^^
  File "/home/user/unified-theory-maldonado/research/HDBLAST_CHECKPOINT_20260927/mechanisms/pilot_5d/rolloff5d_v1.py", line 69, in res
    rho, phi, s = integrate_y(-1 + 10**x[0], x[1])
                  ^^^^^^^^^^^^^^^^^^^^^^^^^^^^^^^^
  File "/home/user/unified-theory-maldonado/research/HDBLAST_CHECKPOINT_20260927/mechanisms/pilot_5d/rolloff5d_v1.py", line 62, in integrate_y
    Y = np.array(cone_series(phi_h, y0)); n = max(1, int(math.ceil((y_end - y0)/dv))); h = (y_end - y0)/n
                                                         ^^^^^^^^^^^^^^^^^^^^^^^^^^
ValueError: cannot convert float NaN to integer
