{
 "closed_minus_fit": {
  "c_hh": 2.7666168159967697e-05,
  "c_h1": 1.848792310354952e-07,
  "c_AA": 1.6939847309320466e-05,
  "c_B": 2.3999658606277396e-06,
  "c_hA": 1.741275704736367e-06
 },
 "closed_resid": 3.006240004843619e-05,
 "wrong_resid": 0.3927167020064384,
 "fit": {
  "c_hh": 9.455879950787304,
  "c_h1": 4.115557758910851,
  "c_AA": 0.05490725589992219,
  "c_B": 0.24348892258421162,
  "c_hA": 1.7904913685081179
 },
 "max_resid": 2.5080724119996844e-05,
 "flat": -2.5078218968133115e-05,
 "hyp": {
  "c_AA_exponent_only": 0.44762327744595565,
  "c_B_exponent_only": -0.1492077591486519,
  "c_hh_mass_shift_only": 7.0685834705770345,
  "c_h1_mass_shift_only": 4.71238898038469
 },
 "pred": {
  "0.25": {
   "v": 0.36031450341551335,
   "A": 0.43126923348035096,
   "B": 0.2278568984975209,
   "h0": 0.9590219183735401,
   "h1": -0.08184313413197289,
   "D_predicted_by_fit": 10.647863975249258,
   "D_predicted_by_closed_form": 10.647917190300186
  },
  "0.5": {
   "v": 0.5786840415164352,
   "A": 0.2863880601008191,
   "B": -1.0512888681550976,
   "h0": 0.8878608255431975,
   "h1": -0.19628251354630122,
   "D_predicted_by_fit": 7.0040713848846226,
   "D_predicted_by_closed_form": 7.004093711803079,
   "D_measured_on_trajectory": 7.003427793277666,
   "rel_dev_prediction": 9.18966577443392e-05
  },
  "0.75": {
   "v": 0.564371017658293,
   "A": -0.42463565252487356,
   "B": -1.9493027358621475,
   "h0": 0.7903654547394497,
   "h1": -0.2498814815318245,
   "D_predicted_by_fit": 3.003801761547028,
   "D_predicted_by_closed_form": 3.0038192628319527,
   "D_measured_on_trajectory": 3.0031598917421336,
   "rel_dev_prediction": 0.0002137314788530631
  },
  "0.9": {
   "v": 0.3510594369653198,
   "A": -0.8024791922780423,
   "B": -0.060511295334436,
   "h0": 0.7164612882456757,
   "h1": -0.20045246316064333,
   "D_predicted_by_fit": 1.3414566957167138,
   "D_predicted_by_closed_form": 1.3415561094967734
  }
 }
}
