primary 0.25 10.0 q=3.6 relN=8.706e+00 rho_end=0.02319 ratio@cut=4.473e-04 18.2s
primary 0.25 30.0 q=10.8 relN=1.406e+00 rho_end=0.0888 ratio@cut=6.343e-05 31.4s
primary 0.25 100.0 q=36 relN=3.295e-01 rho_end=0.9951 ratio@cut=1.919e-05 3.2s
primary 0.25 300.0 q=108 relN=1.022e-01 rho_end=12.86 ratio@cut=9.186e-06 1.9s
primary 0.25 1000.0 q=360 relN=2.988e-02 rho_end=243.7 ratio@cut=4.701e-06 1.7s
primary 0.25 3000.0 q=1.08e+03 relN=9.887e-03 rho_end=3726 ratio@cut=2.662e-06 1.3s
primary 0.25 10000.0 q=3.6e+03 relN=2.958e-03 rho_end=7.506e+04 ratio@cut=1.448e-06 1.3s
primary 0.25 100000.0 q=3.6e+04 relN=2.955e-04 rho_end=2.367e+07 ratio@cut=4.566e-07 1.3s
primary 0.25 1000000.0 q=3.6e+05 relN=2.955e-05 rho_end=7.485e+09 ratio@cut=1.444e-07 1.3s
primary 0.5 10.0 q=5.79 relN=2.004e+00 rho_end=0.04345 ratio@cut=2.769e-03 36.8s
primary 0.5 30.0 q=17.4 relN=4.551e-01 rho_end=0.3152 ratio@cut=7.440e-04 40.4s
primary 0.5 100.0 q=57.9 relN=1.257e-01 rho_end=4.936 ratio@cut=3.145e-04 2.2s
primary 0.5 300.0 q=174 relN=4.086e-02 rho_end=71.1 ratio@cut=1.678e-04 1.4s
primary 0.5 1000.0 q=579 relN=1.215e-02 rho_end=1402 ratio@cut=8.935e-05 1.3s
primary 0.5 3000.0 q=1.74e+03 relN=4.040e-03 rho_end=2.168e+04 ratio@cut=5.117e-05 1.1s
primary 0.5 10000.0 q=5.79e+03 relN=1.211e-03 rho_end=4.386e+05 ratio@cut=2.795e-05 2.1s
primary 0.5 100000.0 q=5.79e+04 relN=1.210e-04 rho_end=1.386e+08 ratio@cut=8.829e-06 1.3s
primary 0.5 1000000.0 q=5.79e+05 relN=1.210e-05 rho_end=4.381e+10 ratio@cut=2.792e-06 1.3s
primary 0.75 10.0 q=5.64 relN=4.943e-01 rho_end=0.03054 ratio@cut=5.764e-04 66.6s
primary 0.75 30.0 q=16.9 relN=2.050e-01 rho_end=0.3648 ratio@cut=2.550e-04 55.7s
primary 0.75 100.0 q=56.4 relN=5.350e-02 rho_end=6.363 ratio@cut=1.201e-04 1.6s
primary 0.75 300.0 q=169 relN=1.779e-02 rho_end=95.43 ratio@cut=6.671e-05 1.1s
primary 0.75 1000.0 q=564 relN=5.326e-03 rho_end=1909 ratio@cut=3.604e-05 1.1s
primary 0.75 3000.0 q=1.69e+03 relN=1.775e-03 rho_end=2.965e+04 ratio@cut=2.073e-05 1.3s
primary 0.75 10000.0 q=5.64e+03 relN=5.323e-04 rho_end=6.006e+05 ratio@cut=1.134e-05 2.1s
primary 0.75 100000.0 q=5.64e+04 relN=5.322e-05 rho_end=1.898e+08 ratio@cut=3.583e-06 1.4s
primary 0.75 1000000.0 q=5.64e+05 relN=5.321e-06 rho_end=6.002e+10 ratio@cut=1.133e-06 1.3s
primary 0.9 10.0 q=3.51 relN=1.744e+00 rho_end=0.02402 ratio@cut=2.623e-04 24.4s
primary 0.9 30.0 q=10.5 relN=4.840e-02 rho_end=0.1384 ratio@cut=5.598e-05 70.1s
primary 0.9 100.0 q=35.1 relN=3.239e-02 rho_end=2.522 ratio@cut=2.755e-05 4.5s
primary 0.9 300.0 q=105 relN=1.261e-02 rho_end=37.53 ratio@cut=1.518e-05 1.0s
primary 0.9 1000.0 q=351 relN=3.802e-03 rho_end=747.6 ratio@cut=8.165e-06 0.9s
primary 0.9 3000.0 q=1.05e+03 relN=1.272e-03 rho_end=1.159e+04 ratio@cut=4.689e-06 0.9s
primary 0.9 10000.0 q=3.51e+03 relN=3.820e-04 rho_end=2.347e+05 ratio@cut=2.564e-06 1.3s
primary 0.9 100000.0 q=3.51e+04 relN=3.821e-05 rho_end=7.417e+07 ratio@cut=8.101e-07 1.4s
primary 0.9 1000000.0 q=3.51e+05 relN=3.820e-06 rho_end=2.345e+10 ratio@cut=2.562e-07 1.4s
grid v2_t1e3_plus_c4 0.5 100.0
grid v2_t1e3_plus_c4 0.5 1000.0
grid v2_t1e3_plus_c4 0.5 10000.0
grid v2_t1e3_plus_c4 0.5 100000.0
grid v2_t1e3_plus_c4 0.75 100.0
grid v2_t1e3_plus_c4 0.75 1000.0
grid v2_t1e3_plus_c4 0.75 10000.0
grid v2_t1e3_plus_c4 0.75 100000.0
grid v2_t1e3_plus_c4_fine 0.5 100.0
grid v2_t1e3_plus_c4_fine 0.5 1000.0
grid v2_t1e3_plus_c4_fine 0.5 10000.0
grid v2_t1e3_plus_c4_fine 0.5 100000.0
grid v2_t1e3_plus_c4_fine 0.75 100.0
grid v2_t1e3_plus_c4_fine 0.75 1000.0
grid v2_t1e3_plus_c4_fine 0.75 10000.0
grid v2_t1e3_plus_c4_fine 0.75 100000.0
minus 100.0 {'s_a': 1.1591700796104947, 's_b': 5.829889016829232, 'left_truncated': False, 'right_truncated': True, 'A_left_edge': 0.0009995269083036985, 'A_right_edge': 0.0399475542002444, 's_particle_A0.05': 5.772858254034291} 0.1471040371459693
minus 1000.0 {'s_a': 3.8111507736909345, 's_b': 5.829889016829232, 'left_truncated': False, 'right_truncated': True, 'A_left_edge': 0.0009997297789478997, 'A_right_edge': 0.003995848839784001, 's_particle_A0.05': 5.425387899249506} 0.014083245100902086
minus 10000.0 {'s_a': 4.958452217674019, 's_b': 5.6258301655605045, 'left_truncated': False, 'right_truncated': False, 'A_left_edge': 0.0009966930328067214, 'A_right_edge': 0.0009992689999552135, 's_particle_A0.05': 5.3198114383681405} 0.0014021518758631224
done 434.7
