{"out": "results/spectra/plus_h4_L6", "nodes": 601, "runtime": 31.474629878997803, "jerr": 1.2022473081216955e-16}
{"out": "results/spectra/original_h4_L6", "nodes": 601, "runtime": 30.308141946792603, "jerr": 1.208920282191061e-16}
{"out": "results/spectra/plus_h3_L6", "nodes": 801, "runtime": 67.40650701522827, "jerr": 1.6857747268678913e-16}
{"out": "results/spectra/original_h3_L6", "nodes": 801, "runtime": 67.68654251098633, "jerr": 1.6929932993324287e-16}
{"out": "results/spectra/plus_h4_L6_phipoly", "nodes": 601, "runtime": 31.235182285308838, "jerr": 1.2022473081216955e-16}
{"out": "results/spectra/plus_h4_L8", "nodes": 637, "runtime": 35.37572002410889, "jerr": 1.409849703685741e-16}
{"out": "results/spectra/plus_h4_L10", "nodes": 664, "runtime": 39.65075874328613, "jerr": 1.6606028968481933e-16}
{"out": "results/spectra/plus_h4_L6_st10", "nodes": 1029, "runtime": 147.98191595077515, "jerr": 1.94989481198628e-16}
/home/user/unified-theory-maldonado/research/HDBLAST_CHECKPOINT_20260927/stability_time_domain/td_core.py:201: RuntimeWarning: overflow encountered in cosh
  z = s.z; ch = np.cosh(lam*z); sh = np.sinh(lam*z)
/home/user/unified-theory-maldonado/research/HDBLAST_CHECKPOINT_20260927/stability_time_domain/td_core.py:201: RuntimeWarning: overflow encountered in sinh
  z = s.z; ch = np.cosh(lam*z); sh = np.sinh(lam*z)
/home/user/unified-theory-maldonado/research/HDBLAST_CHECKPOINT_20260927/stability_time_domain/td_core.py:202: RuntimeWarning: invalid value encountered in multiply
  a = ch + s.hc*sh; b = lam*ch + s.hc*sh; f = s.phz*sh
/home/user/unified-theory-maldonado/research/HDBLAST_CHECKPOINT_20260927/stability_time_domain/td_core.py:202: RuntimeWarning: invalid value encountered in add
  a = ch + s.hc*sh; b = lam*ch + s.hc*sh; f = s.phz*sh
/home/user/unified-theory-maldonado/research/HDBLAST_CHECKPOINT_20260927/stability_time_domain/td_core.py:202: RuntimeWarning: overflow encountered in multiply
  a = ch + s.hc*sh; b = lam*ch + s.hc*sh; f = s.phz*sh
/home/user/unified-theory-maldonado/research/HDBLAST_CHECKPOINT_20260927/stability_time_domain/td_core.py:203: RuntimeWarning: overflow encountered in multiply
  return np.array([a, b, f, lam*a, lam*b, lam*f])
/home/user/unified-theory-maldonado/research/HDBLAST_CHECKPOINT_20260927/stability_time_domain/td_core.py:203: RuntimeWarning: invalid value encountered in multiply
  return np.array([a, b, f, lam*a, lam*b, lam*f])
/home/user/unified-theory-maldonado/research/HDBLAST_CHECKPOINT_20260927/stability_time_domain/td_core.py:221: RuntimeWarning: invalid value encountered in scalar divide
  alpha = np.vdot(gm, vm)/np.vdot(gm, gm)
{"out": "results/spectra/control_plus_s20flip_h4", "nodes": 601, "runtime": 31.20609998703003, "jerr": 1.2022473081216955e-16}
{"out": "results/spectra/control_plus_s20zero_h4", "nodes": 601, "runtime": 30.6480815410614, "jerr": 1.2022473081216955e-16}
{"out": "results/spectra/plus_h2_L6", "nodes": 1200, "runtime": 235.1897292137146, "jerr": 2.8546597517111553e-16}
{"out": "results/spectra/original_h2_L6", "nodes": 1200, "runtime": 232.37896871566772, "jerr": 2.875038497028401e-16}
