{
  "algebraic_or_saved_operator_sensitivity_controls": 15,
  "counts": {
    "Ward_refinement_points": 36,
    "continuum_comparisons": 288,
    "controls": 20,
    "core_comparisons": 180,
    "core_refinement_comparisons": 180,
    "direct_stress_closed": 72,
    "extras": 108,
    "finite_K_trace": 36,
    "raw_Ward_endpoints": 72,
    "raw_reconstructed_observation_K_points": 72
  },
  "independent_elapsed_seconds": 275.5319093479993,
  "independent_peak_rss_kib": 100920,
  "maximum_K256_analytic_tail_bound": {
    "Q0": 1.4561742683204615e-12,
    "anomaly": 1.868887928278678e-08,
    "current": 2.340779456256588e-06,
    "p": 0.0006757668264483485,
    "q": 2.340779456256588e-06,
    "q_prime": 7.06641612742301e-05,
    "q_second": 0.003910151596866623,
    "rho": 2.5115240062247756e-05
  },
  "maximum_K256_direct_to_continuum_difference": {
    "Q0": 1.4561650496514034e-12,
    "anomaly": 1.868887928094254e-08,
    "current": 1.1446875865066264e-07,
    "p": 1.0961798659232802e-07,
    "q": 1.144687630559929e-07,
    "q_prime": 3.4941620808207063e-07,
    "q_second": 4.248756529448561e-07,
    "rho": 4.6009305398973105e-08
  },
  "maximum_K256_primary_to_continuum_difference": {
    "Q0": 1.4561754579922592e-12,
    "anomaly": 1.8688879282677262e-08,
    "current": 1.1446875864806055e-07,
    "p": 1.0961800894597473e-07,
    "q": 1.1446876304731929e-07,
    "q_prime": 3.494162080786012e-07,
    "q_second": 4.2487578708061413e-07,
    "rho": 4.600930539593734e-08
  },
  "maximum_Ward_refinement_difference": 1.269287688140594e-07,
  "maximum_core_cross_route_difference": {
    "p": 6.239930447349273e-14,
    "q": 2.190088388420719e-17,
    "q_prime": 3.9898639947466563e-17,
    "q_second": 3.7441404143745416e-13,
    "rho": 4.5102810375396984e-17
  },
  "maximum_direct_stress_closed_difference": {
    "p": 3.4206578541917665e-17,
    "rho": 4.163336342344337e-17
  },
  "maximum_extra_cross_route_difference": {
    "Q0": 1.214306433183765e-16,
    "anomaly": 3.469446951953614e-18,
    "current": 2.2985086056692694e-17
  },
  "maximum_fine_Ward_endpoint_difference": 1.9850676129097376e-10,
  "maximum_finite_K_trace_difference": 6.071532165918825e-17,
  "maximum_linear_Wronskian_over_epsilon": 5.61159327555974e-17,
  "maximum_mode_refinement_difference": {
    "Q0": 1.0547118733938987e-15,
    "anomaly": 2.7755575615628914e-17,
    "current": 1.1535911115245767e-16,
    "p": 4.3726890597978185e-12,
    "q": 1.1329912702473521e-16,
    "q_prime": 2.310651670001107e-15,
    "q_second": 2.6235874583946384e-11,
    "rho": 3.5171518475429764e-16
  },
  "maximum_physical_Wronskian_over_epsilon": 5.585139177085082e-17,
  "maximum_primary_quadrature_estimate": {
    "Q0": 0.0,
    "anomaly": 0.0,
    "current": 1.3753931074314136e-14,
    "p": 2.0815592146960068e-14,
    "q": 1.3753931074314136e-14,
    "q_prime": 1.2576161989614547e-14,
    "q_second": 1.1165907642861569e-13,
    "rho": 3.0240490866824858e-15
  },
  "primary_elapsed_seconds": 1.2810275299998466,
  "sensitivity_controls_exceeding_operational_cross_gate": 15,
  "synthetic_guard_mutations_rejected": 5
}
