static shells loaded from shells_0.001_0.5975949350280132_-3.1942416958680835_0.0001_2.5e-05.pkl
static shells: rho_b=78.8283759665 phi_b=5.891232e-06 (bg); seed phi_b=2.910470e-05 rho_b=78.8281025332  [0s]
grid (rho): 2297 points, dz 1.49e-04 (shell) .. 1.50e-02 (far), L=24.00, 85.4 points per wall width 1/rho_b; chart xc=11.8 F_inf=11.800000000056318; T_switch=10.800000000056318; kappa=10
T=  0.000 H0tau= 0.0000 phi_b=+0.00003 H/H0=+1.00000 lapse=1.0000 R=0.000e+00 Wy/H0^2=+5.1769e-05 rad=0.0000e+00 mode=dev Hmax=3.3e-13 [0s]
T=  0.301 H0tau= 0.3007 phi_b=+0.00003 H/H0=+1.00000 lapse=1.0000 R=1.393e-13 Wy/H0^2=-1.1619e-07 rad=9.6199e-11 mode=dev Hmax=1.4e-08 [30s]
T=  0.601 H0tau= 0.6015 phi_b=+0.00003 H/H0=+1.00000 lapse=1.0000 R=2.161e-13 Wy/H0^2=-5.7101e-07 rad=1.4931e-10 mode=dev Hmax=4.3e-09 [61s]
T=  0.912 H0tau= 0.9122 phi_b=+0.00004 H/H0=+1.00000 lapse=1.0000 R=2.792e-13 Wy/H0^2=-4.4028e-07 rad=1.9285e-10 mode=dev Hmax=- [92s]
T=  1.213 H0tau= 1.2130 phi_b=+0.00004 H/H0=+1.00000 lapse=1.0000 R=3.439e-13 Wy/H0^2=-5.0801e-07 rad=2.3757e-10 mode=dev Hmax=- [122s]
T=  1.514 H0tau= 1.5137 phi_b=+0.00004 H/H0=+1.00000 lapse=1.0000 R=4.200e-13 Wy/H0^2=-6.0836e-07 rad=2.9008e-10 mode=dev Hmax=- [152s]
T=  1.814 H0tau= 1.8145 phi_b=+0.00005 H/H0=+1.00000 lapse=1.0000 R=5.116e-13 Wy/H0^2=-7.1335e-07 rad=3.5342e-10 mode=dev Hmax=- [183s]
T=  2.115 H0tau= 2.1152 phi_b=+0.00005 H/H0=+1.00000 lapse=1.0000 R=6.230e-13 Wy/H0^2=-7.7935e-07 rad=4.3036e-10 mode=dev Hmax=- [213s]
T=  2.416 H0tau= 2.4160 phi_b=+0.00006 H/H0=+1.00001 lapse=1.0000 R=7.586e-13 Wy/H0^2=-8.4428e-07 rad=5.2398e-10 mode=dev Hmax=- [243s]
T=  2.707 H0tau= 2.7067 phi_b=+0.00006 H/H0=+1.00001 lapse=1.0000 R=9.175e-13 Wy/H0^2=-9.1693e-07 rad=6.3378e-10 mode=dev Hmax=1.4e-09 [274s]
T=  3.007 H0tau= 3.0074 phi_b=+0.00007 H/H0=+1.00001 lapse=1.0000 R=1.117e-12 Wy/H0^2=-1.0125e-06 rad=7.7162e-10 mode=dev Hmax=1.2e-09 [305s]
T=  3.308 H0tau= 3.3081 phi_b=+0.00007 H/H0=+1.00001 lapse=1.0000 R=1.360e-12 Wy/H0^2=-1.1245e-06 rad=9.3944e-10 mode=dev Hmax=1.1e-09 [335s]
T=  3.609 H0tau= 3.6089 phi_b=+0.00008 H/H0=+1.00001 lapse=1.0000 R=1.656e-12 Wy/H0^2=-1.2392e-06 rad=1.1438e-09 mode=dev Hmax=1.0e-09 [365s]
T=  3.900 H0tau= 3.8996 phi_b=+0.00009 H/H0=+1.00001 lapse=1.0000 R=2.003e-12 Wy/H0^2=-1.3607e-06 rad=1.3834e-09 mode=dev Hmax=- [395s]
T=  4.200 H0tau= 4.2003 phi_b=+0.00010 H/H0=+1.00001 lapse=1.0000 R=2.438e-12 Wy/H0^2=-1.5021e-06 rad=1.6843e-09 mode=dev Hmax=- [426s]
T=  4.501 H0tau= 4.5011 phi_b=+0.00011 H/H0=+1.00001 lapse=1.0000 R=2.969e-12 Wy/H0^2=-1.6574e-06 rad=2.0506e-09 mode=dev Hmax=- [456s]
T=  4.802 H0tau= 4.8018 phi_b=+0.00012 H/H0=+1.00001 lapse=1.0000 R=3.614e-12 Wy/H0^2=-1.8282e-06 rad=2.4965e-09 mode=dev Hmax=- [487s]
T=  5.103 H0tau= 5.1026 phi_b=+0.00013 H/H0=+1.00001 lapse=1.0000 R=4.401e-12 Wy/H0^2=-2.0167e-06 rad=3.0395e-09 mode=dev Hmax=- [517s]
T=  5.393 H0tau= 5.3933 phi_b=+0.00014 H/H0=+1.00001 lapse=1.0000 R=5.323e-12 Wy/H0^2=-2.2178e-06 rad=3.6763e-09 mode=dev Hmax=- [548s]
T=  5.694 H0tau= 5.6940 phi_b=+0.00015 H/H0=+1.00001 lapse=1.0000 R=6.480e-12 Wy/H0^2=-2.4472e-06 rad=4.4758e-09 mode=dev Hmax=- [578s]
T=  5.995 H0tau= 5.9947 phi_b=+0.00017 H/H0=+1.00002 lapse=1.0000 R=7.890e-12 Wy/H0^2=-2.6999e-06 rad=5.4491e-09 mode=dev Hmax=- [608s]
T=  6.306 H0tau= 6.3055 phi_b=+0.00019 H/H0=+1.00002 lapse=1.0000 R=9.669e-12 Wy/H0^2=-2.9885e-06 rad=6.6778e-09 mode=dev Hmax=- [639s]
T=  6.616 H0tau= 6.6163 phi_b=+0.00021 H/H0=+1.00002 lapse=1.0000 R=1.185e-11 Wy/H0^2=-3.3081e-06 rad=8.1835e-09 mode=dev Hmax=6.6e-10 [670s]
T=  6.927 H0tau= 6.9271 phi_b=+0.00023 H/H0=+1.00002 lapse=1.0001 R=1.452e-11 Wy/H0^2=-3.6618e-06 rad=1.0029e-08 mode=dev Hmax=- [701s]
T=  7.228 H0tau= 7.2279 phi_b=+0.00025 H/H0=+1.00002 lapse=1.0002 R=1.768e-11 Wy/H0^2=-4.0400e-06 rad=1.2210e-08 mode=dev Hmax=- [731s]
T=  7.529 H0tau= 7.5287 phi_b=+0.00028 H/H0=+1.00003 lapse=1.0003 R=2.153e-11 Wy/H0^2=-4.4574e-06 rad=1.4866e-08 mode=dev Hmax=- [761s]
T=  7.829 H0tau= 7.8296 phi_b=+0.00031 H/H0=+1.00003 lapse=1.0007 R=2.621e-11 Wy/H0^2=-4.9178e-06 rad=1.8100e-08 mode=dev Hmax=- [791s]
T=  8.130 H0tau= 8.1306 phi_b=+0.00034 H/H0=+1.00003 lapse=1.0012 R=3.192e-11 Wy/H0^2=-5.4261e-06 rad=2.2040e-08 mode=dev Hmax=- [822s]
T=  8.431 H0tau= 8.4318 phi_b=+0.00037 H/H0=+1.00004 lapse=1.0023 R=3.887e-11 Wy/H0^2=-5.9872e-06 rad=2.6842e-08 mode=dev Hmax=- [853s]
T=  8.732 H0tau= 8.7335 phi_b=+0.00041 H/H0=+1.00004 lapse=1.0043 R=4.735e-11 Wy/H0^2=-6.6072e-06 rad=3.2698e-08 mode=dev Hmax=- [884s]
T=  9.032 H0tau= 9.0361 phi_b=+0.00045 H/H0=+1.00004 lapse=1.0078 R=5.772e-11 Wy/H0^2=-7.2932e-06 rad=3.9854e-08 mode=dev Hmax=- [914s]
T=  9.333 H0tau= 9.3400 phi_b=+0.00050 H/H0=+1.00005 lapse=1.0144 R=7.042e-11 Wy/H0^2=-8.0541e-06 rad=4.8622e-08 mode=dev Hmax=- [944s]
T=  9.634 H0tau= 9.6468 phi_b=+0.00055 H/H0=+1.00005 lapse=1.0265 R=8.607e-11 Wy/H0^2=-8.9020e-06 rad=5.9425e-08 mode=dev Hmax=- [975s]
T=  9.935 H0tau= 9.9585 phi_b=+0.00061 H/H0=+1.00006 lapse=1.0490 R=1.055e-10 Wy/H0^2=-9.8547e-06 rad=7.2867e-08 mode=dev Hmax=- [1006s]
T= 10.235 H0tau=10.2797 phi_b=+0.00067 H/H0=+1.00007 lapse=1.0913 R=1.302e-10 Wy/H0^2=-1.0942e-05 rad=8.9900e-08 mode=dev Hmax=- [1036s]
T= 10.546 H0tau=10.6306 phi_b=+0.00076 H/H0=+1.00007 lapse=1.1771 R=1.638e-10 Wy/H0^2=-1.2265e-05 rad=1.1309e-07 mode=dev Hmax=- [1067s]
switched to full-field mode at T=10.8000
T= 10.877 H0tau=11.0481 phi_b=+0.00086 H/H0=+1.00008 lapse=1.3745 R=2.132e-10 Wy/H0^2=+5.9201e-06 rad=1.4714e-07 mode=full Hmax=- [1097s]
T= 11.488 H0tau=12.2564 phi_b=+0.00123 H/H0=+0.99984 lapse=3.3197 R=2.847e-10 Wy/H0^2=+3.8146e-04 rad=1.9640e-07 mode=full Hmax=- [1127s]
{"stop": "shell lapse diverged or vanished (|B_b| > 40) at T=11.6958", "T_end": 11.695841584166047, "H0tau_end": 13.555608130225325, "runtime": 1137.4}
