static shells loaded from shells_0.001_0.5975949350280132_-3.1942416958680835_0.01_2.5e-05.pkl
static shells: rho_b=78.8283759665 phi_b=5.891232e-06 (bg); seed phi_b=2.324294e-03 rho_b=78.8005803646  [0s]
grid (rho): 2297 points, dz 1.49e-04 (shell) .. 1.50e-02 (far), L=24.00, 85.4 points per wall width 1/rho_b; chart xc=11.3 F_inf=11.30000000015309; T_switch=10.30000000015309; kappa=10
T=  0.000 H0tau= 0.0000 phi_b=+0.00232 H/H0=+1.00035 lapse=0.9996 R=0.000e+00 Wy/H0^2=+5.1927e-03 rad=0.0000e+00 mode=dev Hmax=3.5e-13 [0s]
T=  0.301 H0tau= 0.3006 phi_b=+0.00255 H/H0=+1.00025 lapse=0.9996 R=1.388e-09 Wy/H0^2=-4.8718e-06 rad=9.5629e-07 mode=dev Hmax=9.6e-05 [31s]
T=  0.601 H0tau= 0.6013 phi_b=+0.00282 H/H0=+1.00028 lapse=0.9996 R=2.154e-09 Wy/H0^2=-5.4609e-05 rad=1.4837e-06 mode=dev Hmax=3.1e-05 [61s]
T=  0.902 H0tau= 0.9019 phi_b=+0.00311 H/H0=+1.00030 lapse=0.9995 R=2.761e-09 Wy/H0^2=-4.0405e-05 rad=1.9015e-06 mode=dev Hmax=8.3e-06 [92s]
T=  1.203 H0tau= 1.2025 phi_b=+0.00343 H/H0=+1.00033 lapse=0.9995 R=3.403e-09 Wy/H0^2=-6.2112e-05 rad=2.3426e-06 mode=dev Hmax=6.8e-06 [122s]
T=  1.504 H0tau= 1.5031 phi_b=+0.00378 H/H0=+1.00037 lapse=0.9994 R=4.155e-09 Wy/H0^2=-6.4990e-05 rad=2.8591e-06 mode=dev Hmax=6.8e-06 [153s]
T=  1.804 H0tau= 1.8036 phi_b=+0.00417 H/H0=+1.00040 lapse=0.9994 R=5.060e-09 Wy/H0^2=-6.9064e-05 rad=3.4811e-06 mode=dev Hmax=6.1e-06 [184s]
T=  2.105 H0tau= 2.1042 phi_b=+0.00460 H/H0=+1.00044 lapse=0.9993 R=6.160e-09 Wy/H0^2=-7.5503e-05 rad=4.2359e-06 mode=dev Hmax=5.3e-06 [215s]
T=  2.406 H0tau= 2.4047 phi_b=+0.00508 H/H0=+1.00049 lapse=0.9992 R=7.498e-09 Wy/H0^2=-8.2792e-05 rad=5.1531e-06 mode=dev Hmax=4.7e-06 [246s]
T=  2.707 H0tau= 2.7051 phi_b=+0.00560 H/H0=+1.00054 lapse=0.9991 R=9.125e-09 Wy/H0^2=-8.9315e-05 rad=6.2682e-06 mode=dev Hmax=3.9e-06 [276s]
T=  3.007 H0tau= 3.0056 phi_b=+0.00618 H/H0=+1.00059 lapse=0.9990 R=1.111e-08 Wy/H0^2=-9.8355e-05 rad=7.6238e-06 mode=dev Hmax=3.2e-06 [307s]
T=  3.308 H0tau= 3.3060 phi_b=+0.00682 H/H0=+1.00064 lapse=0.9988 R=1.351e-08 Wy/H0^2=-1.0894e-04 rad=9.2715e-06 mode=dev Hmax=2.6e-06 [337s]
T=  3.609 H0tau= 3.6064 phi_b=+0.00752 H/H0=+1.00071 lapse=0.9986 R=1.644e-08 Wy/H0^2=-1.1965e-04 rad=1.1274e-05 mode=dev Hmax=2.2e-06 [368s]
T=  3.910 H0tau= 3.9067 phi_b=+0.00830 H/H0=+1.00077 lapse=0.9984 R=2.001e-08 Wy/H0^2=-1.3148e-04 rad=1.3707e-05 mode=dev Hmax=1.8e-06 [399s]
T=  4.200 H0tau= 4.1969 phi_b=+0.00912 H/H0=+1.00084 lapse=0.9981 R=2.418e-08 Wy/H0^2=-1.4394e-04 rad=1.6554e-05 mode=dev Hmax=- [429s]
T=  4.491 H0tau= 4.4870 phi_b=+0.01003 H/H0=+1.00092 lapse=0.9978 R=2.923e-08 Wy/H0^2=-1.5750e-04 rad=1.9988e-05 mode=dev Hmax=- [460s]
T=  4.782 H0tau= 4.7770 phi_b=+0.01102 H/H0=+1.00100 lapse=0.9974 R=3.532e-08 Wy/H0^2=-1.7245e-04 rad=2.4131e-05 mode=dev Hmax=- [491s]
T=  5.083 H0tau= 5.0769 phi_b=+0.01216 H/H0=+1.00109 lapse=0.9968 R=4.296e-08 Wy/H0^2=-1.8916e-04 rad=2.9315e-05 mode=dev Hmax=- [522s]
T=  5.383 H0tau= 5.3766 phi_b=+0.01341 H/H0=+1.00119 lapse=0.9961 R=5.224e-08 Wy/H0^2=-2.0742e-04 rad=3.5602e-05 mode=dev Hmax=- [552s]
T=  5.684 H0tau= 5.6760 phi_b=+0.01479 H/H0=+1.00129 lapse=0.9952 R=6.351e-08 Wy/H0^2=-2.2726e-04 rad=4.3223e-05 mode=dev Hmax=- [583s]
T=  5.985 H0tau= 5.9752 phi_b=+0.01630 H/H0=+1.00141 lapse=0.9940 R=7.719e-08 Wy/H0^2=-2.4879e-04 rad=5.2454e-05 mode=dev Hmax=- [614s]
T=  6.286 H0tau= 6.2739 phi_b=+0.01797 H/H0=+1.00152 lapse=0.9924 R=9.379e-08 Wy/H0^2=-2.7209e-04 rad=6.3624e-05 mode=dev Hmax=- [644s]
T=  6.586 H0tau= 6.5720 phi_b=+0.01981 H/H0=+1.00165 lapse=0.9904 R=1.139e-07 Wy/H0^2=-2.9724e-04 rad=7.7127e-05 mode=dev Hmax=- [674s]
T=  6.887 H0tau= 6.8695 phi_b=+0.02183 H/H0=+1.00178 lapse=0.9877 R=1.383e-07 Wy/H0^2=-3.2430e-04 rad=9.3427e-05 mode=dev Hmax=- [705s]
T=  7.188 H0tau= 7.1660 phi_b=+0.02405 H/H0=+1.00191 lapse=0.9842 R=1.677e-07 Wy/H0^2=-3.5329e-04 rad=1.1307e-04 mode=dev Hmax=- [735s]
T=  7.488 H0tau= 7.4614 phi_b=+0.02648 H/H0=+1.00205 lapse=0.9797 R=2.033e-07 Wy/H0^2=-3.8422e-04 rad=1.3670e-04 mode=dev Hmax=- [766s]
T=  7.789 H0tau= 7.7552 phi_b=+0.02915 H/H0=+1.00219 lapse=0.9739 R=2.461e-07 Wy/H0^2=-4.1703e-04 rad=1.6503e-04 mode=dev Hmax=- [797s]
T=  8.090 H0tau= 8.0470 phi_b=+0.03206 H/H0=+1.00233 lapse=0.9666 R=2.975e-07 Wy/H0^2=-4.5160e-04 rad=1.9892e-04 mode=dev Hmax=- [827s]
T=  8.391 H0tau= 8.3364 phi_b=+0.03523 H/H0=+1.00246 lapse=0.9576 R=3.590e-07 Wy/H0^2=-4.8776e-04 rad=2.3928e-04 mode=dev Hmax=- [858s]
T=  8.691 H0tau= 8.6228 phi_b=+0.03867 H/H0=+1.00259 lapse=0.9470 R=4.324e-07 Wy/H0^2=-5.2523e-04 rad=2.8717e-04 mode=dev Hmax=- [888s]
T=  8.992 H0tau= 8.9059 phi_b=+0.04241 H/H0=+1.00270 lapse=0.9352 R=5.196e-07 Wy/H0^2=-5.6369e-04 rad=3.4372e-04 mode=dev Hmax=- [919s]
T=  9.293 H0tau= 9.1853 phi_b=+0.04645 H/H0=+1.00280 lapse=0.9236 R=6.228e-07 Wy/H0^2=-6.0278e-04 rad=4.1027e-04 mode=dev Hmax=- [949s]
T=  9.594 H0tau= 9.4617 phi_b=+0.05082 H/H0=+1.00287 lapse=0.9153 R=7.449e-07 Wy/H0^2=-6.4223e-04 rad=4.8846e-04 mode=dev Hmax=- [980s]
T=  9.894 H0tau= 9.7368 phi_b=+0.05558 H/H0=+1.00291 lapse=0.9162 R=8.901e-07 Wy/H0^2=-6.8216e-04 rad=5.8073e-04 mode=dev Hmax=- [1011s]
T= 10.195 H0tau=10.0149 phi_b=+0.06084 H/H0=+1.00292 lapse=0.9384 R=1.065e-06 Wy/H0^2=-7.2416e-04 rad=6.9131e-04 mode=dev Hmax=- [1041s]
switched to full-field mode at T=10.3000
T= 10.686 H0tau=10.5048 phi_b=+0.07134 H/H0=+1.00277 lapse=1.0935 R=1.461e-06 Wy/H0^2=-7.6778e-04 rad=9.3762e-04 mode=full Hmax=- [1072s]
T= 11.288 H0tau=11.3896 phi_b=+0.09503 H/H0=+1.00176 lapse=2.2230 R=2.579e-06 Wy/H0^2=-7.0374e-04 rad=1.6126e-03 mode=full Hmax=- [1102s]
{"stop": "shell lapse diverged or vanished (|B_b| > 40) at T=11.6343", "T_end": 11.634282178225407, "H0tau_end": 13.102293765212208, "runtime": 1120.0}
