test_all_frozen_bytes_checked_before_any_science_code_execution (__main__.MonitorGuards.test_all_frozen_bytes_checked_before_any_science_code_execution) ... ok
test_bounded_response_and_error_details_not_saved (__main__.MonitorGuards.test_bounded_response_and_error_details_not_saved) ... ok
test_campaign_expired_future_oversize_offset_rejected (__main__.MonitorGuards.test_campaign_expired_future_oversize_offset_rejected) ... ok
test_duplicate_json_and_nonfinite_rejected (__main__.MonitorGuards.test_duplicate_json_and_nonfinite_rejected) ... ok
test_exact_two_requests_and_no_retry_after_transport_failure (__main__.MonitorGuards.test_exact_two_requests_and_no_retry_after_transport_failure) ... ok
test_guessed_pending_pins_rejected (__main__.MonitorGuards.test_guessed_pending_pins_rejected) ... ok
test_manual_validation_does_not_require_schedule_enable (__main__.MonitorGuards.test_manual_validation_does_not_require_schedule_enable) ... ok
test_metadata_diff_keeps_absence_distinct_from_retraction (__main__.MonitorGuards.test_metadata_diff_keeps_absence_distinct_from_retraction) ... ok
test_oversized_hits_and_unknown_schema_rejected (__main__.MonitorGuards.test_oversized_hits_and_unknown_schema_rejected) ... ok
test_pending_target_never_runs_science (__main__.MonitorGuards.test_pending_target_never_runs_science) ... ok
test_plan_only_incomplete_source_mutation_or_relabel_rejected (__main__.MonitorGuards.test_plan_only_incomplete_source_mutation_or_relabel_rejected) ... ok
test_redirects_and_unapproved_endpoints_never_followed (__main__.MonitorGuards.test_redirects_and_unapproved_endpoints_never_followed) ... ok
test_reproducing_negative_science_is_not_relabeling_failure (__main__.MonitorGuards.test_reproducing_negative_science_is_not_relabeling_failure) ... ok
test_scientific_output_mutation_detected (__main__.MonitorGuards.test_scientific_output_mutation_detected) ... ok
test_scientific_paths_cannot_escape_or_target_runtime_receipts (__main__.MonitorGuards.test_scientific_paths_cannot_escape_or_target_runtime_receipts) ... ok
test_symlink_sources_and_existing_outputs_rejected (__main__.MonitorGuards.test_symlink_sources_and_existing_outputs_rejected) ... ok
test_title_cannot_inject_job_summary (__main__.MonitorGuards.test_title_cannot_inject_job_summary) ... ok
test_unknown_schema_nonimmutable_and_historical_relabel_rejected (__main__.MonitorGuards.test_unknown_schema_nonimmutable_and_historical_relabel_rejected) ... ok
test_unregistered_module_shadowing_rejected_before_science_launch (__main__.MonitorGuards.test_unregistered_module_shadowing_rejected_before_science_launch) ... ok
test_weekly_replay_daily_watch (__main__.MonitorGuards.test_weekly_replay_daily_watch) ... ok
test_wrong_branch_repo_retry_enable_rejected (__main__.MonitorGuards.test_wrong_branch_repo_retry_enable_rejected) ... ok

----------------------------------------------------------------------
Ran 21 tests in 0.014s

OK
