T_4H_to_3H                         applied=True rc=1 rejected=True fails=['T1_TT_mode_r']
T_m2_to_2m2                        applied=True rc=1 rejected=True fails=['T1_TT_mode_r']
T_9over16_to_1over2                applied=True rc=1 rejected=True fails=['T3_identity_']
T_Uover8_to_Uover6                 applied=True rc=1 rejected=True fails=['T3_identity_']
T_Q_coeff_3half_to_1               applied=True rc=1 rejected=True fails=['T2b_factoris', 'T2c_shell_co']
T_u_weight_3half_to_2              applied=True rc=1 rejected=True fails=['T2a_Schroedi', 'T2c_shell_co']
T_Urange_3over20_to_1over5         applied=True rc=1 rejected=True fails=['T4a_U_has_no']
T_Ubound_range_[-1,0]_to_[-1,1/10] applied=True rc=1 rejected=True fails=['T4b_U<=-1/6_']
V_2H_to_3H                         applied=True rc=1 rejected=True fails=['V2a_EQ_{x1x2']
V_Box+3_to_Box+2                   applied=True rc=1 rejected=True fails=['V2b_EQ_{y']
V_Box+3_to_Box+4                   applied=True rc=1 rejected=True fails=['V2b_EQ_{y']
V_gauge_rho2_to_rho                applied=True rc=1 rejected=True fails=['V1_gauge_rul']
V_nontransverse_harmonic           applied=True rc=1 rejected=True fails=['V0_harmonic_', 'V2b_EQ_{y', 'V2c_other_co']
S_Hessian_sign                     applied=True rc=1 rejected=True fails=['S1_two_expli']
S_wrong_harmonic_e^-tau            applied=True rc=1 rejected=True fails=['S1_two_expli', 'S2a_diffeomo', 'S3a_trace_Is']
S_mu2_-4_to_-3                     applied=True rc=1 rejected=True fails=['S2c_gauge_mo']
S_Codazzi_3_to_2                   applied=True rc=1 rejected=True fails=['S2d_gauge_mo']
S_gauge_ODE_4_to_3                 applied=True rc=1 rejected=True fails=['S2b_residual']
S_B_sigma2_half_to_full            applied=True rc=1 rejected=True fails=['S3b_scalar_j']
S_B_plus_one                       applied=True rc=1 rejected=True fails=['S3b_scalar_j']
S_bg_junction_-2phi'_to_-phi'      applied=True rc=1 rejected=True fails=['S3a_trace_Is']
S_bg_junction_6H_to_4H             applied=True rc=1 rejected=True fails=['S3a_trace_Is']
ALL MUTANTS REJECTED
