{
 "constants": {
  "c_in_branch_json": 0.5975949350280132,
  "c_used_by_ph_lib": 0.5975949350280132,
  "sigma_f_over_H0": 52.678050745660684,
  "h_vac": 0.6067217319722785,
  "crit_hat": 0.12563317624110937,
  "crit_hat_reported": 0.12563317624110937,
  "crit_rel_diff": 0.0,
  "crit_lowenergy_3H2_over_kappa4^2 (=18 h^2/sigma)": 0.12578298906399374,
  "rho_b0_reported": 78.82817714224423,
  "rho_b_branch": 129.92476284967807,
  "H_vac_over_H0_from_rho_b_ratio": 0.6067217319722785
 },
 "aggregates": {
  "n_rows": 36,
  "n_failed": 0,
  "n_screen_passing": 21,
  "max_R_full_screen": {
   "value": 0.00016779614752480943,
   "at": "0.5|300"
  },
  "max_R_full_all": {
   "value": 0.0027689115488750463,
   "at": "0.5|10"
  },
  "max_R_post_screen": {
   "value": 0.0040480353446512764,
   "at": "0.9|3000"
  },
  "min_lambda_N0_screen": {
   "value": 18.130342349763342,
   "at": "0.5|300"
  },
  "min_lambda_post_N0_screen": {
   "value": 6.27458829108554,
   "at": "0.9|3000"
  },
  "max_R_cross_screen": {
   "value": 0.00044297797262234854,
   "at": "0.5|300"
  },
  "max_R_cross_all": {
   "value": 0.002098147216853153,
   "at": "0.5|10"
  },
  "max_tension_ratio_all": {
   "value": 6.603082720770802e-06,
   "at": "0.5|10"
  },
  "max_Rj_cut_screen": {
   "value": 2.5375199227201282e-05,
   "at": "0.5|300"
  },
  "Rj_eq_range_screen": [
   0.10049678397722597,
   0.7916748283323746
  ],
  "max_decay_any_y_screen": [
   0.0002340087189810673,
   "0.5|300",
   "1.0"
  ],
  "max_decay_y1_screen": {
   "value": 0.0002340087189810673,
   "at": "0.5|300"
  },
  "max_ward_all": {
   "value": 8.348965696791827e-05,
   "at": "0.75|1e+06"
  },
  "max_wronskian_G>=100": {
   "value": 1.521393255821124e-08,
   "at": "0.25|100"
  },
  "max_wronskian_all": {
   "value": 1.3164458689818304e-07,
   "at": "0.75|30"
  },
  "max_R_over_profile_screen": {
   "value": 0.0005912394391276746,
   "at": "0.5|300"
  },
  "cw_phi0.5_G300_1000": [
   1.0953090189283843,
   3.651030063094613
  ],
  "cw_phi0.5_G1e6": [
   3651.0300630946144
  ],
  "cw_ratio_screen_range": [
   0.013106928621945449,
   3771.4282527611144
  ],
  "n_screen_rows_with_cw_gt_1": 15,
  "decay_y1_conversion_phi0.5_0.75_G300_1000": {
   "0.5|300": 0.4163957177769143,
   "0.5|1000": 0.20311138801580114,
   "0.75|300": 0.5390439057114345,
   "0.75|1000": 0.4504750403223685
  },
  "rows_order0_fallback": [
   "0.75|10",
   "0.9|10",
   "0.9|30"
  ],
  "rows_right_truncated_A_gt_1e-2": [
   "0.25|10",
   "0.25|30",
   "0.5|10",
   "0.5|30",
   "0.5|100",
   "0.75|10",
   "0.75|30",
   "0.75|100",
   "0.75|300",
   "0.9|10",
   "0.9|30",
   "0.9|100",
   "0.9|300",
   "0.9|1000"
  ]
 },
 "summary_json_consistency": {
  "max_ratio_at_cutoff_full_screen_passing": {
   "summary": 0.0001677961475248094,
   "recomputed": 0.00016779614752480943
  },
  "max_ratio_at_cutoff_full_all_scanned": {
   "summary": 0.0027689115488750463,
   "recomputed": 0.0027689115488750463
  },
  "max_ratio_at_cutoff_post_screen_passing": {
   "summary": 0.004048035344651276,
   "recomputed": 0.0040480353446512764
  },
  "min_lambda_c_needed_full_N0_screen_passing": {
   "summary": 18.130342349763342,
   "recomputed": 18.130342349763342
  },
  "min_lambda_c_needed_post_N0_screen_passing": {
   "summary": 6.27458829108554,
   "recomputed": 6.27458829108554
  },
  "max_Rj_at_cutoff_full_screen_passing": {
   "summary": 2.5375199227201282e-05,
   "recomputed": 2.5375199227201282e-05
  },
  "max_decay_y1_ratio_at_cutoff_full_screen_passing": {
   "summary": 0.0002340087189810673,
   "recomputed": 0.0002340087189810673
  }
 },
 "readme_decay_column_mismatch_count": 15,
 "K_law": {
  "0.25": {
   "K": 0.00014435643261070222,
   "R_sqrtG_G1e6": 0.00014436069962784972,
   "rel_dev": 2.9558898556381052e-05
  },
  "0.5": {
   "K": 0.00279148677788573,
   "R_sqrtG_G1e6": 0.002791520775197498,
   "rel_dev": 1.2178926311667837e-05
  },
  "0.75": {
   "K": 0.001132965258759633,
   "R_sqrtG_G1e6": 0.0011329719877776609,
   "rel_dev": 5.9392977638239586e-06
  },
  "0.9": {
   "K": 0.00025616753348006656,
   "R_sqrtG_G1e6": 0.0002561695793676717,
   "rel_dev": 7.986521856961915e-06
  }
 },
 "D_trajectory": {
  "0.25": {
   "D_measured": {
    "10000": 10.659604015181896,
    "100000": 10.64903592764973,
    "1e+06": 10.647646079662616
   },
   "D_closed_form": 10.647917190300186,
   "rel_dev_closed_vs_meas": {
    "10000": -0.001096365762280227,
    "100000": -0.0001050552704625618,
    "1e+06": 2.546202564790434e-05
   }
  },
  "0.5": {
   "D_measured": {
    "10000": 7.006776460685373,
    "100000": 7.00428254024635,
    "1e+06": 7.003427793277666
   },
   "D_closed_form": 7.004093711803079,
   "rel_dev_closed_vs_meas": {
    "10000": -0.00038287918807555776,
    "100000": -2.6958998610604468e-05,
    "1e+06": 9.508465640961639e-05
   }
  },
  "0.75": {
   "D_measured": {
    "10000": 3.004047535806559,
    "100000": 3.0037346807133716,
    "1e+06": 3.0031598917421336
   },
   "D_closed_form": 3.0038192628319527,
   "rel_dev_closed_vs_meas": {
    "10000": -7.598846951839544e-05,
    "100000": 2.8158984588078084e-05,
    "1e+06": 0.00021955910227489106
   }
  },
  "0.9": {
   "D_measured": {
    "10000": 1.3409159595412605,
    "100000": 1.3414563144549687,
    "1e+06": 1.340994331235538
   },
   "D_closed_form": 1.3415561094967734,
   "rel_dev_closed_vs_meas": {
    "10000": 0.0004773975214165116,
    "100000": 7.439306127920986e-05,
    "1e+06": 0.00041892664879350505
   }
  }
 },
 "G_times_rel_spread": {
  "0.5": {
   "min": 12.102334418839789,
   "max": 12.14999110849968,
   "rel_spread_1e3_to_1e6": 0.0039378096828743825,
   "rel_spread_1e4_to_1e6": 0.00047814691698833123,
   "slope": -1.0004751311472597
  },
  "0.75": {
   "min": 5.321251087986312,
   "max": 5.326445118373657,
   "rel_spread_1e3_to_1e6": 0.0009760919568466697,
   "rel_spread_1e4_to_1e6": 0.0002955700317077703,
   "slope": -1.0001203633961162
  }
 },
 "calibration": {
  "max_rel_nk": 8.371752850955261e-07,
  "max_abs_relN": 2.094330375790321e-09,
  "wrong_half_q_mu0=0": [
   -0.6464466063800405,
   -0.6464466060816025,
   -0.6464466059118144
  ],
  "wrong_double_mu0=0": [
   1.8284271188225278,
   1.8284271212100305,
   1.8284271225683364
  ],
  "analytic_wrong_half_q": -0.6464466094067263,
  "analytic_wrong_double": 1.8284271247461903,
  "note": "the wrong-formula numbers are fixed by Gaussian algebra: N ratios 2^{3/2} and 2^{-3/2}"
 },
 "fit": {
  "closed_resid": 3.006240004843619e-05,
  "wrong_resid": 0.3927167020064384,
  "fit_resid": 2.5080724119996844e-05,
  "closed_minus_fit": {
   "c_hh": 2.7666168159967697e-05,
   "c_h1": 1.848792310354952e-07,
   "c_AA": 1.6939847309320466e-05,
   "c_B": 2.3999658606277396e-06,
   "c_hA": 1.741275704736367e-06
  },
  "n_toys_in_fit": 11
 }
}
