bulk series solved 3.5060641765594482
junction order 1 3.5485522747039795
junction order 2 4.037988662719727
junction order 3 5.462839841842651
junction order 4 7.1843647956848145
junction order 5 9.211891412734985
junction order 6 11.143121719360352
junction order 7 13.086638927459717
junction order 8 15.067928791046143
{'eta_first': True, 'H2_first': True, 'H2_second': True}
eta_b
   0 0
   1 -9*c/64
   2 -9*c*(2503*c + 1288)/942080
   3 -27*c*(60469*c**2 + 49568*c + 4048)/331612160
   4 -81*c*(2674271029069*c**3 + 2637538943248*c**2 + 105518716992*c - 201399593472)/146654708419788800
H2
   0 0
   1 (c + 1)/27
   2 (29*c**2 + 64*c + 32)/1152
   3 -c**2*(11767*c + 11362)/2826240
   4 -3*c**2*(161863*c**2 + 330944*c + 113344)/1326448640
rho_b_factor
   0 1
   1 -3*(29*c**2 + 64*c + 32)/(256*(c + 1))
   2 9*(384281*c**4 + 1465672*c**3 + 2144336*c**2 + 1413120*c + 353280)/(15073280*(c + 1)**2)
   3 -27*(236579153*c**6 + 1365777096*c**5 + 3296783712*c**4 + 4272587008*c**3 + 3141118464*c**2 + 1243545600*c + 207257600)/(42446356480*(c + 1)**3)
   4 81*(7100705046837689*c**8 + 54018881167286640*c**7 + 180855766666211552*c**6 + 348125073634951808*c**5 + 421577847310469632*c**4 + 329081719535583232*c**3 + 161792694676242432*c**2 + 45829596381184000*c + 5728699547648000)/(5363372193637990400*(c + 1)**4)
eta_h_over_delta8
   0 -111537*c*(c + 1)**7/131072
   1 334611*c*(c + 1)**6*(2053*c**2 + 3866*c + 1960)/117440512
   2 -1003833*c*(c + 1)**5*(272997478*c**4 + 1027232090*c**3 + 1484370235*c**2 + 975964752*c + 246894144)/12101070356480
   3 3011499*c*(c + 1)**4*(166944741799244*c**6 + 941706400391430*c**5 + 2243836403362395*c**4 + 2891109218397970*c**3 + 2125277097798120*c**2 + 845614840621824*c + 142398868451840)/7752429713175347200
   4 -9034497*c*(c + 1)**3*(2900310333895945897538*c**8 + 21804070118183640567656*c**7 + 72394934498524873544285*c**6 + 138677836485249068610342*c**5 + 167665111035402375554652*c**4 + 131047739731430497344376*c**3 + 64685716243142777523328*c**2 + 18443031289166099918848*c + 2326619325702396268544)/171424702750743136619724800
