static shell: phi_h+1=4.003992e-04 y_b=5.16998397 rho_b=14.366986 phi_b=+6.8850e-04 junction residuals=(5.0e-16,-6.7e-16)
junction check on grid: Hc_b - sigma rho_b/6 = -1.95e-12 ; phiz_b + sigma' rho_b/2 = -6.70e-12
seed: dc=1.0e-04  max|a|=1.34e-05 max|f|=9.02e-05  f_b=+8.968e-05
t=  0.00 H0tau= 0.0000 phi_b=+7.781796e-04 H_J/H0=+1.000013 b_b=-1.341e-05 phi_min=-0.9996 M=0.0e+00  [0s]
t=  0.50 H0tau= 0.5000 phi_b=+8.425045e-04 H_J/H0=+0.999987 b_b=-1.921e-05 phi_min=-0.9996 M=1.3e-02  [73s]
t=  1.00 H0tau= 1.0000 phi_b=+1.034484e-03 H_J/H0=+0.999967 b_b=-4.230e-05 phi_min=-0.9996 M=5.2e-04  [138s]
t=  1.50 H0tau= 1.4999 phi_b=+1.476501e-03 H_J/H0=+0.999924 b_b=-9.593e-05 phi_min=-0.9996 M=2.0e-04  [200s]
t=  2.00 H0tau= 1.9999 phi_b=+2.483705e-03 H_J/H0=+0.999826 b_b=-2.184e-04 phi_min=-0.9996 M=2.1e-04  [262s]
t=  2.50 H0tau= 2.4997 phi_b=+4.775314e-03 H_J/H0=+0.999600 b_b=-4.982e-04 phi_min=-0.9996 M=2.1e-04  [322s]
t=  3.00 H0tau= 2.9993 phi_b=+9.976174e-03 H_J/H0=+0.999079 b_b=-1.139e-03 phi_min=-0.9996 M=2.1e-04  [388s]
t=  3.50 H0tau= 3.4984 phi_b=+2.171285e-02 H_J/H0=+0.997848 b_b=-2.619e-03 phi_min=-0.9996 M=2.0e-04  [445s]
t=  4.00 H0tau= 3.9964 phi_b=+4.785762e-02 H_J/H0=+0.994841 b_b=-6.077e-03 phi_min=-0.9996 M=2.0e-04  [498s]
t=  4.50 H0tau= 4.4916 phi_b=+1.043957e-01 H_J/H0=+0.987105 b_b=-1.436e-02 phi_min=-0.9996 M=1.9e-04  [550s]
t=  5.00 H0tau= 4.9802 phi_b=+2.186523e-01 H_J/H0=+0.966475 b_b=-3.481e-02 phi_min=-0.9996 M=1.9e-04  [601s]
t=  5.50 H0tau= 5.4529 phi_b=+4.171665e-01 H_J/H0=+0.915770 b_b=-8.510e-02 phi_min=-0.9996 M=3.8e-04  [655s]
t=  6.00 H0tau= 5.8904 phi_b=+6.708904e-01 H_J/H0=+0.826480 b_b=-1.956e-01 phi_min=-0.9996 M=6.3e-04  [706s]
t=  6.50 H0tau= 6.2670 phi_b=+8.680995e-01 H_J/H0=+0.737733 b_b=-3.881e-01 phi_min=-0.9996 M=8.4e-04  [757s]
t=  7.00 H0tau= 6.5659 phi_b=+9.561129e-01 H_J/H0=+0.684535 b_b=-6.591e-01 phi_min=-0.9996 M=9.6e-04  [811s]
t=  7.50 H0tau= 6.7866 phi_b=+9.835919e-01 H_J/H0=+0.658379 b_b=-9.965e-01 phi_min=-0.9996 M=1.0e-03  [870s]
t=  8.00 H0tau= 6.9400 phi_b=+9.916893e-01 H_J/H0=+0.645664 b_b=-1.386e+00 phi_min=-0.9996 M=1.0e-03  [926s]
t=  8.50 H0tau= 7.0420 phi_b=+9.943849e-01 H_J/H0=+0.639178 b_b=-1.814e+00 phi_min=-0.9996 M=1.0e-03  [984s]
{"H0_tau_end": 7.07719185713367, "tag": "runs/t003_plus", "d": 0.0, "dc": 0.0001, "dz": 0.0005, "L": 12.0, "t_det": 0.03, "t_end": 8.740000000002306, "stop_reason": "phi_b left [-1.6,0.995]", "phi_b_static": 0.000688504043674732, "rho_b": 14.36698556941159, "phi_b_end": 0.9950029575068278, "HJ_over_H0_end": 0.6372328388879873, "growth_fit": null, "max_momentum_constraint": 0.21891916842781997, "runtime_s": 1012.9}
