static shell: phi_h+1=4.003992e-04 y_b=5.16998397 rho_b=14.366986 phi_b=+6.8850e-04 junction residuals=(5.0e-16,-6.7e-16)
junction check on grid: Hc_b - sigma rho_b/6 = -1.95e-12 ; phiz_b + sigma' rho_b/2 = -6.70e-12
seed: dc=-1.0e-04  max|a|=1.34e-05 max|f|=9.02e-05  f_b=-8.970e-05
t=  0.00 H0tau= 0.0000 phi_b=+5.988076e-04 H_J/H0=+0.999987 b_b=+1.341e-05 phi_min=-0.9996 M=0.0e+00  [0s]
t=  0.50 H0tau= 0.5000 phi_b=+5.344547e-04 H_J/H0=+1.000013 b_b=+1.922e-05 phi_min=-0.9996 M=1.3e-02  [76s]
t=  1.00 H0tau= 1.0000 phi_b=+3.423337e-04 H_J/H0=+1.000033 b_b=+4.231e-05 phi_min=-0.9996 M=5.2e-04  [144s]
t=  1.50 H0tau= 1.5001 phi_b=-1.003353e-04 H_J/H0=+1.000076 b_b=+9.592e-05 phi_min=-0.9996 M=1.8e-04  [208s]
t=  2.00 H0tau= 2.0001 phi_b=-1.110748e-03 H_J/H0=+1.000173 b_b=+2.180e-04 phi_min=-0.9996 M=1.9e-04  [272s]
t=  2.50 H0tau= 2.5003 phi_b=-3.418600e-03 H_J/H0=+1.000392 b_b=+4.956e-04 phi_min=-0.9996 M=1.9e-04  [335s]
t=  3.00 H0tau= 3.0007 phi_b=-8.702902e-03 H_J/H0=+1.000884 b_b=+1.125e-03 phi_min=-0.9996 M=1.9e-04  [403s]
t=  3.50 H0tau= 3.5016 phi_b=-2.087095e-02 H_J/H0=+1.001958 b_b=+2.539e-03 phi_min=-0.9996 M=1.9e-04  [461s]
t=  4.00 H0tau= 4.0035 phi_b=-4.925202e-02 H_J/H0=+1.004148 b_b=+5.658e-03 phi_min=-0.9996 M=1.8e-04  [516s]
t=  4.50 H0tau= 4.5078 phi_b=-1.173949e-01 H_J/H0=+1.007581 b_b=+1.216e-02 phi_min=-0.9996 M=1.8e-04  [569s]
t=  5.00 H0tau= 5.0165 phi_b=-2.917912e-01 H_J/H0=+1.004243 b_b=+2.299e-02 phi_min=-0.9996 M=2.2e-04  [623s]
t=  5.50 H0tau= 5.5287 phi_b=-7.966389e-01 H_J/H0=+0.889511 b_b=+1.465e-02 phi_min=-0.9996 M=4.7e-04  [678s]
t=  6.00 H0tau= 5.9909 phi_b=-2.306798e+00 H_J/H0=-0.470444 b_b=-2.882e-01 phi_min=-2.3068 M=3.5e-03  [731s]
t=  6.50 H0tau= 6.2305 phi_b=-4.419781e+00 H_J/H0=-5.358329 b_b=-1.365e+00 phi_min=-4.4198 M=4.3e-02  [785s]
t=  7.00 H0tau= 6.3064 phi_b=-5.632831e+00 H_J/H0=-11.696046 b_b=-2.471e+00 phi_min=-5.6328 M=9.9e-02  [844s]
t=  7.50 H0tau= 6.3336 phi_b=-6.356745e+00 H_J/H0=-24.158611 b_b=-3.406e+00 phi_min=-6.3567 M=1.3e-01  [904s]
t=  8.00 H0tau= 6.3447 phi_b=-6.920507e+00 H_J/H0=-53.784647 b_b=-4.261e+00 phi_min=-6.9205 M=1.5e-01  [962s]
t=  8.50 H0tau= 6.3495 phi_b=-7.432227e+00 H_J/H0=-126.127189 b_b=-5.070e+00 phi_min=-7.4322 M=1.5e-01  [1023s]
t=  9.00 H0tau= 6.3517 phi_b=-7.960448e+00 H_J/H0=-328.995156 b_b=-5.833e+00 phi_min=-7.9604 M=1.6e-01  [1072s]
t=  9.50 H0tau= 6.3528 phi_b=-8.720062e+00 H_J/H0=-1438.749816 b_b=-6.482e+00 phi_min=-8.7201 M=1.6e-01  [1129s]
/Users/ricardomaldonado/Documents/D-Blast 3/untitled folder 150/HDBLAST_CHAT13_NONLINEAR_ROLLOFF_20260921/rolloff5d.py:174: RuntimeWarning: overflow encountered in expm1
  e2b = np.expm1(2*b)
/Users/ricardomaldonado/Documents/D-Blast 3/untitled folder 150/HDBLAST_CHAT13_NONLINEAR_ROLLOFF_20260921/rolloff5d.py:177: RuntimeWarning: invalid value encountered in add
  kin = 2*pa + pa*pa; grad = 2*Hc*az + az*az
/Users/ricardomaldonado/Documents/D-Blast 3/untitled folder 150/HDBLAST_CHAT13_NONLINEAR_ROLLOFF_20260921/rolloff5d.py:146: RuntimeWarning: invalid value encountered in add
  return +eps*(F[:-6] - 6*F[1:-5] + 15*F[2:-4] - 20*F[3:-3] + 15*F[4:-2] - 6*F[5:-1] + F[6:])/(64*h)
/Users/ricardomaldonado/Documents/D-Blast 3/untitled folder 150/HDBLAST_CHAT13_NONLINEAR_ROLLOFF_20260921/rolloff5d.py:146: RuntimeWarning: invalid value encountered in subtract
  return +eps*(F[:-6] - 6*F[1:-5] + 15*F[2:-4] - 20*F[3:-3] + 15*F[4:-2] - 6*F[5:-1] + F[6:])/(64*h)
Traceback (most recent call last):
  File "/Users/ricardomaldonado/Documents/D-Blast 3/untitled folder 150/HDBLAST_CHAT13_NONLINEAR_ROLLOFF_20260921/rolloff5d.py", line 236, in <module>
    run(d=A_.d, dc=A_.dc, dz=A_.dz, L=A_.L, t_final=A_.tf, t_det=A_.tdet, tag=A_.tag, ko_eps=A_.ko, stop_phi=(A_.phimin, A_.phimax), log=lambda s: print(s, flush=True))
  File "/Users/ricardomaldonado/Documents/D-Blast 3/untitled folder 150/HDBLAST_CHAT13_NONLINEAR_ROLLOFF_20260921/rolloff5d.py", line 213, in run
    tau += dt*0.5*(math.exp(state[1][-1]))
OverflowError: math range error
