static shell: phi_h+1=3.495607e-03 y_b=4.09327284 rho_b=7.836279 phi_b=+2.3353e-03 junction residuals=(5.0e-16,-3.3e-16)
junction check on grid: Hc_b - sigma rho_b/6 = -1.32e-12 ; phiz_b + sigma' rho_b/2 = -5.48e-12
seed: dc=1.0e-04  max|a|=1.34e-05 max|f|=9.02e-05  f_b=+8.939e-05
t=  0.00 phi_b=+2.424686e-03 H_J/H0=1.000013 b_b=-1.340e-05 max|f|=9.02e-05 M=0.0e+00  [0s]
t=  0.50 phi_b=+2.489430e-03 H_J/H0=0.999988 b_b=-1.642e-05 max|f|=1.55e-04 M=1.7e-02  [14s]
t=  1.00 phi_b=+2.677920e-03 H_J/H0=0.999969 b_b=-3.509e-05 max|f|=3.43e-04 M=6.4e-04  [26s]
t=  1.50 phi_b=+3.107471e-03 H_J/H0=0.999929 b_b=-7.882e-05 max|f|=7.74e-04 M=1.2e-04  [38s]
t=  2.00 phi_b=+4.076087e-03 H_J/H0=0.999840 b_b=-1.778e-04 max|f|=1.74e-03 M=1.3e-04  [51s]
t=  2.50 phi_b=+6.257110e-03 H_J/H0=0.999636 b_b=-4.020e-04 max|f|=3.93e-03 M=1.3e-04  [64s]
t=  3.00 phi_b=+1.115685e-02 H_J/H0=0.999170 b_b=-9.113e-04 max|f|=8.85e-03 M=1.3e-04  [77s]
t=  3.50 phi_b=+2.210790e-02 H_J/H0=0.998083 b_b=-2.077e-03 max|f|=1.98e-02 M=1.2e-04  [90s]
t=  4.00 phi_b=+4.630101e-02 H_J/H0=0.995456 b_b=-4.787e-03 max|f|=4.42e-02 M=1.2e-04  [104s]
t=  4.50 phi_b=+9.835789e-02 H_J/H0=0.988766 b_b=-1.127e-02 max|f|=9.70e-02 M=1.2e-04  [117s]
t=  5.00 phi_b=+2.038589e-01 H_J/H0=0.970999 b_b=-2.736e-02 max|f|=2.07e-01 M=1.2e-04  [130s]
t=  5.50 phi_b=+3.908538e-01 H_J/H0=0.926521 b_b=-6.764e-02 max|f|=4.16e-01 M=1.1e-04  [144s]
t=  6.00 phi_b=+6.417812e-01 H_J/H0=0.843709 b_b=-1.589e-01 max|f|=7.63e-01 M=1.7e-04  [157s]
t=  6.50 phi_b=+8.513536e-01 H_J/H0=0.755173 b_b=-3.234e-01 max|f|=1.21e+00 M=2.2e-04  [170s]
t=  7.00 phi_b=+9.495451e-01 H_J/H0=0.700220 b_b=-5.617e-01 max|f|=1.59e+00 M=2.5e-04  [183s]
t=  7.50 phi_b=+9.792489e-01 H_J/H0=0.673560 b_b=-8.677e-01 max|f|=1.82e+00 M=2.6e-04  [197s]
t=  8.00 phi_b=+9.871288e-01 H_J/H0=0.661052 b_b=-1.232e+00 max|f|=1.92e+00 M=2.7e-04  [211s]
t=  8.50 phi_b=+9.894434e-01 H_J/H0=0.654931 b_b=-1.641e+00 max|f|=1.96e+00 M=4.4e-04  [222s]
t=  9.00 phi_b=+9.902552e-01 H_J/H0=0.651733 b_b=-2.083e+00 max|f|=1.98e+00 M=1.1e-03  [234s]
t=  9.50 phi_b=+9.905876e-01 H_J/H0=0.649941 b_b=-2.546e+00 max|f|=1.98e+00 M=3.0e-03  [245s]
t= 10.00 phi_b=+9.907365e-01 H_J/H0=0.648850 b_b=-3.023e+00 max|f|=1.99e+00 M=8.0e-03  [257s]
t= 10.50 phi_b=+9.908030e-01 H_J/H0=0.648092 b_b=-3.509e+00 max|f|=1.99e+00 M=2.1e-02  [269s]
t= 11.00 phi_b=+9.908270e-01 H_J/H0=0.647446 b_b=-4.000e+00 max|f|=1.99e+00 M=5.8e-02  [281s]
t= 11.50 phi_b=+9.908271e-01 H_J/H0=0.646738 b_b=-4.495e+00 max|f|=1.99e+00 M=1.6e-01  [295s]
t= 12.00 phi_b=+9.908126e-01 H_J/H0=0.645785 b_b=-4.992e+00 max|f|=1.99e+00 M=4.2e-01  [307s]
t= 12.50 phi_b=+9.907890e-01 H_J/H0=0.644346 b_b=-5.490e+00 max|f|=1.99e+00 M=1.2e+00  [320s]
t= 13.00 phi_b=+9.907594e-01 H_J/H0=0.642057 b_b=-5.988e+00 max|f|=1.99e+00 M=3.1e+00  [332s]
t= 13.50 phi_b=+9.907260e-01 H_J/H0=0.638335 b_b=-6.488e+00 max|f|=1.99e+00 M=8.6e+00  [344s]
t= 14.00 phi_b=+9.906900e-01 H_J/H0=0.632234 b_b=-6.987e+00 max|f|=1.99e+00 M=2.4e+01  [356s]
t= 14.50 phi_b=+9.906523e-01 H_J/H0=0.622200 b_b=-7.487e+00 max|f|=1.99e+00 M=6.6e+01  [369s]
t= 15.00 phi_b=+9.906136e-01 H_J/H0=0.605676 b_b=-7.987e+00 max|f|=1.99e+00 M=1.9e+02  [384s]
t= 15.50 phi_b=+9.905741e-01 H_J/H0=0.578446 b_b=-8.487e+00 max|f|=1.99e+00 M=5.5e+02  [399s]
t= 16.00 phi_b=+9.905342e-01 H_J/H0=0.533563 b_b=-8.987e+00 max|f|=1.99e+00 M=1.7e+03  [412s]
{"tag": "runs/t01_plus", "d": 0.0, "dc": 0.0001, "dz": 0.001, "L": 12.0, "t_det": 0.1, "t_end": 16.00000000000806, "stop_reason": "t_final", "phi_b_static": 0.002335296127855991, "rho_b": 7.836278852196027, "phi_b_end": 0.9905342261497443, "HJ_over_H0_end": 0.5335631539924508, "growth_fit": null, "max_momentum_constraint": 1675.0144070944364, "runtime_s": 412.5}
