static shell: phi_h+1=3.495607e-03 y_b=4.09327284 rho_b=7.836279 phi_b=+2.3353e-03 junction residuals=(5.0e-16,-3.3e-16)
junction check on grid: Hc_b - sigma rho_b/6 = -1.32e-12 ; phiz_b + sigma' rho_b/2 = -5.48e-12
seed: dc=1.0e-04  max|a|=1.34e-05 max|f|=9.02e-05  f_b=+8.939e-05
t=  0.00 H0tau= 0.0000 phi_b=+2.424686e-03 H_J/H0=+1.000013 b_b=-1.340e-05 phi_min=-0.9965 M=0.0e+00  [0s]
t=  0.50 H0tau= 0.5000 phi_b=+2.489430e-03 H_J/H0=+0.999988 b_b=-1.642e-05 phi_min=-0.9965 M=8.2e-03  [17s]
t=  1.00 H0tau= 1.0000 phi_b=+2.677920e-03 H_J/H0=+0.999969 b_b=-3.509e-05 phi_min=-0.9965 M=3.2e-04  [34s]
t=  1.50 H0tau= 1.5000 phi_b=+3.107471e-03 H_J/H0=+0.999929 b_b=-7.882e-05 phi_min=-0.9965 M=6.2e-05  [54s]
t=  2.00 H0tau= 1.9999 phi_b=+4.076087e-03 H_J/H0=+0.999840 b_b=-1.778e-04 phi_min=-0.9965 M=6.6e-05  [74s]
t=  2.50 H0tau= 2.4998 phi_b=+6.257110e-03 H_J/H0=+0.999636 b_b=-4.020e-04 phi_min=-0.9965 M=6.5e-05  [93s]
t=  3.00 H0tau= 2.9994 phi_b=+1.115685e-02 H_J/H0=+0.999170 b_b=-9.113e-04 phi_min=-0.9965 M=6.4e-05  [109s]
t=  3.50 H0tau= 3.4987 phi_b=+2.210790e-02 H_J/H0=+0.998083 b_b=-2.077e-03 phi_min=-0.9965 M=6.2e-05  [126s]
t=  4.00 H0tau= 3.9971 phi_b=+4.630101e-02 H_J/H0=+0.995456 b_b=-4.787e-03 phi_min=-0.9965 M=6.1e-05  [144s]
t=  4.50 H0tau= 4.4934 phi_b=+9.835789e-02 H_J/H0=+0.988766 b_b=-1.127e-02 phi_min=-0.9965 M=5.9e-05  [160s]
t=  5.00 H0tau= 4.9844 phi_b=+2.038589e-01 H_J/H0=+0.970999 b_b=-2.736e-02 phi_min=-0.9965 M=5.8e-05  [177s]
t=  5.50 H0tau= 5.4627 phi_b=+3.908538e-01 H_J/H0=+0.926521 b_b=-6.764e-02 phi_min=-0.9965 M=5.7e-05  [193s]
t=  6.00 H0tau= 5.9117 phi_b=+6.417812e-01 H_J/H0=+0.843709 b_b=-1.589e-01 phi_min=-0.9965 M=8.1e-05  [209s]
t=  6.50 H0tau= 6.3076 phi_b=+8.513536e-01 H_J/H0=+0.755173 b_b=-3.234e-01 phi_min=-0.9965 M=1.1e-04  [225s]
t=  7.00 H0tau= 6.6314 phi_b=+9.495451e-01 H_J/H0=+0.700220 b_b=-5.617e-01 phi_min=-0.9965 M=1.2e-04  [241s]
t=  7.50 H0tau= 6.8784 phi_b=+9.792489e-01 H_J/H0=+0.673560 b_b=-8.677e-01 phi_min=-0.9965 M=1.3e-04  [259s]
t=  8.00 H0tau= 7.0551 phi_b=+9.871288e-01 H_J/H0=+0.661052 b_b=-1.232e+00 phi_min=-0.9965 M=1.3e-04  [274s]
t=  8.50 H0tau= 7.1752 phi_b=+9.894434e-01 H_J/H0=+0.654931 b_b=-1.641e+00 phi_min=-0.9965 M=1.3e-04  [289s]
t=  9.00 H0tau= 7.2537 phi_b=+9.902552e-01 H_J/H0=+0.651733 b_b=-2.083e+00 phi_min=-0.9965 M=1.3e-04  [304s]
t=  9.50 H0tau= 7.3036 phi_b=+9.905876e-01 H_J/H0=+0.649941 b_b=-2.546e+00 phi_min=-0.9965 M=1.3e-04  [319s]
t= 10.00 H0tau= 7.3348 phi_b=+9.907365e-01 H_J/H0=+0.648850 b_b=-3.023e+00 phi_min=-0.9965 M=1.3e-04  [336s]
t= 10.50 H0tau= 7.3541 phi_b=+9.908030e-01 H_J/H0=+0.648092 b_b=-3.509e+00 phi_min=-0.9965 M=2.1e-04  [352s]
t= 11.00 H0tau= 7.3659 phi_b=+9.908270e-01 H_J/H0=+0.647446 b_b=-4.000e+00 phi_min=-0.9965 M=3.5e-04  [369s]
t= 11.50 H0tau= 7.3731 phi_b=+9.908271e-01 H_J/H0=+0.646738 b_b=-4.495e+00 phi_min=-0.9965 M=5.7e-04  [386s]
t= 12.00 H0tau= 7.3775 phi_b=+9.908126e-01 H_J/H0=+0.645785 b_b=-4.992e+00 phi_min=-0.9965 M=9.4e-04  [405s]
{"H0_tau_end": 7.377531418012565, "tag": "runs/t01_plus_v2", "d": 0.0, "dc": 0.0001, "dz": 0.001, "L": 12.0, "t_det": 0.1, "t_end": 12.000000000003174, "stop_reason": "t_final", "phi_b_static": 0.002335296127855991, "rho_b": 7.836278852196027, "phi_b_end": 0.9908125982772858, "HJ_over_H0_end": 0.6457852224231865, "growth_fit": null, "max_momentum_constraint": 0.13676603656819006, "runtime_s": 404.6}
