static shell: phi_h+1=3.495607e-03 y_b=4.09327284 rho_b=7.836279 phi_b=+2.3353e-03 junction residuals=(5.0e-16,-3.3e-16)
junction check on grid: Hc_b - sigma rho_b/6 = -2.75e-12 ; phiz_b + sigma' rho_b/2 = -1.18e-11
seed: dc=-1.0e-04  max|a|=1.34e-05 max|f|=9.02e-05  f_b=-8.941e-05
t=  0.00 H0tau= 0.0000 phi_b=+2.245885e-03 H_J/H0=+0.999987 b_b=+1.339e-05 phi_min=-0.9965 M=0.0e+00  [0s]
t=  0.50 H0tau= 0.5000 phi_b=+2.181127e-03 H_J/H0=+1.000012 b_b=+1.642e-05 phi_min=-0.9965 M=2.7e-03  [5s]
t=  1.00 H0tau= 1.0000 phi_b=+1.992563e-03 H_J/H0=+1.000031 b_b=+3.502e-05 phi_min=-0.9965 M=1.0e-04  [9s]
t=  1.50 H0tau= 1.5000 phi_b=+1.562593e-03 H_J/H0=+1.000071 b_b=+7.852e-05 phi_min=-0.9965 M=5.0e-05  [14s]
t=  2.00 H0tau= 2.0001 phi_b=+5.915913e-04 H_J/H0=+1.000160 b_b=+1.767e-04 phi_min=-0.9965 M=5.3e-05  [18s]
t=  2.50 H0tau= 2.5002 phi_b=-1.602458e-03 H_J/H0=+1.000359 b_b=+3.976e-04 phi_min=-0.9965 M=5.3e-05  [23s]
t=  3.00 H0tau= 3.0005 phi_b=-6.571263e-03 H_J/H0=+1.000800 b_b=+8.926e-04 phi_min=-0.9965 M=5.2e-05  [28s]
t=  3.50 H0tau= 3.5012 phi_b=-1.788173e-02 H_J/H0=+1.001755 b_b=+1.991e-03 phi_min=-0.9965 M=5.0e-05  [33s]
t=  4.00 H0tau= 4.0028 phi_b=-4.392548e-02 H_J/H0=+1.003691 b_b=+4.376e-03 phi_min=-0.9965 M=4.9e-05  [38s]
t=  4.50 H0tau= 4.5060 phi_b=-1.054532e-01 H_J/H0=+1.006792 b_b=+9.226e-03 phi_min=-0.9965 M=5.2e-05  [43s]
t=  5.00 H0tau= 5.0126 phi_b=-2.591708e-01 H_J/H0=+1.005215 b_b=+1.687e-02 phi_min=-0.9965 M=1.2e-04  [49s]
t=  5.50 H0tau= 5.5210 phi_b=-6.872830e-01 H_J/H0=+0.926005 b_b=+8.856e-03 phi_min=-0.9966 M=2.5e-04  [55s]
t=  6.00 H0tau= 5.9909 phi_b=-1.956156e+00 H_J/H0=-0.012327 b_b=-2.209e-01 phi_min=-1.9562 M=2.1e-03  [60s]
t=  6.50 H0tau= 6.2637 phi_b=-4.001448e+00 H_J/H0=-4.048626 b_b=-1.174e+00 phi_min=-4.0014 M=2.3e-02  [66s]
t=  7.00 H0tau= 6.3564 phi_b=-5.298937e+00 H_J/H0=-9.202744 b_b=-2.265e+00 phi_min=-5.2989 M=5.0e-02  [72s]
t=  7.50 H0tau= 6.3902 phi_b=-6.017484e+00 H_J/H0=-16.497196 b_b=-3.165e+00 phi_min=-6.0175 M=6.7e-02  [77s]
t=  8.00 H0tau= 6.4047 phi_b=-6.507996e+00 H_J/H0=-29.497950 b_b=-3.950e+00 phi_min=-6.5080 M=7.4e-02  [82s]
t=  8.50 H0tau= 6.4115 phi_b=-6.886488e+00 H_J/H0=-51.194948 b_b=-4.664e+00 phi_min=-6.8865 M=7.7e-02  [87s]
t=  9.00 H0tau= 6.4150 phi_b=-7.189943e+00 H_J/H0=-83.565058 b_b=-5.323e+00 phi_min=-7.1899 M=7.8e-02  [92s]
{"H0_tau_end": 6.414977010866326, "tag": "runs/t01_minus_coarse", "d": 0.0, "dc": -0.0001, "dz": 0.002, "L": 12.0, "t_det": 0.1, "t_end": 9.000000000000451, "stop_reason": "t_final", "phi_b_static": 0.002335296128157833, "rho_b": 7.836278852195564, "phi_b_end": -7.189942527309064, "HJ_over_H0_end": -83.56505831517926, "growth_fit": null, "max_momentum_constraint": 0.07781069463883133, "runtime_s": 92.1}
