static shell: phi_h+1=3.495607e-03 y_b=4.09327284 rho_b=7.836279 phi_b=+2.3353e-03 junction residuals=(5.0e-16,-3.3e-16)
junction check on grid: Hc_b - sigma rho_b/6 = -1.32e-12 ; phiz_b + sigma' rho_b/2 = -5.48e-12
seed: dc=-1.0e-04  max|a|=1.34e-05 max|f|=9.02e-05  f_b=-8.941e-05
t=  0.00 H0tau= 0.0000 phi_b=+2.245885e-03 H_J/H0=+0.999987 b_b=+1.339e-05 phi_min=-0.9965 M=0.0e+00  [0s]
t=  0.50 H0tau= 0.5000 phi_b=+2.181114e-03 H_J/H0=+1.000012 b_b=+1.642e-05 phi_min=-0.9965 M=8.2e-03  [13s]
t=  1.00 H0tau= 1.0000 phi_b=+1.992489e-03 H_J/H0=+1.000031 b_b=+3.509e-05 phi_min=-0.9965 M=3.2e-04  [25s]
t=  1.50 H0tau= 1.5000 phi_b=+1.562329e-03 H_J/H0=+1.000071 b_b=+7.874e-05 phi_min=-0.9965 M=5.8e-05  [38s]
t=  2.00 H0tau= 2.0001 phi_b=+5.907826e-04 H_J/H0=+1.000159 b_b=+1.774e-04 phi_min=-0.9965 M=6.2e-05  [51s]
t=  2.50 H0tau= 2.5002 phi_b=-1.604760e-03 H_J/H0=+1.000357 b_b=+3.993e-04 phi_min=-0.9965 M=6.1e-05  [62s]
t=  3.00 H0tau= 3.0006 phi_b=-6.577507e-03 H_J/H0=+1.000796 b_b=+8.965e-04 phi_min=-0.9965 M=6.0e-05  [75s]
t=  3.50 H0tau= 3.5012 phi_b=-1.789806e-02 H_J/H0=+1.001745 b_b=+2.001e-03 phi_min=-0.9965 M=5.8e-05  [87s]
t=  4.00 H0tau= 4.0028 phi_b=-4.396670e-02 H_J/H0=+1.003669 b_b=+4.397e-03 phi_min=-0.9965 M=5.7e-05  [98s]
t=  4.50 H0tau= 4.5061 phi_b=-1.055518e-01 H_J/H0=+1.006735 b_b=+9.276e-03 phi_min=-0.9965 M=5.6e-05  [110s]
t=  5.00 H0tau= 5.0126 phi_b=-2.593692e-01 H_J/H0=+1.005061 b_b=+1.697e-02 phi_min=-0.9965 M=5.4e-05  [122s]
t=  5.50 H0tau= 5.5212 phi_b=-6.873003e-01 H_J/H0=+0.925866 b_b=+9.079e-03 phi_min=-0.9966 M=6.3e-05  [134s]
t=  6.00 H0tau= 5.9912 phi_b=-1.956635e+00 H_J/H0=-0.017372 b_b=-2.204e-01 phi_min=-1.9566 M=5.3e-04  [145s]
t=  6.50 H0tau= 6.2640 phi_b=-3.999607e+00 H_J/H0=-3.993804 b_b=-1.173e+00 phi_min=-3.9996 M=5.8e-03  [157s]
t=  7.00 H0tau= 6.3573 phi_b=-5.268079e+00 H_J/H0=-8.638430 b_b=-2.246e+00 phi_min=-5.2681 M=1.3e-02  [168s]
t=  7.50 H0tau= 6.3922 phi_b=-5.939763e+00 H_J/H0=-13.859360 b_b=-3.118e+00 phi_min=-5.9398 M=1.7e-02  [180s]
t=  8.00 H0tau= 6.4076 phi_b=-6.357112e+00 H_J/H0=-21.032641 b_b=-3.863e+00 phi_min=-6.3571 M=1.8e-02  [192s]
t=  8.50 H0tau= 6.4153 phi_b=-6.641789e+00 H_J/H0=-30.069424 b_b=-4.532e+00 phi_min=-6.6418 M=1.9e-02  [203s]
t=  9.00 H0tau= 6.4193 phi_b=-6.839608e+00 H_J/H0=-39.814308 b_b=-5.148e+00 phi_min=-6.8396 M=1.9e-02  [215s]
{"H0_tau_end": 6.419259569509507, "tag": "runs/t01_minus_ext", "d": 0.0, "dc": -0.0001, "dz": 0.001, "L": 12.0, "t_det": 0.1, "t_end": 8.999999999999508, "stop_reason": "t_final", "phi_b_static": 0.002335296127855991, "rho_b": 7.836278852196027, "phi_b_end": -6.8396082082759335, "HJ_over_H0_end": -39.81430833447539, "growth_fit": null, "max_momentum_constraint": 0.13680677860429882, "runtime_s": 214.8}
