static shell: phi_h+1=3.495607e-03 y_b=4.09327284 rho_b=7.836279 phi_b=+2.3353e-03 junction residuals=(5.0e-16,-3.3e-16)
junction check on grid: Hc_b - sigma rho_b/6 = -2.75e-12 ; phiz_b + sigma' rho_b/2 = -1.18e-11
seed: dc=1.0e-04  max|a|=1.34e-05 max|f|=9.02e-05  f_b=+8.939e-05
t=  0.00 H0tau= 0.0000 phi_b=+2.424686e-03 H_J/H0=+1.000013 b_b=-1.340e-05 phi_min=-0.9965 M=0.0e+00  [0s]
t=  0.50 H0tau= 0.5000 phi_b=+2.489417e-03 H_J/H0=+0.999988 b_b=-1.642e-05 phi_min=-0.9965 M=2.7e-03  [4s]
t=  1.00 H0tau= 1.0000 phi_b=+2.677846e-03 H_J/H0=+0.999969 b_b=-3.502e-05 phi_min=-0.9965 M=1.0e-04  [9s]
t=  1.50 H0tau= 1.5000 phi_b=+3.107205e-03 H_J/H0=+0.999929 b_b=-7.859e-05 phi_min=-0.9965 M=5.2e-05  [13s]
t=  2.00 H0tau= 1.9999 phi_b=+4.075269e-03 H_J/H0=+0.999839 b_b=-1.772e-04 phi_min=-0.9965 M=5.5e-05  [18s]
t=  2.50 H0tau= 2.4998 phi_b=+6.254763e-03 H_J/H0=+0.999634 b_b=-4.004e-04 phi_min=-0.9965 M=5.5e-05  [22s]
t=  3.00 H0tau= 2.9994 phi_b=+1.115040e-02 H_J/H0=+0.999166 b_b=-9.073e-04 phi_min=-0.9965 M=5.4e-05  [27s]
t=  3.50 H0tau= 3.4987 phi_b=+2.209065e-02 H_J/H0=+0.998075 b_b=-2.067e-03 phi_min=-0.9965 M=5.3e-05  [31s]
t=  4.00 H0tau= 3.9971 phi_b=+4.625574e-02 H_J/H0=+0.995439 b_b=-4.764e-03 phi_min=-0.9965 M=5.1e-05  [36s]
t=  4.50 H0tau= 4.4934 phi_b=+9.824138e-02 H_J/H0=+0.988738 b_b=-1.121e-02 phi_min=-0.9965 M=5.0e-05  [41s]
t=  5.00 H0tau= 4.9845 phi_b=+2.035740e-01 H_J/H0=+0.970974 b_b=-2.722e-02 phi_min=-0.9965 M=1.0e-04  [47s]
t=  5.50 H0tau= 5.4628 phi_b=+3.902643e-01 H_J/H0=+0.926589 b_b=-6.730e-02 phi_min=-0.9965 M=2.0e-04  [53s]
t=  6.00 H0tau= 5.9121 phi_b=+6.409843e-01 H_J/H0=+0.843951 b_b=-1.581e-01 phi_min=-0.9965 M=3.2e-04  [58s]
t=  6.50 H0tau= 6.3084 phi_b=+8.508240e-01 H_J/H0=+0.755381 b_b=-3.221e-01 phi_min=-0.9965 M=4.2e-04  [63s]
t=  7.00 H0tau= 6.6328 phi_b=+9.493676e-01 H_J/H0=+0.700259 b_b=-5.598e-01 phi_min=-0.9965 M=4.7e-04  [69s]
t=  7.50 H0tau= 6.8803 phi_b=+9.791991e-01 H_J/H0=+0.673469 b_b=-8.652e-01 phi_min=-0.9965 M=5.0e-04  [74s]
t=  8.00 H0tau= 7.0575 phi_b=+9.870986e-01 H_J/H0=+0.660862 b_b=-1.229e+00 phi_min=-0.9965 M=5.1e-04  [79s]
t=  8.50 H0tau= 7.1779 phi_b=+9.894037e-01 H_J/H0=+0.654633 b_b=-1.638e+00 phi_min=-0.9965 M=5.1e-04  [84s]
t=  9.00 H0tau= 7.2567 phi_b=+9.901944e-01 H_J/H0=+0.651286 b_b=-2.079e+00 phi_min=-0.9965 M=5.1e-04  [89s]
t=  9.50 H0tau= 7.3068 phi_b=+9.904954e-01 H_J/H0=+0.649266 b_b=-2.542e+00 phi_min=-0.9965 M=5.1e-04  [93s]
t= 10.00 H0tau= 7.3381 phi_b=+9.906014e-01 H_J/H0=+0.647815 b_b=-3.019e+00 phi_min=-0.9965 M=5.1e-04  [98s]
t= 10.50 H0tau= 7.3574 phi_b=+9.906122e-01 H_J/H0=+0.646480 b_b=-3.505e+00 phi_min=-0.9965 M=8.3e-04  [102s]
t= 11.00 H0tau= 7.3693 phi_b=+9.905679e-01 H_J/H0=+0.644900 b_b=-3.996e+00 phi_min=-0.9965 M=1.4e-03  [106s]
t= 11.50 H0tau= 7.3766 phi_b=+9.904879e-01 H_J/H0=+0.642670 b_b=-4.491e+00 phi_min=-0.9965 M=2.3e-03  [111s]
t= 12.00 H0tau= 7.3810 phi_b=+9.903830e-01 H_J/H0=+0.639229 b_b=-4.988e+00 phi_min=-0.9965 M=3.7e-03  [116s]
{"H0_tau_end": 7.380978468502164, "tag": "runs/t01_plus_coarse", "d": 0.0, "dc": 0.0001, "dz": 0.002, "L": 12.0, "t_det": 0.1, "t_end": 11.999999999998789, "stop_reason": "t_final", "phi_b_static": 0.002335296128157833, "rho_b": 7.836278852195564, "phi_b_end": 0.9903830209110818, "HJ_over_H0_end": 0.6392292358494337, "growth_fit": null, "max_momentum_constraint": 0.05057828406585718, "runtime_s": 116.3}
