| phi* | G | q/H0^2 | screen | dev. from instant N | rho_hat(end) | R at M5 cutoff | lambda_c for R=1 | lambda_c for N=1 | R_j at cutoff | R_j if R=1 | decay y=1: R_r at cutoff |
|---|---|---|---|---|---|---|---|---|---|---|---|
| 0.25 | 10 | 3.6 | fail | 8.7 | 0.0232 | 0.00045 | 13.1 | 49.6 | 4.4e-05 | 0.099 | 2.1e-05 |
| 0.25 | 30 | 10.8 | fail | 1.4 | 0.0888 | 6.3e-05 | 25.1 | 95.1 | 6.4e-06 | 0.1 | 2.8e-05 |
| 0.25 | 100 | 36 | fail | 0.33 | 0.995 | 1.9e-05 | 37.3 | 142 | 1.9e-06 | 0.1 | 2.7e-05 |
| 0.25 | 300 | 108 | fail | 0.1 | 12.9 | 9.2e-06 | 47.7 | 181 | 9.2e-07 | 0.1 | 2.3e-05 |
| 0.25 | 1e+03 | 360 | pass | 0.03 | 244 | 4.7e-06 | 59.7 | 226 | 4.7e-07 | 0.1 | 1.6e-05 |
| 0.25 | 3e+03 | 1.08e+03 | pass | 0.0099 | 3.73e+03 | 2.7e-06 | 72.2 | 274 | 2.7e-07 | 0.1 | 9.3e-06 |
| 0.25 | 1e+04 | 3.6e+03 | pass | 0.003 | 7.51e+04 | 1.4e-06 | 88.4 | 335 | 1.5e-07 | 0.1 | 4.4e-06 |
| 0.25 | 1e+05 | 3.6e+04 | pass | 0.0003 | 2.37e+07 | 4.6e-07 | 130 | 493 | 4.6e-08 | 0.1 | 8.3e-07 |
| 0.25 | 1e+06 | 3.6e+05 | pass | 3e-05 | 7.48e+09 | 1.4e-07 | 191 | 723 | 1.5e-08 | 0.1 | 1.7e-07 |
| 0.5 | 10 | 5.79 | fail | 2 | 0.0435 | 0.0028 | 7.12 | 27 | 0.00039 | 0.14 | 9e-05 |
| 0.5 | 30 | 17.4 | fail | 0.46 | 0.315 | 0.00074 | 11 | 41.9 | 0.00011 | 0.15 | 6.7e-05 |
| 0.5 | 100 | 57.9 | fail | 0.13 | 4.94 | 0.00031 | 14.7 | 55.8 | 4.8e-05 | 0.15 | 0.00023 |
| 0.5 | 300 | 174 | pass | 0.041 | 71.1 | 0.00017 | 18.1 | 68.8 | 2.5e-05 | 0.15 | 0.00023 |
| 0.5 | 1e+03 | 579 | pass | 0.012 | 1.4e+03 | 8.9e-05 | 22.4 | 84.9 | 1.4e-05 | 0.15 | 0.00016 |
| 0.5 | 3e+03 | 1.74e+03 | pass | 0.004 | 2.17e+04 | 5.1e-05 | 26.9 | 102 | 7.7e-06 | 0.15 | 9.3e-05 |
| 0.5 | 1e+04 | 5.79e+03 | pass | 0.0012 | 4.39e+05 | 2.8e-05 | 33 | 125 | 4.2e-06 | 0.15 | 4.2e-05 |
| 0.5 | 1e+05 | 5.79e+04 | pass | 0.00012 | 1.39e+08 | 8.8e-06 | 48.4 | 184 | 1.3e-06 | 0.15 | 7.2e-06 |
| 0.5 | 1e+06 | 5.79e+05 | pass | 1.2e-05 | 4.38e+10 | 2.8e-06 | 71 | 269 | 4.2e-07 | 0.15 | 1.4e-06 |
| 0.75 | 10 | 5.64 | fail | 0.49 | 0.0305 | 0.00058 | 12 | 45.6 | 0.00015 | 0.26 | 9.5e-06 |
| 0.75 | 30 | 16.9 | fail | 0.2 | 0.365 | 0.00026 | 15.8 | 59.8 | 7.5e-05 | 0.29 | 1.2e-05 |
| 0.75 | 100 | 56.4 | fail | 0.054 | 6.36 | 0.00012 | 20.3 | 76.9 | 3.6e-05 | 0.3 | 2.2e-05 |
| 0.75 | 300 | 169 | pass | 0.018 | 95.4 | 6.7e-05 | 24.7 | 93.5 | 2e-05 | 0.3 | 4.3e-05 |
| 0.75 | 1e+03 | 564 | pass | 0.0053 | 1.91e+03 | 3.6e-05 | 30.3 | 115 | 1.1e-05 | 0.31 | 3.9e-05 |
| 0.75 | 3e+03 | 1.69e+03 | pass | 0.0018 | 2.96e+04 | 2.1e-05 | 36.4 | 138 | 6.3e-06 | 0.31 | 2.4e-05 |
| 0.75 | 1e+04 | 5.64e+03 | pass | 0.00053 | 6.01e+05 | 1.1e-05 | 44.5 | 169 | 3.5e-06 | 0.31 | 1.1e-05 |
| 0.75 | 1e+05 | 5.64e+04 | pass | 5.3e-05 | 1.9e+08 | 3.6e-06 | 65.4 | 248 | 1.1e-06 | 0.31 | 1.9e-06 |
| 0.75 | 1e+06 | 5.64e+05 | pass | 5.3e-06 | 6e+10 | 1.1e-06 | 95.9 | 364 | 3.5e-07 | 0.31 | 3.1e-07 |
| 0.9 | 10 | 3.51 | fail | 1.7 | 0.024 | 0.00026 | 15.6 | 59.3 | 0.00015 | 0.58 | 1.7e-06 |
| 0.9 | 30 | 10.5 | fail | 0.048 | 0.138 | 5.6e-05 | 26.1 | 99.2 | 3.4e-05 | 0.61 | 1.1e-06 |
| 0.9 | 100 | 35.1 | fail | 0.032 | 2.52 | 2.8e-05 | 33.1 | 126 | 2e-05 | 0.73 | 1.6e-06 |
| 0.9 | 300 | 105 | fail | 0.013 | 37.5 | 1.5e-05 | 40.4 | 153 | 1.2e-05 | 0.77 | 2.4e-06 |
| 0.9 | 1e+03 | 351 | fail | 0.0038 | 748 | 8.2e-06 | 49.7 | 188 | 6.4e-06 | 0.79 | 4.3e-06 |
| 0.9 | 3e+03 | 1.05e+03 | pass | 0.0013 | 1.16e+04 | 4.7e-06 | 59.7 | 227 | 3.7e-06 | 0.79 | 3.6e-06 |
| 0.9 | 1e+04 | 3.51e+03 | pass | 0.00038 | 2.35e+05 | 2.6e-06 | 73.1 | 277 | 2e-06 | 0.79 | 2e-06 |
| 0.9 | 1e+05 | 3.51e+04 | pass | 3.8e-05 | 7.42e+07 | 8.1e-07 | 107 | 407 | 6.4e-07 | 0.79 | 3.6e-07 |
| 0.9 | 1e+06 | 3.51e+05 | pass | 3.8e-06 | 2.35e+10 | 2.6e-07 | 157 | 597 | 2e-07 | 0.79 | 5.3e-08 |
{
 "status": "NUMERICAL_CONDITIONAL",
 "crit_hat": 0.12563317624110937,
 "max_ratio_at_cutoff_full_all_scanned": 0.0027689115488750463,
 "max_ratio_at_cutoff_full_screen_passing": 0.0001677961475248094,
 "max_ratio_at_cutoff_post_screen_passing": 0.004048035344651276,
 "min_lambda_c_needed_full_N0_screen_passing": 18.130342349763342,
 "min_lambda_c_needed_post_N0_screen_passing": 6.27458829108554,
 "max_Rj_at_cutoff_full_screen_passing": 2.5375199227201282e-05,
 "range_Rj_at_equality_b_screen_passing": [
  0.10049678397722597,
  0.7916748283323746
 ],
 "max_decay_y1_ratio_at_cutoff_full_screen_passing": 0.0002340087189810673,
 "closed_form_rel_dev_G_ge_1e4": {
  "0.25": 2.9558898556381052e-05,
  "0.5": 1.2178926311667837e-05,
  "0.75": 5.9392977638239586e-06,
  "0.9": 7.986521856961915e-06
 },
 "max_ward_residual": 8.348965696791827e-05,
 "calibration_pass": true
}
