static shells loaded from shells_0.001_0.5975949350280132_-3.1942416958680835_0.01_2.5e-05.pkl
static shells: rho_b=78.8283759665 phi_b=5.891232e-06 (bg); seed phi_b=2.324294e-03 rho_b=78.8005803646  [0s]
grid (rho): 2993 points, dz 7.46e-05 (shell) .. 1.50e-02 (far), L=24.00, 170.0 points per wall width 1/rho_b; chart xc=11.3 F_inf=11.30000000015309; T_switch=10.30000000015309; kappa=10
T=  0.000 H0tau= 0.0000 phi_b=+0.00232 H/H0=+1.00035 lapse=0.9996 R=0.000e+00 Wy/H0^2=+5.1927e-03 rad=0.0000e+00 mode=dev Hmax=4.3e-13 [0s]
T=  0.130 H0tau= 0.1300 phi_b=+0.00242 H/H0=+1.00024 lapse=0.9996 R=6.916e-10 Wy/H0^2=-4.5935e-07 rad=4.7657e-07 mode=dev Hmax=- [31s]
T=  0.260 H0tau= 0.2599 phi_b=+0.00252 H/H0=+1.00025 lapse=0.9996 R=1.248e-09 Wy/H0^2=-5.5000e-05 rad=8.6024e-07 mode=dev Hmax=- [62s]
T=  0.390 H0tau= 0.3899 phi_b=+0.00263 H/H0=+1.00026 lapse=0.9996 R=1.654e-09 Wy/H0^2=-5.4980e-05 rad=1.1394e-06 mode=dev Hmax=- [95s]
T=  0.520 H0tau= 0.5198 phi_b=+0.00274 H/H0=+1.00027 lapse=0.9996 R=1.976e-09 Wy/H0^2=-2.8135e-05 rad=1.3610e-06 mode=dev Hmax=- [127s]
T=  0.650 H0tau= 0.6498 phi_b=+0.00286 H/H0=+1.00028 lapse=0.9996 R=2.255e-09 Wy/H0^2=-5.6794e-05 rad=1.5533e-06 mode=dev Hmax=- [158s]
T=  0.780 H0tau= 0.7797 phi_b=+0.00299 H/H0=+1.00029 lapse=0.9996 R=2.517e-09 Wy/H0^2=-3.8716e-05 rad=1.7334e-06 mode=dev Hmax=- [189s]
T=  0.910 H0tau= 0.9096 phi_b=+0.00312 H/H0=+1.00030 lapse=0.9995 R=2.777e-09 Wy/H0^2=-5.5120e-05 rad=1.9123e-06 mode=dev Hmax=- [220s]
T=  1.040 H0tau= 1.0396 phi_b=+0.00325 H/H0=+1.00032 lapse=0.9995 R=3.045e-09 Wy/H0^2=-5.8056e-05 rad=2.0967e-06 mode=dev Hmax=- [251s]
T=  1.170 H0tau= 1.1695 phi_b=+0.00339 H/H0=+1.00033 lapse=0.9995 R=3.328e-09 Wy/H0^2=-6.2272e-05 rad=2.2912e-06 mode=dev Hmax=- [282s]
T=  1.300 H0tau= 1.2994 phi_b=+0.00354 H/H0=+1.00034 lapse=0.9995 R=3.631e-09 Wy/H0^2=-5.3883e-05 rad=2.4994e-06 mode=dev Hmax=1.0e-05 [314s]
T=  1.430 H0tau= 1.4294 phi_b=+0.00369 H/H0=+1.00036 lapse=0.9994 R=3.958e-09 Wy/H0^2=-5.9309e-05 rad=2.7237e-06 mode=dev Hmax=- [345s]
T=  1.560 H0tau= 1.5593 phi_b=+0.00385 H/H0=+1.00037 lapse=0.9994 R=4.311e-09 Wy/H0^2=-5.8178e-05 rad=2.9666e-06 mode=dev Hmax=- [376s]
T=  1.690 H0tau= 1.6892 phi_b=+0.00402 H/H0=+1.00039 lapse=0.9994 R=4.695e-09 Wy/H0^2=-6.4583e-05 rad=3.2302e-06 mode=dev Hmax=- [407s]
T=  1.820 H0tau= 1.8191 phi_b=+0.00419 H/H0=+1.00041 lapse=0.9994 R=5.112e-09 Wy/H0^2=-6.9377e-05 rad=3.5166e-06 mode=dev Hmax=- [438s]
T=  1.950 H0tau= 1.9491 phi_b=+0.00438 H/H0=+1.00042 lapse=0.9993 R=5.566e-09 Wy/H0^2=-6.9657e-05 rad=3.8281e-06 mode=dev Hmax=- [468s]
T=  2.080 H0tau= 2.0790 phi_b=+0.00457 H/H0=+1.00044 lapse=0.9993 R=6.060e-09 Wy/H0^2=-7.5404e-05 rad=4.1668e-06 mode=dev Hmax=- [499s]
T=  2.210 H0tau= 2.2089 phi_b=+0.00476 H/H0=+1.00046 lapse=0.9993 R=6.597e-09 Wy/H0^2=-7.5420e-05 rad=4.5354e-06 mode=dev Hmax=- [529s]
T=  2.340 H0tau= 2.3388 phi_b=+0.00497 H/H0=+1.00048 lapse=0.9992 R=7.182e-09 Wy/H0^2=-8.1282e-05 rad=4.9364e-06 mode=dev Hmax=- [561s]
T=  2.470 H0tau= 2.4687 phi_b=+0.00519 H/H0=+1.00050 lapse=0.9992 R=7.818e-09 Wy/H0^2=-8.3463e-05 rad=5.3727e-06 mode=dev Hmax=- [592s]
T=  2.590 H0tau= 2.5886 phi_b=+0.00539 H/H0=+1.00052 lapse=0.9991 R=8.456e-09 Wy/H0^2=-8.5739e-05 rad=5.8095e-06 mode=dev Hmax=- [622s]
T=  2.720 H0tau= 2.7185 phi_b=+0.00563 H/H0=+1.00054 lapse=0.9991 R=9.205e-09 Wy/H0^2=-9.0704e-05 rad=6.3228e-06 mode=dev Hmax=- [653s]
T=  2.850 H0tau= 2.8483 phi_b=+0.00587 H/H0=+1.00056 lapse=0.9990 R=1.002e-08 Wy/H0^2=-9.4409e-05 rad=6.8813e-06 mode=dev Hmax=- [683s]
T=  2.980 H0tau= 2.9782 phi_b=+0.00612 H/H0=+1.00058 lapse=0.9990 R=1.091e-08 Wy/H0^2=-9.8459e-05 rad=7.4889e-06 mode=dev Hmax=- [714s]
T=  3.110 H0tau= 3.1081 phi_b=+0.00639 H/H0=+1.00061 lapse=0.9989 R=1.187e-08 Wy/H0^2=-1.0177e-04 rad=8.1500e-06 mode=dev Hmax=- [746s]
T=  3.240 H0tau= 3.2379 phi_b=+0.00667 H/H0=+1.00063 lapse=0.9988 R=1.293e-08 Wy/H0^2=-1.0625e-04 rad=8.8693e-06 mode=dev Hmax=- [777s]
T=  3.370 H0tau= 3.3678 phi_b=+0.00696 H/H0=+1.00066 lapse=0.9988 R=1.407e-08 Wy/H0^2=-1.1057e-04 rad=9.6519e-06 mode=dev Hmax=- [808s]
T=  3.500 H0tau= 3.4976 phi_b=+0.00726 H/H0=+1.00068 lapse=0.9987 R=1.532e-08 Wy/H0^2=-1.1546e-04 rad=1.0503e-05 mode=dev Hmax=3.6e-06 [841s]
T=  3.630 H0tau= 3.6274 phi_b=+0.00757 H/H0=+1.00071 lapse=0.9986 R=1.667e-08 Wy/H0^2=-1.2016e-04 rad=1.1429e-05 mode=dev Hmax=- [873s]
T=  3.760 H0tau= 3.7572 phi_b=+0.00790 H/H0=+1.00074 lapse=0.9985 R=1.815e-08 Wy/H0^2=-1.2528e-04 rad=1.2437e-05 mode=dev Hmax=- [905s]
T=  3.890 H0tau= 3.8870 phi_b=+0.00824 H/H0=+1.00077 lapse=0.9984 R=1.975e-08 Wy/H0^2=-1.3069e-04 rad=1.3533e-05 mode=dev Hmax=- [937s]
T=  4.010 H0tau= 4.0068 phi_b=+0.00857 H/H0=+1.00080 lapse=0.9983 R=2.136e-08 Wy/H0^2=-1.3572e-04 rad=1.4629e-05 mode=dev Hmax=- [967s]
T=  4.140 H0tau= 4.1366 phi_b=+0.00894 H/H0=+1.00083 lapse=0.9982 R=2.325e-08 Wy/H0^2=-1.4126e-04 rad=1.5917e-05 mode=dev Hmax=- [1000s]
T=  4.270 H0tau= 4.2664 phi_b=+0.00933 H/H0=+1.00086 lapse=0.9981 R=2.531e-08 Wy/H0^2=-1.4723e-04 rad=1.7318e-05 mode=dev Hmax=- [1031s]
T=  4.400 H0tau= 4.3961 phi_b=+0.00973 H/H0=+1.00089 lapse=0.9979 R=2.754e-08 Wy/H0^2=-1.5329e-04 rad=1.8842e-05 mode=dev Hmax=2.1e-06 [1063s]
T=  4.530 H0tau= 4.5258 phi_b=+0.01015 H/H0=+1.00093 lapse=0.9978 R=2.998e-08 Wy/H0^2=-1.5954e-04 rad=2.0499e-05 mode=dev Hmax=- [1096s]
T=  4.650 H0tau= 4.6456 phi_b=+0.01056 H/H0=+1.00096 lapse=0.9976 R=3.242e-08 Wy/H0^2=-1.6560e-04 rad=2.2156e-05 mode=dev Hmax=- [1126s]
T=  4.770 H0tau= 4.7653 phi_b=+0.01098 H/H0=+1.00100 lapse=0.9974 R=3.505e-08 Wy/H0^2=-1.7193e-04 rad=2.3947e-05 mode=dev Hmax=- [1158s]
T=  4.900 H0tau= 4.8949 phi_b=+0.01146 H/H0=+1.00104 lapse=0.9972 R=3.815e-08 Wy/H0^2=-1.7895e-04 rad=2.6050e-05 mode=dev Hmax=1.5e-06 [1190s]
T=  5.030 H0tau= 5.0245 phi_b=+0.01195 H/H0=+1.00108 lapse=0.9969 R=4.152e-08 Wy/H0^2=-1.8624e-04 rad=2.8335e-05 mode=dev Hmax=- [1221s]
T=  5.160 H0tau= 5.1541 phi_b=+0.01247 H/H0=+1.00112 lapse=0.9967 R=4.518e-08 Wy/H0^2=-1.9386e-04 rad=3.0820e-05 mode=dev Hmax=- [1253s]
T=  5.290 H0tau= 5.2837 phi_b=+0.01301 H/H0=+1.00116 lapse=0.9964 R=4.916e-08 Wy/H0^2=-2.0173e-04 rad=3.3521e-05 mode=dev Hmax=- [1285s]
T=  5.420 H0tau= 5.4132 phi_b=+0.01357 H/H0=+1.00120 lapse=0.9960 R=5.350e-08 Wy/H0^2=-2.0990e-04 rad=3.6456e-05 mode=dev Hmax=- [1317s]
T=  5.550 H0tau= 5.5426 phi_b=+0.01415 H/H0=+1.00125 lapse=0.9956 R=5.822e-08 Wy/H0^2=-2.1836e-04 rad=3.9645e-05 mode=dev Hmax=- [1348s]
T=  5.680 H0tau= 5.6720 phi_b=+0.01477 H/H0=+1.00129 lapse=0.9952 R=6.334e-08 Wy/H0^2=-2.2711e-04 rad=4.3110e-05 mode=dev Hmax=- [1380s]
T=  5.810 H0tau= 5.8014 phi_b=+0.01540 H/H0=+1.00134 lapse=0.9947 R=6.892e-08 Wy/H0^2=-2.3622e-04 rad=4.6875e-05 mode=dev Hmax=- [1411s]
T=  5.940 H0tau= 5.9307 phi_b=+0.01607 H/H0=+1.00139 lapse=0.9942 R=7.498e-08 Wy/H0^2=-2.4561e-04 rad=5.0965e-05 mode=dev Hmax=- [1442s]
{"stop": "wall-clock limit 1450s", "T_end": 5.980000000014774, "H0tau_end": 5.970427091569582, "runtime": 1451.4}
--- resume Thu Oct  1 10:11:24 UTC 2026
static shells loaded from shells_0.001_0.5975949350280132_-3.1942416958680835_0.01_2.5e-05.pkl
static shells: rho_b=78.8283759665 phi_b=5.891232e-06 (bg); seed phi_b=2.324294e-03 rho_b=78.8005803646  [0s]
grid (rho): 2993 points, dz 7.46e-05 (shell) .. 1.50e-02 (far), L=24.00, 170.0 points per wall width 1/rho_b; chart xc=11.3 F_inf=11.30000000015309; T_switch=10.30000000015309; kappa=10
resumed from /home/user/unified-theory-maldonado/research/HDBLAST_CHECKPOINT_20260930/B2_delta1e-3/runs/res/S3p_Y1_dc1e-2_dzf7.5e-5_ckpt.pkl at T=5.9800 H0tau=5.9704 (mode dev, 598 records)
T=  6.110 H0tau= 6.0996 phi_b=+0.01698 H/H0=+1.00145 lapse=0.9934 R=8.371e-08 Wy/H0^2=-2.5841e-04 rad=5.6847e-05 mode=dev Hmax=- [31s]
T=  6.240 H0tau= 6.2287 phi_b=+0.01771 H/H0=+1.00151 lapse=0.9927 R=9.107e-08 Wy/H0^2=-2.6859e-04 rad=6.1793e-05 mode=dev Hmax=- [63s]
T=  6.370 H0tau= 6.3577 phi_b=+0.01847 H/H0=+1.00156 lapse=0.9919 R=9.905e-08 Wy/H0^2=-2.7911e-04 rad=6.7162e-05 mode=dev Hmax=- [94s]
T=  6.500 H0tau= 6.4866 phi_b=+0.01927 H/H0=+1.00161 lapse=0.9911 R=1.077e-07 Wy/H0^2=-2.8998e-04 rad=7.2989e-05 mode=dev Hmax=7.7e-07 [126s]
T=  6.630 H0tau= 6.6154 phi_b=+0.02009 H/H0=+1.00167 lapse=0.9901 R=1.172e-07 Wy/H0^2=-3.0120e-04 rad=7.9311e-05 mode=dev Hmax=- [157s]
T=  6.760 H0tau= 6.7440 phi_b=+0.02095 H/H0=+1.00172 lapse=0.9890 R=1.274e-07 Wy/H0^2=-3.1278e-04 rad=8.6169e-05 mode=dev Hmax=- [189s]
T=  6.890 H0tau= 6.8725 phi_b=+0.02185 H/H0=+1.00178 lapse=0.9877 R=1.385e-07 Wy/H0^2=-3.2471e-04 rad=9.3605e-05 mode=dev Hmax=- [220s]
T=  7.020 H0tau= 7.0008 phi_b=+0.02279 H/H0=+1.00184 lapse=0.9863 R=1.506e-07 Wy/H0^2=-3.3701e-04 rad=1.0167e-04 mode=dev Hmax=- [251s]
T=  7.150 H0tau= 7.1289 phi_b=+0.02376 H/H0=+1.00189 lapse=0.9848 R=1.637e-07 Wy/H0^2=-3.4967e-04 rad=1.1040e-04 mode=dev Hmax=- [283s]
T=  7.280 H0tau= 7.2568 phi_b=+0.02477 H/H0=+1.00195 lapse=0.9830 R=1.779e-07 Wy/H0^2=-3.6269e-04 rad=1.1986e-04 mode=dev Hmax=- [315s]
T=  7.410 H0tau= 7.3845 phi_b=+0.02583 H/H0=+1.00201 lapse=0.9811 R=1.933e-07 Wy/H0^2=-3.7606e-04 rad=1.3011e-04 mode=dev Hmax=- [346s]
T=  7.540 H0tau= 7.5119 phi_b=+0.02692 H/H0=+1.00207 lapse=0.9789 R=2.100e-07 Wy/H0^2=-3.8979e-04 rad=1.4120e-04 mode=dev Hmax=- [378s]
T=  7.670 H0tau= 7.6390 phi_b=+0.02806 H/H0=+1.00213 lapse=0.9765 R=2.282e-07 Wy/H0^2=-4.0386e-04 rad=1.5319e-04 mode=dev Hmax=- [409s]
T=  7.800 H0tau= 7.7658 phi_b=+0.02925 H/H0=+1.00219 lapse=0.9738 R=2.478e-07 Wy/H0^2=-4.1827e-04 rad=1.6615e-04 mode=dev Hmax=5.3e-07 [441s]
T=  7.920 H0tau= 7.8825 phi_b=+0.03038 H/H0=+1.00225 lapse=0.9710 R=2.673e-07 Wy/H0^2=-4.3186e-04 rad=1.7904e-04 mode=dev Hmax=- [472s]
T=  8.050 H0tau= 8.0085 phi_b=+0.03166 H/H0=+1.00231 lapse=0.9678 R=2.901e-07 Wy/H0^2=-4.4689e-04 rad=1.9407e-04 mode=dev Hmax=- [504s]
T=  8.180 H0tau= 8.1341 phi_b=+0.03298 H/H0=+1.00237 lapse=0.9642 R=3.148e-07 Wy/H0^2=-4.6220e-04 rad=2.1029e-04 mode=dev Hmax=- [534s]
T=  8.310 H0tau= 8.2592 phi_b=+0.03435 H/H0=+1.00242 lapse=0.9604 R=3.414e-07 Wy/H0^2=-4.7780e-04 rad=2.2777e-04 mode=dev Hmax=- [566s]
T=  8.440 H0tau= 8.3838 phi_b=+0.03578 H/H0=+1.00248 lapse=0.9562 R=3.702e-07 Wy/H0^2=-4.9364e-04 rad=2.4660e-04 mode=dev Hmax=- [598s]
T=  8.570 H0tau= 8.5078 phi_b=+0.03725 H/H0=+1.00254 lapse=0.9517 R=4.013e-07 Wy/H0^2=-5.0971e-04 rad=2.6687e-04 mode=dev Hmax=- [630s]
T=  8.700 H0tau= 8.6312 phi_b=+0.03878 H/H0=+1.00259 lapse=0.9469 R=4.347e-07 Wy/H0^2=-5.2598e-04 rad=2.8868e-04 mode=dev Hmax=4.1e-07 [661s]
T=  8.830 H0tau= 8.7540 phi_b=+0.04036 H/H0=+1.00264 lapse=0.9419 R=4.708e-07 Wy/H0^2=-5.4242e-04 rad=3.1210e-04 mode=dev Hmax=- [693s]
T=  8.960 H0tau= 8.8761 phi_b=+0.04200 H/H0=+1.00269 lapse=0.9368 R=5.096e-07 Wy/H0^2=-5.5899e-04 rad=3.3726e-04 mode=dev Hmax=- [725s]
T=  9.090 H0tau= 8.9975 phi_b=+0.04370 H/H0=+1.00273 lapse=0.9317 R=5.514e-07 Wy/H0^2=-5.7566e-04 rad=3.6425e-04 mode=dev Hmax=- [757s]
T=  9.220 H0tau= 9.1183 phi_b=+0.04545 H/H0=+1.00277 lapse=0.9267 R=5.963e-07 Wy/H0^2=-5.9240e-04 rad=3.9320e-04 mode=dev Hmax=- [789s]
T=  9.350 H0tau= 9.2385 phi_b=+0.04726 H/H0=+1.00281 lapse=0.9221 R=6.446e-07 Wy/H0^2=-6.0916e-04 rad=4.2424e-04 mode=dev Hmax=- [820s]
T=  9.480 H0tau= 9.3581 phi_b=+0.04914 H/H0=+1.00284 lapse=0.9183 R=6.965e-07 Wy/H0^2=-6.2591e-04 rad=4.5751e-04 mode=dev Hmax=- [852s]
T=  9.610 H0tau= 9.4773 phi_b=+0.05108 H/H0=+1.00287 lapse=0.9156 R=7.524e-07 Wy/H0^2=-6.4262e-04 rad=4.9321e-04 mode=dev Hmax=- [884s]
T=  9.740 H0tau= 9.5962 phi_b=+0.05310 H/H0=+1.00289 lapse=0.9147 R=8.126e-07 Wy/H0^2=-6.5926e-04 rad=5.3156e-04 mode=dev Hmax=- [916s]
T=  9.870 H0tau= 9.7152 phi_b=+0.05519 H/H0=+1.00291 lapse=0.9164 R=8.776e-07 Wy/H0^2=-6.7582e-04 rad=5.7283e-04 mode=dev Hmax=- [947s]
T=  9.990 H0tau= 9.8254 phi_b=+0.05721 H/H0=+1.00291 lapse=0.9210 R=9.424e-07 Wy/H0^2=-6.9101e-04 rad=6.1384e-04 mode=dev Hmax=- [978s]
T= 10.120 H0tau= 9.9458 phi_b=+0.05949 H/H0=+1.00292 lapse=0.9309 R=1.019e-06 Wy/H0^2=-7.0739e-04 rad=6.6188e-04 mode=dev Hmax=- [1010s]
T= 10.250 H0tau=10.0678 phi_b=+0.06190 H/H0=+1.00291 lapse=0.9474 R=1.102e-06 Wy/H0^2=-7.2372e-04 rad=7.1435e-04 mode=dev Hmax=- [1041s]
switched to full-field mode at T=10.3000
T= 10.460 H0tau=10.2712 phi_b=+0.06613 H/H0=+1.00287 lapse=0.9954 R=1.257e-06 Wy/H0^2=-7.4824e-04 rad=8.1096e-04 mode=full Hmax=- [1072s]
T= 10.740 H0tau=10.5663 phi_b=+0.07277 H/H0=+1.00274 lapse=1.1306 R=1.520e-06 Wy/H0^2=-7.8228e-04 rad=9.7400e-04 mode=full Hmax=- [1103s]
T= 11.010 H0tau=10.9060 phi_b=+0.08125 H/H0=+1.00248 lapse=1.4270 R=1.892e-06 Wy/H0^2=-8.1255e-04 rad=1.2012e-03 mode=full Hmax=- [1133s]
T= 11.280 H0tau=11.3767 phi_b=+0.09464 H/H0=+1.00182 lapse=2.1944 R=2.560e-06 Wy/H0^2=-8.2625e-04 rad=1.6018e-03 mode=full Hmax=- [1163s]
T= 11.540 H0tau=12.2342 phi_b=+0.12482 H/H0=+0.99917 lapse=5.3274 R=4.423e-06 Wy/H0^2=-4.5357e-04 rad=2.6761e-03 mode=full Hmax=- [1194s]
{"stop": "shell lapse diverged or vanished (|B_b| > 40) at T=11.6760", "T_end": 11.675970149291656, "H0tau_end": 13.773445162989164, "runtime": 2660.6}
