static shells loaded from shells_0.001_0.5975949350280132_-3.1942416958680835_0.01_2.5e-05.pkl
static shells: rho_b=78.8283759665 phi_b=5.891232e-06 (bg); seed phi_b=2.324294e-03 rho_b=78.8005803646  [0s]
grid (rho): 1149 points, dz 2.97e-04 (shell) .. 3.00e-02 (far), L=24.00, 42.7 points per wall width 1/rho_b; chart xc=11.3 F_inf=11.30000000015309; T_switch=10.30000000015309; kappa=10
T=  0.000 H0tau= 0.0000 phi_b=+0.00232 H/H0=+1.00035 lapse=0.9996 R=0.000e+00 Wy/H0^2=+5.1927e-03 rad=0.0000e+00 mode=dev Hmax=2.9e-13 [0s]
T=  0.461 H0tau= 0.4610 phi_b=+0.00269 H/H0=+1.00027 lapse=0.9996 R=1.837e-09 Wy/H0^2=-3.6063e-05 rad=1.2657e-06 mode=dev Hmax=- [30s]
T=  0.942 H0tau= 0.9420 phi_b=+0.00315 H/H0=+1.00031 lapse=0.9995 R=2.843e-09 Wy/H0^2=-4.2248e-05 rad=1.9575e-06 mode=dev Hmax=- [61s]
T=  1.403 H0tau= 1.4029 phi_b=+0.00366 H/H0=+1.00036 lapse=0.9994 R=3.889e-09 Wy/H0^2=-5.7005e-05 rad=2.6767e-06 mode=dev Hmax=4.6e-06 [91s]
T=  1.865 H0tau= 1.8637 phi_b=+0.00426 H/H0=+1.00041 lapse=0.9993 R=5.264e-09 Wy/H0^2=-6.5764e-05 rad=3.6208e-06 mode=dev Hmax=- [121s]
T=  2.326 H0tau= 2.3245 phi_b=+0.00495 H/H0=+1.00048 lapse=0.9992 R=7.116e-09 Wy/H0^2=-8.0527e-05 rad=4.8911e-06 mode=dev Hmax=- [152s]
T=  2.777 H0tau= 2.7753 phi_b=+0.00573 H/H0=+1.00055 lapse=0.9991 R=9.554e-09 Wy/H0^2=-9.0241e-05 rad=6.5619e-06 mode=dev Hmax=- [182s]
T=  3.238 H0tau= 3.2359 phi_b=+0.00666 H/H0=+1.00063 lapse=0.9988 R=1.291e-08 Wy/H0^2=-1.0568e-04 rad=8.8589e-06 mode=dev Hmax=- [212s]
T=  3.709 H0tau= 3.7065 phi_b=+0.00777 H/H0=+1.00073 lapse=0.9985 R=1.756e-08 Wy/H0^2=-1.2214e-04 rad=1.2034e-05 mode=dev Hmax=1.4e-06 [242s]
T=  4.170 H0tau= 4.1668 phi_b=+0.00903 H/H0=+1.00084 lapse=0.9981 R=2.372e-08 Wy/H0^2=-1.4119e-04 rad=1.6236e-05 mode=dev Hmax=- [272s]
T=  4.641 H0tau= 4.6370 phi_b=+0.01053 H/H0=+1.00096 lapse=0.9975 R=3.224e-08 Wy/H0^2=-1.6350e-04 rad=2.2038e-05 mode=dev Hmax=- [302s]
T=  5.113 H0tau= 5.1068 phi_b=+0.01228 H/H0=+1.00110 lapse=0.9967 R=4.382e-08 Wy/H0^2=-1.8911e-04 rad=2.9897e-05 mode=dev Hmax=6.7e-07 [333s]
T=  5.584 H0tau= 5.5761 phi_b=+0.01431 H/H0=+1.00126 lapse=0.9954 R=5.952e-08 Wy/H0^2=-2.1850e-04 rad=4.0528e-05 mode=dev Hmax=- [363s]
T=  6.025 H0tau= 6.0148 phi_b=+0.01652 H/H0=+1.00142 lapse=0.9936 R=7.924e-08 Wy/H0^2=-2.4968e-04 rad=5.3836e-05 mode=dev Hmax=- [394s]
T=  6.496 H0tau= 6.4823 phi_b=+0.01924 H/H0=+1.00161 lapse=0.9907 R=1.075e-07 Wy/H0^2=-2.8737e-04 rad=7.2822e-05 mode=dev Hmax=- [424s]
T=  6.977 H0tau= 6.9580 phi_b=+0.02247 H/H0=+1.00182 lapse=0.9861 R=1.466e-07 Wy/H0^2=-3.3096e-04 rad=9.8962e-05 mode=dev Hmax=- [455s]
T=  7.448 H0tau= 7.4211 phi_b=+0.02614 H/H0=+1.00204 lapse=0.9794 R=1.982e-07 Wy/H0^2=-3.7891e-04 rad=1.3331e-04 mode=dev Hmax=- [485s]
T=  7.930 H0tau= 7.8901 phi_b=+0.03046 H/H0=+1.00226 lapse=0.9691 R=2.689e-07 Wy/H0^2=-4.3350e-04 rad=1.8009e-04 mode=dev Hmax=- [516s]
T=  8.401 H0tau= 8.3435 phi_b=+0.03532 H/H0=+1.00248 lapse=0.9549 R=3.611e-07 Wy/H0^2=-4.9249e-04 rad=2.4066e-04 mode=dev Hmax=- [546s]
T=  8.852 H0tau= 8.7704 phi_b=+0.04059 H/H0=+1.00267 lapse=0.9372 R=4.766e-07 Wy/H0^2=-5.5424e-04 rad=3.1589e-04 mode=dev Hmax=- [577s]
T=  9.313 H0tau= 9.1980 phi_b=+0.04666 H/H0=+1.00283 lapse=0.9175 R=6.292e-07 Wy/H0^2=-6.2417e-04 rad=4.1438e-04 mode=dev Hmax=- [607s]
T=  9.764 H0tau= 9.6087 phi_b=+0.05334 H/H0=+1.00294 lapse=0.9060 R=8.215e-07 Wy/H0^2=-7.0783e-04 rad=5.3727e-04 mode=dev Hmax=- [637s]
T= 10.225 H0tau=10.0296 phi_b=+0.06118 H/H0=+1.00300 lapse=0.9297 R=1.081e-06 Wy/H0^2=-8.6871e-04 rad=7.0084e-04 mode=dev Hmax=1.7e-05 [667s]
switched to full-field mode at T=10.3000
T= 10.947 H0tau=10.7874 phi_b=+0.07824 H/H0=+1.00252 lapse=1.2923 R=1.751e-06 Wy/H0^2=-5.8829e-04 rad=1.1155e-03 mode=full Hmax=- [697s]
{"stop": "non-finite", "T_end": 11.578589108918434, "H0tau_end": 12.446810203936867, "runtime": 721.6}
