dc1e-2_dzf5e-4                     ps=0.5 G=  100 y=0.1 q=  128.3 D/q=-0.0191 Lam=53.6/53.6 b_cut=6.49e-06 cls_cut=FAIL-no-radiation- r_cut=None | b_need(0.1)=None lam_c=None b_need(0.03)=None lam_c=None Rj=None
dc1e-2_dzf5e-4                     ps=0.5 G=  100 y=1.0 q=  128.3 D/q=-0.0191 Lam=53.6/53.6 b_cut=6.49e-06 cls_cut=FAIL-Weyl r_cut=97.27696379296752 | b_need(0.1)=0.01 lam_c=11.549972657306625 b_need(0.03)=0.03162277660168379 lam_c=16.953041407449593 Rj=0.6918807057338472
dc1e-2_dzf5e-4                     ps=0.5 G= 1000 y=0.1 q= 1283.1 D/q=-0.0019 Lam=536.1/536.1 b_cut=6.49e-09 cls_cut=FAIL-no-radiation- r_cut=None | b_need(0.1)=None lam_c=None b_need(0.03)=None lam_c=None Rj=None
dc1e-2_dzf5e-4                     ps=0.5 G= 1000 y=1.0 q= 1283.1 D/q=-0.0019 Lam=536.1/536.1 b_cut=6.49e-09 cls_cut=FAIL-Weyl r_cut=696.9757606798171 | b_need(0.1)=5.623413251903491e-05 lam_c=20.539078563000917 b_need(0.03)=0.00017782794100389227 lam_c=30.147244472404896 Rj=0.5103202606350459
dc1e-2_dzf5e-4                     ps=0.9 G=  100 y=0.1 q=   74.6 D/q=-0.0343 Lam=89.7/13.6 b_cut=1.39e-06 cls_cut=FAIL-no-radiation- r_cut=None | b_need(0.1)=None lam_c=None b_need(0.03)=None lam_c=None Rj=None
dc1e-2_dzf5e-4                     ps=0.9 G=  100 y=1.0 q=   74.6 D/q=-0.0343 Lam=89.7/13.6 b_cut=1.39e-06 cls_cut=FAIL-Weyl r_cut=1740.621099547099 | b_need(0.1)=0.03162277660168379 lam_c=28.36617811161981 b_need(0.03)=0.1 lam_c=41.635855457472736 Rj=4.183244640110675
dc1e-2_dzf5e-4                     ps=0.9 G= 1000 y=0.1 q=  746.2 D/q=-0.0034 Lam=897.0/136.1 b_cut=1.39e-09 cls_cut=FAIL-no-radiation- r_cut=None | b_need(0.1)=None lam_c=None b_need(0.03)=None lam_c=None Rj=None
dc1e-2_dzf5e-4                     ps=0.9 G= 1000 y=1.0 q=  746.2 D/q=-0.0034 Lam=897.0/136.1 b_cut=1.39e-09 cls_cut=FAIL-Weyl r_cut=8803.56527774347 | b_need(0.1)=0.00017782794100389227 lam_c=50.44299047739029 b_need(0.03)=0.0005623413251903491 lam_c=74.04018447938049 Rj=3.330068296430946
dc1e-2_dzf1e-3                     ps=0.5 G=  100 y=0.1 q=  128.3 D/q=-0.0191 Lam=53.6/53.6 b_cut=6.49e-06 cls_cut=FAIL-no-radiation- r_cut=None | b_need(0.1)=None lam_c=None b_need(0.03)=None lam_c=None Rj=None
dc1e-2_dzf1e-3                     ps=0.5 G=  100 y=1.0 q=  128.3 D/q=-0.0191 Lam=53.6/53.6 b_cut=6.49e-06 cls_cut=FAIL-Weyl r_cut=97.28893950824015 | b_need(0.1)=0.01 lam_c=11.549972553826233 b_need(0.03)=0.03162277660168379 lam_c=16.953041255561146 Rj=0.6918082101198388
dc1e-2_dzf1e-3                     ps=0.5 G= 1000 y=0.1 q= 1283.1 D/q=-0.0019 Lam=536.1/536.1 b_cut=6.49e-09 cls_cut=FAIL-no-radiation- r_cut=None | b_need(0.1)=None lam_c=None b_need(0.03)=None lam_c=None Rj=None
dc1e-2_dzf1e-3                     ps=0.5 G= 1000 y=1.0 q= 1283.1 D/q=-0.0019 Lam=536.1/536.1 b_cut=6.49e-09 cls_cut=FAIL-Weyl r_cut=697.0611476816294 | b_need(0.1)=5.623413251903491e-05 lam_c=20.539078378983866 b_need(0.03)=0.00017782794100389227 lam_c=30.147244202304805 Rj=0.5098089128909299
dc1e-2_dzf1e-3                     ps=0.9 G=  100 y=0.1 q=   74.6 D/q=-0.0343 Lam=89.7/13.6 b_cut=1.39e-06 cls_cut=FAIL-no-radiation- r_cut=None | b_need(0.1)=None lam_c=None b_need(0.03)=None lam_c=None Rj=None
dc1e-2_dzf1e-3                     ps=0.9 G=  100 y=1.0 q=   74.6 D/q=-0.0343 Lam=89.7/13.6 b_cut=1.39e-06 cls_cut=FAIL-Weyl r_cut=1740.8699814313352 | b_need(0.1)=0.03162277660168379 lam_c=28.36617811161981 b_need(0.03)=0.1 lam_c=41.635855457472736 Rj=4.183139416025974
dc1e-2_dzf1e-3                     ps=0.9 G= 1000 y=0.1 q=  746.2 D/q=-0.0034 Lam=897.0/136.1 b_cut=1.39e-09 cls_cut=FAIL-no-radiation- r_cut=None | b_need(0.1)=None lam_c=None b_need(0.03)=None lam_c=None Rj=None
dc1e-2_dzf1e-3                     ps=0.9 G= 1000 y=1.0 q=  746.2 D/q=-0.0034 Lam=897.0/136.1 b_cut=1.39e-09 cls_cut=FAIL-Weyl r_cut=8804.847214472398 | b_need(0.1)=0.00017782794100389227 lam_c=50.44299047739029 b_need(0.03)=0.0005623413251903491 lam_c=74.04018447938049 Rj=3.3294261980691866
dc1e-4_dzf5e-4                     ps=0.5 G=  100 y=0.1 q=  128.3 D/q=-0.0190 Lam=53.6/53.6 b_cut=6.49e-06 cls_cut=FAIL-no-radiation- r_cut=None | b_need(0.1)=None lam_c=None b_need(0.03)=None lam_c=None Rj=None
dc1e-4_dzf5e-4                     ps=0.5 G=  100 y=1.0 q=  128.3 D/q=-0.0190 Lam=53.6/53.6 b_cut=6.49e-06 cls_cut=FAIL-Weyl r_cut=97.28905146441323 | b_need(0.1)=0.01 lam_c=11.549972657286348 b_need(0.03)=0.03162277660168379 lam_c=16.95304140741983 Rj=0.6959842919625042
dc1e-4_dzf5e-4                     ps=0.5 G= 1000 y=0.1 q= 1283.1 D/q=-0.0019 Lam=536.1/536.1 b_cut=6.49e-09 cls_cut=FAIL-no-radiation- r_cut=None | b_need(0.1)=None lam_c=None b_need(0.03)=None lam_c=None Rj=None
dc1e-4_dzf5e-4                     ps=0.5 G= 1000 y=1.0 q= 1283.1 D/q=-0.0019 Lam=536.1/536.1 b_cut=6.49e-09 cls_cut=FAIL-Weyl r_cut=697.0741268236519 | b_need(0.1)=5.623413251903491e-05 lam_c=20.539078562964857 b_need(0.03)=0.00017782794100389227 lam_c=30.147244472351968 Rj=0.5380450849676368
dc1e-4_dzf5e-4                     ps=0.9 G=  100 y=0.1 q=   74.6 D/q=-0.0343 Lam=89.9/13.6 b_cut=1.37e-06 cls_cut=FAIL-no-radiation- r_cut=None | b_need(0.1)=None lam_c=None b_need(0.03)=None lam_c=None Rj=None
dc1e-4_dzf5e-4                     ps=0.9 G=  100 y=1.0 q=   74.6 D/q=-0.0343 Lam=89.9/13.6 b_cut=1.37e-06 cls_cut=FAIL-Weyl r_cut=1755.2010931842478 | b_need(0.1)=0.03162277660168379 lam_c=28.440235792564277 b_need(0.03)=0.1 lam_c=41.744557267324815 Rj=4.172615649413946
dc1e-4_dzf5e-4                     ps=0.9 G= 1000 y=0.1 q=  745.9 D/q=-0.0034 Lam=899.4/136.1 b_cut=1.37e-09 cls_cut=FAIL-no-radiation- r_cut=None | b_need(0.1)=None lam_c=None b_need(0.03)=None lam_c=None Rj=None
dc1e-4_dzf5e-4                     ps=0.9 G= 1000 y=1.0 q=  745.9 D/q=-0.0034 Lam=899.4/136.1 b_cut=1.37e-09 cls_cut=FAIL-Weyl r_cut=8877.533878848475 | b_need(0.1)=0.00017782794100389227 lam_c=50.574685726569065 b_need(0.03)=0.0005623413251903491 lam_c=74.2334866696744 Rj=3.363910844184092
