{
  "diagnostic_status": "COMPLETED_SAVED_DATA_DIAGNOSTIC",
  "underlying_science_status": "FAIL",
  "coverage": {
    "classification": "partial saved coverage",
    "present_runs": [
      [
        "positive_B",
        "coarse"
      ],
      [
        "positive_B",
        "fine"
      ],
      [
        "signed_uB",
        "coarse"
      ],
      [
        "signed_uB",
        "fine"
      ]
    ],
    "missing_runs": [],
    "audited_runs": 2,
    "raw_reconstructed_points": 36,
    "raw_Ward_endpoints": 36,
    "expected_complete_raw_points": 72,
    "expected_complete_raw_Ward_endpoints": 72,
    "expected_complete_cross_core": 180,
    "expected_complete_cross_baseline_current": 144,
    "expected_complete_core_refinement": 180,
    "expected_complete_current_refinement": 36,
    "expected_complete_Ward_refinement": 36
  },
  "gate_statistics": {
    "cross_core": {
      "count": 180,
      "exceeds_gate": 0,
      "maximum_gate_ratio": 8.76076988731711e-05,
      "maximum_absolute_gap": 1.752153977463422e-12
    },
    "cross_baseline_current": {
      "count": 144,
      "exceeds_gate": 0,
      "maximum_gate_ratio": 1.5178830414797062e-07,
      "maximum_absolute_gap": 1.1858461261560205e-16
    },
    "core_refinement": {
      "count": 0,
      "exceeds_gate": 0,
      "maximum_gate_ratio": null,
      "maximum_absolute_gap": null
    },
    "current_refinement": {
      "count": 0,
      "exceeds_gate": 0,
      "maximum_gate_ratio": null,
      "maximum_absolute_gap": null
    },
    "fine_Ward_gate_comparisons": {
      "count": 36,
      "exceeds_gate": 29,
      "maximum_gate_ratio": 9.776222446127337,
      "maximum_absolute_gap": 1.9552444892254674e-05
    },
    "Ward_refinement": {
      "count": 0,
      "exceeds_gate": 0,
      "maximum_gate_ratio": null,
      "maximum_absolute_gap": null
    },
    "primary_saved_differentiated_Ward": {
      "count": 48,
      "exceeds_gate": 0,
      "maximum_gate_ratio": 1.1102230246251564e-07,
      "maximum_absolute_gap": 1.1102230246251565e-16
    }
  }
}
