grid: 1458 points, dz from 9.46e-05 (shell) to 8.00e-03 (far), wall width in z = 0.0127 -> 134 points across it
static shell: phi_h+1=8.785515e-07 y_b=8.22820155 rho_b=78.828180 phi_b=+2.2628e-05 junction residuals=(-2.8e-15,5.2e-14)
junction check on grid: Hc_b - sigma rho_b/6 = -3.15e-10 ; phiz_b + sigma' rho_b/2 = 7.63e-09
seed: dc=1.0e-04  max|a|=1.34e-05 max|f|=9.02e-05  f_b=+8.979e-05
t=  0.00 H0tau= 0.0000 phi_b=+1.124151e-04 H_J/H0=+1.000013 b_b=-1.342e-05 phi_min=-1.0000 M_bulk=0.0e+00@z=-9.922 M_shell=0.0e+00  [0s]
t=  0.50 H0tau= 0.4990 phi_b=+1.763566e-04 H_J/H0=+0.999987 b_b=-2.213e-05 phi_min=-1.0000 M_bulk=1.2e-05@z=-0.530 M_shell=2.9e-08  [76s]
t=  1.00 H0tau= 0.9980 phi_b=+3.690038e-04 H_J/H0=+0.999966 b_b=-4.869e-05 phi_min=-1.0000 M_bulk=3.8e-05@z=-0.986 M_shell=2.4e-09  [138s]
t=  1.50 H0tau= 1.4969 phi_b=+8.138323e-04 H_J/H0=+0.999922 b_b=-1.086e-04 phi_min=-1.0000 M_bulk=5.3e-05@z=-1.474 M_shell=1.2e-08  [192s]
t=  2.00 H0tau= 1.9958 phi_b=+1.830390e-03 H_J/H0=+0.999822 b_b=-2.433e-04 phi_min=-1.0000 M_bulk=5.6e-05@z=-2.010 M_shell=2.0e-08  [242s]
t=  2.49 H0tau= 2.4946 phi_b=+4.149950e-03 H_J/H0=+0.999590 b_b=-5.481e-04 phi_min=-1.0000 M_bulk=5.7e-05@z=-2.506 M_shell=8.7e-09  [290s]
t=  2.99 H0tau= 2.9932 phi_b=+9.429142e-03 H_J/H0=+0.999053 b_b=-1.242e-03 phi_min=-1.0000 M_bulk=5.6e-05@z=-3.002 M_shell=4.5e-09  [338s]
t=  3.49 H0tau= 3.4912 phi_b=+2.137469e-02 H_J/H0=+0.997780 b_b=-2.833e-03 phi_min=-1.0000 M_bulk=1.3e-04@z=-0.922 M_shell=5.2e-09  [389s]
t=  3.99 H0tau= 3.9880 phi_b=+4.804777e-02 H_J/H0=+0.994661 b_b=-6.536e-03 phi_min=-1.0000 M_bulk=3.0e-04@z=-0.930 M_shell=8.2e-09  [435s]
t=  4.49 H0tau= 4.4819 phi_b=+1.058191e-01 H_J/H0=+0.986606 b_b=-1.536e-02 phi_min=-1.0000 M_bulk=6.9e-04@z=-0.922 M_shell=3.0e-08  [479s]
t=  4.99 H0tau= 4.9688 phi_b=+2.225275e-01 H_J/H0=+0.965076 b_b=-3.699e-02 phi_min=-1.0000 M_bulk=1.6e-03@z=-0.922 M_shell=2.3e-07  [521s]
t=  5.49 H0tau= 5.4390 phi_b=+4.243594e-01 H_J/H0=+0.912318 b_b=-8.970e-02 phi_min=-1.0000 M_bulk=3.8e-03@z=-0.914 M_shell=9.8e-07  [563s]
t=  5.99 H0tau= 5.8728 phi_b=+6.792253e-01 H_J/H0=+0.820600 b_b=-2.038e-01 phi_min=-1.0000 M_bulk=9.2e-03@z=-0.890 M_shell=3.3e-06  [607s]
t=  6.49 H0tau= 6.2454 phi_b=+8.739315e-01 H_J/H0=+0.731028 b_b=-3.957e-01 phi_min=-1.0000 M_bulk=2.4e-02@z=-0.850 M_shell=8.7e-06  [643s]
t=  6.99 H0tau= 6.5441 phi_b=+9.602741e-01 H_J/H0=+0.677970 b_b=-6.408e-01 phi_min=-1.0000 M_bulk=7.2e-02@z=-0.802 M_shell=1.6e-05  [680s]
t=  7.48 H0tau= 6.7716 phi_b=+9.879354e-01 H_J/H0=+0.630894 b_b=-9.766e-01 phi_min=-1.0000 M_bulk=3.3e-01@z=-0.578 M_shell=1.5e-05  [714s]
t=  7.98 H0tau= 6.9114 phi_b=+9.949922e-01 H_J/H0=+0.610429 b_b=-1.665e+00 phi_min=-1.0000 M_bulk=6.8e-01@z=-1.010 M_shell=2.2e-05  [747s]
{"tag": "runs/v2_t1e3_plus_c4_fine", "version": 2, "d": 0.0, "dc": 0.0001, "dz_fine": 9.459553851633162e-05, "dz_coarse": 0.008, "n_points": 1458, "points_across_wall": 134.1058884309906, "closure": 4, "taper": 0.15, "L": 10.0, "t_det": 0.001, "t_end": 7.993843280116476, "H0_tau_end": 6.91331818971431, "stop_reason": "phi_b left [-1.6,0.995]", "phi_b_static": 2.2628324209942544e-05, "rho_b": 78.82817979205313, "phi_b_end": 0.9950524766426136, "HJ_over_H0_end": 0.6101843971844679, "growth_fit": null, "max_bulk_constraint": 0.6771498723731637, "max_shell_constraint": 2.2152959756357346e-05, "runtime_s": 748.0}
