grid: 1833 points, dz from 1.00e-03 (shell) to 8.00e-03 (far), wall width in z = 0.1276 -> 128 points across it
static shell: phi_h+1=3.495607e-03 y_b=4.09327284 rho_b=7.836279 phi_b=+2.3353e-03 junction residuals=(5.0e-16,-3.3e-16)
junction check on grid: Hc_b - sigma rho_b/6 = 1.91e-14 ; phiz_b + sigma' rho_b/2 = -5.52e-13
seed: dc=1.0e-04  max|a|=1.34e-05 max|f|=9.02e-05  f_b=+8.939e-05
t=  0.00 H0tau= 0.0000 phi_b=+2.424686e-03 H_J/H0=+1.000013 b_b=-1.340e-05 phi_min=-0.9965 M_bulk=0.0e+00 M_shell=0.0e+00  [0s]
t=  0.50 H0tau= 0.5000 phi_b=+2.489430e-03 H_J/H0=+0.999988 b_b=-1.642e-05 phi_min=-0.9965 M_bulk=6.2e-06 M_shell=1.2e-04  [4s]
t=  1.00 H0tau= 1.0000 phi_b=+2.677920e-03 H_J/H0=+0.999969 b_b=-3.509e-05 phi_min=-0.9965 M_bulk=1.0e-05 M_shell=2.9e-04  [8s]
t=  1.50 H0tau= 1.5000 phi_b=+3.107470e-03 H_J/H0=+0.999929 b_b=-7.881e-05 phi_min=-0.9965 M_bulk=1.2e-05 M_shell=6.5e-04  [12s]
t=  2.00 H0tau= 1.9999 phi_b=+4.076086e-03 H_J/H0=+0.999840 b_b=-1.778e-04 phi_min=-0.9965 M_bulk=1.3e-05 M_shell=1.5e-03  [16s]
t=  2.50 H0tau= 2.4998 phi_b=+6.257106e-03 H_J/H0=+0.999636 b_b=-4.020e-04 phi_min=-0.9965 M_bulk=1.3e-05 M_shell=3.3e-03  [21s]
t=  3.00 H0tau= 2.9994 phi_b=+1.115684e-02 H_J/H0=+0.999170 b_b=-9.111e-04 phi_min=-0.9965 M_bulk=1.2e-05 M_shell=7.4e-03  [26s]
t=  3.50 H0tau= 3.4987 phi_b=+2.210787e-02 H_J/H0=+0.998083 b_b=-2.076e-03 phi_min=-0.9965 M_bulk=1.2e-05 M_shell=1.6e-02  [30s]
t=  4.00 H0tau= 3.9971 phi_b=+4.630097e-02 H_J/H0=+0.995456 b_b=-4.786e-03 phi_min=-0.9965 M_bulk=1.1e-05 M_shell=3.7e-02  [35s]
t=  4.50 H0tau= 4.4934 phi_b=+9.835791e-02 H_J/H0=+0.988767 b_b=-1.127e-02 phi_min=-0.9965 M_bulk=1.3e-05 M_shell=7.9e-02  [40s]
t=  5.00 H0tau= 4.9844 phi_b=+2.038595e-01 H_J/H0=+0.970999 b_b=-2.735e-02 phi_min=-0.9965 M_bulk=2.8e-05 M_shell=1.6e-01  [45s]
t=  5.50 H0tau= 5.4627 phi_b=+3.908567e-01 H_J/H0=+0.926521 b_b=-6.763e-02 phi_min=-0.9965 M_bulk=5.4e-05 M_shell=2.8e-01  [49s]
t=  6.00 H0tau= 5.9117 phi_b=+6.417895e-01 H_J/H0=+0.843706 b_b=-1.589e-01 phi_min=-0.9965 M_bulk=8.8e-05 M_shell=3.6e-01  [54s]
t=  6.50 H0tau= 6.3076 phi_b=+8.513660e-01 H_J/H0=+0.755168 b_b=-3.233e-01 phi_min=-0.9965 M_bulk=1.2e-04 M_shell=3.5e-01  [58s]
t=  7.00 H0tau= 6.6315 phi_b=+9.495580e-01 H_J/H0=+0.700213 b_b=-5.616e-01 phi_min=-0.9965 M_bulk=1.3e-04 M_shell=4.1e-01  [63s]
t=  7.50 H0tau= 6.8784 phi_b=+9.792638e-01 H_J/H0=+0.673469 b_b=-8.677e-01 phi_min=-0.9965 M_bulk=3.0e-04 M_shell=5.4e-01  [68s]
t=  8.00 H0tau= 7.0552 phi_b=+9.871290e-01 H_J/H0=+0.660842 b_b=-1.232e+00 phi_min=-0.9965 M_bulk=8.4e-04 M_shell=6.7e-01  [72s]
t=  8.50 H0tau= 7.1752 phi_b=+9.894432e-01 H_J/H0=+0.654542 b_b=-1.642e+00 phi_min=-0.9965 M_bulk=1.4e-03 M_shell=7.7e-01  [77s]
t=  9.00 H0tau= 7.2537 phi_b=+9.902548e-01 H_J/H0=+0.650997 b_b=-2.083e+00 phi_min=-0.9965 M_bulk=2.3e-03 M_shell=8.5e-01  [81s]
t=  9.50 H0tau= 7.3036 phi_b=+9.905852e-01 H_J/H0=+0.648592 b_b=-2.546e+00 phi_min=-0.9965 M_bulk=3.8e-03 M_shell=9.0e-01  [86s]
t= 10.00 H0tau= 7.3348 phi_b=+9.907311e-01 H_J/H0=+0.646464 b_b=-3.023e+00 phi_min=-0.9965 M_bulk=6.4e-03 M_shell=9.4e-01  [90s]
t= 10.50 H0tau= 7.3540 phi_b=+9.907938e-01 H_J/H0=+0.643996 b_b=-3.509e+00 phi_min=-0.9965 M_bulk=1.1e-02 M_shell=9.6e-01  [95s]
t= 11.00 H0tau= 7.3659 phi_b=+9.908134e-01 H_J/H0=+0.640545 b_b=-4.001e+00 phi_min=-0.9965 M_bulk=1.8e-02 M_shell=9.8e-01  [99s]
t= 11.50 H0tau= 7.3731 phi_b=+9.908083e-01 H_J/H0=+0.635247 b_b=-4.496e+00 phi_min=-0.9965 M_bulk=2.9e-02 M_shell=9.9e-01  [104s]
t= 12.00 H0tau= 7.3775 phi_b=+9.907880e-01 H_J/H0=+0.626774 b_b=-4.992e+00 phi_min=-0.9965 M_bulk=4.9e-02 M_shell=9.9e-01  [108s]
{"tag": "runs/v2_t01_plus", "version": 2, "d": 0.0, "dc": 0.0001, "dz_fine": 0.001, "dz_coarse": 0.008, "n_points": 1833, "points_across_wall": 127.61158948806198, "closure": 2, "taper": 0.15, "L": 12.0, "t_det": 0.1, "t_end": 12.000000000003174, "H0_tau_end": 7.377470222003775, "stop_reason": "t_final", "phi_b_static": 0.002335296128745991, "rho_b": 7.836278852192728, "phi_b_end": 0.9907879643362332, "HJ_over_H0_end": 0.626774032254586, "growth_fit": null, "max_bulk_constraint": 0.04928283895865831, "max_shell_constraint": 0.9915209864758197, "runtime_s": 108.5}
