grid: 1392 points, dz from 1.69e-04 (shell) to 8.00e-03 (far), wall width in z = 0.0127 -> 75 points across it
static shell: phi_h+1=8.785515e-07 y_b=8.22820155 rho_b=78.828177 phi_b=+2.2780e-05 junction residuals=(-2.8e-15,5.2e-14)
junction check on grid: Hc_b - sigma rho_b/6 = -3.60e-11 ; phiz_b + sigma' rho_b/2 = 4.32e-10
seed: dc=-1.0e-04  max|a|=1.34e-05 max|f|=9.02e-05  f_b=-8.982e-05
t=  0.00 H0tau= 0.0000 phi_b=-6.704101e-05 H_J/H0=+0.999987 b_b=+1.342e-05 phi_min=-1.0000 M_bulk=0.0e+00@z=-9.924 M_shell=0.0e+00  [0s]
t=  0.50 H0tau= 0.4998 phi_b=-1.312040e-04 H_J/H0=+1.000013 b_b=+2.230e-05 phi_min=-1.0000 M_bulk=1.2e-05@z=-0.532 M_shell=1.8e-08  [23s]
t=  1.00 H0tau= 0.9995 phi_b=-3.247112e-04 H_J/H0=+1.000034 b_b=+4.999e-05 phi_min=-1.0000 M_bulk=3.7e-05@z=-1.004 M_shell=1.2e-08  [46s]
t=  1.50 H0tau= 1.4993 phi_b=-7.723994e-04 H_J/H0=+1.000078 b_b=+1.130e-04 phi_min=-1.0000 M_bulk=5.5e-05@z=-1.492 M_shell=1.1e-08  [74s]
t=  2.00 H0tau= 1.9992 phi_b=-1.798572e-03 H_J/H0=+1.000178 b_b=+2.551e-04 phi_min=-1.0000 M_bulk=6.0e-05@z=-1.996 M_shell=9.2e-09  [99s]
t=  2.50 H0tau= 2.4991 phi_b=-4.152418e-03 H_J/H0=+1.000405 b_b=+5.763e-04 phi_min=-1.0000 M_bulk=6.0e-05@z=-2.492 M_shell=8.8e-09  [122s]
t=  3.00 H0tau= 2.9994 phi_b=-9.565606e-03 H_J/H0=+1.000916 b_b=+1.302e-03 phi_min=-1.0000 M_bulk=5.7e-05@z=-2.988 M_shell=1.6e-08  [142s]
t=  3.50 H0tau= 3.5001 phi_b=-2.208829e-02 H_J/H0=+1.002035 b_b=+2.935e-03 phi_min=-1.0000 M_bulk=7.6e-05@z=-0.924 M_shell=2.1e-08  [162s]
t=  4.00 H0tau= 4.0021 phi_b=-5.145126e-02 H_J/H0=+1.004322 b_b=+6.550e-03 phi_min=-1.0000 M_bulk=1.8e-04@z=-0.916 M_shell=7.2e-08  [182s]
t=  4.50 H0tau= 4.5069 phi_b=-1.224386e-01 H_J/H0=+1.007858 b_b=+1.417e-02 phi_min=-1.0000 M_bulk=4.2e-04@z=-0.916 M_shell=2.2e-07  [202s]
t=  5.00 H0tau= 5.0169 phi_b=-3.060713e-01 H_J/H0=+1.003519 b_b=+2.733e-02 phi_min=-1.0000 M_bulk=1.0e-03@z=-0.868 M_shell=8.3e-07  [225s]
t=  5.50 H0tau= 5.5317 phi_b=-8.473874e-01 H_J/H0=+0.869862 b_b=+2.084e-02 phi_min=-1.0000 M_bulk=3.2e-03@z=-0.700 M_shell=4.5e-06  [246s]
t=  6.00 H0tau= 5.9923 phi_b=-2.483405e+00 H_J/H0=-0.745286 b_b=-3.156e-01 phi_min=-2.4834 M_bulk=1.9e-02@z=-0.268 M_shell=5.1e-06  [268s]
t=  6.50 H0tau= 6.2179 phi_b=-4.591966e+00 H_J/H0=-5.728039 b_b=-1.454e+00 phi_min=-4.5920 M_bulk=2.5e-01@z=-0.700 M_shell=1.6e-06  [290s]
t=  7.00 H0tau= 6.2875 phi_b=-5.665299e+00 H_J/H0=-10.628010 b_b=-2.544e+00 phi_min=-5.6653 M_bulk=4.3e-01@z=-1.188 M_shell=5.4e-07  [311s]
t=  7.50 H0tau= 6.3129 phi_b=-6.303991e+00 H_J/H0=-27.313418 b_b=-3.481e+00 phi_min=-6.3040 M_bulk=5.1e-01@z=-1.684 M_shell=5.5e-06  [331s]
t=  8.00 H0tau= 6.3226 phi_b=-7.118785e+00 H_J/H0=-328.379886 b_b=-4.526e+00 phi_min=-7.1188 M_bulk=5.3e-01@z=-2.180 M_shell=8.2e-04  [351s]
{"tag": "runs/v2_t1e3_minus_c4", "version": 2, "d": 0.0, "dc": -0.0001, "dz_fine": 0.00016941009177958398, "dz_coarse": 0.008, "n_points": 1392, "points_across_wall": 74.88231089137037, "closure": 4, "taper": 0.15, "L": 10.0, "t_det": 0.001, "t_end": 7.996156331981324, "H0_tau_end": 6.3226469260516955, "stop_reason": "t_final", "phi_b_static": 2.2779572432385354e-05, "rho_b": 78.82817714224423, "phi_b_end": -7.118784502531682, "HJ_over_H0_end": -328.3798861664288, "growth_fit": null, "max_bulk_constraint": 0.5348076246093787, "max_shell_constraint": 0.0008162782425654032, "runtime_s": 351.4}
