grid: 5214 points, dz from 1.55e-04 (shell) to 2.00e-03 (far), wall width in z = 0.0127 -> 82 points across it
static shell: phi_h+1=8.785515e-07 y_b=8.22820155 rho_b=78.828177 phi_b=+2.2780e-05 junction residuals=(-2.8e-15,5.2e-14)
junction check on grid: Hc_b - sigma rho_b/6 = -3.60e-11 ; phiz_b + sigma' rho_b/2 = 4.32e-10
seed: dc=1.0e-04  max|a|=1.34e-05 max|f|=9.02e-05  f_b=+8.979e-05
t=  0.00 H0tau= 0.0000 phi_b=+1.125694e-04 H_J/H0=+1.000013 b_b=-1.342e-05 phi_min=-1.0000 M_bulk=0.0e+00@z=-9.981 M_shell=0.0e+00  [0s]
t=  0.50 H0tau= 0.4985 phi_b=+1.763925e-04 H_J/H0=+0.999987 b_b=-2.224e-05 phi_min=-1.0000 M_bulk=2.9e-06@z=-0.461 M_shell=6.5e-09  [47s]
t=  1.00 H0tau= 0.9970 phi_b=+3.685886e-04 H_J/H0=+0.999966 b_b=-5.004e-05 phi_min=-1.0000 M_bulk=7.8e-06@z=-0.989 M_shell=2.1e-09  [98s]
t=  1.50 H0tau= 1.4954 phi_b=+8.120206e-04 H_J/H0=+0.999922 b_b=-1.148e-04 phi_min=-1.0000 M_bulk=9.6e-06@z=-1.487 M_shell=3.3e-09  [153s]
t=  1.99 H0tau= 1.9939 phi_b=+1.824527e-03 H_J/H0=+0.999822 b_b=-2.637e-04 phi_min=-1.0000 M_bulk=1.0e-05@z=-1.997 M_shell=2.9e-09  [240s]
t=  2.49 H0tau= 2.4922 phi_b=+4.132816e-03 H_J/H0=+0.999592 b_b=-6.063e-04 phi_min=-1.0000 M_bulk=1.1e-05@z=-2.495 M_shell=5.1e-09  [320s]
t=  2.99 H0tau= 2.9902 phi_b=+9.381424e-03 H_J/H0=+0.999058 b_b=-1.394e-03 phi_min=-1.0000 M_bulk=1.4e-05@z=-0.923 M_shell=1.1e-08  [397s]
t=  3.49 H0tau= 3.4876 phi_b=+2.124489e-02 H_J/H0=+0.997795 b_b=-3.216e-03 phi_min=-1.0000 M_bulk=3.1e-05@z=-0.921 M_shell=2.1e-08  [479s]
t=  3.99 H0tau= 3.9836 phi_b=+4.769707e-02 H_J/H0=+0.994706 b_b=-7.464e-03 phi_min=-1.0000 M_bulk=7.2e-05@z=-0.927 M_shell=3.4e-08  [572s]
t=  4.49 H0tau= 4.4763 phi_b=+1.048677e-01 H_J/H0=+0.986755 b_b=-1.755e-02 phi_min=-1.0000 M_bulk=1.7e-04@z=-0.915 M_shell=1.2e-08  [670s]
t=  4.99 H0tau= 4.9610 phi_b=+2.199666e-01 H_J/H0=+0.965624 b_b=-4.202e-02 phi_min=-1.0000 M_bulk=3.9e-04@z=-0.927 M_shell=2.3e-07  [750s]
t=  5.48 H0tau= 5.4272 phi_b=+4.180624e-01 H_J/H0=+0.914241 b_b=-1.007e-01 phi_min=-1.0000 M_bulk=8.6e-04@z=-1.001 M_shell=1.2e-06  [819s]
t=  5.98 H0tau= 5.8537 phi_b=+6.676302e-01 H_J/H0=+0.825315 b_b=-2.266e-01 phi_min=-1.0000 M_bulk=1.5e-03@z=-1.209 M_shell=4.3e-06  [886s]
t=  6.48 H0tau= 6.2138 phi_b=+8.607241e-01 H_J/H0=+0.737739 b_b=-4.427e-01 phi_min=-1.0000 M_bulk=2.1e-03@z=-1.553 M_shell=1.1e-05  [947s]
t=  6.98 H0tau= 6.4923 phi_b=+9.500335e-01 H_J/H0=+0.684628 b_b=-7.417e-01 phi_min=-1.0000 M_bulk=2.5e-03@z=-1.987 M_shell=2.0e-05  [1011s]
t=  7.48 H0tau= 6.6923 phi_b=+9.805495e-01 H_J/H0=+0.657788 b_b=-1.104e+00 phi_min=-1.0000 M_bulk=2.6e-03@z=-2.459 M_shell=2.9e-05  [1074s]
t=  7.98 H0tau= 6.8283 phi_b=+9.906612e-01 H_J/H0=+0.644376 b_b=-1.514e+00 phi_min=-1.0000 M_bulk=4.5e-03@z=-0.989 M_shell=4.4e-05  [1137s]
t=  8.47 H0tau= 6.9171 phi_b=+9.944185e-01 H_J/H0=+0.637395 b_b=-1.957e+00 phi_min=-1.0000 M_bulk=7.2e-03@z=-1.461 M_shell=6.9e-05  [1198s]
t=  8.97 H0tau= 6.9736 phi_b=+9.960267e-01 H_J/H0=+0.633571 b_b=-2.420e+00 phi_min=-1.0000 M_bulk=8.6e-03@z=-1.951 M_shell=1.1e-04  [1259s]
t=  9.47 H0tau= 7.0088 phi_b=+9.968007e-01 H_J/H0=+0.631383 b_b=-2.897e+00 phi_min=-1.0000 M_bulk=9.2e-03@z=-2.447 M_shell=1.7e-04  [1306s]
t=  9.97 H0tau= 7.0307 phi_b=+9.972057e-01 H_J/H0=+0.630081 b_b=-3.382e+00 phi_min=-1.0000 M_bulk=9.4e-03@z=-2.943 M_shell=2.9e-04  [1353s]
t= 10.47 H0tau= 7.0440 phi_b=+9.974298e-01 H_J/H0=+0.629268 b_b=-3.873e+00 phi_min=-1.0000 M_bulk=9.5e-03@z=-3.441 M_shell=4.7e-04  [1403s]
t= 10.97 H0tau= 7.0522 phi_b=+9.975583e-01 H_J/H0=+0.628718 b_b=-4.366e+00 phi_min=-1.0000 M_bulk=9.5e-03@z=-3.941 M_shell=7.8e-04  [1454s]
{"tag": "runs/v2_t1e3_plus_c4_finecoarse", "version": 2, "d": 0.0, "dc": 0.0001, "dz_fine": 0.0001545743528397743, "dz_coarse": 0.002, "n_points": 5214, "points_across_wall": 82.06936615108468, "closure": 4, "taper": 0.15, "L": 10.0, "t_det": 0.001, "t_end": 10.996960471272816, "H0_tau_end": 7.052603000123344, "stop_reason": "t_final", "phi_b_static": 2.2779572432385354e-05, "rho_b": 78.82817714224423, "phi_b_end": 0.9975640684473754, "HJ_over_H0_end": 0.628690290854591, "growth_fit": null, "max_bulk_constraint": 0.009490656101760569, "max_shell_constraint": 0.0007763973571215522, "runtime_s": 1457.0}
