grid: 1392 points, dz from 1.69e-04 (shell) to 8.00e-03 (far), wall width in z = 0.0127 -> 75 points across it
static shell: phi_h+1=8.785515e-07 y_b=8.22820155 rho_b=78.828177 phi_b=+2.2780e-05 junction residuals=(-2.8e-15,5.2e-14)
junction check on grid: Hc_b - sigma rho_b/6 = -3.60e-11 ; phiz_b + sigma' rho_b/2 = 4.32e-10
seed: dc=-1.0e-04  max|a|=1.34e-05 max|f|=9.02e-05  f_b=-8.982e-05
t=  0.00 H0tau= 0.0000 phi_b=-6.704101e-05 H_J/H0=+0.999987 b_b=+1.342e-05 phi_min=-1.0000 M_bulk=0.0e+00 M_shell=0.0e+00  [0s]
t=  0.50 H0tau= 0.4998 phi_b=-1.275162e-04 H_J/H0=+1.000019 b_b=-4.759e-05 phi_min=-1.0000 M_bulk=6.2e-03 M_shell=8.1e-05  [20s]
t=  1.00 H0tau= 0.9994 phi_b=-3.330792e-04 H_J/H0=+1.000054 b_b=-4.710e-04 phi_min=-1.0000 M_bulk=2.1e-02 M_shell=3.3e-04  [41s]
t=  1.50 H0tau= 1.4987 phi_b=-9.150760e-04 H_J/H0=+1.000146 b_b=-1.345e-03 phi_min=-1.0000 M_bulk=3.0e-02 M_shell=1.8e-04  [62s]
t=  2.00 H0tau= 1.9975 phi_b=-2.454379e-03 H_J/H0=+1.000378 b_b=-2.864e-03 phi_min=-1.0000 M_bulk=3.2e-02 M_shell=1.5e-04  [83s]
t=  2.50 H0tau= 2.4950 phi_b=-6.348757e-03 H_J/H0=+1.000956 b_b=-6.803e-03 phi_min=-1.0000 M_bulk=3.3e-02 M_shell=5.6e-04  [104s]
t=  3.00 H0tau= 2.9890 phi_b=-1.621816e-02 H_J/H0=+1.002391 b_b=-1.824e-02 phi_min=-1.0000 M_bulk=3.2e-02 M_shell=3.0e-03  [126s]
t=  3.50 H0tau= 3.4737 phi_b=-4.123934e-02 H_J/H0=+1.005738 b_b=-4.733e-02 phi_min=-1.0000 M_bulk=3.1e-02 M_shell=6.4e-03  [147s]
t=  4.00 H0tau= 3.9369 phi_b=-1.028206e-01 H_J/H0=+1.012096 b_b=-1.136e-01 phi_min=-1.0000 M_bulk=4.2e-02 M_shell=1.2e-02  [171s]
t=  4.50 H0tau= 4.3569 phi_b=-2.443936e-01 H_J/H0=+1.016373 b_b=-2.509e-01 phi_min=-1.0000 M_bulk=7.6e-02 M_shell=2.9e-02  [188s]
t=  5.00 H0tau= 4.7050 phi_b=-5.302486e-01 H_J/H0=+0.979153 b_b=-4.985e-01 phi_min=-1.0000 M_bulk=1.1e-01 M_shell=1.2e-01  [203s]
t=  5.50 H0tau= 4.9601 phi_b=-9.895809e-01 H_J/H0=+0.788849 b_b=-8.838e-01 phi_min=-1.0000 M_bulk=1.4e-01 M_shell=5.7e-01  [218s]
t=  6.00 H0tau= 5.1220 phi_b=-1.523723e+00 H_J/H0=+0.361962 b_b=-1.417e+00 phi_min=-1.5237 M_bulk=1.5e-01 M_shell=9.3e-01  [234s]
t=  6.50 H0tau= 5.2122 phi_b=-1.981810e+00 H_J/H0=-0.234879 b_b=-2.049e+00 phi_min=-1.9818 M_bulk=1.6e-01 M_shell=9.9e-01  [248s]
t=  7.00 H0tau= 5.2596 phi_b=-2.308864e+00 H_J/H0=-0.884961 b_b=-2.695e+00 phi_min=-2.3089 M_bulk=1.7e-01 M_shell=3.8e-01  [262s]
t=  7.50 H0tau= 5.2847 phi_b=-2.525288e+00 H_J/H0=-1.509945 b_b=-3.311e+00 phi_min=-2.5253 M_bulk=1.8e-01 M_shell=8.2e-02  [282s]
t=  8.00 H0tau= 5.2985 phi_b=-2.664380e+00 H_J/H0=-2.053922 b_b=-3.892e+00 phi_min=-2.6644 M_bulk=1.9e-01 M_shell=3.6e-01  [300s]
t=  8.50 H0tau= 5.3063 phi_b=-2.752014e+00 H_J/H0=-2.483413 b_b=-4.445e+00 phi_min=-2.7520 M_bulk=1.9e-01 M_shell=5.6e-01  [325s]
t=  9.00 H0tau= 5.3109 phi_b=-2.806371e+00 H_J/H0=-2.812478 b_b=-4.978e+00 phi_min=-2.8064 M_bulk=1.9e-01 M_shell=7.1e-01  [356s]
t=  9.50 H0tau= 5.3135 phi_b=-2.839824e+00 H_J/H0=-3.088082 b_b=-5.499e+00 phi_min=-2.8398 M_bulk=1.9e-01 M_shell=8.1e-01  [381s]
t= 10.00 H0tau= 5.3151 phi_b=-2.860422e+00 H_J/H0=-3.367899 b_b=-6.011e+00 phi_min=-2.8604 M_bulk=1.9e-01 M_shell=8.8e-01  [408s]
t= 10.49 H0tau= 5.3161 phi_b=-2.873221e+00 H_J/H0=-3.718299 b_b=-6.519e+00 phi_min=-2.8732 M_bulk=1.9e-01 M_shell=9.2e-01  [433s]
t= 10.99 H0tau= 5.3167 phi_b=-2.881324e+00 H_J/H0=-4.225695 b_b=-7.024e+00 phi_min=-2.8813 M_bulk=1.9e-01 M_shell=9.5e-01  [459s]
t= 11.49 H0tau= 5.3170 phi_b=-2.886616e+00 H_J/H0=-5.017314 b_b=-7.527e+00 phi_min=-2.8866 M_bulk=1.9e-01 M_shell=9.6e-01  [485s]
t= 11.99 H0tau= 5.3172 phi_b=-2.890233e+00 H_J/H0=-6.293159 b_b=-8.029e+00 phi_min=-2.8902 M_bulk=1.9e-01 M_shell=9.7e-01  [509s]
t= 12.49 H0tau= 5.3174 phi_b=-2.892856e+00 H_J/H0=-8.376864 b_b=-8.530e+00 phi_min=-2.8929 M_bulk=1.9e-01 M_shell=9.8e-01  [544s]
t= 12.99 H0tau= 5.3175 phi_b=-2.894889e+00 H_J/H0=-11.798572 b_b=-9.031e+00 phi_min=-2.8949 M_bulk=2.9e-01 M_shell=9.8e-01  [582s]
t= 13.49 H0tau= 5.3175 phi_b=-2.896574e+00 H_J/H0=-17.430390 b_b=-9.532e+00 phi_min=-2.8966 M_bulk=5.1e-01 M_shell=9.9e-01  [617s]
t= 13.99 H0tau= 5.3175 phi_b=-2.898054e+00 H_J/H0=-26.709728 b_b=-1.003e+01 phi_min=-2.8981 M_bulk=7.5e-01 M_shell=9.9e-01  [650s]
{"tag": "runs/v2_t1e3_minus", "version": 2, "d": 0.0, "dc": -0.0001, "dz_fine": 0.00016941009177958398, "dz_coarse": 0.008, "n_points": 1392, "points_across_wall": 74.88231089137037, "closure": 2, "taper": 0.15, "L": 10.0, "t_det": 0.001, "t_end": 13.993273580952376, "H0_tau_end": 5.317527478967102, "stop_reason": "t_final", "phi_b_static": 2.2779572432385354e-05, "rho_b": 78.82817714224423, "phi_b_end": -2.8980541150782813, "HJ_over_H0_end": -26.70972810574419, "growth_fit": null, "max_bulk_constraint": 0.7472421292476582, "max_shell_constraint": 0.9985548499106682, "runtime_s": 650.5}
