grid: 5214 points, dz from 1.55e-04 (shell) to 2.00e-03 (far), wall width in z = 0.0127 -> 82 points across it
static shell: phi_h+1=8.785515e-07 y_b=8.22820155 rho_b=78.828177 phi_b=+2.2780e-05 junction residuals=(-2.8e-15,5.2e-14)
junction check on grid: Hc_b - sigma rho_b/6 = -3.60e-11 ; phiz_b + sigma' rho_b/2 = 4.32e-10
seed: dc=-1.0e-04  max|a|=1.34e-05 max|f|=9.02e-05  f_b=-8.982e-05
t=  0.00 H0tau= 0.0000 phi_b=-6.704101e-05 H_J/H0=+0.999987 b_b=+1.342e-05 phi_min=-1.0000 M_bulk=0.0e+00@z=-9.981 M_shell=0.0e+00  [0s]
t=  0.50 H0tau= 0.4985 phi_b=-1.309000e-04 H_J/H0=+1.000013 b_b=+2.232e-05 phi_min=-1.0000 M_bulk=2.3e-05@z=-0.497 M_shell=6.8e-09  [61s]
t=  1.00 H0tau= 0.9970 phi_b=-3.232621e-04 H_J/H0=+1.000034 b_b=+5.060e-05 phi_min=-1.0000 M_bulk=7.6e-05@z=-0.995 M_shell=2.0e-09  [119s]
t=  1.50 H0tau= 1.4956 phi_b=-7.674182e-04 H_J/H0=+1.000077 b_b=+1.163e-04 phi_min=-1.0000 M_bulk=1.1e-04@z=-1.493 M_shell=3.3e-09  [177s]
t=  1.99 H0tau= 1.9942 phi_b=-1.783375e-03 H_J/H0=+1.000176 b_b=+2.665e-04 phi_min=-1.0000 M_bulk=1.2e-04@z=-1.991 M_shell=2.9e-09  [235s]
t=  2.49 H0tau= 2.4929 phi_b=-4.108933e-03 H_J/H0=+1.000401 b_b=+6.094e-04 phi_min=-1.0000 M_bulk=1.2e-04@z=-2.489 M_shell=5.4e-09  [290s]
t=  2.99 H0tau= 2.9918 phi_b=-9.445994e-03 H_J/H0=+1.000905 b_b=+1.390e-03 phi_min=-1.0000 M_bulk=1.2e-04@z=-2.987 M_shell=1.3e-08  [345s]
t=  3.49 H0tau= 3.4914 phi_b=-2.176737e-02 H_J/H0=+1.002008 b_b=+3.156e-03 phi_min=-1.0000 M_bulk=1.1e-04@z=-3.487 M_shell=3.1e-08  [400s]
t=  3.99 H0tau= 3.9924 phi_b=-5.060122e-02 H_J/H0=+1.004264 b_b=+7.093e-03 phi_min=-1.0000 M_bulk=1.1e-04@z=-3.985 M_shell=8.3e-08  [457s]
t=  4.49 H0tau= 4.4963 phi_b=-1.201834e-01 H_J/H0=+1.007792 b_b=+1.550e-02 phi_min=-1.0000 M_bulk=1.5e-04@z=-0.973 M_shell=2.4e-07  [514s]
t=  4.99 H0tau= 5.0062 phi_b=-2.999719e-01 H_J/H0=+1.003989 b_b=+3.071e-02 phi_min=-1.0000 M_bulk=3.0e-04@z=-1.067 M_shell=8.1e-07  [571s]
t=  5.48 H0tau= 5.5227 phi_b=-8.312677e-01 H_J/H0=+0.876572 b_b=+3.063e-02 phi_min=-1.0000 M_bulk=7.2e-04@z=-0.479 M_shell=4.0e-06  [619s]
t=  5.98 H0tau= 5.9901 phi_b=-2.469144e+00 H_J/H0=-0.722764 b_b=-2.894e-01 phi_min=-2.4691 M_bulk=1.4e-02@z=-0.259 M_shell=4.4e-06  [664s]
t=  6.48 H0tau= 6.2211 phi_b=-4.635925e+00 H_J/H0=-5.886031 b_b=-1.433e+00 phi_min=-4.6359 M_bulk=2.2e-01@z=-0.691 M_shell=1.5e-06  [709s]
t=  6.98 H0tau= 6.2918 phi_b=-5.744291e+00 H_J/H0=-10.776235 b_b=-2.524e+00 phi_min=-5.7443 M_bulk=4.0e-01@z=-1.177 M_shell=5.2e-07  [753s]
{"tag": "runs/v2_t1e3_minus_c4_finecoarse", "version": 2, "d": 0.0, "dc": -0.0001, "dz_fine": 0.0001545743528397743, "dz_coarse": 0.002, "n_points": 5214, "points_across_wall": 82.06936615108468, "closure": 4, "taper": 0.15, "L": 10.0, "t_det": 0.001, "t_end": 6.998972122226916, "H0_tau_end": 6.293382582940245, "stop_reason": "t_final", "phi_b_static": 2.2779572432385354e-05, "rho_b": 78.82817714224423, "phi_b_end": -5.773893947221263, "HJ_over_H0_end": -10.969482412647128, "growth_fit": null, "max_bulk_constraint": 0.4041777068680548, "max_shell_constraint": 5.685161131626774e-06, "runtime_s": 755.3}
