grid: 1458 points, dz from 9.46e-05 (shell) to 8.00e-03 (far), wall width in z = 0.0127 -> 134 points across it
static shell: phi_h+1=8.785515e-07 y_b=8.22820155 rho_b=78.828180 phi_b=+2.2628e-05 junction residuals=(-2.8e-15,5.2e-14)
junction check on grid: Hc_b - sigma rho_b/6 = -3.15e-10 ; phiz_b + sigma' rho_b/2 = 7.63e-09
seed: dc=1.0e-08  max|a|=1.26e-09 max|f|=8.63e-09  f_b=+8.593e-09
t=  0.00 H0tau= 0.0000 phi_b=+2.263692e-05 H_J/H0=+1.000000 b_b=-1.257e-09 phi_min=-1.0000 M_bulk=0.0e+00@z=-9.922 M_shell=0.0e+00  [0s]
t=  0.50 H0tau= 0.4990 phi_b=+2.264304e-05 H_J/H0=+1.000000 b_b=-2.351e-09 phi_min=-1.0000 M_bulk=2.1e-08@z=-0.490 M_shell=3.7e-11  [76s]
t=  1.00 H0tau= 0.9980 phi_b=+2.266148e-05 H_J/H0=+1.000000 b_b=-6.464e-09 phi_min=-1.0000 M_bulk=7.7e-08@z=-0.994 M_shell=8.8e-12  [137s]
t=  1.50 H0tau= 1.4970 phi_b=+2.270407e-05 H_J/H0=+1.000000 b_b=-1.549e-08 phi_min=-1.0000 M_bulk=1.1e-07@z=-1.490 M_shell=1.2e-12  [191s]
t=  2.00 H0tau= 1.9960 phi_b=+2.280150e-05 H_J/H0=+1.000000 b_b=-3.389e-08 phi_min=-1.0000 M_bulk=1.2e-07@z=-1.986 M_shell=2.8e-12  [241s]
t=  2.49 H0tau= 2.4950 phi_b=+2.302426e-05 H_J/H0=+1.000000 b_b=-7.209e-08 phi_min=-1.0000 M_bulk=1.2e-07@z=-2.490 M_shell=2.2e-12  [289s]
t=  2.99 H0tau= 2.9939 phi_b=+2.353353e-05 H_J/H0=+1.000000 b_b=-1.535e-07 phi_min=-1.0000 M_bulk=1.2e-07@z=-2.986 M_shell=6.9e-13  [337s]
t=  3.49 H0tau= 3.4929 phi_b=+2.469788e-05 H_J/H0=+1.000000 b_b=-3.298e-07 phi_min=-1.0000 M_bulk=1.2e-07@z=-3.482 M_shell=7.0e-13  [388s]
t=  3.99 H0tau= 3.9919 phi_b=+2.735988e-05 H_J/H0=+1.000000 b_b=-7.165e-07 phi_min=-1.0000 M_bulk=1.2e-07@z=-3.986 M_shell=1.1e-12  [434s]
t=  4.49 H0tau= 4.4909 phi_b=+3.344591e-05 H_J/H0=+0.999999 b_b=-1.572e-06 phi_min=-1.0000 M_bulk=1.2e-07@z=-4.482 M_shell=2.9e-12  [477s]
t=  4.99 H0tau= 4.9899 phi_b=+4.736007e-05 H_J/H0=+0.999998 b_b=-3.477e-06 phi_min=-1.0000 M_bulk=1.3e-07@z=-0.898 M_shell=8.8e-12  [520s]
t=  5.49 H0tau= 5.4889 phi_b=+7.917076e-05 H_J/H0=+0.999994 b_b=-7.746e-06 phi_min=-1.0000 M_bulk=3.1e-07@z=-0.914 M_shell=1.6e-11  [562s]
t=  5.99 H0tau= 5.9879 phi_b=+1.518941e-04 H_J/H0=+0.999987 b_b=-1.735e-05 phi_min=-1.0000 M_bulk=7.4e-07@z=-0.922 M_shell=4.0e-11  [606s]
t=  6.49 H0tau= 6.4869 phi_b=+3.181358e-04 H_J/H0=+0.999971 b_b=-3.905e-05 phi_min=-1.0000 M_bulk=1.7e-06@z=-0.922 M_shell=9.7e-11  [642s]
t=  6.99 H0tau= 6.9858 phi_b=+6.980866e-04 H_J/H0=+0.999934 b_b=-8.819e-05 phi_min=-1.0000 M_bulk=4.0e-06@z=-0.922 M_shell=2.2e-10  [678s]
t=  7.48 H0tau= 7.4847 phi_b=+1.566117e-03 H_J/H0=+0.999848 b_b=-1.998e-04 phi_min=-1.0000 M_bulk=9.2e-06@z=-0.930 M_shell=5.1e-10  [713s]
t=  7.98 H0tau= 7.9836 phi_b=+3.547331e-03 H_J/H0=+0.999651 b_b=-4.540e-04 phi_min=-1.0000 M_bulk=2.1e-05@z=-0.930 M_shell=1.1e-09  [746s]
t=  8.48 H0tau= 8.4822 phi_b=+8.059543e-03 H_J/H0=+0.999194 b_b=-1.035e-03 phi_min=-1.0000 M_bulk=4.9e-05@z=-0.930 M_shell=2.3e-09  [775s]
t=  8.98 H0tau= 8.9804 phi_b=+1.828543e-02 H_J/H0=+0.998117 b_b=-2.372e-03 phi_min=-1.0000 M_bulk=1.1e-04@z=-0.930 M_shell=4.0e-09  [801s]
t=  9.48 H0tau= 9.4776 phi_b=+4.119931e-02 H_J/H0=+0.995498 b_b=-5.483e-03 phi_min=-1.0000 M_bulk=2.6e-04@z=-0.930 M_shell=2.5e-09  [825s]
t=  9.98 H0tau= 9.9723 phi_b=+9.122912e-02 H_J/H0=+0.988806 b_b=-1.288e-02 phi_min=-1.0000 M_bulk=6.0e-04@z=-0.930 M_shell=2.5e-08  [849s]
t= 10.48 H0tau=10.4611 phi_b=+1.941594e-01 H_J/H0=+0.970941 b_b=-3.097e-02 phi_min=-1.0000 M_bulk=1.4e-03@z=-0.922 M_shell=1.7e-07  [873s]
t= 10.98 H0tau=10.9358 phi_b=+3.793966e-01 H_J/H0=+0.925684 b_b=-7.548e-02 phi_min=-1.0000 M_bulk=3.2e-03@z=-0.914 M_shell=7.5e-07  [897s]
t= 11.48 H0tau=11.3788 phi_b=+6.316839e-01 H_J/H0=+0.839697 b_b=-1.753e-01 phi_min=-1.0000 M_bulk=7.8e-03@z=-0.898 M_shell=2.6e-06  [923s]
t= 11.98 H0tau=11.7650 phi_b=+8.460365e-01 H_J/H0=+0.745376 b_b=-3.528e-01 phi_min=-1.0000 M_bulk=2.0e-02@z=-0.858 M_shell=7.5e-06  [947s]
t= 12.47 H0tau=12.0781 phi_b=+9.503464e-01 H_J/H0=+0.685523 b_b=-5.904e-01 phi_min=-1.0000 M_bulk=5.8e-02@z=-0.794 M_shell=1.4e-05  [972s]
t= 12.97 H0tau=12.3199 phi_b=+9.850690e-01 H_J/H0=+0.640610 b_b=-8.893e-01 phi_min=-1.0000 M_bulk=2.4e-01@z=-0.498 M_shell=1.7e-05  [1004s]
t= 13.47 H0tau=12.4780 phi_b=+9.943808e-01 H_J/H0=+0.612545 b_b=-1.510e+00 phi_min=-1.0000 M_bulk=6.3e-01@z=-0.922 M_shell=1.9e-05  [1039s]
{"tag": "runs/v2_t1e3_tiny_c4_fine", "version": 2, "d": 0.0, "dc": 1e-08, "dz_fine": 9.459553851633162e-05, "dz_coarse": 0.008, "n_points": 1458, "points_across_wall": 134.1058884309906, "closure": 4, "taper": 0.15, "L": 10.0, "t_det": 0.001, "t_end": 13.5625880370728, "H0_tau_end": 12.496485569002182, "stop_reason": "phi_b left [-1.6,0.995]", "phi_b_static": 2.2628324209942544e-05, "rho_b": 78.82817979205313, "phi_b_end": 0.9950125923379668, "HJ_over_H0_end": 0.6104326956777838, "growth_fit": {"growth_rate": 1.6570744398398936, "window": [2.245461595532873, 7.634569424828971], "n": 541}, "max_bulk_constraint": 0.6347603343925697, "max_shell_constraint": 1.9424248481108294e-05, "runtime_s": 1046.1}
