grid: 1392 points, dz from 1.69e-04 (shell) to 8.00e-03 (far), wall width in z = 0.0127 -> 75 points across it
static shell: phi_h+1=8.785515e-07 y_b=8.22820155 rho_b=78.828177 phi_b=+2.2780e-05 junction residuals=(-2.8e-15,5.2e-14)
junction check on grid: Hc_b - sigma rho_b/6 = -3.60e-11 ; phiz_b + sigma' rho_b/2 = 4.32e-10
seed: dc=1.0e-04  max|a|=1.34e-05 max|f|=9.02e-05  f_b=+8.979e-05
t=  0.00 H0tau= 0.0000 phi_b=+1.125694e-04 H_J/H0=+1.000013 b_b=-1.342e-05 phi_min=-1.0000 M_bulk=0.0e+00@z=-9.924 M_shell=0.0e+00  [0s]
t=  0.50 H0tau= 0.4998 phi_b=+1.766962e-04 H_J/H0=+0.999987 b_b=-2.222e-05 phi_min=-1.0000 M_bulk=1.2e-05@z=-0.532 M_shell=1.8e-08  [25s]
t=  1.00 H0tau= 0.9995 phi_b=+3.700364e-04 H_J/H0=+0.999966 b_b=-4.942e-05 phi_min=-1.0000 M_bulk=3.3e-05@z=-1.020 M_shell=1.2e-08  [49s]
t=  1.50 H0tau= 1.4992 phi_b=+8.169941e-04 H_J/H0=+0.999922 b_b=-1.115e-04 phi_min=-1.0000 M_bulk=4.4e-05@z=-1.516 M_shell=1.1e-08  [71s]
t=  2.00 H0tau= 1.9989 phi_b=+1.839684e-03 H_J/H0=+0.999821 b_b=-2.522e-04 phi_min=-1.0000 M_bulk=4.8e-05@z=-2.020 M_shell=9.3e-09  [96s]
t=  2.50 H0tau= 2.4985 phi_b=+4.176096e-03 H_J/H0=+0.999588 b_b=-5.728e-04 phi_min=-1.0000 M_bulk=4.8e-05@z=-2.516 M_shell=9.0e-09  [123s]
t=  3.00 H0tau= 2.9978 phi_b=+9.499898e-03 H_J/H0=+0.999046 b_b=-1.306e-03 phi_min=-1.0000 M_bulk=4.6e-05@z=-3.012 M_shell=1.7e-08  [147s]
t=  3.50 H0tau= 3.4965 phi_b=+2.155910e-02 H_J/H0=+0.997761 b_b=-2.994e-03 phi_min=-1.0000 M_bulk=7.7e-05@z=-0.924 M_shell=1.8e-08  [168s]
t=  4.00 H0tau= 3.9939 phi_b=+4.850633e-02 H_J/H0=+0.994606 b_b=-6.934e-03 phi_min=-1.0000 M_bulk=1.8e-04@z=-0.932 M_shell=1.6e-08  [187s]
t=  4.50 H0tau= 4.4883 phi_b=+1.068738e-01 H_J/H0=+0.986446 b_b=-1.633e-02 phi_min=-1.0000 M_bulk=4.1e-04@z=-0.932 M_shell=4.9e-08  [207s]
t=  5.00 H0tau= 4.9751 phi_b=+2.245996e-01 H_J/H0=+0.964638 b_b=-3.931e-02 phi_min=-1.0000 M_bulk=9.5e-04@z=-0.916 M_shell=3.7e-07  [226s]
t=  5.50 H0tau= 5.4444 phi_b=+4.272227e-01 H_J/H0=+0.911441 b_b=-9.496e-02 phi_min=-1.0000 M_bulk=2.4e-03@z=-0.844 M_shell=1.6e-06  [247s]
t=  6.00 H0tau= 5.8756 phi_b=+6.808976e-01 H_J/H0=+0.819911 b_b=-2.142e-01 phi_min=-1.0000 M_bulk=7.3e-03@z=-0.788 M_shell=5.4e-06  [269s]
t=  6.50 H0tau= 6.2437 phi_b=+8.732537e-01 H_J/H0=+0.731398 b_b=-4.130e-01 phi_min=-1.0000 M_bulk=2.2e-02@z=-0.828 M_shell=1.5e-05  [291s]
t=  7.00 H0tau= 6.5366 phi_b=+9.589212e-01 H_J/H0=+0.679001 b_b=-6.672e-01 phi_min=-1.0000 M_bulk=6.7e-02@z=-0.804 M_shell=2.7e-05  [312s]
t=  7.50 H0tau= 6.7570 phi_b=+9.869373e-01 H_J/H0=+0.632016 b_b=-1.016e+00 phi_min=-1.0000 M_bulk=3.2e-01@z=-0.588 M_shell=2.6e-05  [333s]
t=  8.00 H0tau= 6.8921 phi_b=+9.943448e-01 H_J/H0=+0.612170 b_b=-1.689e+00 phi_min=-1.0000 M_bulk=6.5e-01@z=-1.020 M_shell=3.8e-05  [354s]
t=  8.50 H0tau= 6.9556 phi_b=+9.962340e-01 H_J/H0=+0.597449 b_b=-2.490e+00 phi_min=-1.0000 M_bulk=7.9e-01@z=-1.484 M_shell=9.1e-05  [373s]
t=  9.00 H0tau= 6.9847 phi_b=+9.968776e-01 H_J/H0=+0.576518 b_b=-3.225e+00 phi_min=-1.0000 M_bulk=8.5e-01@z=-1.964 M_shell=2.2e-04  [392s]
t=  9.50 H0tau= 6.9992 phi_b=+9.971550e-01 H_J/H0=+0.546676 b_b=-3.879e+00 phi_min=-1.0000 M_bulk=8.7e-01@z=-2.460 M_shell=4.7e-04  [409s]
t= 10.00 H0tau= 7.0069 phi_b=+9.972931e-01 H_J/H0=+0.503375 b_b=-4.476e+00 phi_min=-1.0000 M_bulk=8.8e-01@z=-2.956 M_shell=9.3e-04  [427s]
t= 10.49 H0tau= 7.0113 phi_b=+9.973687e-01 H_J/H0=+0.438747 b_b=-5.035e+00 phi_min=-1.0000 M_bulk=8.8e-01@z=-3.460 M_shell=1.7e-03  [444s]
t= 10.99 H0tau= 7.0138 phi_b=+9.974132e-01 H_J/H0=+0.339538 b_b=-5.572e+00 phi_min=-1.0000 M_bulk=8.8e-01@z=-3.956 M_shell=3.0e-03  [462s]
t= 11.49 H0tau= 7.0153 phi_b=+9.974414e-01 H_J/H0=+0.183672 b_b=-6.094e+00 phi_min=-1.0000 M_bulk=8.8e-01@z=-4.460 M_shell=5.2e-03  [479s]
t= 11.99 H0tau= 7.0161 phi_b=+9.974609e-01 H_J/H0=-0.065309 b_b=-6.607e+00 phi_min=-1.0000 M_bulk=8.8e-01@z=-4.956 M_shell=9.0e-03  [497s]
{"tag": "runs/v2_t1e3_plus_c4_ext", "version": 2, "d": 0.0, "dc": 0.0001, "dz_fine": 0.00016941009177958398, "dz_coarse": 0.008, "n_points": 1392, "points_across_wall": 74.88231089137037, "closure": 4, "taper": 0.15, "L": 10.0, "t_det": 0.001, "t_end": 11.994234497962026, "H0_tau_end": 7.016148256035856, "stop_reason": "t_final", "phi_b_static": 2.2779572432385354e-05, "rho_b": 78.82817714224423, "phi_b_end": 0.9974608627382687, "HJ_over_H0_end": -0.06530911792996585, "growth_fit": null, "max_bulk_constraint": 0.8816360368199554, "max_shell_constraint": 0.008980022184576834, "runtime_s": 497.1}
