grid: 1392 points, dz from 1.69e-04 (shell) to 8.00e-03 (far), wall width in z = 0.0127 -> 75 points across it
static shell: phi_h+1=8.785515e-07 y_b=8.22820155 rho_b=78.828177 phi_b=+2.2780e-05 junction residuals=(-2.8e-15,5.2e-14)
junction check on grid: Hc_b - sigma rho_b/6 = -3.60e-11 ; phiz_b + sigma' rho_b/2 = 4.32e-10
seed: dc=1.0e-08  max|a|=1.26e-09 max|f|=8.65e-09  f_b=+8.607e-09
t=  0.00 H0tau= 0.0000 phi_b=+2.278818e-05 H_J/H0=+1.000000 b_b=-1.261e-09 phi_min=-1.0000 M_bulk=0.0e+00 M_shell=0.0e+00  [0s]
t=  0.50 H0tau= 0.4998 phi_b=+2.279433e-05 H_J/H0=+1.000000 b_b=-2.356e-09 phi_min=-1.0000 M_bulk=2.5e-08 M_shell=2.0e-11  [25s]
t=  1.00 H0tau= 0.9995 phi_b=+2.281287e-05 H_J/H0=+1.000000 b_b=-6.485e-09 phi_min=-1.0000 M_bulk=8.5e-08 M_shell=2.4e-12  [51s]
t=  1.50 H0tau= 1.4993 phi_b=+2.285574e-05 H_J/H0=+1.000000 b_b=-1.563e-08 phi_min=-1.0000 M_bulk=1.3e-07 M_shell=1.6e-12  [78s]
t=  2.00 H0tau= 1.9990 phi_b=+2.295393e-05 H_J/H0=+1.000000 b_b=-3.447e-08 phi_min=-1.0000 M_bulk=1.3e-07 M_shell=1.3e-12  [101s]
t=  2.50 H0tau= 2.4988 phi_b=+2.317870e-05 H_J/H0=+1.000000 b_b=-7.401e-08 phi_min=-1.0000 M_bulk=1.4e-07 M_shell=1.1e-12  [136s]
t=  3.00 H0tau= 2.9986 phi_b=+2.369323e-05 H_J/H0=+1.000000 b_b=-1.590e-07 phi_min=-1.0000 M_bulk=1.3e-07 M_shell=1.7e-12  [173s]
t=  3.50 H0tau= 3.4983 phi_b=+2.487107e-05 H_J/H0=+1.000000 b_b=-3.444e-07 phi_min=-1.0000 M_bulk=1.3e-07 M_shell=1.6e-12  [209s]
t=  4.00 H0tau= 3.9981 phi_b=+2.756731e-05 H_J/H0=+1.000000 b_b=-7.534e-07 phi_min=-1.0000 M_bulk=1.3e-07 M_shell=3.7e-12  [242s]
t=  4.50 H0tau= 4.4978 phi_b=+3.373938e-05 H_J/H0=+0.999999 b_b=-1.663e-06 phi_min=-1.0000 M_bulk=1.2e-07 M_shell=7.8e-12  [268s]
t=  5.00 H0tau= 4.9976 phi_b=+4.786794e-05 H_J/H0=+0.999998 b_b=-3.698e-06 phi_min=-1.0000 M_bulk=1.2e-07 M_shell=1.9e-11  [297s]
t=  5.50 H0tau= 5.4974 phi_b=+8.020931e-05 H_J/H0=+0.999994 b_b=-8.273e-06 phi_min=-1.0000 M_bulk=1.7e-07 M_shell=4.5e-11  [339s]
t=  6.00 H0tau= 5.9971 phi_b=+1.542385e-04 H_J/H0=+0.999987 b_b=-1.860e-05 phi_min=-1.0000 M_bulk=4.2e-07 M_shell=1.1e-10  [396s]
t=  6.50 H0tau= 6.4969 phi_b=+3.236771e-04 H_J/H0=+0.999970 b_b=-4.199e-05 phi_min=-1.0000 M_bulk=9.9e-07 M_shell=2.5e-10  [436s]
t=  7.00 H0tau= 6.9966 phi_b=+7.114162e-04 H_J/H0=+0.999932 b_b=-9.510e-05 phi_min=-1.0000 M_bulk=2.3e-06 M_shell=5.6e-10  [468s]
t=  7.50 H0tau= 7.4963 phi_b=+1.598328e-03 H_J/H0=+0.999845 b_b=-2.160e-04 phi_min=-1.0000 M_bulk=5.5e-06 M_shell=1.3e-09  [501s]
t=  8.00 H0tau= 7.9959 phi_b=+3.625059e-03 H_J/H0=+0.999643 b_b=-4.917e-04 phi_min=-1.0000 M_bulk=1.3e-05 M_shell=2.9e-09  [532s]
t=  8.50 H0tau= 8.4952 phi_b=+8.246070e-03 H_J/H0=+0.999175 b_b=-1.123e-03 phi_min=-1.0000 M_bulk=2.9e-05 M_shell=6.1e-09  [567s]
t=  9.00 H0tau= 8.9941 phi_b=+1.872816e-02 H_J/H0=+0.998070 b_b=-2.577e-03 phi_min=-1.0000 M_bulk=6.8e-05 M_shell=1.1e-08  [601s]
t=  9.50 H0tau= 9.4919 phi_b=+4.222709e-02 H_J/H0=+0.995376 b_b=-5.965e-03 phi_min=-1.0000 M_bulk=1.6e-04 M_shell=1.3e-08  [641s]
t= 10.00 H0tau= 9.9870 phi_b=+9.350389e-02 H_J/H0=+0.988474 b_b=-1.402e-02 phi_min=-1.0000 M_bulk=3.6e-04 M_shell=2.8e-08  [684s]
t= 10.49 H0tau=10.4757 phi_b=+1.986845e-01 H_J/H0=+0.970038 b_b=-3.365e-02 phi_min=-1.0000 M_bulk=8.3e-04 M_shell=2.8e-07  [722s]
t= 10.99 H0tau=10.9491 phi_b=+3.864770e-01 H_J/H0=+0.923643 b_b=-8.161e-02 phi_min=-1.0000 M_bulk=2.0e-03 M_shell=1.3e-06  [755s]
t= 11.49 H0tau=11.3888 phi_b=+6.383642e-01 H_J/H0=+0.837068 b_b=-1.877e-01 phi_min=-1.0000 M_bulk=6.0e-03 M_shell=4.4e-06  [785s]
t= 11.99 H0tau=11.7693 phi_b=+8.484518e-01 H_J/H0=+0.744169 b_b=-3.734e-01 phi_min=-1.0000 M_bulk=1.8e-02 M_shell=1.3e-05  [814s]
t= 12.49 H0tau=12.0752 phi_b=+9.499483e-01 H_J/H0=+0.685844 b_b=-6.205e-01 phi_min=-1.0000 M_bulk=5.5e-02 M_shell=2.4e-05  [841s]
t= 12.99 H0tau=12.3086 phi_b=+9.842574e-01 H_J/H0=+0.640468 b_b=-9.362e-01 phi_min=-1.0000 M_bulk=2.4e-01 M_shell=2.7e-05  [869s]
t= 13.49 H0tau=12.4592 phi_b=+9.937220e-01 H_J/H0=+0.614195 b_b=-1.554e+00 phi_min=-1.0000 M_bulk=6.1e-01 M_shell=3.4e-05  [895s]
{"tag": "runs/v2_t1e3_tiny_c4", "version": 2, "d": 0.0, "dc": 1e-08, "dz_fine": 0.00016941009177958398, "dz_coarse": 0.008, "n_points": 1392, "points_across_wall": 74.88231089137037, "closure": 4, "taper": 0.15, "L": 10.0, "t_det": 0.001, "t_end": 13.693417718503824, "H0_tau_end": 12.495406579566678, "stop_reason": "phi_b left [-1.6,0.995]", "phi_b_static": 2.2779572432385354e-05, "rho_b": 78.82817714224423, "phi_b_end": 0.9950169295404259, "HJ_over_H0_end": 0.6092015888692908, "growth_fit": {"growth_rate": 1.6570379986054993, "window": [2.238923772959882, 7.636329297043061], "n": 541}, "max_bulk_constraint": 0.6933610001437399, "max_shell_constraint": 4.545818523166462e-05, "runtime_s": 906.1}
