primary PASS_EXECUTION
independent PASS_EXECUTION
validation PASS_EXECUTION
validation_optimized PASS_EXECUTION
primary PASS_EXECUTION
independent PASS_EXECUTION
validation PASS_EXECUTION
validation_optimized PASS_EXECUTION
primary PASS_EXECUTION
independent PASS_EXECUTION
validation PASS_EXECUTION
validation_optimized PASS_EXECUTION
primary PASS_EXECUTION
independent PASS_EXECUTION
validation PASS_EXECUTION
validation_optimized PASS_EXECUTION
primary FAIL_EXECUTION
independent PASS_EXECUTION
primary PASS_EXECUTION
independent PASS_EXECUTION
validation PASS_EXECUTION
validation_optimized PASS_EXECUTION
primary PASS_EXECUTION
independent PASS_EXECUTION
validation PASS_EXECUTION
validation_optimized PASS_EXECUTION
primary PASS_EXECUTION
independent PASS_EXECUTION
validation PASS_EXECUTION
validation_optimized PASS_EXECUTION
primary FAIL_EXECUTION
independent PASS_EXECUTION
{"physical_evaluations": 0, "python_optimization": 0, "status": "PASS_SYNTHETIC_GUARDS", "tests_run": 32}
