primary_algebra PASS
source_jet_bridge PASS
stress_tail_algebra PASS
pulse_exact_proof PASS
finite_cutoff_ward_algebra PASS
validator_guards PASS
primary_algebra_optimized PASS
source_jet_bridge_optimized PASS
stress_tail_algebra_optimized PASS
pulse_exact_proof_optimized PASS
finite_cutoff_ward_algebra_optimized PASS
validator_guards_optimized PASS
primary PASS
independent_modes PASS
validation PASS
validation_optimized PASS
summary PASS
figures PASS
{
  "status": "PASS",
  "planned_commands": 18,
  "attempted_commands": 18,
  "successful_commands": 18
}
