A1_main_dstar_Y0.3_dc1e-4_dzf1e-3            FAIL-Weyl                                      r=0.4633   Om_r=0.785   Om_vac=-0.148  tp=11.3   end=12.8 relend=12.8
A1_main_dstar_Y0.3_dc1e-4_dzf5e-4            FAIL-Weyl                                      r=0.4629   Om_r=0.785   Om_vac=-0.148  tp=11.3   end=12.8 relend=12.8
A1_main_dstar_Y0.3_dc1e-2_dzf1e-3            FAIL-Weyl                                      r=0.4633   Om_r=0.785   Om_vac=-0.148  tp=9.9    end=11.3 relend=11.3
A1_main_dstar_Y0.3_dc1e-2_dzf5e-4            FAIL-Weyl                                      r=0.4629   Om_r=0.785   Om_vac=-0.148  tp=9.9    end=11.3 relend=11.3
main_Y0.5_dc1e-2_dzf1e-3                     FAIL-Weyl                                      r=0.2239   Om_r=0.943   Om_vac=-0.154  tp=10.5   end=15.1 relend=15.1
main_Y0.5_dc1e-2_dzf5e-4                     FAIL-Weyl                                      r=0.2237   Om_r=0.943   Om_vac=-0.154  tp=10.5   end=15.1 relend=15.1
main_Y0.7_dc1e-2_dzf1e-3                     FAIL-Weyl                                      r=0.1329   Om_r=1.036   Om_vac=-0.173  tp=11.5   end=20.0 relend=20.0
main_Y0.7_dc1e-2_dzf5e-4                     FAIL-Weyl                                      r=0.1326   Om_r=1.036   Om_vac=-0.173  tp=11.5   end=20.0 relend=20.0
A1_main_dstar_Y1_dc1e-4_dzf1e-3              PASS-conservative                              r=0.0739   Om_r=1.127   Om_vac=-0.210  tp=15.2   end=31.0 relend=31.0
A1_main_dstar_Y1_dc1e-4_dzf5e-4              PASS-conservative                              r=0.0734   Om_r=1.127   Om_vac=-0.210  tp=15.2   end=31.1 relend=31.1
A1_main_dstar_Y1_dc1e-2_dzf1e-3              PASS-conservative                              r=0.0738   Om_r=1.124   Om_vac=-0.207  tp=12.9   end=28.8 relend=27.3
A1_main_dstar_Y1_dc1e-2_dzf5e-4              PASS-conservative                              r=0.0734   Om_r=1.124   Om_vac=-0.207  tp=12.9   end=28.8 relend=28.8
main_Y1.5_dc1e-2_dzf1e-3                     PASS-conservative                              r=0.0371   Om_r=1.235   Om_vac=-0.281  tp=15.4   end=47.9 relend=42.6
main_Y1.5_dc1e-2_dzf5e-4                     PASS-conservative                              r=0.0360   Om_r=1.236   Om_vac=-0.280  tp=15.4   end=47.9 relend=43.1
main_Y2_dc1e-4_dzf1e-3                       INCONCLUSIVE (no plateau within the evolution) r=-        Om_r=-       Om_vac=-       tp=-      end=33.6 relend=33.6
main_Y2_dc1e-4_dzf5e-4                       PASS-combined                                  r=0.0215   Om_r=1.356   Om_vac=-0.385  tp=21.7   end=33.6 relend=33.6
fine_Y2_dc1e-4_dzf2.5e-4                     PASS-combined                                  r=0.0213   Om_r=1.356   Om_vac=-0.385  tp=21.7   end=33.6 relend=33.6
main_Y2_dc1e-2_dzf1e-3                       INCONCLUSIVE (no plateau within the evolution) r=-        Om_r=-       Om_vac=-       tp=-      end=51.5 relend=35.8
main_Y2_dc1e-2_dzf5e-4                       PASS-combined                                  r=0.0215   Om_r=1.357   Om_vac=-0.386  tp=18.2   end=54.9 relend=46.5
fine_Y2_dc1e-2_dzf2.5e-4                     PASS-combined                                  r=0.0213   Om_r=1.357   Om_vac=-0.386  tp=18.2   end=55.5 relend=55.5
A1_main_dstar_Y3_dc1e-4_dzf1e-3              INCONCLUSIVE (no plateau within the evolution) r=-        Om_r=-       Om_vac=-       tp=-      end=60.0 relend=36.3
A1_main_dstar_Y3_dc1e-4_dzf5e-4              INCONCLUSIVE (no plateau within the evolution) r=-        Om_r=-       Om_vac=-       tp=-      end=69.5 relend=44.7
main_Y3_dc1e-2_dzf1e-3                       INCONCLUSIVE (no plateau within the evolution) r=-        Om_r=-       Om_vac=-       tp=-      end=55.2 relend=30.7
A1_main_dstar_Y3_dc1e-2_dzf1e-3              INCONCLUSIVE (no plateau within the evolution) r=-        Om_r=-       Om_vac=-       tp=-      end=55.2 relend=30.7
main_Y3_dc1e-2_dzf5e-4                       INCONCLUSIVE (no plateau within the evolution) r=-        Om_r=-       Om_vac=-       tp=-      end=64.6 relend=43.8
A1_main_dstar_Y3_dc1e-2_dzf5e-4              INCONCLUSIVE (no plateau within the evolution) r=-        Om_r=-       Om_vac=-       tp=-      end=64.6 relend=43.8
fine_Y3_dc1e-2_dzf2.5e-4                     PASS-combined                                  r=0.0102   Om_r=1.658   Om_vac=-0.675  tp=23.5   end=71.0 relend=52.4
fine_Y3_dc1e-2_dzf1.25e-4                    PASS-combined                                  r=0.0101   Om_r=1.659   Om_vac=-0.675  tp=23.5   end=72.2 relend=58.8
main_Y5_dc1e-2_dzf1e-3_cfl0.25               INCONCLUSIVE (no plateau within the evolution) r=-        Om_r=-       Om_vac=-       tp=-      end=48.5 relend=27.6
main_Y5_dc1e-2_dzf5e-4_cfl0.25_ext           INCONCLUSIVE (no plateau within the evolution) r=-        Om_r=-       Om_vac=-       tp=-      end=56.6 relend=37.9
fine_Y5_dc1e-2_dzf2.5e-4_cfl0.25             INCONCLUSIVE (no plateau within the evolution) r=-        Om_r=-       Om_vac=-       tp=-      end=62.4 relend=43.3
fine_Y5_dc1e-2_dzf1.25e-4_cfl0.25            PASS-combined                                  r=0.0044   Om_r=3.217   Om_vac=-2.231  tp=35.1   end=63.6 relend=37.9
Y=0.5 dc=0.01 FAIL-Weyl primary pair 1e-3/5e-4 {'0.001/0.0005': (True, True, True)}
Y=0.7 dc=0.01 FAIL-Weyl primary pair 1e-3/5e-4 {'0.001/0.0005': (True, True, True)}
Y=1.5 dc=0.01 PASS-conservative primary pair 1e-3/5e-4 {'0.001/0.0005': (True, True, True)}
Y=2 dc=0.0001 PASS-combined secondary pair 5e-4/2.5e-4 {'0.0005/0.00025': (True, True, True), '0.001/0.0005': (False, None, True)}
Y=2 dc=0.01 PASS-combined secondary pair 5e-4/2.5e-4 {'0.0005/0.00025': (True, True, True), '0.001/0.0005': (False, None, True)}
Y=3 dc=0.01 PASS-combined tertiary pair 2.5e-4/1.25e-4 (third/fifth dated note) {'0.00025/0.000125': (True, True, True), '0.0005/0.00025': (False, None, True), '0.001/0.0005': (True, None, True)}
Y=5 dc=0.01 UNRELIABLE None {'0.00025/0.000125': (False, None, True), '0.0005/0.00025': (True, None, True), '0.001/0.0005': (True, None, True)}
{
"Y=0.5 dc=0.01": {
"pair": "0.001/0.0005",
"p=3.5": {
"plateau": {
"H0tau": 10.529955723450618,
"r": 0.22362518485799976,
"Omega_r": 0.9433194773216078,
"Omega_vac": -0.1542695343073205,
"H_over_H0": 0.046940053237369765,
"window_start_H0tau": 4.063044072959733
}
},
"p=4": {
"plateau": {
"H0tau": 10.529955723450618,
"r": 0.22363325179574273,
"Omega_r": 0.9433166052484709,
"Omega_vac": -0.15427358388540904,
"H_over_H0": 0.04694009540192112,
"window_start_H0tau": 4.063044072959733
}
},
"p=4.5": {
"plateau": {
"H0tau": 10.529955723450618,
"r": 0.22363869224556782,
"Omega_r": 0.943314668293263,
"Omega_vac": -0.1542763149605276,
"H_over_H0": 0.046940123838194465,
"window_start_H0tau": 4.063044072959733
}
}
},
"Y=0.7 dc=0.01": {
"pair": "0.001/0.0005",
"p=3.5": {
"plateau": {
"H0tau": 11.47604028476125,
"r": 0.13254810272403947,
"Omega_r": 1.0358811843635343,
"Omega_vac": -0.17318532300483555,
"H_over_H0": 0.044302379607902516,
"window_start_H0tau": 4.6498049119568154
}
},
"p=4": {
"plateau": {
"H0tau": 11.47604028476125,
"r": 0.13255768113457214,
"Omega_r": 1.0358771439430474,
"Omega_vac": -0.17319061765633087,
"H_over_H0": 0.04430243909944848,
"window_start_H0tau": 4.6498049119568154
}
},
"p=4.5": {
"plateau": {
"H0tau": 11.47604028476125,
"r": 0.13256414094133628,
"Omega_r": 1.0358744190457119,
"Omega_vac": -0.17319418841566223,
"H_over_H0": 0.04430247922125242,
"window_start_H0tau": 4.6498049119568154
}
}
},
"Y=1.5 dc=0.01": {
"pair": "0.001/0.0005",
"p=3.5": {
"plateau": {
"H0tau": 15.596865705098267,
"r": 0.035918184204270794,
"Omega_r": 1.2434869392956949,
"Omega_vac": -0.2881511381644862,
"H_over_H0": 0.03434468750178693,
"window_start_H0tau": 6.994064412334229
}
},
"p=4": {
"plateau": {
"H0tau": 15.442739568636451,
"r": 0.03595196208420379,
"Omega_r": 1.2359536759232566,
"Omega_vac": -0.2803887369928148,
"H_over_H0": 0.03481852245148073,
"window_start_H0tau": 6.954608345312029
}
},
"p=4.5": {
"plateau": {
"H0tau": 15.442739568636451,
"r": 0.03597338746040904,
"Omega_r": 1.235942888065852,
"Omega_vac": -0.28040385325371586,
"H_over_H0": 0.034818651853634065,
"window_start_H0tau": 6.954608345312029
}
}
},
"Y=2 dc=0.0001": {
"pair": "0.0005/0.00025",
"p=3.5": {
"plateau": {
"H0tau": 21.84469045323101,
"r": 0.021282201547604265,
"Omega_r": 1.367386190562159,
"Omega_vac": -0.39648731824622774,
"H_over_H0": 0.029280103999985926,
"window_start_H0tau": 12.000632609982004
}
},
"p=4": {
"plateau": {
"H0tau": 21.84469045323101,
"r": 0.02128795702074697,
"Omega_r": 1.3673826860569576,
"Omega_vac": -0.3964915551700362,
"H_over_H0": 0.02928013716056987,
"window_start_H0tau": 12.000632609982004
}
},
"p=4.5": {
"plateau": {
"H0tau": 21.84469045323101,
"r": 0.02129183858200712,
"Omega_r": 1.3673803225840842,
"Omega_vac": -0.3964944125902741,
"H_over_H0": 0.029280159524460832,
"window_start_H0tau": 12.000632609982004
}
}
},
"Y=2 dc=0.01": {
"pair": "0.0005/0.00025",
"p=3.5": {
"plateau": {
"H0tau": 18.20157110470227,
"r": 0.02128250896107748,
"Omega_r": 1.357
{"power_law_reliable": {"note": "includes A1 Y = 0.3, 1 (dc 1e-2) as context points", "local_slopes": [1.4240651848721981, 1.5540953277173166, 1.6589784563646681, 1.754366270270616, 1.8264618198847618, 1.836338130268754], "points": [[0.3, 0.4629114640100185], [0.5, 0.22365100578666058], [0.7, 0.1325787616239562], [1.0, 0.07336601725650813], [1.5, 0.03602188025961443], [2.0, 0.021299555782589328], [3.0, 0.010115968133639859]], "a": 0.06854781691224872, "p": 1.6699102108734423, "max_rel_dev": 0.10574821674065982}, "trend": {"points": [{"Y": 0.3, "r": 0.4629114640100185, "Wa4_over_int_v2a4": 0.04020632676634151, "source": "A1", "radiation_share_1_over_1_plus_r": 0.6835683666452912}, {"Y": 0.5, "r": 0.22365100578666058, "Wa4_over_int_v2a4": 0.03237841109548481, "source": "B3", "radiation_share_1_over_1_plus_r": 0.8172264765615259}, {"Y": 0.7, "r": 0.1325787616239562, "Wa4_over_int_v2a4": 0.02687070073684692, "source": "B3", "radiation_share_1_over_1_plus_r": 0.8829408018972056}, {"Y": 1.0, "r": 0.07336601725650813, "Wa4_over_int_v2a4": 0.021240950322045357, "source": "A1", "radiation_share_1_over_1_plus_r": 0.9316486491308628}, {"Y": 1.5, "r": 0.03602188025961443, "Wa4_over_int_v2a4": 0.015641735417581834, "source": "B3", "radiation_share_1_over_1_plus_r": 0.965230579637384}, {"Y": 2.0, "r": 0.021299555782589328, "Wa4_over_int_v2a4": 0.012330537011172647, "source": "B3", "radiation_share_1_over_1_plus_r": 0.9791446538265963}, {"Y": 3.0, "r": 0.010115968133639859, "Wa4_over_int_v2a4": 0.008783242703337765, "source": "B3", "radiation_share_1_over_1_plus_r": 0.9899853398493138}], "Wa4_over_int_v2a4_power": -0.6700802147080035, "r_power": -1.6699102108734427, "Y_at_r_0p03_from_fit": 1.6402316632675111, "explanation": "R a^4 = Y int v^2 a^4 dtau exactly (ledger; checked: ratio 1.000), so r = (18/sigma)(W a^4/int v^2 a^4)/Y at low energy. The Weyl yield per unit a^4-weighted kinetic integral itself falls as Y^q (q fitted), so r ~ Y^(q-1)."}}
Y=0.5 dc=0.01 ratios_all {'3H': 381.9, 'noR': 2.8, 'R3': 3.7, 'Rneg': 2.5, 'noYw': 853.4} R_window 81 {'noR': 70.6, 'R3': 136.3, 'Rneg': 142.1} ok 3.58603518116645e-05
Y=0.7 dc=0.01 ratios_all {'3H': 320.8, 'noR': 2.7, 'R3': 3.4, 'Rneg': 2.4, 'noYw': 1121.4} R_window 91 {'noR': 81.7, 'R3': 157.4, 'Rneg': 162.4} ok 3.372289377722116e-05
Y=1.5 dc=0.01 ratios_all {'3H': 429.6, 'noR': 8.9, 'R3': 17.4, 'Rneg': 8.5, 'noYw': 3838.1} R_window 132 {'noR': 157.2, 'R3': 306.3, 'Rneg': 314.3} ok 1.435310144273689e-05
Y=2 dc=0.0001 ratios_all {'3H': 561.3, 'noR': 8.6, 'R3': 11.3, 'Rneg': 12.0, 'noYw': 32388.9} R_window 145 {'noR': 197.7, 'R3': 384.1, 'Rneg': 396.4} ok 1.7863558641947421e-06
Y=2 dc=0.01 ratios_all {'3H': 322.2, 'noR': 12.6, 'R3': 19.9, 'Rneg': 15.1, 'noYw': 6330.1} R_window 142 {'noR': 194.8, 'R3': 378.3, 'Rneg': 388.0} ok 9.58288580398934e-06
Y=3 dc=0.01 ratios_all {'3H': 267.3, 'noR': 32.8, 'R3': 53.7, 'Rneg': 46.6, 'noYw': 16007.8} R_window 164 {'noR': 358.1, 'R3': 705.6, 'Rneg': 716.6} ok 4.215978667080723e-06
Y=5 dc=0.01 ratios_all {'3H': 2022.9, 'noR': 138.1, 'R3': 211.8, 'Rneg': 213.5, 'noYw': 155842.4} R_window 132 {'noR': 674.9, 'R3': 1317.1, 'Rneg': 1306.7} ok 4.7117155044720567e-07
A1 Y=0.3 dc=0.0001 ratios_all {'3H': 737.1, 'noR': 4.7, 'R3': 5.0, 'Rneg': 4.6, 'noYw': 2016.8} R_window 60 {'noR': 43.6, 'R3': 80.6, 'Rneg': 85.9} ok 1.0253874258131711e-05
A1 Y=0.3 dc=0.01 ratios_all {'3H': 322.6, 'noR': 3.0, 'R3': 3.6, 'Rneg': 2.7, 'noYw': 329.6} R_window 61 {'noR': 40.1, 'R3': 74.7, 'Rneg': 79.4} ok 5.364111609005284e-05
A1 Y=1 dc=0.0001 ratios_all {'3H': 664.6, 'noR': 7.1, 'R3': 8.7, 'Rneg': 7.7, 'noYw': 9001.7} R_window 113 {'noR': 118.6, 'R3': 230.1, 'Rneg': 236.2} ok 4.990383749421468e-06
A1 Y=1 dc=0.01 ratios_all {'3H': 366.4, 'noR': 3.3, 'R3': 5.4, 'Rneg': 3.3, 'noYw': 1859.9} R_window 105 {'noR': 101.9, 'R3': 199.5, 'Rneg': 205.1} ok 2.4811824506354674e-05
A1 Y=3 dc=0.0001 ratios_all {'3H': 123.6, 'noR': 13.3, 'R3': 16.9, 'Rneg': 17.3, 'noYw': 64075.1} R_window 161 {'noR': 325.5, 'R3': 639.7, 'Rneg': 653.8} ok 9.888366802469294e-07
A1 Y=3 dc=0.01 ratios_all {'3H': 248.6, 'noR': 40.3, 'R3': 77.1, 'Rneg': 55.7, 'noYw': 10955.3} R_window 164 {'noR': 358.1, 'R3': 705.6, 'Rneg': 716.6} ok 6.3083844566398e-06
