== BVP_SCAN_c0 c= 0.0
 delta 0.0001  H2 rel_dev by order: ['7.5e-5', '5.96933e-44', '1.65815e-41', '1.65815e-37', '1.65815e-33', '1.65815e-29', '1.65815e-25', '1.65815e-21']  eta_b: ['0.0', '0.0', '0.0', '0.0', '0.0', '0.0', '0.0', '0.0']
 delta 0.001  H2 rel_dev by order: ['0.00075', '2.49067e-45', '6.91852e-44', '6.91852e-41', '6.91852e-38', '6.91852e-35', '6.91852e-32', '6.91852e-29']  eta_b: ['0.0', '0.0', '0.0', '0.0', '0.0', '0.0', '0.0', '0.0']
 delta 0.01  H2 rel_dev by order: ['0.0075', '1.01333e-47', '2.81481e-47', '2.81481e-45', '2.81481e-43', '2.81481e-41', '2.81481e-39', '2.81481e-37']  eta_b: ['0.0', '0.0', '0.0', '0.0', '0.0', '0.0', '0.0', '0.0']
 delta 0.1  H2 rel_dev by order: ['0.075', '6.66667e-50', '1.85185e-50', '1.85185e-49', '1.85185e-48', '1.85185e-47', '1.85185e-46', '1.85185e-45']  eta_b: ['0.0', '0.0', '0.0', '0.0', '0.0', '0.0', '0.0', '0.0']
== BVP_SCAN_cm04 c= -0.4
 delta 0.0001  H2 rel_dev by order: ['4.31248e-5', '3.93148e-6', '6.59284e-7', '3.16327e-5', '3.81146e-6', '7.69317e-6', '2.09779e-5', '4.03975e-6']  eta_b: ['1.94833e-6', '1.81395e-5', '8.05306e-7', '0.000102587', '5.96074e-6', '1.25832e-5', '1.57358e-5', '2.96361e-6']
 delta 0.0002  H2 rel_dev by order: ['8.62493e-5', '7.86296e-6', '1.31853e-6', '6.32651e-5', '7.62297e-6', '1.5386e-5', '4.19556e-5', '6.89272e-6']  eta_b: ['3.8966e-6', '3.62789e-5', '1.61078e-6', '0.000205174', '1.19216e-5', '2.5166e-5', '3.14717e-5', '5.51144e-6']
 delta 0.0004  H2 rel_dev by order: ['0.000172497', '1.57259e-5', '2.63689e-6', '0.000126529', '1.52462e-5', '3.07708e-5', '8.39106e-5', '1.37728e-5']  eta_b: ['7.79291e-6', '7.25578e-5', '3.22222e-6', '0.000410342', '2.38439e-5', '5.03304e-5', '6.29437e-5', '1.1019e-5']
 delta 0.0008  H2 rel_dev by order: ['0.000344989', '3.1452e-5', '5.27311e-6', '0.000253055', '3.04933e-5', '6.15364e-5', '0.000167819', '2.75481e-5']  eta_b: ['1.55847e-5', '0.000145115', '6.44707e-6', '0.000820665', '4.76902e-5', '0.000100654', '0.000125889', '2.20339e-5']
 delta 0.0016  H2 rel_dev by order: ['0.000689957', '6.29043e-5', '1.05435e-5', '0.000506094', '6.09903e-5', '0.000123052', '0.000335629', '5.51064e-5']  eta_b: ['3.11649e-5', '0.000290228', '1.29047e-5', '0.00164125', '9.53899e-5', '0.000201283', '0.000251783', '4.40518e-5']
 delta 0.0032  H2 rel_dev by order: ['0.00137983', '0.00012581', '2.10764e-5', '0.00101213', '0.000121996', '0.000246022', '0.00067122', '0.000110254']  eta_b: ['6.23116e-5', '0.000580449', '2.58517e-5', '0.00328219', '0.000190818', '0.000402465', '0.000503588', '8.80393e-5']
 delta 0.0064  H2 rel_dev by order: ['0.00275931', '0.000251625', '4.21101e-5', '0.002024', '0.000244051', '0.000491713', '0.00134229', '0.000220671']  eta_b: ['0.000124551', '0.00116087', '5.18725e-5', '0.00656312', '0.00038179', '0.000804525', '0.00100726', '0.000175822']
{
"eta_b": {
"q3": {
"extrapolated_7pt": "-0.0001988012984807312253",
"extrapolated_5pt": "-0.0001988012984807312253",
"exact": "-0.0001988012984807312253",
"rel_err_7pt": "2.558e-29"
},
"q4": {
"extrapolated_7pt": "1.6007946675604708678e-6",
"extrapolated_5pt": "1.6007946675604704832e-6",
"exact": "1.6007946675604708678e-6",
"rel_err_7pt": "6.312e-23"
},
"q5": {
"extrapolated_7pt": "1.642222917244372521e-6",
"extrapolated_5pt": "1.6422229172467761574e-6",
"exact": "1.6422229172443725217e-6",
"rel_err_7pt": "4.04e-19"
}
},
"H2": {
"q3": {
"extrapolated_7pt": "-0.00037676630434782608696",
"extrapolated_5pt": "-0.00037676630434782608696",
"exact": "-0.00037676630434782608696",
"rel_err_7pt": "2.161e-30"
},
"q4": {
"extrapolated_7pt": "-2.4840391860177865613e-6",
"extrapolated_5pt": "-2.4840391860177866572e-6",
"exact": "-2.4840391860177865613e-6",
"rel_err_7pt": "6.472e-24"
},
"q5": {
"extrapolated_7pt": "7.8577080247682616325e-7",
"extrapolated_5pt": "7.8577080247742545563e-7",
"exact": "7.8577080247682616335e-7",
"rel_err_7pt": "1.34e-19"
}
}
}
{
"delta": "0.0001",
"exact_q4": "-2.48403918601779e-6",
"correct_scaled_remainder": "-2.48396060923703e-6",
"wrong_q3_times_1p1e4_scaled_remainder": "0.000374282343738589",
"perturbed_c_1e6_scaled_remainder": "14816.2314834654",
"wrong_rel_dev": "151.7",
"correct_rel_dev": "3.163e-5",
"perturbed_rel_dev": "5.965e+9"
}
== BVP_SCAN_cp13 c= 1.3
 delta 0.0001  H2 rel_dev by order: ['0.000167332', '1.11837e-5', '1.95924e-5', '1.90282e-5', '3.27561e-5', '5.20747e-5', '5.76897e-5', '6.20175e-5']  eta_b: ['3.08563e-5', '3.20287e-5', '4.08139e-5', '5.02223e-5', '5.4062e-5', '5.44537e-5', '5.31898e-5', '4.95971e-5']
 delta 0.0002  H2 rel_dev by order: ['0.00033466', '2.23678e-5', '3.91856e-5', '3.80576e-5', '6.55156e-5', '0.000104155', '0.000115387', '0.000124044']  eta_b: ['6.17146e-5', '6.40599e-5', '8.16319e-5', '0.00010045', '0.00010813', '0.000108913', '0.000106385', '9.91983e-5']
 delta 0.0004  H2 rel_dev by order: ['0.000669304', '4.47373e-5', '7.83742e-5', '7.61201e-5', '0.000131045', '0.000208335', '0.000230802', '0.000248121']  eta_b: ['0.000123437', '0.00012813', '0.00016328', '0.000200922', '0.000216283', '0.00021785', '0.000212791', '0.000198413']
 delta 0.0008  H2 rel_dev by order: ['0.00133855', '8.94817e-5', '0.00015676', '0.00015226', '0.000262144', '0.000416766', '0.000461718', '0.000496378']  eta_b: ['0.000246906', '0.000256303', '0.000326626', '0.00040193', '0.000432661', '0.000435792', '0.000425666', '0.00039689']
 delta 0.0016  H2 rel_dev by order: ['0.00267686', '0.000178991', '0.000313568', '0.0003046', '0.000524507', '0.000833916', '0.000923895', '0.000993298']  eta_b: ['0.000493938', '0.000512773', '0.000653515', '0.000804208', '0.000865699', '0.000871955', '0.00085167', '0.000794038']
 delta 0.0032  H2 rel_dev by order: ['0.00535276', '0.000358095', '0.000627328', '0.00060952', '0.00104989', '0.00166937', '0.00184963', '0.00198877']  eta_b: ['0.000988383', '0.00102622', '0.00130808', '0.00160981', '0.00173291', '0.0017454', '0.00170469', '0.00158911']
 delta 0.0064  H2 rel_dev by order: ['0.0107017', '0.00071664', '0.00125542', '0.00122032', '0.00210329', '0.00334494', '0.00370663', '0.00398627']  eta_b: ['0.0019788', '0.00205512', '0.00262038', '0.00322521', '0.00347188', '0.00349675', '0.00341481', '0.00318234']
{
"eta_b": {
"q3": {
"extrapolated_7pt": "-0.018065782783719390749",
"extrapolated_5pt": "-0.018065782783719390754",
"exact": "-0.018065782783719390749",
"rel_err_7pt": "1.357e-24"
},
"q4": {
"extrapolated_7pt": "-0.0073729812954996595702",
"extrapolated_5pt": "-0.0073729812954995443862",
"exact": "-0.0073729812954996595707",
"rel_err_7pt": "6.6e-20"
},
"q5": {
"extrapolated_7pt": "-0.003702677689894560542",
"extrapolated_5pt": "-0.0037026776906144216699",
"exact": "-0.0037026776898945573486",
"rel_err_7pt": "8.625e-16"
}
},
"H2": {
"q3": {
"extrapolated_7pt": "-0.015941278518455615942",
"extrapolated_5pt": "-0.015941278518455615943",
"exact": "-0.015941278518455615942",
"rel_err_7pt": "3.287e-25"
},
"q4": {
"extrapolated_7pt": "-0.0031232243767086225064",
"extrapolated_5pt": "-0.0031232243767086108842",
"exact": "-0.0031232243767086225065",
"rel_err_7pt": "3.329e-20"
},
"q5": {
"extrapolated_7pt": "-0.00059427261764603262847",
"extrapolated_5pt": "-0.00059427261771866630252",
"exact": "-0.00059427261764603194611",
"rel_err_7pt": "1.148e-15"
}
}
}
{
"delta": "0.0001",
"exact_q4": "-0.00312322437670862",
"correct_scaled_remainder": "-0.00312328380591699",
"wrong_q3_times_1p1e4_scaled_remainder": "0.0128179947125386",
"perturbed_c_1e6_scaled_remainder": "-48163.8817681665",
"wrong_rel_dev": "5.104",
"correct_rel_dev": "1.903e-5",
"perturbed_rel_dev": "1.542e+7"
}
== BVP_SCAN_reg c= 0.5975949350
 delta 0.0001  H2 rel_dev by order: ['0.000118247', '3.32191e-6', '1.28204e-5', '1.08022e-5', '1.58326e-5', '3.25054e-5', '4.01176e-5', '4.15346e-5']  eta_b: ['1.89119e-5', '1.69198e-5', '1.68694e-5', '1.6042e-5', '5.51154e-6', '0.000154457', '8.56632e-5', '6.12325e-5']
 delta 0.0002  H2 rel_dev by order: ['0.000236494', '6.64391e-6', '2.56411e-5', '2.16047e-5', '3.16663e-5', '6.50135e-5', '8.02385e-5', '8.30721e-5']  eta_b: ['3.78244e-5', '3.38402e-5', '3.37393e-5', '3.20842e-5', '1.10214e-5', '0.000308941', '0.000171337', '0.000122472']
 delta 0.0004  H2 rel_dev by order: ['0.000472985', '1.32882e-5', '5.12833e-5', '4.32108e-5', '6.33366e-5', '0.000130037', '0.00016049', '0.000166159']  eta_b: ['7.56513e-5', '6.76826e-5', '6.74808e-5', '6.4169e-5', '2.20359e-5', '0.000617988', '0.000342716', '0.000244971']
 delta 0.0008  H2 rel_dev by order: ['0.000945958', '2.65777e-5', '0.000102571', '8.6427e-5', '0.00012669', '0.000260117', '0.000321034', '0.000332376']  eta_b: ['0.000151313', '0.000135374', '0.00013497', '0.000128341', '4.40446e-5', '0.0012364', '0.000685599', '0.00049005']
 delta 0.0016  H2 rel_dev by order: ['0.00189187', '5.31608e-5', '0.00020516', '0.000172876', '0.000253445', '0.0005204', '0.000642282', '0.000664985']  eta_b: ['0.000302667', '0.000270785', '0.000269975', '0.000256693', '8.798e-5', '0.00247449', '0.00137187', '0.000980533']
 delta 0.0032  H2 rel_dev by order: ['0.00378353', '0.000106343', '0.00041039', '0.000345839', '0.000507155', '0.00104147', '0.00128542', '0.0013309']  eta_b: ['0.000605497', '0.000541717', '0.000540089', '0.000513431', '0.000175522', '0.00495578', '0.00274643', '0.00196281']
 delta 0.0064  H2 rel_dev by order: ['0.00756625', '0.000212774', '0.000821065', '0.00069203', '0.00101537', '0.00208562', '0.00257426', '0.00266555']  eta_b: ['0.00121165', '0.00108402', '0.00108073', '0.00102704', '0.000349287', '0.00993881', '0.00550367', '0.00393259']
 delta 0.0003  H2 rel_dev by order: ['0.00035474', '9.96599e-6', '3.8462e-5', '3.24076e-5', '4.75009e-5', '9.75241e-5', '0.000120363', '0.000124614']  eta_b: ['5.67375e-5', '5.07611e-5', '5.06098e-5', '4.81265e-5', '1.65295e-5', '0.000463451', '0.000257021', '0.000183718']
 delta 0.001  H2 rel_dev by order: ['0.00118244', '3.32229e-5', '0.000128216', '0.000108037', '0.000158372', '0.000325172', '0.000401326', '0.000415506']  eta_b: ['0.000189148', '0.000169224', '0.000168718', '0.000160428', '5.50387e-5', '0.00154576', '0.000857104', '0.00061263']
 delta 0.003  H2 rel_dev by order: ['0.00354708', '9.96944e-5', '0.000384733', '0.000324214', '0.000475427', '0.000976299', '0.00120498', '0.00124761']  eta_b: ['0.000567635', '0.000507843', '0.000506317', '0.000481336', '0.000164604', '0.00464525', '0.00257447', '0.00183993']
 delta 0.01  H2 rel_dev by order: ['0.0118209', '0.000332613', '0.00128341', '0.00108192', '0.00158838', '0.00326351', '0.00402833', '0.00417153']  eta_b: ['0.00189436', '0.00169481', '0.00168962', '0.00160506', '0.000542652', '0.0155775', '0.00861853', '0.00615698']
 delta 0.03  H2 rel_dev by order: ['0.0354389', '0.00100041', '0.0038586', '0.00325614', '0.00479651', '0.00987008', '0.0121867', '0.0126259']  eta_b: ['0.00570241', '0.00510167', '0.00508513', '0.00482015', '0.00157509', '0.0475461', '0.0261774', '0.0186787']
 delta 0.1  H2 rel_dev by order: ['0.11785', '0.00336492', '0.012961', '0.0109788', '0.0163682', '0.0338647', '0.0418585', '0.043439']  eta_b: ['0.019237', '0.0172095', '0.017141', '0.0161154', '0.00458339', '0.16853', '0.0912047', '0.0647549']
{
"eta_b": {
"q3": {
"extrapolated_7pt": "-0.00268896136433835653",
"extrapolated_5pt": "-0.0026889613643383565299",
"exact": "-0.00268896136433835653",
"rel_err_7pt": "1.412e-25"
},
"q4": {
"extrapolated_7pt": "-0.00045360428297889124495",
"extrapolated_5pt": "-0.00045360428297889229973",
"exact": "-0.00045360428297889124495",
"rel_err_7pt": "1.661e-20"
},
"q5": {
"extrapolated_7pt": "-0.00007276677770644550623",
"extrapolated_5pt": "-0.00007276677769985358378",
"exact": "-0.000072766777706445555669",
"rel_err_7pt": "6.794e-16"
}
},
"H2": {
"q3": {
"extrapolated_7pt": "-0.0023242272504605568046",
"extrapolated_5pt": "-0.0023242272504605568046",
"exact": "-0.0023242272504605568046",
"rel_err_7pt": "1.098e-26"
},
"q4": {
"extrapolated_7pt": "-0.00029797207582611769379",
"extrapolated_5pt": "-0.00029797207582611756179",
"exact": "-0.00029797207582611769379",
"rel_err_7pt": "1.699e-21"
},
"q5": {
"extrapolated_7pt": "-0.000032186957622333857987",
"extrapolated_5pt": "-0.000032186957623158801544",
"exact": "-0.000032186957622333854665",
"rel_err_7pt": "1.032e-16"
}
}
}
{
"delta": "0.0001",
"exact_q4": "-0.000297972075826118",
"correct_scaled_remainder": "-0.00029797529457284",
"wrong_q3_times_1p1e4_scaled_remainder": "0.00202625195588772",
"perturbed_c_1e6_scaled_remainder": "-22138.2639556655",
"wrong_rel_dev": "7.8",
"correct_rel_dev": "1.08e-5",
"perturbed_rel_dev": "7.43e+7"
}
== BVP_SCAN_reg_conv c= 0.5975949350
 delta 0.0001  H2 rel_dev by order: ['0.000118247', '3.32191e-6', '1.28204e-5', '1.08022e-5', '1.58326e-5', '3.25054e-5', '4.01176e-5', '4.15342e-5']  eta_b: ['1.89119e-5', '1.69198e-5', '1.68694e-5', '1.6042e-5', '5.51154e-6', '0.000154457', '8.56632e-5', '6.12325e-5']
 delta 0.0008  H2 rel_dev by order: ['0.000945958', '2.65777e-5', '0.000102571', '8.6427e-5', '0.00012669', '0.000260117', '0.000321034', '0.000332376']  eta_b: ['0.000151313', '0.000135374', '0.00013497', '0.000128341', '4.40446e-5', '0.0012364', '0.000685599', '0.00049005']
 delta 0.0064  H2 rel_dev by order: ['0.00756625', '0.000212774', '0.000821065', '0.00069203', '0.00101537', '0.00208562', '0.00257426', '0.00266555']  eta_b: ['0.00121165', '0.00108402', '0.00108073', '0.00102704', '0.000349287', '0.00993881', '0.00550367', '0.00393259']
 delta 0.1  H2 rel_dev by order: ['0.11785', '0.00336492', '0.012961', '0.0109788', '0.0163682', '0.0338647', '0.0418585', '0.043439']  eta_b: ['0.019237', '0.0172095', '0.017141', '0.0161154', '0.00458339', '0.16853', '0.0912047', '0.0647549']
[
{
"eta_b": "3.167e-43",
"H2": "4.33e-43",
"rho_b": "2.165e-43",
"eta_h": "3.569e-42",
"y_b": "4.794e-44",
"delta": "0.0001"
},
{
"eta_b": "3.97e-43",
"H2": "1.915e-42",
"rho_b": "9.574e-43",
"eta_h": "2.387e-41",
"y_b": "2.748e-43",
"delta": "0.0008"
},
{
"eta_b": "3.303e-39",
"H2": "1.114e-38",
"rho_b": "5.57e-39",
"eta_h": "1.041e-37",
"y_b": "2.244e-39",
"delta": "0.0064"
},
{
"eta_b": "2.449e-32",
"H2": "2.842e-32",
"rho_b": "1.421e-32",
"eta_h": "1.817e-31",
"y_b": "1.024e-32",
"delta": "0.1"
}
]
