{
 "status": "EXACT (rational arithmetic) resonance probe + NUMERICAL remainder fits",
 "S_2_7": "-24576/17",
 "S_2_7_float": -1445.6470588235295,
 "secular_coefficient_kappa": "768/17",
 "kappa_float": 45.1764705882353,
 "max_abs_lower_degree_residual": "0",
 "interpretation": "S_2_7 != 0: the regular solution contains kappa*u*alpha^2 e^{14u}. At the shell this can be absorbed into the locally solved growing-mode amplitude, but the constant n_2_7 (coefficient of alpha^2 e^{14u}) is fixed only by cone regularity. Hence eta_b, H^2, rho_b are determined by the local shell analysis through delta^8; the first globally determined coefficient enters at delta^9, and eta_h acquires a relative delta^8*log(delta) correction.",
 "eta_h_delta8_log_check": {
  "reg": {
   "B_predicted": "90.91383559",
   "B_fitted": "90.91180513",
   "rel_diff": "2.233e-5",
   "out_of_sample_err_log_model": "0.09681",
   "out_of_sample_err_poly_model": "6.167e+5",
   "scaled_remainders": [
    "-685690.762562",
    "-685471.809063",
    "-685097.387546",
    "-684412.903037",
    "-683111.23714",
    "-680585.821914",
    "-675652.570557"
   ]
  },
  "cm04": {
   "B_predicted": "4.52397507e-5",
   "B_fitted": "4.523966672e-5",
   "rel_diff": "1.857e-6",
   "out_of_sample_err_log_model": "7.676e-9",
   "out_of_sample_err_poly_model": "0.3065",
   "scaled_remainders": [
    "0.256636766959",
    "0.256645734227",
    "0.25663226999",
    "0.256573924029",
    "0.256425844249",
    "0.256098625022",
    "0.255414857199"
   ]
  },
  "cp13": {
   "B_predicted": "70690.18592",
   "B_fitted": "70686.78665",
   "rel_diff": "4.809e-5",
   "out_of_sample_err_log_model": "167.8",
   "out_of_sample_err_poly_model": "4.8e+8",
   "scaled_remainders": [
    "-385866006.434",
    "-385689008.307",
    "-385384554.092",
    "-384826213.17",
    "-383763572.254",
    "-381704850.217",
    "-377700516.259"
   ]
  }
 },
 "script_sha256": "6d26fed751f8c118ae34caa6e1d5751b8fe1a4919fd733d95285a0f8961f4c5f"
}
reg eta_b {'delta9_coefficient_poly_fit': '3.24914729354e-6', 'with_log_model_constant': '3.24914678631e-6', 'with_log_model_log_coefficient': '-5.29101e-14', 'log_to_constant_ratio': '1.628e-8'}
reg H2 {'delta9_coefficient_poly_fit': '-2.75969535785e-7', 'with_log_model_constant': '-2.759688022e-7', 'with_log_model_log_coefficient': '7.65217e-14', 'log_to_constant_ratio': '2.773e-7'}
cm04 eta_b {'delta9_coefficient_poly_fit': '5.34495258507e-11', 'with_log_model_constant': '5.28581162291e-11', 'with_log_model_log_coefficient': '-6.16911e-14', 'log_to_constant_ratio': '0.001167'}
cm04 H2 {'delta9_coefficient_poly_fit': '-1.66930893254e-11', 'with_log_model_constant': '-1.60225245341e-11', 'with_log_model_log_coefficient': '6.9948e-14', 'log_to_constant_ratio': '0.004366'}
cp13 eta_b {'delta9_coefficient_poly_fit': '-0.000287497871591', 'with_log_model_constant': '-0.000287497869252', 'with_log_model_log_coefficient': '2.44022e-13', 'log_to_constant_ratio': '8.488e-10'}
cp13 H2 {'delta9_coefficient_poly_fit': '-3.62587713505e-5', 'with_log_model_constant': '-3.62587728694e-5', 'with_log_model_log_coefficient': '-1.58438e-13', 'log_to_constant_ratio': '4.37e-9'}
