{
 "V2_BVP_c0": {
  "c": "0.0",
  "dps": 40,
  "u0": "0.001",
  "rows": [
   {
    "delta": "0.1",
    "J2": "0.0",
    "eta_b": {
     "value": "0.0",
     "minus_series8_over_d9": "0.0",
     "exact_local_q9": "0.0",
     "abs_diff_series8": "0.0",
     "abs_diff_series9": "0.0",
     "ratio_diff9_to_d10": "0.0"
    },
    "H2": {
     "value": "0.003981481481481481481481481481481481481481",
     "minus_series8_over_d9": "-4.81481481481e-34",
     "exact_local_q9": "0.0",
     "abs_diff_series8": "4.8148e-43",
     "abs_diff_series9": "4.8148e-43",
     "ratio_diff9_to_d10": "4.8148e-33"
    },
    "vs_audited_BVP_rel": {
     "eta_b": "abs 0.0",
     "H2": "1.209e-40",
     "rho_b": "2.433e-41",
     "eta_h": "abs 0.0"
    }
   }
  ]
 },
 "V2_BVP_cp13_40": {
  "c": "1.3",
  "dps": 40,
  "u0": "0.001",
  "rows": [
   {
    "delta": "0.005",
    "J2": "0.0",
    "eta_b": {
     "value": "-0.0009154749464256986934976304572693534213383",
     "minus_series8_over_d9": "-0.000288081984218",
     "exact_local_q9": "-0.000287497871556",
     "abs_diff_series8": "5.6266e-25",
     "abs_diff_series9": "1.1408e-27",
     "ratio_diff9_to_d10": "0.00011682"
    },
    "H2": {
     "value": "0.0004294875163816801766906774088347593184782",
     "minus_series8_over_d9": "-3.63829978983e-5",
     "exact_local_q9": "-3.62587713647e-5",
     "abs_diff_series8": "7.1061e-26",
     "abs_diff_series9": "2.4263e-28",
     "ratio_diff9_to_d10": "2.4845e-5"
    }
   },
   {
    "delta": "0.01",
    "J2": "-1.0762e-42",
    "eta_b": {
     "value": "-0.001833783874217417794346739917924864098869",
     "minus_series8_over_d9": "-0.000288666806613",
     "exact_local_q9": "-0.000287497871556",
     "abs_diff_series8": "2.8867e-22",
     "abs_diff_series9": "1.1689e-24",
     "ratio_diff9_to_d10": "0.00011689"
    },
    "H2": {
     "value": "0.0008660902195592444752584666385701645900032",
     "minus_series8_over_d9": "-3.65081574192e-5",
     "exact_local_q9": "-3.62587713647e-5",
     "abs_diff_series8": "3.6508e-23",
     "abs_diff_series9": "2.4939e-25",
     "ratio_diff9_to_d10": "2.4939e-5"
    }
   },
   {
    "delta": "0.02",
    "J2": "0.0",
    "eta_b": {
     "value": "-0.003678958655247523252053935561971371262795",
     "minus_series8_over_d9": "-0.000289838444099",
     "exact_local_q9": "-0.000287497871556",
     "abs_diff_series8": "1.484e-19",
     "abs_diff_series9": "1.1984e-21",
     "ratio_diff9_to_d10": "0.00011703"
    },
    "H2": {
     "value": "0.001760593032956505638131369739511370433904",
     "minus_series8_over_d9": "-3.67613211848e-5",
     "exact_local_q9": "-3.62587713647e-5",
     "abs_diff_series8": "1.8822e-20",
     "abs_diff_series9": "2.5731e-22",
     "ratio_diff9_to_d10": "2.5127e-5"
    }
   }
  ]
 },
 "V2_BVP_reg40": {
  "c": "0.5975949350280132186866688980898439970105",
  "dps": 40,
  "u0": "0.001",
  "rows": [
   {
    "delta": "0.001",
    "J2": "4.4842e-44",
    "eta_b": {
     "value": "-0.00008405268308664612421592248888208280846912",
     "minus_series8_over_d9": "3.25094624127e-6",
     "exact_local_q9": "3.24914725427e-6",
     "abs_diff_series8": "3.2509e-33",
     "abs_diff_series9": "1.799e-36",
     "ratio_diff9_to_d10": "1.799e-6"
    },
    "H2": {
     "value": "0.00005924014794328879599623755278015918857748",
     "minus_series8_over_d9": "-2.76090465429e-7",
     "exact_local_q9": "-2.75969478869e-7",
     "abs_diff_series8": "2.7609e-34",
     "abs_diff_series9": "1.2099e-37",
     "ratio_diff9_to_d10": "1.2099e-7"
    },
    "vs_audited_BVP_rel": {
     "eta_b": "2.442e-41",
     "H2": "7.417e-41",
     "rho_b": "3.01e-41",
     "eta_h": "3.776e-32"
    }
   },
   {
    "delta": "0.005",
    "J2": "-1.7937e-43",
    "eta_b": {
     "value": "-0.0004205815915683905705643155981952215878619",
     "minus_series8_over_d9": "3.25816172538e-6",
     "exact_local_q9": "3.24914725427e-6",
     "abs_diff_series8": "6.3636e-27",
     "abs_diff_series9": "1.7606e-29",
     "ratio_diff9_to_d10": "1.8029e-6"
    },
    "H2": {
     "value": "0.0002975998104043056612446924714609430080633",
     "minus_series8_over_d9": "-2.76575549462e-7",
     "exact_local_q9": "-2.75969478869e-7",
     "abs_diff_series8": "5.4019e-28",
     "abs_diff_series9": "1.1837e-30",
     "ratio_diff9_to_d10": "1.2121e-7"
    }
   },
   {
    "delta": "0.01",
    "J2": "0.0",
    "eta_b": {
     "value": "-0.000841959836779503777997752143444366810959",
     "minus_series8_over_d9": "3.26722528539e-6",
     "exact_local_q9": "3.24914725427e-6",
     "abs_diff_series8": "3.2672e-24",
     "abs_diff_series9": "1.8078e-26",
     "ratio_diff9_to_d10": "1.8078e-6"
    },
    "H2": {
     "value": "0.0005986962494778326497633900740604358642492",
     "minus_series8_over_d9": "-2.77184477737e-7",
     "exact_local_q9": "-2.75969478869e-7",
     "abs_diff_series8": "2.7718e-25",
     "abs_diff_series9": "1.215e-27",
     "ratio_diff9_to_d10": "1.215e-7"
    },
    "vs_audited_BVP_rel": {
     "eta_b": "1.528e-39",
     "H2": "8.29e-39",
     "rho_b": "4.04e-39",
     "eta_h": "3.438e-24"
    }
   },
   {
    "delta": "0.02",
    "J2": "0.0",
    "eta_b": {
     "value": "-0.001687114402833679076985350234037797732382",
     "minus_series8_over_d9": "3.28550132175e-6",
     "exact_local_q9": "3.24914725427e-6",
     "abs_diff_series8": "1.6822e-21",
     "abs_diff_series9": "1.8613e-23",
     "ratio_diff9_to_d10": "1.8177e-6"
    },
    "H2": {
     "value": "0.001211372009578942265371245014177959287147",
     "minus_series8_over_d9": "-2.78410996023e-7",
     "exact_local_q9": "-2.75969478869e-7",
     "abs_diff_series8": "1.4255e-22",
     "abs_diff_series9": "1.2501e-24",
     "ratio_diff9_to_d10": "1.2208e-7"
    }
   },
   {
    "delta": "0.04",
    "J2": "7.1746e-43",
    "eta_b": {
     "value": "-0.003387073026020311972391824917331477744469",
     "minus_series8_over_d9": "3.32265585978e-6",
     "exact_local_q9": "3.24914725427e-6",
     "abs_diff_series8": "8.7101e-19",
     "abs_diff_series9": "1.927e-20",
     "ratio_diff9_to_d10": "1.8377e-6"
    },
    "H2": {
     "value": "0.002478605776880969754321339494747166827264",
     "minus_series8_over_d9": "-2.8089929932e-7",
     "exact_local_q9": "-2.75969478869e-7",
     "abs_diff_series8": "7.3636e-20",
     "abs_diff_series9": "1.2923e-21",
     "ratio_diff9_to_d10": "1.2325e-7"
    }
   }
  ],
  "eta_h_check": [
   {
    "delta": "0.001",
    "rel_dev_from_series": "5.0644e-20"
   },
   {
    "delta": "0.005",
    "rel_dev_from_series": "1.9601e-14"
   },
   {
    "delta": "0.01",
    "rel_dev_from_series": "4.9617e-12"
   },
   {
    "delta": "0.02",
    "rel_dev_from_series": "1.2425e-9"
   },
   {
    "delta": "0.04",
    "rel_dev_from_series": "3.0477e-7"
   }
  ]
 },
 "V2_BVP_reg50": {
  "c": "0.59759493502801321868666889808984399701054861990516",
  "dps": 50,
  "u0": "0.0005",
  "rows": [
   {
    "delta": "0.01",
    "J2": "-2.0881e-53",
    "eta_b": {
     "value": "-0.0008419598367795037779977521434443668109589965864036",
     "minus_series8_over_d9": "3.26722528539e-6",
     "exact_local_q9": "3.24914725427e-6",
     "abs_diff_series8": "3.2672e-24",
     "abs_diff_series9": "1.8078e-26",
     "ratio_diff9_to_d10": "1.8078e-6"
    },
    "H2": {
     "value": "0.00059869624947783264976339007406043586424923505458829",
     "minus_series8_over_d9": "-2.77184477737e-7",
     "exact_local_q9": "-2.75969478869e-7",
     "abs_diff_series8": "2.7718e-25",
     "abs_diff_series9": "1.215e-27",
     "ratio_diff9_to_d10": "1.215e-7"
    },
    "vs_audited_BVP_rel": {
     "eta_b": "1.533e-39",
     "H2": "8.231e-39",
     "rho_b": "4.116e-39",
     "eta_h": "2.149e-25"
    }
   },
   {
    "delta": "0.04",
    "J2": "0.0",
    "eta_b": {
     "value": "-0.0033870730260203119723918249173314777444689464845153",
     "minus_series8_over_d9": "3.32265585978e-6",
     "exact_local_q9": "3.24914725427e-6",
     "abs_diff_series8": "8.7101e-19",
     "abs_diff_series9": "1.927e-20",
     "ratio_diff9_to_d10": "1.8377e-6"
    },
    "H2": {
     "value": "0.0024786057768809697543213394947471668272636795069737",
     "minus_series8_over_d9": "-2.8089929932e-7",
     "exact_local_q9": "-2.75969478869e-7",
     "abs_diff_series8": "7.3636e-20",
     "abs_diff_series9": "1.2923e-21",
     "ratio_diff9_to_d10": "1.2325e-7"
    }
   }
  ]
 },
 "auditor_solver_convergence_dps40_u0_1e-3_vs_dps50_u0_5e-4": [
  {
   "delta": "0.01",
   "eta_b": "4.054e-42",
   "H2": "5.855e-41",
   "eta_h": "3.223e-24"
  },
  {
   "delta": "0.04",
   "eta_b": "1.58e-41",
   "H2": "1.293e-40",
   "eta_h": "1.557e-19"
  }
 ],
 "audited_scaled_remainder_ratio_dev(0.0016)/dev(0.0008)_expect_2": {
  "BVP_SCAN_reg": {
   "eta_b": [
    "2.0",
    "2.0",
    "2.0",
    "2.0",
    "1.998",
    "2.001",
    "2.001",
    "2.001"
   ],
   "H2": [
    "2.0",
    "2.0",
    "2.0",
    "2.0",
    "2.001",
    "2.001",
    "2.001",
    "2.001"
   ],
   "rho_b_factor": [
    "1.998",
    "1.998",
    "1.998",
    "1.998",
    "1.998",
    "1.998",
    "1.998"
   ],
   "y_b_correction": [
    "1.999",
    "1.999",
    "1.998",
    "1.998",
    "1.998",
    "1.998",
    "1.998"
   ],
   "eta_h_over_delta8": [
    "1.993",
    "1.994",
    "1.995",
    "1.996",
    "1.996",
    "1.996",
    "1.996"
   ]
  },
  "BVP_SCAN_cp13": {
   "eta_b": [
    "2.001",
    "2.001",
    "2.001",
    "2.001",
    "2.001",
    "2.001",
    "2.001",
    "2.001"
   ],
   "H2": [
    "2.0",
    "2.0",
    "2.0",
    "2.001",
    "2.001",
    "2.001",
    "2.001",
    "2.001"
   ],
   "rho_b_factor": [
    "1.998",
    "1.998",
    "1.997",
    "1.997",
    "1.997",
    "1.997",
    "1.997"
   ],
   "y_b_correction": [
    "1.998",
    "1.998",
    "1.998",
    "1.998",
    "1.998",
    "1.998",
    "1.998"
   ],
   "eta_h_over_delta8": [
    "1.99",
    "1.992",
    "1.993",
    "1.994",
    "1.994",
    "1.994",
    "1.994"
   ]
  },
  "BVP_SCAN_cm04": {
   "eta_b": [
    "2.0",
    "2.0",
    "2.002",
    "2.0",
    "2.0",
    "2.0",
    "2.0",
    "1.999"
   ],
   "H2": [
    "2.0",
    "2.0",
    "1.999",
    "2.0",
    "2.0",
    "2.0",
    "2.0",
    "2.0"
   ],
   "rho_b_factor": [
    "1.999",
    "1.999",
    "1.999",
    "1.999",
    "1.999",
    "1.999",
    "1.999"
   ],
   "y_b_correction": [
    "2.0",
    "1.999",
    "1.999",
    "1.999",
    "1.999",
    "1.999",
    "1.999"
   ],
   "eta_h_over_delta8": [
    "1.997",
    "1.998",
    "1.998",
    "1.998",
    "1.998",
    "1.999",
    "1.999"
   ]
  }
 }
}
