PASS delta=0.1 d=0.000000 dc=0: phi_h+1 relative to pilot solver                      -2.541e-13 (tol 1.0e-06)
PASS delta=0.1 d=0.000000 dc=0: rho_b relative to pilot solver                        1.488e-13 (tol 1.0e-08)
PASS delta=0.1 d=0.000000 dc=0: phi_b vs pilot solver                                 -1.353e-12 (tol 1.0e-08)
PASS delta=0.1 d=0.000000 dc=0: A-junction residual                                   0.000e+00 (tol 1.0e-11)
PASS delta=0.1 d=0.000000 dc=0: scalar junction residual                              -3.331e-16 (tol 1.0e-09)
PASS delta=0.1 d=0.000000 dc=0: first-order constraint at shell (relative to 1)       -1.519e-13 (tol 1.0e-10)
PASS delta=0.1 d=0.000000 dc=0: exterior profile rho vs static_on_grid (max rel)      1.389e-12 (tol 1.0e-08)
PASS delta=0.1 d=0.000000 dc=0: exterior profile phi vs static_on_grid (max abs)      1.399e-12 (tol 1.0e-08)
PASS delta=0.1 d=0.000000 dc=0: exterior A_z = rho_z/rho vs static_on_grid Hc (max rel) 1.595e-12 (tol 1.0e-08)
PASS delta=0.1 d=0.000000 dc=0: first-order constraint max relative residual (|w|>1e-4) side +1 2.315e-12 (tol 1.0e-10)
PASS delta=0.1 d=0.000000 dc=0: first-order constraint max absolute residual (|w|<=1e-4) side +1 2.757e-16 (tol 1.0e-12)
PASS delta=0.1 d=0.000000 dc=0: first-order constraint max relative residual (|w|>1e-4) side -1 2.333e-12 (tol 1.0e-10)
PASS delta=0.1 d=0.000000 dc=0: first-order constraint max absolute residual (|w|<=1e-4) side -1 2.762e-16 (tol 1.0e-12)
PASS delta=0.1 d=0.000000 dc=0: series/table continuity of lhat at |w|=w_start        2.776e-16 (tol 1.0e-09)
PASS delta=0.1 d=0.000000 dc=0: series/table continuity of lhat_w at |w|=w_start      2.473e-06 (tol 1.0e-03)
PASS delta=0.1 d=0.000000 dc=0: self-convergence phi_b (rtol 1e-12 vs 1e-13)          -2.195e-12 (tol 1.0e-08)
PASS delta=0.1 d=0.000000 dc=0: self-convergence rho_b relative (rtol 1e-12 vs 1e-13) -1.286e-12 (tol 1.0e-08)
PASS delta=0.1 d=0.000000 dc=0.01: phi_h+1 relative to pilot solver                   1.469e-12 (tol 1.0e-06)
PASS delta=0.1 d=0.000000 dc=0.01: rho_b relative to pilot solver                     1.277e-13 (tol 1.0e-08)
PASS delta=0.1 d=0.000000 dc=0.01: phi_b vs pilot solver                              -1.239e-12 (tol 1.0e-08)
PASS delta=0.1 d=0.000000 dc=0.01: A-junction residual                                -5.551e-17 (tol 1.0e-11)
PASS delta=0.1 d=0.000000 dc=0.01: scalar junction residual                           -1.332e-15 (tol 1.0e-09)
PASS delta=0.1 d=0.000000 dc=0.01: first-order constraint at shell (relative to 1)    -1.252e-13 (tol 1.0e-10)
PASS delta=0.1 d=0.000000 dc=0.01: exterior profile rho vs static_on_grid (max rel)   1.402e-12 (tol 1.0e-08)
PASS delta=0.1 d=0.000000 dc=0.01: exterior profile phi vs static_on_grid (max abs)   1.181e-12 (tol 1.0e-08)
PASS delta=0.1 d=0.000000 dc=0.01: exterior A_z = rho_z/rho vs static_on_grid Hc (max rel) 1.362e-12 (tol 1.0e-08)
PASS delta=0.1 d=0.000000 dc=0.01: first-order constraint max relative residual (|w|>1e-4) side +1 2.315e-12 (tol 1.0e-10)
PASS delta=0.1 d=0.000000 dc=0.01: first-order constraint max absolute residual (|w|<=1e-4) side +1 2.757e-16 (tol 1.0e-12)
PASS delta=0.1 d=0.000000 dc=0.01: first-order constraint max relative residual (|w|>1e-4) side -1 2.336e-12 (tol 1.0e-10)
PASS delta=0.1 d=0.000000 dc=0.01: first-order constraint max absolute residual (|w|<=1e-4) side -1 2.762e-16 (tol 1.0e-12)
PASS delta=0.1 d=0.000000 dc=0.01: series/table continuity of lhat at |w|=w_start     2.498e-16 (tol 1.0e-09)
PASS delta=0.1 d=0.000000 dc=0.01: series/table continuity of lhat_w at |w|=w_start   1.396e-06 (tol 1.0e-03)
PASS delta=0.1 d=-3.106933 dc=0: phi_h+1 relative to pilot solver                     6.690e-13 (tol 1.0e-06)
PASS delta=0.1 d=-3.106933 dc=0: rho_b relative to pilot solver                       -2.095e-13 (tol 1.0e-08)
PASS delta=0.1 d=-3.106933 dc=0: phi_b vs pilot solver                                7.800e-14 (tol 1.0e-08)
PASS delta=0.1 d=-3.106933 dc=0: A-junction residual                                  1.110e-16 (tol 1.0e-11)
PASS delta=0.1 d=-3.106933 dc=0: scalar junction residual                             -8.216e-15 (tol 1.0e-09)
PASS delta=0.1 d=-3.106933 dc=0: first-order constraint at shell (relative to 1)      -1.643e-13 (tol 1.0e-10)
PASS delta=0.1 d=-3.106933 dc=0: exterior profile rho vs static_on_grid (max rel)     1.430e-12 (tol 1.0e-08)
PASS delta=0.1 d=-3.106933 dc=0: exterior profile phi vs static_on_grid (max abs)     9.980e-13 (tol 1.0e-08)
PASS delta=0.1 d=-3.106933 dc=0: exterior A_z = rho_z/rho vs static_on_grid Hc (max rel) 1.080e-12 (tol 1.0e-08)
PASS delta=0.1 d=-3.106933 dc=0: first-order constraint max relative residual (|w|>1e-4) side +1 2.315e-12 (tol 1.0e-10)
PASS delta=0.1 d=-3.106933 dc=0: first-order constraint max absolute residual (|w|<=1e-4) side +1 2.757e-16 (tol 1.0e-12)
PASS delta=0.1 d=-3.106933 dc=0: first-order constraint max relative residual (|w|>1e-4) side -1 2.334e-12 (tol 1.0e-10)
PASS delta=0.1 d=-3.106933 dc=0: first-order constraint max absolute residual (|w|<=1e-4) side -1 2.762e-16 (tol 1.0e-12)
PASS delta=0.1 d=-3.106933 dc=0: series/table continuity of lhat at |w|=w_start       2.776e-16 (tol 1.0e-09)
PASS delta=0.1 d=-3.106933 dc=0: series/table continuity of lhat_w at |w|=w_start     1.317e-06 (tol 1.0e-03)
PASS delta=0.1 d=-3.106933 dc=0: self-convergence phi_b (rtol 1e-12 vs 1e-13)         -5.826e-13 (tol 1.0e-08)
PASS delta=0.1 d=-3.106933 dc=0: self-convergence rho_b relative (rtol 1e-12 vs 1e-13) -1.471e-12 (tol 1.0e-08)
PASS delta=0.1 d=-3.106933 dc=0.01: phi_h+1 relative to pilot solver                  1.586e-12 (tol 1.0e-06)
PASS delta=0.1 d=-3.106933 dc=0.01: rho_b relative to pilot solver                    -4.035e-13 (tol 1.0e-08)
PASS delta=0.1 d=-3.106933 dc=0.01: phi_b vs pilot solver                             1.089e-12 (tol 1.0e-08)
PASS delta=0.1 d=-3.106933 dc=0.01: A-junction residual                               1.110e-16 (tol 1.0e-11)
PASS delta=0.1 d=-3.106933 dc=0.01: scalar junction residual                          -6.661e-16 (tol 1.0e-09)
PASS delta=0.1 d=-3.106933 dc=0.01: first-order constraint at shell (relative to 1)   -1.519e-13 (tol 1.0e-10)
PASS delta=0.1 d=-3.106933 dc=0.01: exterior profile rho vs static_on_grid (max rel)  1.466e-12 (tol 1.0e-08)
PASS delta=0.1 d=-3.106933 dc=0.01: exterior profile phi vs static_on_grid (max abs)  1.823e-12 (tol 1.0e-08)
PASS delta=0.1 d=-3.106933 dc=0.01: exterior A_z = rho_z/rho vs static_on_grid Hc (max rel) 1.725e-12 (tol 1.0e-08)
PASS delta=0.1 d=-3.106933 dc=0.01: first-order constraint max relative residual (|w|>1e-4) side +1 2.314e-12 (tol 1.0e-10)
PASS delta=0.1 d=-3.106933 dc=0.01: first-order constraint max absolute residual (|w|<=1e-4) side +1 2.757e-16 (tol 1.0e-12)
PASS delta=0.1 d=-3.106933 dc=0.01: first-order constraint max relative residual (|w|>1e-4) side -1 2.333e-12 (tol 1.0e-10)
PASS delta=0.1 d=-3.106933 dc=0.01: first-order constraint max absolute residual (|w|<=1e-4) side -1 2.762e-16 (tol 1.0e-12)
PASS delta=0.1 d=-3.106933 dc=0.01: series/table continuity of lhat at |w|=w_start    2.498e-16 (tol 1.0e-09)
PASS delta=0.1 d=-3.106933 dc=0.01: series/table continuity of lhat_w at |w|=w_start  1.254e-06 (tol 1.0e-03)
PASS delta=0.001 d=0.000000 dc=0: phi_h+1 relative to pilot solver                    -4.423e-09 (tol 1.0e-06)
PASS delta=0.001 d=0.000000 dc=0: rho_b relative to pilot solver                      -2.345e-09 (tol 1.0e-08)
PASS delta=0.001 d=0.000000 dc=0: phi_b vs pilot solver                               1.040e-08 (tol 1.0e-07)
PASS delta=0.001 d=0.000000 dc=0: A-junction residual                                 0.000e+00 (tol 1.0e-11)
PASS delta=0.001 d=0.000000 dc=0: scalar junction residual                            2.320e-14 (tol 1.0e-09)
PASS delta=0.001 d=0.000000 dc=0: first-order constraint at shell (relative to 1)     -3.922e-11 (tol 1.0e-10)
PASS delta=0.001 d=0.000000 dc=0: exterior profile rho vs static_on_grid (max rel)    2.413e-09 (tol 1.0e-08)
PASS delta=0.001 d=0.000000 dc=0: exterior profile phi vs static_on_grid (max abs)    1.064e-08 (tol 1.0e-07)
PASS delta=0.001 d=0.000000 dc=0: exterior A_z = rho_z/rho vs static_on_grid Hc (max rel) 1.319e-08 (tol 1.0e-07)
PASS delta=0.001 d=0.000000 dc=0: first-order constraint max relative residual (|w|>1e-4) side +1 2.319e-12 (tol 1.0e-10)
PASS delta=0.001 d=0.000000 dc=0: first-order constraint max absolute residual (|w|<=1e-4) side +1 2.756e-16 (tol 1.0e-12)
PASS delta=0.001 d=0.000000 dc=0: first-order constraint max relative residual (|w|>1e-4) side -1 2.336e-12 (tol 1.0e-10)
PASS delta=0.001 d=0.000000 dc=0: first-order constraint max absolute residual (|w|<=1e-4) side -1 2.763e-16 (tol 1.0e-12)
PASS delta=0.001 d=0.000000 dc=0: series/table continuity of lhat at |w|=w_start      2.498e-16 (tol 1.0e-09)
PASS delta=0.001 d=0.000000 dc=0: series/table continuity of lhat_w at |w|=w_start    1.612e-06 (tol 1.0e-03)
PASS delta=0.001 d=0.000000 dc=0: self-convergence phi_b (rtol 1e-12 vs 1e-13)        3.431e-09 (tol 1.0e-08)
PASS delta=0.001 d=0.000000 dc=0: self-convergence rho_b relative (rtol 1e-12 vs 1e-13) 3.815e-10 (tol 1.0e-08)
PASS delta=0.001 d=0.000000 dc=0.0001: phi_h+1 relative to pilot solver               2.022e-09 (tol 1.0e-06)
PASS delta=0.001 d=0.000000 dc=0.0001: rho_b relative to pilot solver                 -3.023e-09 (tol 1.0e-08)
PASS delta=0.001 d=0.000000 dc=0.0001: phi_b vs pilot solver                          1.350e-08 (tol 1.0e-07)
PASS delta=0.001 d=0.000000 dc=0.0001: A-junction residual                            -5.551e-17 (tol 1.0e-11)
PASS delta=0.001 d=0.000000 dc=0.0001: scalar junction residual                       -7.327e-14 (tol 1.0e-09)
PASS delta=0.001 d=0.000000 dc=0.0001: first-order constraint at shell (relative to 1) -3.843e-11 (tol 1.0e-10)
PASS delta=0.001 d=0.000000 dc=0.0001: exterior profile rho vs static_on_grid (max rel) 2.902e-09 (tol 1.0e-08)
PASS delta=0.001 d=0.000000 dc=0.0001: exterior profile phi vs static_on_grid (max abs) 1.309e-08 (tol 1.0e-07)
PASS delta=0.001 d=0.000000 dc=0.0001: exterior A_z = rho_z/rho vs static_on_grid Hc (max rel) 1.613e-08 (tol 1.0e-07)
PASS delta=0.001 d=0.000000 dc=0.0001: first-order constraint max relative residual (|w|>1e-4) side +1 2.317e-12 (tol 1.0e-10)
PASS delta=0.001 d=0.000000 dc=0.0001: first-order constraint max absolute residual (|w|<=1e-4) side +1 2.756e-16 (tol 1.0e-12)
PASS delta=0.001 d=0.000000 dc=0.0001: first-order constraint max relative residual (|w|>1e-4) side -1 2.337e-12 (tol 1.0e-10)
PASS delta=0.001 d=0.000000 dc=0.0001: first-order constraint max absolute residual (|w|<=1e-4) side -1 2.763e-16 (tol 1.0e-12)
PASS delta=0.001 d=0.000000 dc=0.0001: series/table continuity of lhat at |w|=w_start 2.498e-16 (tol 1.0e-09)
PASS delta=0.001 d=0.000000 dc=0.0001: series/table continuity of lhat_w at |w|=w_start 1.612e-06 (tol 1.0e-03)
PASS delta=0.001 d=-3.194242 dc=0: phi_h+1 relative to pilot solver                   3.791e-10 (tol 1.0e-06)
PASS delta=0.001 d=-3.194242 dc=0: rho_b relative to pilot solver                     -4.061e-09 (tol 1.0e-08)
PASS delta=0.001 d=-3.194242 dc=0: phi_b vs pilot solver                              1.822e-08 (tol 1.0e-07)
PASS delta=0.001 d=-3.194242 dc=0: A-junction residual                                5.551e-17 (tol 1.0e-11)
PASS delta=0.001 d=-3.194242 dc=0: scalar junction residual                           -4.390e-13 (tol 1.0e-09)
PASS delta=0.001 d=-3.194242 dc=0: first-order constraint at shell (relative to 1)    -3.809e-11 (tol 1.0e-10)
PASS delta=0.001 d=-3.194242 dc=0: exterior profile rho vs static_on_grid (max rel)   4.128e-09 (tol 1.0e-08)
PASS delta=0.001 d=-3.194242 dc=0: exterior profile phi vs static_on_grid (max abs)   1.845e-08 (tol 1.0e-07)
PASS delta=0.001 d=-3.194242 dc=0: exterior A_z = rho_z/rho vs static_on_grid Hc (max rel) 2.271e-08 (tol 1.0e-07)
PASS delta=0.001 d=-3.194242 dc=0: first-order constraint max relative residual (|w|>1e-4) side +1 2.316e-12 (tol 1.0e-10)
PASS delta=0.001 d=-3.194242 dc=0: first-order constraint max absolute residual (|w|<=1e-4) side +1 2.756e-16 (tol 1.0e-12)
PASS delta=0.001 d=-3.194242 dc=0: first-order constraint max relative residual (|w|>1e-4) side -1 2.336e-12 (tol 1.0e-10)
PASS delta=0.001 d=-3.194242 dc=0: first-order constraint max absolute residual (|w|<=1e-4) side -1 2.763e-16 (tol 1.0e-12)
PASS delta=0.001 d=-3.194242 dc=0: series/table continuity of lhat at |w|=w_start     2.498e-16 (tol 1.0e-09)
PASS delta=0.001 d=-3.194242 dc=0: series/table continuity of lhat_w at |w|=w_start   9.171e-07 (tol 1.0e-03)
PASS delta=0.001 d=-3.194242 dc=0: self-convergence phi_b (rtol 1e-12 vs 1e-13)       6.559e-10 (tol 1.0e-08)
PASS delta=0.001 d=-3.194242 dc=0: self-convergence rho_b relative (rtol 1e-12 vs 1e-13) 7.904e-10 (tol 1.0e-08)
PASS delta=0.001 d=-3.194242 dc=0.0001: phi_h+1 relative to pilot solver              2.780e-09 (tol 1.0e-06)
PASS delta=0.001 d=-3.194242 dc=0.0001: rho_b relative to pilot solver                -4.647e-09 (tol 1.0e-08)
PASS delta=0.001 d=-3.194242 dc=0.0001: phi_b vs pilot solver                         2.078e-08 (tol 1.0e-07)
PASS delta=0.001 d=-3.194242 dc=0.0001: A-junction residual                           1.110e-16 (tol 1.0e-11)
PASS delta=0.001 d=-3.194242 dc=0.0001: scalar junction residual                      -1.188e-14 (tol 1.0e-09)
PASS delta=0.001 d=-3.194242 dc=0.0001: first-order constraint at shell (relative to 1) -3.922e-11 (tol 1.0e-10)
PASS delta=0.001 d=-3.194242 dc=0.0001: exterior profile rho vs static_on_grid (max rel) 4.664e-09 (tol 1.0e-08)
PASS delta=0.001 d=-3.194242 dc=0.0001: exterior profile phi vs static_on_grid (max abs) 2.084e-08 (tol 1.0e-07)
PASS delta=0.001 d=-3.194242 dc=0.0001: exterior A_z = rho_z/rho vs static_on_grid Hc (max rel) 2.563e-08 (tol 1.0e-07)
PASS delta=0.001 d=-3.194242 dc=0.0001: first-order constraint max relative residual (|w|>1e-4) side +1 2.319e-12 (tol 1.0e-10)
PASS delta=0.001 d=-3.194242 dc=0.0001: first-order constraint max absolute residual (|w|<=1e-4) side +1 2.756e-16 (tol 1.0e-12)
PASS delta=0.001 d=-3.194242 dc=0.0001: first-order constraint max relative residual (|w|>1e-4) side -1 2.335e-12 (tol 1.0e-10)
PASS delta=0.001 d=-3.194242 dc=0.0001: first-order constraint max absolute residual (|w|<=1e-4) side -1 2.763e-16 (tol 1.0e-12)
PASS delta=0.001 d=-3.194242 dc=0.0001: series/table continuity of lhat at |w|=w_start 2.498e-16 (tol 1.0e-09)
PASS delta=0.001 d=-3.194242 dc=0.0001: series/table continuity of lhat_w at |w|=w_start 1.264e-06 (tol 1.0e-03)
Traceback (most recent call last):
  File "/home/user/unified-theory-maldonado/research/HDBLAST_CHECKPOINT_20260928/A1_tuned_vacuum/t1_static_controls.py", line 96, in <module>
    ref = S.reference(sh, ch, T, Z)
          ^^^^^^^^^^^^^^^^^^^^^^^^^
  File "/home/user/unified-theory-maldonado/research/HDBLAST_CHECKPOINT_20260928/A1_tuned_vacuum/static_w.py", line 287, in reference
    l, lh, lhw, ph, pht, phw = shell.fields_w(w)
                               ^^^^^^^^^^^^^^^^^
  File "/home/user/unified-theory-maldonado/research/HDBLAST_CHECKPOINT_20260928/A1_tuned_vacuum/static_w.py", line 145, in fields_w
    raise ValueError('w outside the static table (sgn=%d, max x=%.4f > %.4f)' % (sgn, x.max(), tb['x'][-1]))
ValueError: w outside the static table (sgn=-1, max x=8.1899 > 5.3786)
