SOLVED {'resolution': 'primary', 'b': -1, 'gamma': 0} C= 8.901389833356637e-19 B= 5.957690937807847e-17
SOLVED {'resolution': 'primary', 'b': -1, 'gamma': 0.01} C= 8.429830709752407e-19 B= 5.91086574361592e-17
SOLVED {'resolution': 'primary', 'b': -1, 'gamma': 1} C= 8.35187720882541e-19 B= 5.874510237990235e-17
SOLVED {'resolution': 'primary', 'b': -1, 'gamma': 100} C= -3.587978625010013e-20 B= -8.674198474264354e-19
SOLVED {'resolution': 'primary', 'b': -1, 'gamma': 10000} C= -6.8464084939789e-20 B= -4.072560880178278e-18
SOLVED {'resolution': 'primary', 'b': -1, 'gamma': 1000000} C= -2.268460111865423e-20 B= -2.1858701643433925e-16
SOLVED {'resolution': 'primary', 'b': 0, 'gamma': 0} C= 8.901389833356637e-19 B= 5.957690937807847e-17
SOLVED {'resolution': 'primary', 'b': 0, 'gamma': 0.01} C= 6.554446824972183e-19 B= 6.033585089881832e-17
SOLVED {'resolution': 'primary', 'b': 0, 'gamma': 1} C= 7.919493359031691e-19 B= 6.166399856011306e-17
SOLVED {'resolution': 'primary', 'b': 0, 'gamma': 100} C= -2.072583742812866e-20 B= -5.692061405548898e-19
SOLVED {'resolution': 'primary', 'b': 0, 'gamma': 10000} C= 4.1186977060240354e-20 B= -7.318364664277155e-19
SOLVED {'resolution': 'primary', 'b': 0, 'gamma': 1000000} C= 2.6655068058908764e-20 B= 1.2468324983583301e-18
SOLVED {'resolution': 'primary', 'b': 1, 'gamma': 0} C= 8.901389833356637e-19 B= 5.957690937807847e-17
SOLVED {'resolution': 'primary', 'b': 1, 'gamma': 0.01} C= 8.135222062785521e-19 B= 6.023489669995551e-17
SOLVED {'resolution': 'primary', 'b': 1, 'gamma': 1} C= 8.36842082107647e-19 B= 6.07068719866128e-17
SOLVED {'resolution': 'primary', 'b': 1, 'gamma': 100} C= 1.4345297055139627e-19 B= 9.21732319651514e-19
SOLVED {'resolution': 'primary', 'b': 1, 'gamma': 10000} C= -1.7972980349552185e-20 B= -2.1198852389610985e-18
SOLVED {'resolution': 'primary', 'b': 1, 'gamma': 1000000} C= 1.3917810114572222e-19 B= -2.8370521535335536e-17
SOLVED {'resolution': 'refined', 'b': -1, 'gamma': 0} C= 7.614164451326118e-19 B= -2.1060627200530924e-16
SOLVED {'resolution': 'refined', 'b': -1, 'gamma': 0.01} C= 8.091017530850687e-19 B= -2.1083057845821732e-16
SOLVED {'resolution': 'refined', 'b': -1, 'gamma': 1} C= 1.0181468374894699e-18 B= -2.0992019606217205e-16
SOLVED {'resolution': 'refined', 'b': -1, 'gamma': 100} C= -1.6462879423275378e-19 B= -4.0662647949458304e-19
SOLVED {'resolution': 'refined', 'b': -1, 'gamma': 10000} C= 9.416624093303667e-20 B= -3.124783951759919e-18
SOLVED {'resolution': 'refined', 'b': -1, 'gamma': 1000000} C= -2.327487720377207e-19 B= -2.2047251177492733e-16
SOLVED {'resolution': 'refined', 'b': 0, 'gamma': 0} C= 7.614164451326118e-19 B= -2.1060627200530924e-16
SOLVED {'resolution': 'refined', 'b': 0, 'gamma': 0.01} C= 7.909831889477072e-19 B= -2.0811260700859258e-16
SOLVED {'resolution': 'refined', 'b': 0, 'gamma': 1} C= 1.0494738216480781e-18 B= -2.0738077054216486e-16
SOLVED {'resolution': 'refined', 'b': 0, 'gamma': 100} C= 1.0124690697649059e-19 B= 1.3552527156068805e-19
SOLVED {'resolution': 'refined', 'b': 0, 'gamma': 10000} C= 1.563834578868252e-19 B= 4.336808689942018e-19
SOLVED {'resolution': 'refined', 'b': 0, 'gamma': 1000000} C= 2.6655068058908764e-20 B= 1.0842021724855044e-19
SOLVED {'resolution': 'refined', 'b': 1, 'gamma': 0} C= 7.614164451326118e-19 B= -2.1060627200530924e-16
SOLVED {'resolution': 'refined', 'b': 1, 'gamma': 0.01} C= 7.932066504342497e-19 B= -2.0886408251102242e-16
SOLVED {'resolution': 'refined', 'b': 1, 'gamma': 1} C= 7.623031827492686e-19 B= -2.0887999824391314e-16
SOLVED {'resolution': 'refined', 'b': 1, 'gamma': 100} C= 1.470396256874262e-20 B= -1.4906249587542463e-18
SOLVED {'resolution': 'refined', 'b': 1, 'gamma': 10000} C= -3.025760506269971e-19 B= -1.5251887006497745e-18
SOLVED {'resolution': 'refined', 'b': 1, 'gamma': 1000000} C= -3.7004751883172246e-20 B= -2.852468153173582e-17
SOLVED {'resolution': 'radau', 'b': -1, 'gamma': 0.0} C= 4.3132505860965075e-20 B= 3.6266562669640123e-16
SOLVED {'resolution': 'radau', 'b': -1, 'gamma': 1000000} C= -4.3599697470935025e-19 B= 1.1907927985679856e-16
SOLVED {'resolution': 'radau', 'b': 0, 'gamma': 0.0} C= 4.3132505860965075e-20 B= 3.6266562669640123e-16
SOLVED {'resolution': 'radau', 'b': 0, 'gamma': 1000000} C= 8.939373967085072e-19 B= 5.450338531193255e-15
SOLVED {'resolution': 'radau', 'b': 1, 'gamma': 0.0} C= 4.3132505860965075e-20 B= 3.6266562669640123e-16
SOLVED {'resolution': 'radau', 'b': 1, 'gamma': 1000000} C= -2.3351639564616992e-19 B= 2.0043493096809015e-15
SOLVED {'resolution': 'cone_start', 'b': -1, 'gamma': 0.0} C= 8.901654531152654e-19 B= -2.0998285575613007e-16
SOLVED {'resolution': 'cone_start', 'b': -1, 'gamma': 1000000} C= -1.0399976405506706e-19 B= -2.2002866651056607e-16
SOLVED {'resolution': 'cone_start', 'b': 0, 'gamma': 0.0} C= 8.901654531152654e-19 B= -2.0998285575613007e-16
SOLVED {'resolution': 'cone_start', 'b': 0, 'gamma': 1000000} C= 2.6655068058908764e-20 B= 3.2526065174565133e-19
SOLVED {'resolution': 'cone_start', 'b': 1, 'gamma': 0.0} C= 8.901654531152654e-19 B= -2.0998285575613007e-16
SOLVED {'resolution': 'cone_start', 'b': 1, 'gamma': 1000000} C= 1.0429093163068573e-20 B= -2.847216548900605e-17
CONTROL flip_current [-2.779326858178173e-22, 2.9804527594655147e-05]
CONTROL omit_metric_source [-1.5126304639714704e-07, -3.7608262858090935e-19]
CONTROL freeze_sources [-1.1570167388155482e-09, 8.621284182929228e-08]
