C2 {'d': 0.0, 'H2': 0.006614338816272936, 'rho_b': 12.2957997374578, 'phi_s': 0.9914346595842057, 'sigma_s': 0.8260606109462959, 'junction_residual': 5.551115123125783e-17, 'ok': True, 'H2_over_H0sq': 0.40616846475430696, 'target_H2_over_H0sq': 0.40616846475555957, 'target_phi': 0.9914346595842017, 'PASS': True}
[-3.779148594757746e-08, 10.161240112840062] q=0.0250 d=-0.07767 H2/H0^2=3.956235e-01 series=3.957307e-01 phi_s=0.992547 ok=True res=0.0e+00
[-2.7604473327077725e-08, 10.261746434998422] q=0.0500 d=-0.15535 H2/H0^2=3.848965e-01 series=3.849724e-01 phi_s=0.993660 ok=True res=3.1e-17
[-1.9448897996432838e-08, 10.36532233809552] q=0.0750 d=-0.23302 H2/H0^2=3.741958e-01 series=3.742463e-01 phi_s=0.994773 ok=True res=3.1e-17
[-1.3015421910731547e-08, 10.47213878617626] q=0.1000 d=-0.31069 H2/H0^2=3.635218e-01 series=3.635524e-01 phi_s=0.995886 ok=True res=2.8e-17
[-8.028967903696354e-09, 10.582381237100005] q=0.1250 d=-0.38837 H2/H0^2=3.528747e-01 series=3.528906e-01 phi_s=0.997000 ok=True res=2.8e-17
[-4.246405120927772e-09, 10.69625132569289] q=0.1500 d=-0.46604 H2/H0^2=3.422549e-01 series=3.422610e-01 phi_s=0.998113 ok=True res=1.8e-17
[-1.4542600105028447e-09, 10.813968798498067] q=0.1750 d=-0.54371 H2/H0^2=3.316626e-01 series=3.316636e-01 phi_s=0.999227 ok=True res=8.5e-18
[5.335390633982446e-10, 10.935773746647723] q=0.2000 d=-0.62139 H2/H0^2=3.210982e-01 series=3.210984e-01 phi_s=1.000341 ok=True res=2.8e-18
[1.877875463338311e-09, 11.06192919373762] q=0.2250 d=-0.69906 H2/H0^2=3.105619e-01 series=3.105653e-01 phi_s=1.001456 ok=True res=1.6e-16
[2.7166080573456413e-09, 11.192724108663183] q=0.2500 d=-0.77673 H2/H0^2=3.000542e-01 series=3.000645e-01 phi_s=1.002570 ok=True res=2.8e-17
[3.1666770732574563e-09, 11.328476930008199] q=0.2750 d=-0.85441 H2/H0^2=2.895752e-01 series=2.895958e-01 phi_s=1.003685 ok=True res=1.2e-17
[3.3261440950034688e-09, 11.469539709887988] q=0.3000 d=-0.93208 H2/H0^2=2.791253e-01 series=2.791592e-01 phi_s=1.004800 ok=True res=1.6e-17
[3.2761584658060586e-09, 11.616303012671935] q=0.3250 d=-1.00975 H2/H0^2=2.687049e-01 series=2.687549e-01 phi_s=1.005916 ok=True res=2.8e-17
[3.082842639777065e-09, 11.769201739861819] q=0.3500 d=-1.08743 H2/H0^2=2.583142e-01 series=2.583827e-01 phi_s=1.007031 ok=True res=3.6e-17
[2.799089383370072e-09, 11.9287220995287] q=0.3750 d=-1.16510 H2/H0^2=2.479535e-01 series=2.480427e-01 phi_s=1.008147 ok=True res=8.5e-17
[2.4662641769309165e-09, 12.095410001264103] q=0.4000 d=-1.24277 H2/H0^2=2.376232e-01 series=2.377349e-01 phi_s=1.009263 ok=True res=1.1e-16
[2.1158067090594034e-09, 12.269881241507496] q=0.4250 d=-1.32045 H2/H0^2=2.273236e-01 series=2.274592e-01 phi_s=1.010379 ok=True res=6.9e-18
[1.7707259969190563e-09, 12.452833957936695] q=0.4500 d=-1.39812 H2/H0^2=2.170550e-01 series=2.172158e-01 phi_s=1.011495 ok=True res=5.6e-17
[1.4469844074173816e-09, 12.645063987914957] q=0.4750 d=-1.47579 H2/H0^2=2.068178e-01 series=2.070045e-01 phi_s=1.012612 ok=True res=1.7e-16
[1.1547666996265665e-09, 12.847483983494591] q=0.5000 d=-1.55347 H2/H0^2=1.966122e-01 series=1.968254e-01 phi_s=1.013728 ok=True res=6.2e-17
[8.996311588158221e-10, 13.061147442526323] q=0.5250 d=-1.63114 H2/H0^2=1.864386e-01 series=1.866784e-01 phi_s=1.014845 ok=True res=3.5e-17
[6.835409461120755e-10, 13.287279255756486] q=0.5500 d=-1.70881 H2/H0^2=1.762973e-01 series=1.765637e-01 phi_s=1.015963 ok=True res=1.3e-16
[5.057749420060525e-10, 13.527315012240406] q=0.5750 d=-1.78649 H2/H0^2=1.661886e-01 series=1.664811e-01 phi_s=1.017080 ok=True res=9.0e-17
[3.637186108550721e-10, 13.78295226072391] q=0.6000 d=-1.86416 H2/H0^2=1.561129e-01 series=1.564306e-01 phi_s=1.018197 ok=True res=1.3e-16
[2.5353674812016333e-10, 14.05621837543191] q=0.6250 d=-1.94183 H2/H0^2=1.460706e-01 series=1.464124e-01 phi_s=1.019315 ok=True res=1.4e-16
[1.7073137925746042e-10, 14.349561930208967] q=0.6500 d=-2.01951 H2/H0^2=1.360618e-01 series=1.364264e-01 phi_s=1.020433 ok=True res=1.7e-16
[1.1058954117596435e-10, 14.665978084986753] q=0.6750 d=-2.09718 H2/H0^2=1.260870e-01 series=1.264725e-01 phi_s=1.021551 ok=True res=6.9e-18
[6.852717053760402e-11, 15.00918440788942] q=0.7000 d=-2.17485 H2/H0^2=1.161465e-01 series=1.165508e-01 phi_s=1.022670 ok=True res=1.8e-16
[4.033681778076372e-11, 15.383873624287052] q=0.7250 d=-2.25253 H2/H0^2=1.062407e-01 series=1.066612e-01 phi_s=1.023788 ok=True res=7.6e-17
[2.2348363563567458e-11, 15.79608758866888] q=0.7500 d=-2.33020 H2/H0^2=9.636981e-02 series=9.680387e-02 phi_s=1.024907 ok=True res=2.1e-16
[1.1513288018040047e-11, 16.25378972196533] q=0.7750 d=-2.40787 H2/H0^2=8.653425e-02 series=8.697869e-02 phi_s=1.026025 ok=True res=1.9e-16
[5.4242745542088384e-12, 16.767777475529154] q=0.8000 d=-2.48555 H2/H0^2=7.673435e-02 series=7.718569e-02 phi_s=1.027144 ok=True res=1.8e-16
[2.282947983966212e-12, 17.3532102760904] q=0.8250 d=-2.56322 H2/H0^2=6.697045e-02 series=6.742486e-02 phi_s=1.028264 ok=True res=9.7e-16
[8.292656207106901e-13, 18.03232997089859] q=0.8500 d=-2.64089 H2/H0^2=5.724288e-02 series=5.769621e-02 phi_s=1.029383 ok=True res=6.9e-15
[2.463966403414755e-13, 18.83970085093166] q=0.8750 d=-2.71857 H2/H0^2=4.755200e-02 series=4.799973e-02 phi_s=1.030502 ok=True res=2.4e-16
[5.471618524283166e-14, 19.833420378986013] q=0.9000 d=-2.79624 H2/H0^2=3.789816e-02 series=3.833544e-02 phi_s=1.031622 ok=True res=2.6e-16
[2.6715184954528102e-14, 20.304623865060574] q=0.9100 d=-2.82731 H2/H0^2=3.404707e-02 series=3.447873e-02 phi_s=1.032070 ok=True res=4.0e-14
[1.193417851770825e-14, 20.83285479649731] q=0.9200 d=-2.85838 H2/H0^2=3.020198e-02 series=3.062716e-02 phi_s=1.032518 ok=True res=8.5e-15
[4.76188650295083e-15, 21.43356993821456] q=0.9300 d=-2.88945 H2/H0^2=2.636292e-02 series=2.678075e-02 phi_s=1.032966 ok=True res=5.1e-14
[1.6381664759248122e-15, 22.12950848154368] q=0.9400 d=-2.92052 H2/H0^2=2.252990e-02 series=2.293948e-02 phi_s=1.033414 ok=True res=6.7e-15
[4.598044029322593e-16, 22.95613461688023] q=0.9500 d=-2.95159 H2/H0^2=1.870296e-02 series=1.910337e-02 phi_s=1.033862 ok=True res=5.8e-16
[9.592951087889883e-17, 23.973359496463747] q=0.9600 d=-2.98266 H2/H0^2=1.488211e-02 series=1.527240e-02 phi_s=1.034310 ok=True res=5.1e-15
[1.2463986266870635e-17, 25.29492476489967] q=0.9700 d=-3.01373 H2/H0^2=1.106737e-02 series=1.144657e-02 phi_s=1.034758 ok=True res=5.9e-16
[3.3758267381625353e-18, 26.139408795700245] q=0.9750 d=-3.02926 H2/H0^2=9.162302e-03 series=9.535595e-03 phi_s=1.034982 ok=True res=1.1e-15
[6.7201419729242785e-19, 27.181811479804804] q=0.9800 d=-3.04479 H2/H0^2=7.258771e-03 series=7.625902e-03 phi_s=1.035206 ok=True res=9.2e-16
[9.359560667092984e-20, 28.45377206441185] q=0.9850 d=-3.06033 H2/H0^2=5.465089e-03 series=5.717496e-03 phi_s=1.035431 ok=False res=7.9e-06
[1.295384952367649e-19, 28.24872620344762] q=0.9900 d=-3.07586 H2/H0^2=5.720845e-03 series=3.810377e-03 phi_s=1.035656 ok=False res=1.7e-04
[1.237508807617912e-19, 28.280112708994555] q=0.9925 d=-3.08363 H2/H0^2=5.680941e-03 series=2.857300e-03 phi_s=1.035769 ok=False res=2.3e-04
[6.7201419729242785e-19, 27.181811479804804] q=0.9950 d=-3.09140 H2/H0^2=7.258771e-03 series=1.904545e-03 phi_s=1.035206 ok=False res=2.4e-03
[6.7201419729242785e-19, 27.181811479804804] q=0.9975 d=-3.09917 H2/H0^2=7.258771e-03 series=9.521115e-04 phi_s=1.035206 ok=False res=2.8e-03
{
 "extrapolation_error": {
  "0.95": 4.067088704706734e-08,
  "0.99": 2.437915536668278e-07,
  "1.00": 5.389381063647392e-07,
  "1.01": 9.685786115376516e-07,
  "1.05": 4.480895912650773e-06
 },
 "series_slope_over_H0sq": 0.12255822923546576
}
deg2 -3.1041452640915126 0.12209840463375773 {'0.95': {'d': -2.951586820890094, 'Lambda_over_H0sq': 0.018702998906890533, 'phi_s': 1.0338618158966284, 'sigma_s': 0.6730256840285138}, '0.99': {'d': -3.075864160717045, 'Lambda_over_H0sq': 0.003456088391477763, 'phi_s': 1.035654077444973, 'sigma_s': 0.6661740679355544}, '1.00': {'d': -3.106933495673783, 'Lambda_over_H0sq': -0.0003404630727057434, 'phi_s': 1.0361022045770558, 'sigma_s': 0.6644558928823416}, '1.01': {'d': -3.138002830630521, 'Lambda_over_H0sq': -0.004130944071021325, 'phi_s': 1.036550356407137, 'sigma_s': 0.6627356094171395}, '1.05': {'d': -3.262280170457472, 'Lambda_over_H0sq': -0.01923216340560474, 'phi_s': 1.0383432107074482, 'sigma_s': 0.6558333914364389}}
deg3 -3.104149418643713 0.12208686098796788 {'0.95': {'d': -2.951586820890094, 'Lambda_over_H0sq': 0.018702958236003486, 'phi_s': 1.0338618162028783, 'sigma_s': 0.6730256869345621}, '0.99': {'d': -3.075864160717045, 'Lambda_over_H0sq': 0.0034563321830314298, 'phi_s': 1.0356540756092334, 'sigma_s': 0.6661740505159681}, '1.00': {'d': -3.106933495673783, 'Lambda_over_H0sq': -0.00033992413459937865, 'phi_s': 1.0361022005188756, 'sigma_s': 0.6644558543737109}, '1.01': {'d': -3.138002830630521, 'Lambda_over_H0sq': -0.0041299754924097876, 'phi_s': 1.0365503491137826, 'sigma_s': 0.6627355402094963}, '1.05': {'d': -3.262280170457472, 'Lambda_over_H0sq': -0.01922768250969209, 'phi_s': 1.0383431769664984, 'sigma_s': 0.6558330712639272}}
