static shells: rho_b=7.8382855381 phi_b=6.170898e-04 (bg); seed phi_b=2.982687e-03 rho_b=7.8354627273  [22s]
grid: 5581 points, dz 5.00e-04 (shell) .. 2.00e-03 (far), L=10.00; chart xc=4.6 F_inf=4.600101024091833; T_switch=3.600101024091833; kappa=10
Remedy A projection: {'final': True, 'max_rel_H_window': 3.5585149660389887e-13, 'max_rel_M_window': 5.642046071392903e-06, 'max_abs_shift': 1.819106459199483e-05}
T=  0.000 H0tau= 0.0000 phi_b=+0.00298 H/H0=+1.00034 lapse=0.9999 R=0.000e+00 Wy/H0^2=+4.9529e-03 rad=0.0000e+00 mode=dev Hmax=1.6e-03 [0s]
T=  0.310 H0tau= 0.3100 phi_b=+0.00398 H/H0=+0.99981 lapse=1.0000 R=5.735e-07 Wy/H0^2=-3.1659e-05 rad=4.0955e-06 mode=dev Hmax=- [31s]
T=  0.630 H0tau= 0.6300 phi_b=+0.00576 H/H0=+0.99974 lapse=1.0002 R=1.723e-06 Wy/H0^2=+1.9015e-04 rad=1.2285e-05 mode=dev Hmax=- [61s]
T=  0.950 H0tau= 0.9501 phi_b=+0.00845 H/H0=+0.99959 lapse=1.0005 R=4.095e-06 Wy/H0^2=+2.4274e-04 rad=2.9122e-05 mode=dev Hmax=- [92s]
T=  1.270 H0tau= 1.2704 phi_b=+0.01257 H/H0=+0.99933 lapse=1.0012 R=9.534e-06 Wy/H0^2=+3.9942e-04 rad=6.7542e-05 mode=dev Hmax=- [123s]
T=  1.580 H0tau= 1.5809 phi_b=+0.01860 H/H0=+0.99892 lapse=1.0026 R=2.155e-05 Wy/H0^2=+6.2408e-04 rad=1.5178e-04 mode=dev Hmax=- [153s]
T=  1.890 H0tau= 1.8921 phi_b=+0.02767 H/H0=+0.99819 lapse=1.0055 R=4.862e-05 Wy/H0^2=+9.9138e-04 rad=3.3955e-04 mode=dev Hmax=- [184s]
T=  2.210 H0tau= 2.2147 phi_b=+0.04188 H/H0=+0.99681 lapse=1.0113 R=1.125e-04 Wy/H0^2=+1.6400e-03 rad=7.7492e-04 mode=dev Hmax=- [214s]
T=  2.520 H0tau= 2.5298 phi_b=+0.06278 H/H0=+0.99424 lapse=1.0223 R=2.533e-04 Wy/H0^2=+2.7668e-03 rad=1.7101e-03 mode=dev Hmax=- [245s]
T=  2.840 H0tau= 2.8600 phi_b=+0.09578 H/H0=+0.98890 lapse=1.0440 R=5.863e-04 Wy/H0^2=+4.9954e-03 rad=3.8298e-03 mode=dev Hmax=- [275s]
T=  3.150 H0tau= 3.1892 phi_b=+0.14521 H/H0=+0.97800 lapse=1.0841 R=1.328e-03 Wy/H0^2=+9.4626e-03 rad=8.2418e-03 mode=dev Hmax=- [305s]
T=  3.460 H0tau= 3.5357 phi_b=+0.22280 H/H0=+0.95401 lapse=1.1595 R=3.041e-03 Wy/H0^2=+1.9509e-02 rad=1.7322e-02 mode=dev Hmax=- [335s]
switched to full-field mode at T=3.6000
T=  4.350 H0tau= 4.8130 phi_b=+0.80533 H/H0=+0.51989 lapse=1.8753 R=2.580e-02 Wy/H0^2=+1.7125e-01 rad=7.0258e-02 mode=full Hmax=- [365s]
T=  5.630 H0tau= 9.0031 phi_b=+1.03610 H/H0=+0.08378 lapse=5.6613 R=3.170e-03 Wy/H0^2=+1.5581e-04 rad=7.2059e-03 mode=full Hmax=- [396s]
T=  6.960 H0tau=30.5104 phi_b=+1.03610 H/H0=+0.01161 lapse=37.3552 R=2.045e-04 Wy/H0^2=+1.3274e-05 rad=4.6382e-04 mode=full Hmax=- [426s]
{"stop": "non-finite", "T_end": 7.420000000003323, "H0tau_end": 54.944666562052326, "runtime": 435.8}
