static shell: phi_h+1=3.495607e-03 y_b=4.09327284 rho_b=7.836279 phi_b=+2.3353e-03 junction residuals=(5.0e-16,-3.3e-16)
junction check on grid: Hc_b - sigma rho_b/6 = -2.75e-12 ; phiz_b + sigma' rho_b/2 = -1.18e-11
seed: dc=-1.0e-04  max|a|=1.34e-05 max|f|=9.02e-05  f_b=-8.941e-05
t=  0.00 H0tau= 0.0000 phi_b=+2.245885e-03 H_J/H0=+0.999987 b_b=+1.339e-05 phi_min=-0.9965 M=0.0e+00  [0s]
t=  0.50 H0tau= 0.5000 phi_b=+2.181127e-03 H_J/H0=+1.000012 b_b=+1.642e-05 phi_min=-0.9965 M=2.6e-03  [8s]
t=  1.00 H0tau= 1.0000 phi_b=+1.992563e-03 H_J/H0=+1.000031 b_b=+3.502e-05 phi_min=-0.9965 M=9.8e-05  [15s]
t=  1.50 H0tau= 1.5000 phi_b=+1.562590e-03 H_J/H0=+1.000071 b_b=+7.852e-05 phi_min=-0.9965 M=5.0e-05  [23s]
t=  2.00 H0tau= 2.0001 phi_b=+5.915823e-04 H_J/H0=+1.000160 b_b=+1.767e-04 phi_min=-0.9965 M=5.2e-05  [31s]
t=  2.50 H0tau= 2.5002 phi_b=-1.602485e-03 H_J/H0=+1.000359 b_b=+3.977e-04 phi_min=-0.9965 M=5.2e-05  [42s]
t=  3.00 H0tau= 3.0005 phi_b=-6.571337e-03 H_J/H0=+1.000800 b_b=+8.927e-04 phi_min=-0.9965 M=5.1e-05  [52s]
t=  3.50 H0tau= 3.5012 phi_b=-1.788193e-02 H_J/H0=+1.001755 b_b=+1.991e-03 phi_min=-0.9965 M=5.0e-05  [61s]
t=  4.00 H0tau= 4.0028 phi_b=-4.392603e-02 H_J/H0=+1.003691 b_b=+4.376e-03 phi_min=-0.9965 M=4.9e-05  [71s]
t=  4.50 H0tau= 4.5060 phi_b=-1.054547e-01 H_J/H0=+1.006792 b_b=+9.227e-03 phi_min=-0.9965 M=5.1e-05  [80s]
t=  5.00 H0tau= 5.0126 phi_b=-2.591753e-01 H_J/H0=+1.005215 b_b=+1.687e-02 phi_min=-0.9965 M=1.2e-04  [90s]
t=  5.50 H0tau= 5.5210 phi_b=-6.872976e-01 H_J/H0=+0.925998 b_b=+8.858e-03 phi_min=-0.9966 M=2.4e-04  [99s]
t=  6.00 H0tau= 5.9909 phi_b=-1.956174e+00 H_J/H0=-0.012242 b_b=-2.209e-01 phi_min=-1.9562 M=2.1e-03  [108s]
t=  6.50 H0tau= 6.2637 phi_b=-4.001456e+00 H_J/H0=-4.048676 b_b=-1.174e+00 phi_min=-4.0015 M=2.3e-02  [117s]
t=  7.00 H0tau= 6.3564 phi_b=-5.298873e+00 H_J/H0=-9.201160 b_b=-2.265e+00 phi_min=-5.2989 M=5.0e-02  [125s]
t=  7.50 H0tau= 6.3902 phi_b=-6.017233e+00 H_J/H0=-16.487298 b_b=-3.164e+00 phi_min=-6.0172 M=6.7e-02  [134s]
t=  8.00 H0tau= 6.4047 phi_b=-6.507443e+00 H_J/H0=-29.461499 b_b=-3.950e+00 phi_min=-6.5074 M=7.4e-02  [142s]
t=  8.50 H0tau= 6.4115 phi_b=-6.885509e+00 H_J/H0=-51.088664 b_b=-4.664e+00 phi_min=-6.8855 M=7.7e-02  [151s]
t=  9.00 H0tau= 6.4150 phi_b=-7.188412e+00 H_J/H0=-83.302781 b_b=-5.322e+00 phi_min=-7.1884 M=7.8e-02  [159s]
{"H0_tau_end": 6.414989555763468, "tag": "referee_physics/runs/minus_ko0.1", "d": 0.0, "dc": -0.0001, "dz": 0.002, "L": 12.0, "t_det": 0.1, "t_end": 9.000000000000451, "stop_reason": "t_final", "phi_b_static": 0.002335296128157833, "rho_b": 7.836278852195564, "phi_b_end": -7.18841169335347, "HJ_over_H0_end": -83.30278142917867, "growth_fit": null, "max_momentum_constraint": 0.07781481410450712, "runtime_s": 159.3}
0}
