static shell: phi_h+1=3.495607e-03 y_b=4.09327284 rho_b=7.836279 phi_b=+2.3353e-03 junction residuals=(5.0e-16,-3.3e-16)
junction check on grid: Hc_b - sigma rho_b/6 = -2.75e-12 ; phiz_b + sigma' rho_b/2 = -1.18e-11
seed: dc=1.0e-03  max|a|=1.34e-04 max|f|=9.01e-04  f_b=+8.930e-04
t=  0.00 H0tau= 0.0000 phi_b=+3.228257e-03 H_J/H0=+1.000134 b_b=-1.341e-04 phi_min=-0.9965 M=0.0e+00  [0s]
t=  0.50 H0tau= 0.4999 phi_b=+3.874344e-03 H_J/H0=+0.999879 b_b=-1.643e-04 phi_min=-0.9965 M=2.7e-02  [10s]
t=  1.00 H0tau= 0.9998 phi_b=+5.752577e-03 H_J/H0=+0.999684 b_b=-3.505e-04 phi_min=-0.9965 M=1.0e-03  [19s]
t=  1.50 H0tau= 1.4995 phi_b=+1.001878e-02 H_J/H0=+0.999276 b_b=-7.890e-04 phi_min=-0.9965 M=6.2e-04  [29s]
t=  2.00 H0tau= 1.9989 phi_b=+1.956830e-02 H_J/H0=+0.998332 b_b=-1.794e-03 phi_min=-0.9965 M=6.5e-04  [38s]
t=  2.50 H0tau= 2.4975 phi_b=+4.071914e-02 H_J/H0=+0.996070 b_b=-4.124e-03 phi_min=-0.9965 M=6.5e-04  [47s]
t=  3.00 H0tau= 2.9943 phi_b=+8.650060e-02 H_J/H0=+0.990373 b_b=-9.667e-03 phi_min=-0.9965 M=6.4e-04  [56s]
t=  3.50 H0tau= 3.4866 phi_b=+1.805614e-01 H_J/H0=+0.975322 b_b=-2.335e-02 phi_min=-0.9965 M=6.2e-04  [66s]
t=  4.00 H0tau= 3.9680 phi_b=+3.524624e-01 H_J/H0=+0.936838 b_b=-5.774e-02 phi_min=-0.9965 M=6.1e-04  [76s]
t=  4.50 H0tau= 4.4239 phi_b=+5.977208e-01 H_J/H0=+0.859938 b_b=-1.379e-01 phi_min=-0.9965 M=5.9e-04  [86s]
t=  5.00 H0tau= 4.8308 phi_b=+8.229253e-01 H_J/H0=+0.768491 b_b=-2.888e-01 phi_min=-0.9965 M=5.8e-04  [96s]
t=  5.50 H0tau= 5.1681 phi_b=+9.392984e-01 H_J/H0=+0.707152 b_b=-5.144e-01 phi_min=-0.9965 M=5.7e-04  [106s]
t=  6.00 H0tau= 5.4285 phi_b=+9.764967e-01 H_J/H0=+0.676700 b_b=-8.088e-01 phi_min=-0.9965 M=5.6e-04  [116s]
t=  6.50 H0tau= 5.6168 phi_b=+9.863645e-01 H_J/H0=+0.662403 b_b=-1.164e+00 phi_min=-0.9965 M=5.5e-04  [126s]
t=  7.00 H0tau= 5.7458 phi_b=+9.891716e-01 H_J/H0=+0.655420 b_b=-1.566e+00 phi_min=-0.9965 M=5.4e-04  [137s]
t=  7.50 H0tau= 5.8307 phi_b=+9.901096e-01 H_J/H0=+0.651727 b_b=-2.003e+00 phi_min=-0.9965 M=5.3e-04  [147s]
t=  8.00 H0tau= 5.8849 phi_b=+9.904633e-01 H_J/H0=+0.649549 b_b=-2.462e+00 phi_min=-0.9965 M=5.3e-04  [159s]
t=  8.50 H0tau= 5.9188 phi_b=+9.905925e-01 H_J/H0=+0.648039 b_b=-2.937e+00 phi_min=-0.9965 M=5.2e-04  [169s]
t=  9.00 H0tau= 5.9398 phi_b=+9.906156e-01 H_J/H0=+0.646710 b_b=-3.422e+00 phi_min=-0.9965 M=7.6e-04  [180s]
t=  9.50 H0tau= 5.9527 phi_b=+9.905789e-01 H_J/H0=+0.645198 b_b=-3.913e+00 phi_min=-0.9965 M=1.3e-03  [191s]
t= 10.00 H0tau= 5.9606 phi_b=+9.905040e-01 H_J/H0=+0.643112 b_b=-4.407e+00 phi_min=-0.9965 M=2.1e-03  [202s]
{"H0_tau_end": 5.960620332422777, "tag": "referee_physics/runs/plus_dc1e-3", "d": 0.0, "dc": 0.001, "dz": 0.002, "L": 12.0, "t_det": 0.1, "t_end": 9.999999999999897, "stop_reason": "t_final", "phi_b_static": 0.002335296128157833, "rho_b": 7.836278852195564, "phi_b_end": 0.9905039972145231, "HJ_over_H0_end": 0.643112344431918, "growth_fit": null, "max_momentum_constraint": 0.34650929525430346, "runtime_s": 201.8}
