static shells loaded from cache shells_0.1_0.5975949350280132_-3.106933495673783_0.01.pkl
static shells: rho_b=7.8382855381 phi_b=6.170898e-04 (bg); seed phi_b=2.982687e-03 rho_b=7.8354627273  [0s]
grid: 4291 points, dz 1.00e-03 (shell) .. 4.00e-03 (far), L=16.00; chart xc=1.9 F_inf=1.9216553537167926; T_switch=0.9216553537167926; kappa=10; matter=friction
Remedy A projection: {'final': True, 'max_rel_H_window': 5.09120972889689e-14, 'max_rel_M_window': 1.0913716354167078e-06, 'max_abs_shift': 2.275070071219807e-05}
T=  0.000 H0tau= 0.0000 phi_b=+0.00298 H/H0=+1.00034 lapse=1.0435 R=0.000e+00 X=0.000e+00 Wy/H0^2=+4.9437e-03 rad=0.0000e+00 mode=dev Hmax=4.6e-04 [0s]
T=  0.840 H0tau= 0.9399 phi_b=+0.07696 H/H0=+0.96251 lapse=1.2558 R=0.000e+00 X=0.000e+00 Wy/H0^2=+6.6296e-02 rad=0.0000e+00 mode=dev Hmax=- [30s]
switched to full-field mode at T=0.9215
{"stop": "non-finite", "T_end": 3.0400000000001826, "H0tau_end": 7.352647282501389, "runtime": 53.2}
{'T': 0.0, 'phi_min': -0.996982587506433, 'Z_phi_min': -3.7935888162819262, 'Z_range_phi_below_m1': None, 'n_nonfinite': 0, 'B_max': 2.0958597804088686, 'Z_B_max': -0.002, 'phi_shell': -0.012843235608366838}
{'T': 0.05, 'phi_min': -0.9970302548831559, 'Z_phi_min': -3.745588816281926, 'Z_range_phi_below_m1': None, 'n_nonfinite': 0, 'B_max': 2.1003697958702507, 'Z_B_max': -0.002, 'phi_shell': -0.012683546312744673}
{'T': 0.1, 'phi_min': -0.9970822848867797, 'Z_phi_min': -3.697588816281926, 'Z_range_phi_below_m1': None, 'n_nonfinite': 0, 'B_max': 2.1053662151654224, 'Z_B_max': -0.002, 'phi_shell': -0.012434011440796547}
{'T': 0.15, 'phi_min': -0.9971390018551397, 'Z_phi_min': -3.649588816281926, 'Z_range_phi_below_m1': None, 'n_nonfinite': 0, 'B_max': 2.1108918101698513, 'Z_B_max': -0.002, 'phi_shell': -0.012054552012498457}
{'T': 0.2, 'phi_min': -0.9972007376548159, 'Z_phi_min': -3.601588816281926, 'Z_range_phi_below_m1': None, 'n_nonfinite': 0, 'B_max': 2.1169928163256424, 'Z_B_max': -0.002, 'phi_shell': -0.011502197800787626}
{'T': 0.25, 'phi_min': -0.9972678276223702, 'Z_phi_min': -3.553588816281926, 'Z_range_phi_below_m1': None, 'n_nonfinite': 0, 'B_max': 2.1237230250545713, 'Z_B_max': -0.002, 'phi_shell': -0.010735669055322385}
{'T': 0.3, 'phi_min': -0.9973406053297952, 'Z_phi_min': -3.505588816281926, 'Z_range_phi_below_m1': None, 'n_nonfinite': 0, 'B_max': 2.1311453811921925, 'Z_B_max': -0.002, 'phi_shell': -0.009708877589928177}
{'T': 0.35, 'phi_min': -0.9974193959815874, 'Z_phi_min': -3.457588816281926, 'Z_range_phi_below_m1': None, 'n_nonfinite': 0, 'B_max': 2.1393320646962217, 'Z_B_max': -0.002, 'phi_shell': -0.008363786438903894}
{'T': 0.4, 'phi_min': -0.9975045110407685, 'Z_phi_min': -3.393588816281926, 'Z_range_phi_below_m1': None, 'n_nonfinite': 0, 'B_max': 2.148363823476778, 'Z_B_max': -0.002, 'phi_shell': -0.00662327578037815}
{'T': 0.45, 'phi_min': -0.9975962319524705, 'Z_phi_min': -3.345588816281926, 'Z_range_phi_below_m1': None, 'n_nonfinite': 0, 'B_max': 2.1583292902935547, 'Z_B_max': -0.002, 'phi_shell': -0.004383918441092736}
{'T': 0.5, 'phi_min': -0.9976948011886992, 'Z_phi_min': -3.297588816281926, 'Z_range_phi_below_m1': None, 'n_nonfinite': 0, 'B_max': 2.169324660051051, 'Z_B_max': -0.002, 'phi_shell': -0.0015079854224233358}
{'T': 0.55, 'phi_min': -0.9978004101439389, 'Z_phi_min': -3.2495888162819258, 'Z_range_phi_below_m1': None, 'n_nonfinite': 0, 'B_max': 2.181453760744371, 'Z_B_max': -0.002, 'phi_shell': 0.0021863672587855484}
{'T': 0.6, 'phi_min': -0.9979131814699465, 'Z_phi_min': -3.2015888162819257, 'Z_range_phi_below_m1': None, 'n_nonfinite': 0, 'B_max': 2.194828308625123, 'Z_B_max': -0.002, 'phi_shell': 0.006937951668997274}
{'T': 0.65, 'phi_min': -0.9980331504809757, 'Z_phi_min': -3.1535888162819257, 'Z_range_phi_below_m1': None, 'n_nonfinite': 0, 'B_max': 2.209568004552115, 'Z_B_max': -0.002, 'phi_shell': 0.013059720648458261}
{'T': 0.7, 'phi_min': -0.9981602443277509, 'Z_phi_min': -3.1055888162819256, 'Z_range_phi_below_m1': None, 'n_nonfinite': 0, 'B_max': 2.2258000468399217, 'Z_B_max': -0.002, 'phi_shell': 0.020961546973826232}
{'T': 0.75, 'phi_min': -0.9982942644573636, 'Z_phi_min': -3.0415888162819256, 'Z_range_phi_below_m1': None, 'n_nonfinite': 0, 'B_max': 2.2436575220042903, 'Z_B_max': -0.002, 'phi_shell': 0.031179817351698703}
{'T': 0.8, 'phi_min': -0.9984348498834623, 'Z_phi_min': -2.9935888162819255, 'Z_range_phi_below_m1': None, 'n_nonfinite': 0, 'B_max': 2.2632759009334498, 'Z_B_max': -0.002, 'phi_shell': 0.044414677231594826}
{'T': 0.85, 'phi_min': -0.9985814580323201, 'Z_phi_min': -2.9455888162819255, 'Z_range_phi_below_m1': None, 'n_nonfinite': 0, 'B_max': 2.284786393480789, 'Z_B_max': -0.002, 'phi_shell': 0.06157459171663508}
{'T': 0.9, 'phi_min': -0.9987333426940705, 'Z_phi_min': -2.8975888162819254, 'Z_range_phi_below_m1': None, 'n_nonfinite': 0, 'B_max': 2.308304551877692, 'Z_B_max': -0.002, 'phi_shell': 0.08382508080326237}
{'T': 0.95, 'phi_min': -0.9988895276072726, 'Z_phi_min': -2.8495888162819254, 'Z_range_phi_below_m1': None, 'n_nonfinite': 0, 'B_max': 2.3339102195905976, 'Z_B_max': -0.002, 'phi_shell': 0.11263156740565261}
{'T': 1.0, 'phi_min': -0.9990487894043223, 'Z_phi_min': -2.7855888162819253, 'Z_range_phi_below_m1': None, 'n_nonfinite': 0, 'B_max': 2.361616792132408, 'Z_B_max': -0.002, 'phi_shell': 0.14977472791148463}
{'T': 1.05, 'phi_min': -0.999209641321252, 'Z_phi_min': -2.7375888162819253, 'Z_range_phi_below_m1': None, 'n_nonfinite': 0, 'B_max': 2.3913237765764395, 'Z_B_max': -0.002, 'phi_shell': 0.1972925168050201}
{'T': 1.1, 'phi_min': -0.9993703071023525, 'Z_phi_min': -2.6895888162819253, 'Z_range_phi_below_m1': None, 'n_nonfinite': 0, 'B_max': 2.422753534497512, 'Z_B_max': -0.002, 'phi_shell': 0.25727125120763145}
{'T': 1.15, 'phi_min': -0.9995287487756218, 'Z_phi_min': -2.641588816281925, 'Z_range_phi_below_m1': None, 'n_nonfinite': 0, 'B_max': 2.4553821035119032, 'Z_B_max': -0.002, 'phi_shell': 0.3313734392332353}
{'T': 1.2, 'phi_min': -0.9996826870415468, 'Z_phi_min': -2.577588816281925, 'Z_range_phi_below_m1': None, 'n_nonfinite': 0, 'B_max': 2.4884010452141423, 'Z_B_max': -0.002, 'phi_shell': 0.42000128303306217}
{'T': 1.25, 'phi_min': -0.999829606643365, 'Z_phi_min': -2.529588816281925, 'Z_range_phi_below_m1': None, 'n_nonfinite': 0, 'B_max': 2.5207779083967905, 'Z_B_max': -0.002, 'phi_shell': 0.5211461856505798}
{'T': 1.3, 'phi_min': -0.9999668287581842, 'Z_phi_min': -2.465588816281925, 'Z_range_phi_below_m1': None, 'n_nonfinite': 0, 'B_max': 2.5514820781901912, 'Z_B_max': -0.002, 'phi_shell': 0.6293716872704388}
{'T': 1.35, 'phi_min': -1.000091603023644, 'Z_phi_min': -2.417588816281925, 'Z_range_phi_below_m1': [-3.569588816281926, -1.6015888162819243], 'n_nonfinite': 0, 'B_max': 2.579836717271965, 'Z_B_max': -0.002, 'phi_shell': 0.7358835480458412}
{'T': 1.4, 'phi_min': -1.0002011648404963, 'Z_phi_min': -2.353588816281925, 'Z_range_phi_below_m1': [-4.113588816281914, -1.4095888162819241], 'n_nonfinite': 0, 'B_max': 2.6057559395053023, 'Z_B_max': -0.002, 'phi_shell': 0.8305853717832463}
{'T': 1.45, 'phi_min': -1.0002928942012237, 'Z_phi_min': -2.289588816281925, 'Z_range_phi_below_m1': [-4.465588816281875, -1.201588816281924], 'n_nonfinite': 0, 'B_max': 2.6296284797428124, 'Z_B_max': -0.002, 'phi_shell': 0.90568489478112}
{'T': 1.5, 'phi_min': -1.0003644412571537, 'Z_phi_min': -2.225588816281925, 'Z_range_phi_below_m1': [-4.721588816281847, -1.201588816281924], 'n_nonfinite': 0, 'B_max': 2.6519157037767562, 'Z_B_max': -0.002, 'phi_shell': 0.958617640885922}
{'T': 1.55, 'phi_min': -1.000413873645869, 'Z_phi_min': -2.161588816281925, 'Z_range_phi_below_m1': [-4.929588816281824, -1.201588816281924], 'n_nonfinite': 0, 'B_max': 2.67288458450591, 'Z_B_max': -0.002, 'phi_shell': 0.9921088079426447}
{'T': 1.6, 'phi_min': -1.0004683632279672, 'Z_phi_min': -1.4095888162819241, 'Z_range_phi_below_m1': [-5.105588816281805, -1.201588816281924], 'n_nonfinite': 0, 'B_max': 2.6926618786222343, 'Z_B_max': -0.002, 'phi_shell': 1.0116155022312328}
{'T': 1.65, 'phi_min': -1.000510963825195, 'Z_phi_min': -1.4575888162819242, 'Z_range_phi_below_m1': [-5.249588816281789, -1.233588816281924], 'n_nonfinite': 0, 'B_max': 2.7114217092542265, 'Z_B_max': -0.002, 'phi_shell': 1.0224307192517428}
{'T': 1.7, 'phi_min': -1.0005218505378584, 'Z_phi_min': -1.5055888162819242, 'Z_range_phi_below_m1': [-5.393588816281773, -1.265588816281924], 'n_nonfinite': 0, 'B_max': 2.7294897223989136, 'Z_B_max': -0.002, 'phi_shell': 1.0282621444458513}
{'T': 1.75, 'phi_min': -1.0005060103416117, 'Z_phi_min': -1.5535888162819242, 'Z_range_phi_below_m1': [-5.505588816281761, -1.329588816281924], 'n_nonfinite': 0, 'B_max': 2.747334978166651, 'Z_B_max': -0.002, 'phi_shell': 1.031299985260714}
{'T': 1.8, 'phi_min': -1.0004687530672285, 'Z_phi_min': -1.6015888162819243, 'Z_range_phi_below_m1': [-5.617588816281748, -1.4095888162819241], 'n_nonfinite': 0, 'B_max': 2.7655099633687046, 'Z_B_max': -0.002, 'phi_shell': 1.032804969447353}
{'T': 1.85, 'phi_min': -1.0004437682473095, 'Z_phi_min': -4.5455888162818665, 'Z_range_phi_below_m1': [-5.713588816281738, -1.5055888162819242], 'n_nonfinite': 0, 'B_max': 2.7845847792045286, 'Z_B_max': -0.002, 'phi_shell': 1.0335247954186642}
{'T': 1.9, 'phi_min': -1.0004437610045187, 'Z_phi_min': -4.737588816281845, 'Z_range_phi_below_m1': [-5.809588816281727, -1.5855888162819243], 'n_nonfinite': 0, 'B_max': 2.8050966160637496, 'Z_B_max': -0.002, 'phi_shell': 1.0338709659588128}
{'T': 1.95, 'phi_min': -1.0004437533002435, 'Z_phi_min': -4.897588816281828, 'Z_range_phi_below_m1': [-5.905588816281717, -1.6655888162819243], 'n_nonfinite': 0, 'B_max': 2.827519340313435, 'Z_B_max': -0.002, 'phi_shell': 1.0340304158578635}
{'T': 2.0, 'phi_min': -1.0004437631704886, 'Z_phi_min': -5.025588816281814, 'Z_range_phi_below_m1': [-5.985588816281708, -1.7455888162819244], 'n_nonfinite': 0, 'B_max': 2.8522505659312607, 'Z_B_max': -0.002, 'phi_shell': 1.0340812031102695}
{'T': 2.05, 'phi_min': -1.0004437683426521, 'Z_phi_min': -5.1535888162817995, 'Z_range_phi_below_m1': [-6.065588816281699, -1.8095888162819245], 'n_nonfinite': 0, 'B_max': 2.879610371822713, 'Z_B_max': -0.002, 'phi_shell': 1.0340697116325412}
{'T': 2.1, 'phi_min': -1.0004437681299407, 'Z_phi_min': -5.265588816281787, 'Z_range_phi_below_m1': [-6.129588816281692, -1.8735888162819245], 'n_nonfinite': 0, 'B_max': 2.9098475267952777, 'Z_B_max': -0.002, 'phi_shell': 1.0340285563244442}
{'T': 2.15, 'phi_min': -1.0004437361343719, 'Z_phi_min': -5.377588816281775, 'Z_range_phi_below_m1': [-6.209588816281683, -1.9215888162819246], 'n_nonfinite': 0, 'B_max': 2.9431516762524104, 'Z_B_max': -0.002, 'phi_shell': 1.0339717029728879}
{'T': 2.2, 'phi_min': -1.0004437336116678, 'Z_phi_min': -5.473588816281764, 'Z_range_phi_below_m1': [-6.273588816281676, -1.9855888162819246], 'n_nonfinite': 0, 'B_max': 2.979670405254024, 'Z_B_max': -0.002, 'phi_shell': 1.0339003892148635}
{'T': 2.25, 'phi_min': -1.0004437654332317, 'Z_phi_min': -5.5535888162817555, 'Z_range_phi_below_m1': [-6.353588816281667, -2.0335888162819247], 'n_nonfinite': 0, 'B_max': 3.0195288454025633, 'Z_B_max': -0.002, 'phi_shell': 1.0338149979905595}
{'T': 2.3, 'phi_min': -1.000443736240868, 'Z_phi_min': -5.633588816281747, 'Z_range_phi_below_m1': [-6.41758881628166, -2.0815888162819247], 'n_nonfinite': 0, 'B_max': 3.062849336056801, 'Z_B_max': -0.002, 'phi_shell': 1.0337174262739357}
{'T': 2.35, 'phi_min': -1.0004437293450736, 'Z_phi_min': -5.713588816281738, 'Z_range_phi_below_m1': [-6.481588816281653, -2.1295888162819248], 'n_nonfinite': 0, 'B_max': 3.1097696999770403, 'Z_B_max': -0.002, 'phi_shell': 1.0336073457666046}
{'T': 2.4, 'phi_min': -1.0004512574129403, 'Z_phi_min': -2.241588816281925, 'Z_range_phi_below_m1': [-6.545588816281646, -2.161588816281925], 'n_nonfinite': 0, 'B_max': 3.160459404806216, 'Z_B_max': -0.002, 'phi_shell': 1.0334824248797039}
{'T': 2.45, 'phi_min': -1.0005929935071485, 'Z_phi_min': -2.289588816281925, 'Z_range_phi_below_m1': [-6.593588816281641, -2.209588816281925], 'n_nonfinite': 0, 'B_max': 3.215133394726449, 'Z_B_max': -0.002, 'phi_shell': 1.0333406279133885}
{'T': 2.5, 'phi_min': -1.0007525315472297, 'Z_phi_min': -2.337588816281925, 'Z_range_phi_below_m1': [-6.657588816281634, -2.257588816281925], 'n_nonfinite': 0, 'B_max': 3.274064293463736, 'Z_B_max': -0.002, 'phi_shell': 1.0331796831549396}
{'T': 2.55, 'phi_min': -1.000925761718251, 'Z_phi_min': -2.385588816281925, 'Z_range_phi_below_m1': [-6.721588816281627, -2.289588816281925], 'n_nonfinite': 0, 'B_max': 3.337595138428233, 'Z_B_max': -0.002, 'phi_shell': 1.0329961227332576}
{'T': 2.6, 'phi_min': -1.001114472361669, 'Z_phi_min': -2.449588816281925, 'Z_range_phi_below_m1': [-6.78558881628162, -1.9375888162819246], 'n_nonfinite': 0, 'B_max': 3.406155947244706, 'Z_B_max': -0.002, 'phi_shell': 1.0327856413401932}
{'T': 2.65, 'phi_min': -1.0013202201281264, 'Z_phi_min': -2.497588816281925, 'Z_range_phi_below_m1': [-6.8335888162816145, -1.217588816281924], 'n_nonfinite': 0, 'B_max': 3.4802885270823714, 'Z_B_max': -0.002, 'phi_shell': 1.032542850889644}
{'T': 2.7, 'phi_min': -1.0015302947078109, 'Z_phi_min': -2.545588816281925, 'Z_range_phi_below_m1': [-6.8975888162816075, -1.249588816281924], 'n_nonfinite': 0, 'B_max': 3.560684559311333, 'Z_B_max': -0.002, 'phi_shell': 1.0322605487906271}
{'T': 2.75, 'phi_min': -1.0021829005972205, 'Z_phi_min': -1.313588816281924, 'Z_range_phi_below_m1': [-6.945588816281602, -1.281588816281924], 'n_nonfinite': 0, 'B_max': 3.6482452246572827, 'Z_B_max': -0.002, 'phi_shell': 1.0319291592194304}
{'T': 2.8, 'phi_min': -1.003105814871534, 'Z_phi_min': -1.361588816281924, 'Z_range_phi_below_m1': [-7.009588816281595, -1.329588816281924], 'n_nonfinite': 0, 'B_max': 3.744170526107513, 'Z_B_max': -0.002, 'phi_shell': 1.0315354871504279}
{'T': 2.85, 'phi_min': -1.0040239134620002, 'Z_phi_min': -1.4255888162819241, 'Z_range_phi_below_m1': [-7.05758881628159, -1.377588816281924], 'n_nonfinite': 0, 'B_max': 3.8500957538253817, 'Z_B_max': -0.002, 'phi_shell': 1.031060840789451}
{'T': 2.9, 'phi_min': -1.0049546025317246, 'Z_phi_min': -1.4735888162819242, 'Z_range_phi_below_m1': [-7.105588816281585, -1.4255888162819241], 'n_nonfinite': 0, 'B_max': 3.968304772662671, 'Z_B_max': -0.002, 'phi_shell': 1.0304777970503938}
{'T': 2.95, 'phi_min': -1.0058656061031228, 'Z_phi_min': -1.5215888162819242, 'Z_range_phi_below_m1': [-7.1695888162815775, -1.4735888162819242], 'n_nonfinite': 0, 'B_max': 4.102080595624686, 'Z_B_max': -0.002, 'phi_shell': 1.0297444886995328}
{'T': 3.0, 'phi_min': -1.006761693285443, 'Z_phi_min': -1.5695888162819243, 'Z_range_phi_below_m1': [-7.217588816281572, -1.313588816281924], 'n_nonfinite': 0, 'B_max': 4.256319920704409, 'Z_B_max': -0.002, 'phi_shell': 1.0287938009586919}
