static shells loaded from cache shells_0.1_0.5975949350280132_-3.106933495673783_0.01.pkl
static shells: rho_b=7.8382855381 phi_b=6.170898e-04 (bg); seed phi_b=2.982687e-03 rho_b=7.8354627273  [0s]
grid: 4291 points, dz 1.00e-03 (shell) .. 4.00e-03 (far), L=16.00; chart xc=2.2 F_inf=2.212057216932724; T_switch=1.212057216932724; kappa=10; matter=chi
Remedy A projection: {'final': True, 'max_rel_H_window': 5.410521865468037e-14, 'max_rel_M_window': 6.308922102665467e-07, 'max_abs_shift': 2.240516244466303e-05}
T=  0.000 H0tau= 0.0000 phi_b=+0.00298 H/H0=+1.00034 lapse=1.0239 R=0.000e+00 X=0.000e+00 Wy/H0^2=+4.9444e-03 rad=0.0000e+00 mode=dev Hmax=5.3e-04 [0s]
T=  0.780 H0tau= 0.8261 phi_b=+0.04908 H/H0=+0.97708 lapse=1.1184 R=0.000e+00 X=0.000e+00 Wy/H0^2=+4.2965e-02 rad=0.0000e+00 mode=dev Hmax=- [30s]
switched to full-field mode at T=1.2120
chi production at T=1.3247 H0tau=1.4860: q=128.3 D/q=-0.0201 factor=0.9799 n_hat=5.742 ramp=0.265/H0 unpaid jump(kappa5^2 rho/H0)=1.560e-08
T=  2.460 H0tau= 3.5177 phi_b=+1.03126 H/H0=+0.17038 lapse=2.9677 R=8.657e-03 X=1.840e-03 Wy/H0^2=+1.4184e-02 rad=1.9779e-02 mode=full Hmax=- [60s]
{"stop": "non-finite", "T_end": 2.8900000000001325, "H0tau_end": 5.192475223119368, "runtime": 65.1}
{'T': 0.0, 'phi_min': -0.9967800607832655, 'Z_phi_min': -4.193588816281905, 'Z_range_phi_below_m1': None, 'n_nonfinite': 0, 'B_max': 2.077030201100825, 'Z_B_max': -0.002, 'phi_shell': -0.012547166788126698}
{'T': 0.05, 'phi_min': -0.9968084775866706, 'Z_phi_min': -4.145588816281911, 'Z_range_phi_below_m1': None, 'n_nonfinite': 0, 'B_max': 2.0795469277664482, 'Z_B_max': -0.002, 'phi_shell': -0.012360294685832406}
{'T': 0.1, 'phi_min': -0.9968396642718501, 'Z_phi_min': -4.081588816281918, 'Z_range_phi_below_m1': None, 'n_nonfinite': 0, 'B_max': 2.082337700402324, 'Z_B_max': -0.002, 'phi_shell': -0.012085165133740756}
{'T': 0.15, 'phi_min': -0.9968738649879831, 'Z_phi_min': -4.033588816281923, 'Z_range_phi_below_m1': None, 'n_nonfinite': 0, 'B_max': 2.085423392515749, 'Z_B_max': -0.002, 'phi_shell': -0.011684821571434467}
{'T': 0.2, 'phi_min': -0.996911339843981, 'Z_phi_min': -3.9855888162819264, 'Z_range_phi_below_m1': None, 'n_nonfinite': 0, 'B_max': 2.0888261615455104, 'Z_B_max': -0.002, 'phi_shell': -0.011119805615636}
{'T': 0.25, 'phi_min': -0.9969523650042582, 'Z_phi_min': -3.9375888162819264, 'Z_range_phi_below_m1': None, 'n_nonfinite': 0, 'B_max': 2.092573031977337, 'Z_B_max': -0.002, 'phi_shell': -0.010353205407437326}
{'T': 0.3, 'phi_min': -0.9969972317007442, 'Z_phi_min': -3.8895888162819263, 'Z_range_phi_below_m1': None, 'n_nonfinite': 0, 'B_max': 2.09669719632322, 'Z_B_max': -0.002, 'phi_shell': -0.009345164891986541}
{'T': 0.35, 'phi_min': -0.9970462450936798, 'Z_phi_min': -3.8415888162819263, 'Z_range_phi_below_m1': None, 'n_nonfinite': 0, 'B_max': 2.1012379270257067, 'Z_B_max': -0.002, 'phi_shell': -0.008047022844213613}
{'T': 0.4, 'phi_min': -0.9970997225300681, 'Z_phi_min': -3.7935888162819262, 'Z_range_phi_below_m1': None, 'n_nonfinite': 0, 'B_max': 2.1062397659725356, 'Z_B_max': -0.002, 'phi_shell': -0.006395749420938167}
{'T': 0.45, 'phi_min': -0.9971579910674802, 'Z_phi_min': -3.745588816281926, 'Z_range_phi_below_m1': None, 'n_nonfinite': 0, 'B_max': 2.1117516427244998, 'Z_B_max': -0.002, 'phi_shell': -0.004308730835884067}
{'T': 0.5, 'phi_min': -0.9972213861905201, 'Z_phi_min': -3.681588816281926, 'Z_range_phi_below_m1': None, 'n_nonfinite': 0, 'B_max': 2.1178262674666803, 'Z_B_max': -0.002, 'phi_shell': -0.001678509031160241}
{'T': 0.55, 'phi_min': -0.9972902420274222, 'Z_phi_min': -3.633588816281926, 'Z_range_phi_below_m1': None, 'n_nonfinite': 0, 'B_max': 2.124519858819279, 'Z_B_max': -0.002, 'phi_shell': 0.0016331567755387116}
{'T': 0.6, 'phi_min': -0.9973648898320208, 'Z_phi_min': -3.585588816281926, 'Z_range_phi_below_m1': None, 'n_nonfinite': 0, 'B_max': 2.1318920709485387, 'Z_B_max': -0.002, 'phi_shell': 0.0058025897832901935}
{'T': 0.65, 'phi_min': -0.9974456504842951, 'Z_phi_min': -3.537588816281926, 'Z_range_phi_below_m1': None, 'n_nonfinite': 0, 'B_max': 2.1400058913996305, 'Z_B_max': -0.002, 'phi_shell': 0.011053467243298124}
{'T': 0.7, 'phi_min': -0.9975328253512085, 'Z_phi_min': -3.489588816281926, 'Z_range_phi_below_m1': None, 'n_nonfinite': 0, 'B_max': 2.1489272538665296, 'Z_B_max': -0.002, 'phi_shell': 0.017668542855492256}
{'T': 0.75, 'phi_min': -0.9976266857317495, 'Z_phi_min': -3.441588816281926, 'Z_range_phi_below_m1': None, 'n_nonfinite': 0, 'B_max': 2.1587240965840273, 'Z_B_max': -0.002, 'phi_shell': 0.026004121914088588}
{'T': 0.8, 'phi_min': -0.9977274602787155, 'Z_phi_min': -3.393588816281926, 'Z_range_phi_below_m1': None, 'n_nonfinite': 0, 'B_max': 2.169464551899379, 'Z_B_max': -0.002, 'phi_shell': 0.03650731400482517}
{'T': 0.85, 'phi_min': -0.9978353218493913, 'Z_phi_min': -3.329588816281926, 'Z_range_phi_below_m1': None, 'n_nonfinite': 0, 'B_max': 2.1812138099056435, 'Z_B_max': -0.002, 'phi_shell': 0.04973556075000309}
{'T': 0.9, 'phi_min': -0.9979503692492055, 'Z_phi_min': -3.281588816281926, 'Z_range_phi_below_m1': None, 'n_nonfinite': 0, 'B_max': 2.194029349523357, 'Z_B_max': -0.002, 'phi_shell': 0.06637706474303573}
{'T': 0.95, 'phi_min': -0.9980726027057764, 'Z_phi_min': -3.2335888162819257, 'Z_range_phi_below_m1': None, 'n_nonfinite': 0, 'B_max': 2.2079527327281205, 'Z_B_max': -0.002, 'phi_shell': 0.08726839469571676}
{'T': 1.0, 'phi_min': -0.9982019100626077, 'Z_phi_min': -3.1855888162819257, 'Z_range_phi_below_m1': None, 'n_nonfinite': 0, 'B_max': 2.222998666004181, 'Z_B_max': -0.002, 'phi_shell': 0.11340364345818217}
{'T': 1.05, 'phi_min': -0.9983380404932525, 'Z_phi_min': -3.1375888162819257, 'Z_range_phi_below_m1': None, 'n_nonfinite': 0, 'B_max': 2.2391382389751326, 'Z_B_max': -0.002, 'phi_shell': 0.14592266556494385}
{'T': 1.1, 'phi_min': -0.9984805796866957, 'Z_phi_min': -3.0895888162819256, 'Z_range_phi_below_m1': None, 'n_nonfinite': 0, 'B_max': 2.2562771296265653, 'Z_B_max': -0.002, 'phi_shell': 0.1860605913808343}
{'T': 1.15, 'phi_min': -0.9986289247420503, 'Z_phi_min': -3.0255888162819256, 'Z_range_phi_below_m1': None, 'n_nonfinite': 0, 'B_max': 2.2742288056632978, 'Z_B_max': -0.002, 'phi_shell': 0.2350314184249953}
{'T': 1.2, 'phi_min': -0.9987822665878338, 'Z_phi_min': -2.9775888162819255, 'Z_range_phi_below_m1': None, 'n_nonfinite': 0, 'B_max': 2.2926885807811437, 'Z_B_max': -0.002, 'phi_shell': 0.2938145856089994}
{'T': 1.25, 'phi_min': -0.9989395435822966, 'Z_phi_min': -2.9295888162819255, 'Z_range_phi_below_m1': None, 'n_nonfinite': 0, 'B_max': 2.3112195010334835, 'Z_B_max': -0.002, 'phi_shell': 0.36282105949817306}
{'T': 1.3, 'phi_min': -0.9990994452021058, 'Z_phi_min': -2.8815888162819254, 'Z_range_phi_below_m1': None, 'n_nonfinite': 0, 'B_max': 2.329269427059545, 'Z_B_max': -0.002, 'phi_shell': 0.4414549632393064}
{'T': 1.35, 'phi_min': -0.9992603915009056, 'Z_phi_min': -2.8335888162819254, 'Z_range_phi_below_m1': None, 'n_nonfinite': 0, 'B_max': 2.3461978675786193, 'Z_B_max': -0.002, 'phi_shell': 0.525500617936051}
{'T': 1.4, 'phi_min': -0.9994205361595065, 'Z_phi_min': -2.7695888162819253, 'Z_range_phi_below_m1': None, 'n_nonfinite': 0, 'B_max': 2.3597384120378324, 'Z_B_max': -0.002, 'phi_shell': 0.5767187924038447}
{'T': 1.45, 'phi_min': -0.9995777587193696, 'Z_phi_min': -2.7215888162819253, 'Z_range_phi_below_m1': None, 'n_nonfinite': 0, 'B_max': 2.3668640636887996, 'Z_B_max': -0.002, 'phi_shell': 0.6016711430169717}
{'T': 1.5, 'phi_min': -0.9997296899344987, 'Z_phi_min': -2.6735888162819252, 'Z_range_phi_below_m1': None, 'n_nonfinite': 0, 'B_max': 2.366902900349425, 'Z_B_max': -0.002, 'phi_shell': 0.6206691824346989}
{'T': 1.55, 'phi_min': -0.9998737730638719, 'Z_phi_min': -2.609588816281925, 'Z_range_phi_below_m1': None, 'n_nonfinite': 0, 'B_max': 2.3614996796568324, 'Z_B_max': -0.002, 'phi_shell': 0.6367830530298272}
{'T': 1.6, 'phi_min': -1.000007298371472, 'Z_phi_min': -2.561588816281925, 'Z_range_phi_below_m1': [-2.8815888162819254, -2.273588816281925], 'n_nonfinite': 0, 'B_max': 2.3544922022915746, 'Z_B_max': -0.002, 'phi_shell': 0.6497455437006744}
{'T': 1.65, 'phi_min': -1.0001275023360445, 'Z_phi_min': -2.497588816281925, 'Z_range_phi_below_m1': [-4.001588816281926, -1.6495888162819243], 'n_nonfinite': 0, 'B_max': 2.350953810161203, 'Z_B_max': -0.002, 'phi_shell': 0.6586844688544184}
{'T': 1.7, 'phi_min': -1.0002316683484478, 'Z_phi_min': -2.449588816281925, 'Z_range_phi_below_m1': [-4.497588816281872, -1.4415888162819241], 'n_nonfinite': 0, 'B_max': 2.3559342774683825, 'Z_B_max': -0.002, 'phi_shell': 0.6647012585129126}
{'T': 1.75, 'phi_min': -1.0003172673859497, 'Z_phi_min': -2.385588816281925, 'Z_range_phi_below_m1': [-4.8175888162818366, -1.4415888162819241], 'n_nonfinite': 0, 'B_max': 2.373148436550574, 'Z_B_max': -0.002, 'phi_shell': 0.6795880505370848}
{'T': 1.8, 'phi_min': -1.0003820840593016, 'Z_phi_min': -2.305588816281925, 'Z_range_phi_below_m1': [-5.073588816281808, -1.4415888162819241], 'n_nonfinite': 0, 'B_max': 2.4049590896837385, 'Z_B_max': -0.002, 'phi_shell': 0.6835525598264025}
{'T': 1.85, 'phi_min': -1.0133231228052084, 'Z_phi_min': -0.40559514544548003, 'Z_range_phi_below_m1': [-5.265588816281787, -0.3715710399740461], 'n_nonfinite': 0, 'B_max': 2.4508816661801665, 'Z_B_max': -0.002, 'phi_shell': 0.687187801308544}
{'T': 1.9, 'phi_min': -1.0410700715913768, 'Z_phi_min': -0.44964115200206917, 'Z_range_phi_below_m1': [-5.441588816281768, -0.3817251663611585], 'n_nonfinite': 0, 'B_max': 2.506356409219385, 'Z_B_max': -0.002, 'phi_shell': 0.6971306112783702}
{'T': 1.95, 'phi_min': -1.061417657636451, 'Z_phi_min': -0.5135889037724563, 'Z_range_phi_below_m1': [-5.585588816281752, -0.41872072937660876], 'n_nonfinite': 0, 'B_max': 2.5651538056625327, 'Z_B_max': -0.002, 'phi_shell': 0.7124269874794639}
{'T': 2.0, 'phi_min': -1.075364741775329, 'Z_phi_min': -0.561588817001956, 'Z_range_phi_below_m1': [-5.713588816281738, -0.46559943423931016], 'n_nonfinite': 0, 'B_max': 2.622381049316987, 'Z_B_max': -0.002, 'phi_shell': 0.7473017228197252}
{'T': 2.05, 'phi_min': -1.0863605515497305, 'Z_phi_min': -0.6255888162831199, 'Z_range_phi_below_m1': [-5.8255888162817255, -0.5295888339461015], 'n_nonfinite': 0, 'B_max': 2.6777342128579553, 'Z_B_max': -0.002, 'phi_shell': 0.7957295793530662}
{'T': 2.1, 'phi_min': -1.0959038900400246, 'Z_phi_min': -0.6735888162819335, 'Z_range_phi_below_m1': [-5.937588816281713, -0.5935888163112737], 'n_nonfinite': 0, 'B_max': 2.734645778340253, 'Z_B_max': -0.002, 'phi_shell': 0.8444209787813866}
{'T': 2.15, 'phi_min': -1.1025206988129246, 'Z_phi_min': -0.7215888162819236, 'Z_range_phi_below_m1': [-6.033588816281703, -0.6415888162821651], 'n_nonfinite': 0, 'B_max': 2.79527527651985, 'Z_B_max': -0.002, 'phi_shell': 0.8900863220145927}
{'T': 2.2, 'phi_min': -1.110885680438156, 'Z_phi_min': -0.7855888162819237, 'Z_range_phi_below_m1': [-6.129588816281692, -0.7055888162819239], 'n_nonfinite': 0, 'B_max': 2.857949182414917, 'Z_B_max': -0.002, 'phi_shell': 0.9336902170650492}
{'T': 2.25, 'phi_min': -1.1183055881291397, 'Z_phi_min': -0.8335888162819237, 'Z_range_phi_below_m1': [-6.209588816281683, -0.3878811001002685], 'n_nonfinite': 0, 'B_max': 2.9188714210753823, 'Z_B_max': -0.002, 'phi_shell': 0.9707193664677388}
{'T': 2.3, 'phi_min': -1.1239456317852483, 'Z_phi_min': -0.8815888162819238, 'Z_range_phi_below_m1': [-6.305588816281673, -0.3817251663611585], 'n_nonfinite': 0, 'B_max': 2.9755958742347914, 'Z_B_max': -0.002, 'phi_shell': 0.9968341148947024}
{'T': 2.35, 'phi_min': -1.131113913480365, 'Z_phi_min': -0.9455888162819238, 'Z_range_phi_below_m1': [-6.369588816281666, -0.4338420312845066], 'n_nonfinite': 0, 'B_max': 3.0285905823473245, 'Z_B_max': -0.002, 'phi_shell': 1.0127672009986703}
{'T': 2.4, 'phi_min': -1.1402420140280938, 'Z_phi_min': -0.9935888162819239, 'Z_range_phi_below_m1': [-6.449588816281657, -0.48159096213064945], 'n_nonfinite': 0, 'B_max': 3.079968187651601, 'Z_B_max': -0.002, 'phi_shell': 1.0221624878619808}
{'T': 2.45, 'phi_min': -1.1482710704608783, 'Z_phi_min': -1.0415888162819238, 'Z_range_phi_below_m1': [-6.529588816281648, -0.5295888339461015], 'n_nonfinite': 0, 'B_max': 3.131487696595766, 'Z_B_max': -0.002, 'phi_shell': 1.0275846962409034}
{'T': 2.5, 'phi_min': -1.1550705869900577, 'Z_phi_min': -1.0895888162819238, 'Z_range_phi_below_m1': [-6.593588816281641, -0.5935888163112737], 'n_nonfinite': 0, 'B_max': 3.183837477982165, 'Z_B_max': -0.002, 'phi_shell': 1.0303691300387903}
{'T': 2.55, 'phi_min': -1.1643254817026225, 'Z_phi_min': -1.153588816281924, 'Z_range_phi_below_m1': [-6.657588816281634, -0.41872072937660876], 'n_nonfinite': 0, 'B_max': 3.237271329559104, 'Z_B_max': -0.002, 'phi_shell': 1.0316888895621388}
{'T': 2.6, 'phi_min': -1.1776482642523185, 'Z_phi_min': -1.201588816281924, 'Z_range_phi_below_m1': [-6.721588816281627, -0.46559943423931016], 'n_nonfinite': 0, 'B_max': 3.292634657937904, 'Z_B_max': -0.002, 'phi_shell': 1.0323358930973645}
{'T': 2.65, 'phi_min': -1.1905063324400154, 'Z_phi_min': -1.249588816281924, 'Z_range_phi_below_m1': [-6.78558881628162, -0.5135889037724563], 'n_nonfinite': 0, 'B_max': 3.35138338490368, 'Z_B_max': -0.002, 'phi_shell': 1.03256172812504}
{'T': 2.7, 'phi_min': -1.2026853497719887, 'Z_phi_min': -1.297588816281924, 'Z_range_phi_below_m1': [-6.849588816281613, -0.561588817001956], 'n_nonfinite': 0, 'B_max': 3.4149975835813318, 'Z_B_max': -0.002, 'phi_shell': 1.0325593301483562}
{'T': 2.75, 'phi_min': -1.2139140862018578, 'Z_phi_min': -1.345588816281924, 'Z_range_phi_below_m1': [-6.913588816281606, -0.46559943423931016], 'n_nonfinite': 0, 'B_max': 3.4844375311056153, 'Z_B_max': -0.002, 'phi_shell': 1.032437124524721}
{'T': 2.8, 'phi_min': -1.2565056443954843, 'Z_phi_min': -1.0095888162819238, 'Z_range_phi_below_m1': [-6.977588816281599, -0.4975892496078835], 'n_nonfinite': 0, 'B_max': 3.560448764870537, 'Z_B_max': -0.002, 'phi_shell': 1.032209762325328}
{'T': 2.85, 'phi_min': -1.3307661583430226, 'Z_phi_min': -1.0735888162819238, 'Z_range_phi_below_m1': [-7.025588816281593, -0.5295888339461015], 'n_nonfinite': 0, 'B_max': 3.644214183086213, 'Z_B_max': -0.002, 'phi_shell': 1.0319209436365546}
