test_description_collision_blocks_publish_before_latch (__main__.IndependentPublishControls.test_description_collision_blocks_publish_before_latch) ... ok
test_empty_customfields_omission_blocks_publish_before_latch (__main__.IndependentPublishControls.test_empty_customfields_omission_blocks_publish_before_latch) ... ok
test_mapping_contradiction_blocks_stream_and_publish_latch (__main__.IndependentPublishControls.test_mapping_contradiction_blocks_stream_and_publish_latch) ... ok
test_latest_only_owner_listing_complete_create_prepare_publish_flow (__main__.IndependentPublishControls.test_latest_only_owner_listing_complete_create_prepare_publish_flow) ... ok
test_raw_verified_etag_preserved_and_publish_header_is_decimal (__main__.IndependentPublishControls.test_raw_verified_etag_preserved_and_publish_header_is_decimal) ... ok
test_invalid_publish_etag_stops_before_attempt_latch_and_post (__main__.IndependentPublishControls.test_invalid_publish_etag_stops_before_attempt_latch_and_post) ... ok

----------------------------------------------------------------------
Ran 6 tests in 0.493s

OK
{
  "status": "FAIL",
  "optimized": true,
  "targeted_controls": 100,
  "targeted_passed": 99,
  "targeted_failed": 1,
  "archived_vulnerability_count": 22,
  "flow_controls": {
    "tests_run": 6,
    "status": "PASS",
    "failures": [],
    "errors": [],
    "skipped": 0
  }
}
