static shell: phi_h+1=3.495607e-03 y_b=4.09327284 rho_b=7.836279 phi_b=+2.3353e-03 junction residuals=(5.0e-16,-3.3e-16)
junction check on grid: Hc_b - sigma rho_b/6 = -2.75e-12 ; phiz_b + sigma' rho_b/2 = -1.18e-11
seed: dc=-1.0e-04  max|a|=1.34e-05 max|f|=9.02e-05  f_b=-8.941e-05
t=  0.00 H0tau= 0.0000 phi_b=+2.245885e-03 H_J/H0=+0.999987 b_b=+1.339e-05 a_b=+1.339e-05 phi_min=-0.9965 M=0.0e+00 Mshell=0.0e+00 H=7.0e-10 Hshell=6.7e-07  [0s]
t=  0.50 H0tau= 0.5000 phi_b=+2.181127e-03 H_J/H0=+1.000012 b_b=+1.642e-05 a_b=+2.127e-05 phi_min=-0.9965 M=2.7e-03 Mshell=4.2e-07 H=1.4e-03 Hshell=1.2e-08  [10s]
t=  1.00 H0tau= 1.0000 phi_b=+1.992564e-03 H_J/H0=+1.000031 b_b=+3.502e-05 a_b=+4.385e-05 phi_min=-0.9965 M=1.0e-04 Mshell=9.4e-07 H=5.3e-05 Hshell=2.8e-08  [20s]
t=  1.50 H0tau= 1.5000 phi_b=+1.562595e-03 H_J/H0=+1.000071 b_b=+7.851e-05 a_b=+9.506e-05 phi_min=-0.9965 M=5.0e-05 Mshell=2.1e-06 H=2.2e-05 Hshell=6.3e-08  [30s]
t=  2.00 H0tau= 2.0001 phi_b=+5.916002e-04 H_J/H0=+1.000160 b_b=+1.767e-04 a_b=+2.104e-04 phi_min=-0.9965 M=5.3e-05 Mshell=4.7e-06 H=2.5e-05 Hshell=1.4e-07  [40s]
t=  2.50 H0tau= 2.5002 phi_b=-1.602432e-03 H_J/H0=+1.000359 b_b=+3.976e-04 a_b=+4.698e-04 phi_min=-0.9965 M=5.3e-05 Mshell=1.1e-05 H=2.6e-05 Hshell=3.2e-07  [51s]
t=  3.00 H0tau= 3.0005 phi_b=-6.571189e-03 H_J/H0=+1.000800 b_b=+8.926e-04 a_b=+1.052e-03 phi_min=-0.9965 M=5.2e-05 Mshell=2.4e-05 H=2.6e-05 Hshell=7.3e-07  [62s]
t=  3.50 H0tau= 3.5012 phi_b=-1.788153e-02 H_J/H0=+1.001755 b_b=+1.991e-03 a_b=+2.347e-03 phi_min=-0.9965 M=5.0e-05 Mshell=5.2e-05 H=2.5e-05 Hshell=1.6e-06  [72s]
t=  4.00 H0tau= 4.0028 phi_b=-4.392493e-02 H_J/H0=+1.003691 b_b=+4.375e-03 a_b=+5.180e-03 phi_min=-0.9965 M=4.9e-05 Mshell=1.1e-04 H=2.5e-05 Hshell=3.8e-06  [83s]
t=  4.50 H0tau= 4.5060 phi_b=-1.054517e-01 H_J/H0=+1.006792 b_b=+9.226e-03 a_b=+1.107e-02 phi_min=-0.9965 M=5.2e-05 Mshell=2.0e-04 H=2.4e-05 Hshell=8.6e-06  [94s]
t=  5.00 H0tau= 5.0126 phi_b=-2.591663e-01 H_J/H0=+1.005215 b_b=+1.687e-02 a_b=+2.125e-02 phi_min=-0.9965 M=1.2e-04 Mshell=2.7e-04 H=3.9e-05 Hshell=1.8e-05  [105s]
t=  5.50 H0tau= 5.5210 phi_b=-6.872685e-01 H_J/H0=+0.926012 b_b=+8.854e-03 a_b=+2.047e-02 phi_min=-0.9966 M=2.5e-04 Mshell=2.3e-04 H=8.7e-05 Hshell=2.2e-06  [116s]
t=  6.00 H0tau= 5.9909 phi_b=-1.956139e+00 H_J/H0=-0.012335 b_b=-2.209e-01 a_b=-1.804e-01 phi_min=-1.9561 M=2.1e-03 Mshell=2.6e-03 H=3.5e-04 Hshell=2.1e-04  [127s]
t=  6.50 H0tau= 6.2637 phi_b=-4.001441e+00 H_J/H0=-4.048629 b_b=-1.174e+00 a_b=-1.077e+00 phi_min=-4.0014 M=2.3e-02 Mshell=4.0e-04 H=7.4e-03 Hshell=2.0e-05  [139s]
t=  7.00 H0tau= 6.3564 phi_b=-5.299001e+00 H_J/H0=-9.204531 b_b=-2.265e+00 a_b=-2.146e+00 phi_min=-5.2990 M=5.0e-02 Mshell=4.7e-04 H=2.4e-02 Hshell=3.2e-05  [150s]
t=  7.50 H0tau= 6.3902 phi_b=-6.017735e+00 H_J/H0=-16.507260 b_b=-3.165e+00 a_b=-3.051e+00 phi_min=-6.0177 M=6.7e-02 Mshell=2.0e-04 H=3.5e-02 Hshell=8.9e-06  [161s]
t=  8.00 H0tau= 6.4047 phi_b=-6.508551e+00 H_J/H0=-29.534701 b_b=-3.950e+00 a_b=-3.864e+00 phi_min=-6.5086 M=7.4e-02 Mshell=2.0e-04 H=4.0e-02 Hshell=3.8e-06  [173s]
t=  8.50 H0tau= 6.4115 phi_b=-6.887470e+00 H_J/H0=-51.302024 b_b=-4.665e+00 a_b=-4.626e+00 phi_min=-6.8875 M=7.7e-02 Mshell=3.5e-04 H=4.2e-02 Hshell=4.2e-06  [185s]
t=  9.00 H0tau= 6.4150 phi_b=-7.191480e+00 H_J/H0=-83.829574 b_b=-5.324e+00 a_b=-5.349e+00 phi_min=-7.1915 M=7.8e-02 Mshell=6.5e-04 H=4.3e-02 Hshell=5.7e-06  [196s]
{"H0_tau_end": 6.41496441137624, "tag": "runs/ref_minus_pslope", "d": 0.0, "dc": -0.0001, "dz": 0.002, "L": 12.0, "t_det": 0.1, "t_end": 9.000000000000451, "stop_reason": "t_final", "phi_b_static": 0.002335296128157833, "rho_b": 7.836278852195564, "phi_b_end": -7.191479517262475, "HJ_over_H0_end": -83.82957351276497, "growth_fit": null, "max_momentum_constraint": 0.07780863650537667, "max_M_shell": 0.002676064680189005, "max_H_interior": 0.04263960432747356, "max_H_shell": 0.00029199890723333573, "pslope": true, "runtime_s": 195.8}
