static shell: phi_h+1=8.785515e-07 y_b=8.22820155 rho_b=78.828177 phi_b=+2.2798e-05 junction residuals=(-2.8e-15,5.2e-14)
junction check on grid: Hc_b - sigma rho_b/6 = -1.62e-11 ; phiz_b + sigma' rho_b/2 = -5.09e-10
seed: dc=1.0e-04  max|a|=1.34e-05 max|f|=9.02e-05  f_b=+8.979e-05
t=  0.00 H0tau= 0.0000 phi_b=+1.125884e-04 H_J/H0=+1.000013 b_b=-1.342e-05 a_b=-1.342e-05 phi_min=-1.0000 M=0.0e+00 Mshell=0.0e+00 H=1.9e-09 Hshell=1.7e-06  [0s]
t=  0.50 H0tau= 0.5001 phi_b=+2.294259e-04 H_J/H0=+0.999899 b_b=+4.675e-04 a_b=+2.246e-05 phi_min=-1.0000 M=3.3e-01 Mshell=9.3e-06 H=9.4e-02 Hshell=6.9e-08  [32s]
t=  1.00 H0tau= 1.0005 phi_b=+1.726526e-03 H_J/H0=+0.999243 b_b=+8.920e-04 a_b=+2.844e-04 phi_min=-1.0000 M=6.3e-01 Mshell=7.3e-05 H=3.9e-01 Hshell=1.2e-06  [63s]
t=  1.50 H0tau= 1.5023 phi_b=+7.469372e-03 H_J/H0=+0.996389 b_b=+1.117e-02 a_b=+1.185e-03 phi_min=-1.0000 M=7.1e-01 Mshell=3.6e-05 H=5.3e-01 Hshell=3.5e-06  [95s]
t=  2.00 H0tau= 2.0159 phi_b=+5.134025e-02 H_J/H0=+0.974939 b_b=+4.344e-02 a_b=+9.049e-03 phi_min=-1.0000 M=7.3e-01 Mshell=1.5e-03 H=5.7e-01 Hshell=3.7e-05  [127s]
t=  2.50 H0tau= 2.6052 phi_b=+2.838820e-01 H_J/H0=+0.791362 b_b=+4.747e-01 a_b=+5.009e-02 phi_min=-1.0000 M=1.0e+00 Mshell=6.5e-03 H=6.7e-01 Hshell=3.2e-04  [159s]
/Users/ricardomaldonado/Documents/D-Blast 3/untitled folder 150/HDBLAST_CHAT13_NONLINEAR_ROLLOFF_20260921/referee_numerics/rolloff5d_ref.py:188: RuntimeWarning: overflow encountered in expm1
  e2b = np.expm1(2*b)
/Users/ricardomaldonado/Documents/D-Blast 3/untitled folder 150/HDBLAST_CHAT13_NONLINEAR_ROLLOFF_20260921/referee_numerics/rolloff5d_ref.py:40: RuntimeWarning: overflow encountered in power
  dU = sum(D[j]*f**j/math.factorial(j) for j in range(1, 7))
/Users/ricardomaldonado/Documents/D-Blast 3/untitled folder 150/HDBLAST_CHAT13_NONLINEAR_ROLLOFF_20260921/referee_numerics/rolloff5d_ref.py:40: RuntimeWarning: invalid value encountered in add
  dU = sum(D[j]*f**j/math.factorial(j) for j in range(1, 7))
/Users/ricardomaldonado/Documents/D-Blast 3/untitled folder 150/HDBLAST_CHAT13_NONLINEAR_ROLLOFF_20260921/referee_numerics/rolloff5d_ref.py:41: RuntimeWarning: overflow encountered in power
  dU1 = sum(D[j+1]*f**j/math.factorial(j) for j in range(1, 6))
/Users/ricardomaldonado/Documents/D-Blast 3/untitled folder 150/HDBLAST_CHAT13_NONLINEAR_ROLLOFF_20260921/referee_numerics/rolloff5d_ref.py:191: RuntimeWarning: overflow encountered in multiply
  kin = 2*pa + pa*pa; grad = 2*Hc*az + az*az
/Users/ricardomaldonado/Documents/D-Blast 3/untitled folder 150/HDBLAST_CHAT13_NONLINEAR_ROLLOFF_20260921/referee_numerics/rolloff5d_ref.py:191: RuntimeWarning: invalid value encountered in add
  kin = 2*pa + pa*pa; grad = 2*Hc*az + az*az
/Users/ricardomaldonado/Documents/D-Blast 3/untitled folder 150/HDBLAST_CHAT13_NONLINEAR_ROLLOFF_20260921/referee_numerics/rolloff5d_ref.py:193: RuntimeWarning: overflow encountered in multiply
  rbb = bzz + 3*kin - 3*grad - 0.5*pf*pf + 0.5*(2*phz*fz + fz*fz) - (1/3)*SU
/Users/ricardomaldonado/Documents/D-Blast 3/untitled folder 150/HDBLAST_CHAT13_NONLINEAR_ROLLOFF_20260921/referee_numerics/rolloff5d_ref.py:193: RuntimeWarning: invalid value encountered in subtract
  rbb = bzz + 3*kin - 3*grad - 0.5*pf*pf + 0.5*(2*phz*fz + fz*fz) - (1/3)*SU
/Users/ricardomaldonado/Documents/D-Blast 3/untitled folder 150/HDBLAST_CHAT13_NONLINEAR_ROLLOFF_20260921/referee_numerics/rolloff5d_ref.py:194: RuntimeWarning: overflow encountered in multiply
  rf = fzz - 3*(1 + pa)*pf + 3*((Hc + az)*(phz + fz) - Hc*phz) - SU1
/Users/ricardomaldonado/Documents/D-Blast 3/untitled folder 150/HDBLAST_CHAT13_NONLINEAR_ROLLOFF_20260921/referee_numerics/rolloff5d_ref.py:194: RuntimeWarning: invalid value encountered in subtract
  rf = fzz - 3*(1 + pa)*pf + 3*((Hc + az)*(phz + fz) - Hc*phz) - SU1
/Users/ricardomaldonado/Documents/D-Blast 3/untitled folder 150/HDBLAST_CHAT13_NONLINEAR_ROLLOFF_20260921/referee_numerics/rolloff5d_ref.py:146: RuntimeWarning: invalid value encountered in subtract
  return +eps*(F[:-6] - 6*F[1:-5] + 15*F[2:-4] - 20*F[3:-3] + 15*F[4:-2] - 6*F[5:-1] + F[6:])/(64*h)
/Users/ricardomaldonado/Documents/D-Blast 3/untitled folder 150/HDBLAST_CHAT13_NONLINEAR_ROLLOFF_20260921/referee_numerics/rolloff5d_ref.py:146: RuntimeWarning: invalid value encountered in add
  return +eps*(F[:-6] - 6*F[1:-5] + 15*F[2:-4] - 20*F[3:-3] + 15*F[4:-2] - 6*F[5:-1] + F[6:])/(64*h)
/Users/ricardomaldonado/Documents/D-Blast 3/untitled folder 150/HDBLAST_CHAT13_NONLINEAR_ROLLOFF_20260921/referee_numerics/rolloff5d_ref.py:138: RuntimeWarning: invalid value encountered in subtract
  return (F[:-4] - 8*F[1:-3] + 8*F[3:-1] - F[4:])/(12*h)
/Users/ricardomaldonado/Documents/D-Blast 3/untitled folder 150/HDBLAST_CHAT13_NONLINEAR_ROLLOFF_20260921/referee_numerics/rolloff5d_ref.py:138: RuntimeWarning: invalid value encountered in add
  return (F[:-4] - 8*F[1:-3] + 8*F[3:-1] - F[4:])/(12*h)
/Users/ricardomaldonado/Documents/D-Blast 3/untitled folder 150/HDBLAST_CHAT13_NONLINEAR_ROLLOFF_20260921/referee_numerics/rolloff5d_ref.py:141: RuntimeWarning: invalid value encountered in add
  return (-F[:-4] + 16*F[1:-3] - 30*F[2:-2] + 16*F[3:-1] - F[4:])/(12*h*h)
/Users/ricardomaldonado/Documents/D-Blast 3/untitled folder 150/HDBLAST_CHAT13_NONLINEAR_ROLLOFF_20260921/referee_numerics/rolloff5d_ref.py:141: RuntimeWarning: invalid value encountered in subtract
  return (-F[:-4] + 16*F[1:-3] - 30*F[2:-2] + 16*F[3:-1] - F[4:])/(12*h*h)
/Users/ricardomaldonado/Documents/D-Blast 3/untitled folder 150/HDBLAST_CHAT13_NONLINEAR_ROLLOFF_20260921/referee_numerics/rolloff5d_ref.py:40: RuntimeWarning: overflow encountered in square
  dU = sum(D[j]*f**j/math.factorial(j) for j in range(1, 7))
/Users/ricardomaldonado/Documents/D-Blast 3/untitled folder 150/HDBLAST_CHAT13_NONLINEAR_ROLLOFF_20260921/referee_numerics/rolloff5d_ref.py:41: RuntimeWarning: overflow encountered in square
  dU1 = sum(D[j+1]*f**j/math.factorial(j) for j in range(1, 6))
/Users/ricardomaldonado/Documents/D-Blast 3/untitled folder 150/HDBLAST_CHAT13_NONLINEAR_ROLLOFF_20260921/referee_numerics/rolloff5d_ref.py:41: RuntimeWarning: invalid value encountered in add
  dU1 = sum(D[j+1]*f**j/math.factorial(j) for j in range(1, 6))
/Users/ricardomaldonado/Documents/D-Blast 3/untitled folder 150/HDBLAST_CHAT13_NONLINEAR_ROLLOFF_20260921/referee_numerics/rolloff5d_ref.py:193: RuntimeWarning: invalid value encountered in add
  rbb = bzz + 3*kin - 3*grad - 0.5*pf*pf + 0.5*(2*phz*fz + fz*fz) - (1/3)*SU
/Users/ricardomaldonado/Documents/D-Blast 3/untitled folder 150/HDBLAST_CHAT13_NONLINEAR_ROLLOFF_20260921/referee_numerics/rolloff5d_ref.py:194: RuntimeWarning: invalid value encountered in add
  rf = fzz - 3*(1 + pa)*pf + 3*((Hc + az)*(phz + fz) - Hc*phz) - SU1
/Users/ricardomaldonado/Documents/D-Blast 3/untitled folder 150/HDBLAST_CHAT13_NONLINEAR_ROLLOFF_20260921/referee_numerics/rolloff5d_ref.py:196: RuntimeWarning: invalid value encountered in add
  ra + ko(pa, dz, gAt, ko_eps), rbb + ko(pbv, dz, gAt, ko_eps), rf + ko(pf, dz, gFt, ko_eps)]
/Users/ricardomaldonado/Documents/D-Blast 3/untitled folder 150/HDBLAST_CHAT13_NONLINEAR_ROLLOFF_20260921/referee_numerics/rolloff5d_ref.py:217: RuntimeWarning: invalid value encountered in add
  Hm = -2*SU + 6*(At_**2 - 1) + 6*At_*pbv - 12*(Az_**2 - Hc**2) + 6*(Az_*Bz_ - Hc**2) - 6*azz - pf**2 - (2*phz*fz + fz**2)
/Users/ricardomaldonado/Documents/D-Blast 3/untitled folder 150/HDBLAST_CHAT13_NONLINEAR_ROLLOFF_20260921/referee_numerics/rolloff5d_ref.py:221: RuntimeWarning: invalid value encountered in divide
  return (float(np.max(np.abs(M[sl])/scale[sl])), float(np.max(np.abs(M[se])/scale[se])),
/Users/ricardomaldonado/Documents/D-Blast 3/untitled folder 150/HDBLAST_CHAT13_NONLINEAR_ROLLOFF_20260921/referee_numerics/rolloff5d_ref.py:25: RuntimeWarning: invalid value encountered in scalar add
  def W(p):  return 1 - p + p**3/3
/Users/ricardomaldonado/Documents/D-Blast 3/untitled folder 150/HDBLAST_CHAT13_NONLINEAR_ROLLOFF_20260921/referee_numerics/rolloff5d_ref.py:46: RuntimeWarning: invalid value encountered in scalar multiply
  def s(self, p):  return 2*W(p) + self.t*(1 + self.c*p + self.d*p*p/2)
/Users/ricardomaldonado/Documents/D-Blast 3/untitled folder 150/HDBLAST_CHAT13_NONLINEAR_ROLLOFF_20260921/referee_numerics/rolloff5d_ref.py:47: RuntimeWarning: invalid value encountered in scalar multiply
  def s1(self, p): return 2*W1(p) + self.t*(self.c + self.d*p)
{"H0_tau_end": NaN, "tag": "runs/ref_t1e3_dz5e-4", "d": 0.0, "dc": 0.0001, "dz": 0.0005, "L": 3.0, "t_det": 0.001, "t_end": 2.6099999999999133, "stop_reason": "non-finite", "phi_b_static": 2.279813329573695e-05, "rho_b": 78.82817681706904, "phi_b_end": NaN, "HJ_over_H0_end": NaN, "growth_fit": null, "max_momentum_constraint": 0.9998153729067212, "max_M_shell": 0.014771359186997804, "max_H_interior": 0.6732499997115969, "max_H_shell": 0.0009804999132562923, "pslope": false, "runtime_s": 165.7}
