static shell: phi_h+1=3.495607e-03 y_b=4.09327284 rho_b=7.836279 phi_b=+2.3353e-03 junction residuals=(5.0e-16,-3.3e-16)
junction check on grid: Hc_b - sigma rho_b/6 = -2.75e-12 ; phiz_b + sigma' rho_b/2 = -1.19e-11
seed: dc=0.0e+00  max|a|=1.33e-14 max|f|=1.16e-14  f_b=+1.157e-14
t=  0.00 H0tau= 0.0000 phi_b=+2.335296e-03 H_J/H0=+1.000000 b_b=+1.288e-14 a_b=+1.288e-14 phi_min=-0.9965 M=0.0e+00 Mshell=0.0e+00 H=4.3e-10 Hshell=1.4e-11  [0s]
t=  0.50 H0tau= 0.5000 phi_b=+2.335296e-03 H_J/H0=+1.000000 b_b=+1.475e-14 a_b=+1.855e-14 phi_min=-0.9965 M=5.5e-11 Mshell=4.6e-14 H=2.9e-11 Hshell=9.7e-15  [3s]
t=  1.00 H0tau= 1.0000 phi_b=+2.335296e-03 H_J/H0=+1.000000 b_b=+5.677e-15 a_b=+2.283e-14 phi_min=-0.9965 M=1.0e-10 Mshell=1.8e-13 H=3.7e-11 Hshell=8.5e-15  [5s]
t=  1.50 H0tau= 1.5000 phi_b=+2.335296e-03 H_J/H0=+1.000000 b_b=-1.257e-14 a_b=+1.882e-14 phi_min=-0.9965 M=1.0e-10 Mshell=1.5e-13 H=4.5e-11 Hshell=7.4e-15  [8s]
t=  2.00 H0tau= 2.0000 phi_b=+2.335296e-03 H_J/H0=+1.000000 b_b=-4.238e-14 a_b=-8.319e-16 phi_min=-0.9965 M=8.7e-11 Mshell=1.6e-14 H=4.2e-11 Hshell=6.4e-15  [10s]
t=  2.50 H0tau= 2.5000 phi_b=+2.335296e-03 H_J/H0=+1.000000 b_b=-9.489e-14 a_b=-4.924e-14 phi_min=-0.9965 M=7.6e-11 Mshell=4.1e-14 H=3.8e-11 Hshell=1.9e-14  [13s]
t=  3.00 H0tau= 3.0000 phi_b=+2.335296e-03 H_J/H0=+1.000000 b_b=-1.945e-13 a_b=-1.541e-13 phi_min=-0.9965 M=7.7e-11 Mshell=1.7e-14 H=3.9e-11 Hshell=7.8e-15  [16s]
t=  3.50 H0tau= 3.5000 phi_b=+2.335296e-03 H_J/H0=+1.000000 b_b=-3.952e-13 a_b=-3.759e-13 phi_min=-0.9965 M=6.7e-11 Mshell=3.2e-14 H=3.4e-11 Hshell=1.5e-14  [18s]
t=  4.00 H0tau= 4.0000 phi_b=+2.335296e-03 H_J/H0=+1.000000 b_b=-8.119e-13 a_b=-8.466e-13 phi_min=-0.9965 M=5.8e-11 Mshell=2.8e-13 H=2.9e-11 Hshell=1.4e-14  [22s]
t=  4.50 H0tau= 4.5000 phi_b=+2.335296e-03 H_J/H0=+1.000000 b_b=-1.695e-12 a_b=-1.856e-12 phi_min=-0.9965 M=5.6e-11 Mshell=8.7e-14 H=2.8e-11 Hshell=1.1e-14  [24s]
t=  5.00 H0tau= 5.0000 phi_b=+2.335296e-03 H_J/H0=+1.000000 b_b=-3.598e-12 a_b=-4.046e-12 phi_min=-0.9965 M=6.0e-11 Mshell=2.0e-13 H=3.0e-11 Hshell=3.3e-14  [27s]
t=  5.50 H0tau= 5.5000 phi_b=+2.335296e-03 H_J/H0=+1.000000 b_b=-7.744e-12 a_b=-8.838e-12 phi_min=-0.9965 M=5.5e-11 Mshell=2.2e-13 H=2.8e-11 Hshell=6.8e-14  [30s]
t=  6.00 H0tau= 6.0000 phi_b=+2.335296e-03 H_J/H0=+1.000000 b_b=-1.685e-11 a_b=-1.940e-11 phi_min=-0.9965 M=5.3e-11 Mshell=2.8e-13 H=2.6e-11 Hshell=1.5e-13  [32s]
t=  6.50 H0tau= 6.5000 phi_b=+2.335296e-03 H_J/H0=+1.000000 b_b=-3.700e-11 a_b=-4.284e-11 phi_min=-0.9965 M=4.8e-11 Mshell=7.6e-13 H=2.4e-11 Hshell=3.3e-13  [35s]
t=  7.00 H0tau= 7.0000 phi_b=+2.335297e-03 H_J/H0=+1.000000 b_b=-8.177e-11 a_b=-9.504e-11 phi_min=-0.9965 M=4.2e-11 Mshell=1.9e-12 H=2.1e-11 Hshell=7.3e-13  [38s]
t=  7.50 H0tau= 7.5000 phi_b=+2.335298e-03 H_J/H0=+1.000000 b_b=-1.817e-10 a_b=-2.117e-10 phi_min=-0.9965 M=4.0e-11 Mshell=4.1e-12 H=2.0e-11 Hshell=1.6e-12  [40s]
t=  8.00 H0tau= 8.0000 phi_b=+2.335300e-03 H_J/H0=+1.000000 b_b=-4.052e-10 a_b=-4.730e-10 phi_min=-0.9965 M=4.7e-11 Mshell=9.0e-12 H=2.8e-11 Hshell=3.7e-12  [43s]
{"H0_tau_end": 7.999999999746175, "tag": "runs/ref_control", "d": 0.0, "dc": 0.0, "dz": 0.002, "L": 8.0, "t_det": 0.1, "t_end": 8.000000000001005, "stop_reason": "t_final", "phi_b_static": 0.002335296128195958, "rho_b": 7.836278852195522, "phi_b_end": 0.002335299995252271, "HJ_over_H0_end": 0.9999999996434128, "growth_fit": {"growth_rate": 1.6269405602686073, "window": [2.27999999999986, 8.000000000001005], "n": 573}, "max_momentum_constraint": 1.0965218164984219e-10, "max_M_shell": 8.967623322497416e-12, "max_H_interior": 4.2555333388850026e-10, "max_H_shell": 1.4203664853547863e-11, "pslope": false, "runtime_s": 43.3}
