static shell: phi_h+1=3.495607e-03 y_b=4.09327284 rho_b=7.836279 phi_b=+2.3353e-03 junction residuals=(5.0e-16,-3.3e-16)
junction check on grid: Hc_b - sigma rho_b/6 = -2.75e-12 ; phiz_b + sigma' rho_b/2 = -1.18e-11
seed: dc=1.0e-04  max|a|=1.34e-05 max|f|=9.02e-05  f_b=+8.939e-05
t=  0.00 H0tau= 0.0000 phi_b=+2.424686e-03 H_J/H0=+1.000013 b_b=-1.340e-05 a_b=-1.340e-05 phi_min=-0.9965 M=0.0e+00 Mshell=0.0e+00 H=5.7e-10 Hshell=6.1e-07  [0s]
t=  0.50 H0tau= 0.5000 phi_b=+2.489417e-03 H_J/H0=+0.999988 b_b=-1.642e-05 a_b=-2.128e-05 phi_min=-0.9965 M=2.6e-03 Mshell=6.1e-07 H=1.3e-03 Hshell=2.6e-07  [9s]
t=  1.00 H0tau= 1.0000 phi_b=+2.677847e-03 H_J/H0=+0.999969 b_b=-3.502e-05 a_b=-4.386e-05 phi_min=-0.9965 M=9.8e-05 Mshell=1.3e-06 H=4.9e-05 Hshell=6.2e-07  [20s]
t=  1.50 H0tau= 1.5000 phi_b=+3.107208e-03 H_J/H0=+0.999929 b_b=-7.859e-05 a_b=-9.515e-05 phi_min=-0.9965 M=5.2e-05 Mshell=3.0e-06 H=2.3e-05 Hshell=1.4e-06  [29s]
t=  2.00 H0tau= 1.9999 phi_b=+4.075278e-03 H_J/H0=+0.999839 b_b=-1.772e-04 a_b=-2.109e-04 phi_min=-0.9965 M=5.4e-05 Mshell=6.8e-06 H=2.6e-05 Hshell=3.2e-06  [39s]
t=  2.50 H0tau= 2.4998 phi_b=+6.254789e-03 H_J/H0=+0.999634 b_b=-4.005e-04 a_b=-4.725e-04 phi_min=-0.9965 M=5.4e-05 Mshell=1.5e-05 H=2.7e-05 Hshell=7.2e-06  [50s]
t=  3.00 H0tau= 2.9994 phi_b=+1.115047e-02 H_J/H0=+0.999166 b_b=-9.074e-04 a_b=-1.066e-03 phi_min=-0.9965 M=5.3e-05 Mshell=3.4e-05 H=2.7e-05 Hshell=1.6e-05  [62s]
t=  3.50 H0tau= 3.4987 phi_b=+2.209084e-02 H_J/H0=+0.998074 b_b=-2.067e-03 a_b=-2.419e-03 phi_min=-0.9965 M=5.2e-05 Mshell=7.7e-05 H=2.6e-05 Hshell=3.7e-05  [75s]
t=  4.00 H0tau= 3.9971 phi_b=+4.625622e-02 H_J/H0=+0.995438 b_b=-4.764e-03 a_b=-5.548e-03 phi_min=-0.9965 M=5.1e-05 Mshell=1.7e-04 H=2.5e-05 Hshell=8.3e-05  [86s]
t=  4.50 H0tau= 4.4934 phi_b=+9.824249e-02 H_J/H0=+0.988737 b_b=-1.121e-02 a_b=-1.295e-02 phi_min=-0.9965 M=5.0e-05 Mshell=3.8e-04 H=2.5e-05 Hshell=1.9e-04  [97s]
t=  5.00 H0tau= 4.9845 phi_b=+2.035763e-01 H_J/H0=+0.970973 b_b=-2.722e-02 a_b=-3.105e-02 phi_min=-0.9965 M=1.0e-04 Mshell=7.9e-04 H=3.5e-05 Hshell=4.1e-04  [110s]
t=  5.50 H0tau= 5.4628 phi_b=+3.902679e-01 H_J/H0=+0.926586 b_b=-6.731e-02 a_b=-7.566e-02 phi_min=-0.9965 M=2.0e-04 Mshell=1.4e-03 H=7.2e-05 Hshell=7.9e-04  [122s]
t=  6.00 H0tau= 5.9121 phi_b=+6.409877e-01 H_J/H0=+0.843947 b_b=-1.582e-01 a_b=-1.764e-01 phi_min=-0.9965 M=3.2e-04 Mshell=2.1e-03 H=1.3e-04 Hshell=1.5e-03  [135s]
t=  6.50 H0tau= 6.3084 phi_b=+8.508254e-01 H_J/H0=+0.755378 b_b=-3.221e-01 a_b=-3.598e-01 phi_min=-0.9965 M=4.2e-04 Mshell=3.3e-03 H=1.9e-04 Hshell=2.4e-03  [148s]
t=  7.00 H0tau= 6.6328 phi_b=+9.493677e-01 H_J/H0=+0.700256 b_b=-5.598e-01 a_b=-6.243e-01 phi_min=-0.9965 M=4.7e-04 Mshell=4.9e-03 H=2.3e-04 Hshell=3.3e-03  [161s]
t=  7.50 H0tau= 6.8802 phi_b=+9.791990e-01 H_J/H0=+0.673466 b_b=-8.652e-01 a_b=-9.546e-01 phi_min=-0.9965 M=5.0e-04 Mshell=6.7e-03 H=2.5e-04 Hshell=4.9e-03  [174s]
t=  8.00 H0tau= 7.0575 phi_b=+9.870985e-01 H_J/H0=+0.660857 b_b=-1.229e+00 a_b=-1.336e+00 phi_min=-0.9965 M=5.1e-04 Mshell=9.7e-03 H=2.6e-04 Hshell=6.8e-03  [186s]
t=  8.50 H0tau= 7.1779 phi_b=+9.894036e-01 H_J/H0=+0.654625 b_b=-1.638e+00 a_b=-1.757e+00 phi_min=-0.9965 M=5.1e-04 Mshell=1.5e-02 H=2.6e-04 Hshell=8.9e-03  [197s]
t=  9.00 H0tau= 7.2566 phi_b=+9.901943e-01 H_J/H0=+0.651273 b_b=-2.079e+00 a_b=-2.206e+00 phi_min=-0.9965 M=5.1e-04 Mshell=2.3e-02 H=2.6e-04 Hshell=1.1e-02  [207s]
t=  9.50 H0tau= 7.3067 phi_b=+9.904954e-01 H_J/H0=+0.649246 b_b=-2.542e+00 a_b=-2.673e+00 phi_min=-0.9965 M=5.1e-04 Mshell=3.6e-02 H=4.1e-04 Hshell=1.3e-02  [217s]
t= 10.00 H0tau= 7.3381 phi_b=+9.906014e-01 H_J/H0=+0.647781 b_b=-3.019e+00 a_b=-3.153e+00 phi_min=-0.9965 M=5.1e-04 Mshell=5.7e-02 H=7.3e-04 Hshell=1.5e-02  [227s]
t= 10.50 H0tau= 7.3574 phi_b=+9.906122e-01 H_J/H0=+0.646425 b_b=-3.505e+00 a_b=-3.640e+00 phi_min=-0.9965 M=8.3e-04 Mshell=8.9e-02 H=1.3e-03 Hshell=1.7e-02  [236s]
t= 11.00 H0tau= 7.3693 phi_b=+9.905679e-01 H_J/H0=+0.644810 b_b=-3.996e+00 a_b=-4.133e+00 phi_min=-0.9965 M=1.4e-03 Mshell=1.4e-01 H=2.1e-03 Hshell=2.0e-02  [246s]
t= 11.50 H0tau= 7.3765 phi_b=+9.904878e-01 H_J/H0=+0.642522 b_b=-4.491e+00 a_b=-4.628e+00 phi_min=-0.9965 M=2.3e-03 Mshell=2.1e-01 H=3.6e-03 Hshell=2.4e-02  [255s]
t= 12.00 H0tau= 7.3810 phi_b=+9.903830e-01 H_J/H0=+0.638985 b_b=-4.988e+00 a_b=-5.125e+00 phi_min=-0.9965 M=3.7e-03 Mshell=3.0e-01 H=6.0e-03 Hshell=3.1e-02  [265s]
{"H0_tau_end": 7.380961733064105, "tag": "runs/ref_plus_ko01", "d": 0.0, "dc": 0.0001, "dz": 0.002, "L": 12.0, "t_det": 0.1, "t_end": 11.999999999998789, "stop_reason": "t_final", "phi_b_static": 0.002335296128157833, "rho_b": 7.836278852195564, "phi_b_end": 0.9903829879176146, "HJ_over_H0_end": 0.6389850025616508, "growth_fit": null, "max_momentum_constraint": 0.04787535244862057, "max_M_shell": 0.30285732231657575, "max_H_interior": 0.02535550472417309, "max_H_shell": 0.0310195035917643, "pslope": false, "runtime_s": 264.8}
