static shell: phi_h+1=3.495607e-03 y_b=4.09327284 rho_b=7.836279 phi_b=+2.3353e-03 junction residuals=(5.0e-16,-3.3e-16)
junction check on grid: Hc_b - sigma rho_b/6 = -2.75e-12 ; phiz_b + sigma' rho_b/2 = -1.18e-11
seed: dc=1.0e-04  max|a|=1.34e-05 max|f|=9.02e-05  f_b=+8.939e-05
t=  0.00 H0tau= 0.0000 phi_b=+2.424686e-03 H_J/H0=+1.000013 b_b=-1.340e-05 a_b=-1.340e-05 phi_min=-0.9965 M=0.0e+00 Mshell=0.0e+00 H=5.7e-10 Hshell=6.1e-07  [0s]
t=  0.50 H0tau= 0.5000 phi_b=+2.489417e-03 H_J/H0=+0.999988 b_b=-1.642e-05 a_b=-2.128e-05 phi_min=-0.9965 M=2.8e-03 Mshell=1.7e-07 H=1.4e-03 Hshell=6.2e-08  [9s]
t=  1.00 H0tau= 1.0000 phi_b=+2.677846e-03 H_J/H0=+0.999969 b_b=-3.502e-05 a_b=-4.386e-05 phi_min=-0.9965 M=1.1e-04 Mshell=3.7e-07 H=5.5e-05 Hshell=1.5e-07  [20s]
t=  1.50 H0tau= 1.5000 phi_b=+3.107204e-03 H_J/H0=+0.999929 b_b=-7.859e-05 a_b=-9.515e-05 phi_min=-0.9965 M=5.3e-05 Mshell=8.3e-07 H=2.3e-05 Hshell=3.3e-07  [29s]
t=  2.00 H0tau= 1.9999 phi_b=+4.075264e-03 H_J/H0=+0.999839 b_b=-1.772e-04 a_b=-2.109e-04 phi_min=-0.9965 M=5.6e-05 Mshell=1.9e-06 H=2.7e-05 Hshell=7.4e-07  [38s]
t=  2.50 H0tau= 2.4998 phi_b=+6.254748e-03 H_J/H0=+0.999634 b_b=-4.004e-04 a_b=-4.725e-04 phi_min=-0.9965 M=5.6e-05 Mshell=4.2e-06 H=2.7e-05 Hshell=1.7e-06  [50s]
t=  3.00 H0tau= 2.9994 phi_b=+1.115036e-02 H_J/H0=+0.999166 b_b=-9.073e-04 a_b=-1.066e-03 phi_min=-0.9965 M=5.4e-05 Mshell=9.5e-06 H=2.7e-05 Hshell=3.8e-06  [62s]
t=  3.50 H0tau= 3.4987 phi_b=+2.209054e-02 H_J/H0=+0.998075 b_b=-2.067e-03 a_b=-2.419e-03 phi_min=-0.9965 M=5.3e-05 Mshell=2.1e-05 H=2.6e-05 Hshell=8.6e-06  [74s]
t=  4.00 H0tau= 3.9971 phi_b=+4.625546e-02 H_J/H0=+0.995439 b_b=-4.764e-03 a_b=-5.548e-03 phi_min=-0.9965 M=5.2e-05 Mshell=4.8e-05 H=2.6e-05 Hshell=1.9e-05  [86s]
t=  4.50 H0tau= 4.4934 phi_b=+9.824072e-02 H_J/H0=+0.988738 b_b=-1.121e-02 a_b=-1.295e-02 phi_min=-0.9965 M=5.0e-05 Mshell=1.0e-04 H=2.5e-05 Hshell=4.3e-05  [96s]
t=  5.00 H0tau= 4.9845 phi_b=+2.035727e-01 H_J/H0=+0.970975 b_b=-2.722e-02 a_b=-3.105e-02 phi_min=-0.9965 M=1.0e-04 Mshell=2.1e-04 H=3.5e-05 Hshell=9.1e-05  [110s]
t=  5.50 H0tau= 5.4628 phi_b=+3.902621e-01 H_J/H0=+0.926591 b_b=-6.730e-02 a_b=-7.566e-02 phi_min=-0.9965 M=2.0e-04 Mshell=3.5e-04 H=7.2e-05 Hshell=1.7e-04  [121s]
t=  6.00 H0tau= 5.9121 phi_b=+6.409823e-01 H_J/H0=+0.843953 b_b=-1.581e-01 a_b=-1.764e-01 phi_min=-0.9965 M=3.2e-04 Mshell=4.9e-04 H=1.3e-04 Hshell=3.0e-04  [134s]
t=  6.50 H0tau= 6.3084 phi_b=+8.508232e-01 H_J/H0=+0.755383 b_b=-3.221e-01 a_b=-3.598e-01 phi_min=-0.9965 M=4.2e-04 Mshell=7.3e-04 H=1.9e-04 Hshell=4.9e-04  [147s]
t=  7.00 H0tau= 6.6328 phi_b=+9.493675e-01 H_J/H0=+0.700261 b_b=-5.597e-01 a_b=-6.243e-01 phi_min=-0.9965 M=4.7e-04 Mshell=1.1e-03 H=2.3e-04 Hshell=7.2e-04  [161s]
t=  7.50 H0tau= 6.8803 phi_b=+9.791992e-01 H_J/H0=+0.673472 b_b=-8.652e-01 a_b=-9.546e-01 phi_min=-0.9965 M=5.0e-04 Mshell=1.5e-03 H=2.5e-04 Hshell=1.1e-03  [174s]
t=  8.00 H0tau= 7.0575 phi_b=+9.870986e-01 H_J/H0=+0.660865 b_b=-1.229e+00 a_b=-1.336e+00 phi_min=-0.9965 M=5.1e-04 Mshell=2.1e-03 H=2.6e-04 Hshell=1.5e-03  [186s]
t=  8.50 H0tau= 7.1779 phi_b=+9.894037e-01 H_J/H0=+0.654638 b_b=-1.638e+00 a_b=-1.757e+00 phi_min=-0.9965 M=5.1e-04 Mshell=3.1e-03 H=2.6e-04 Hshell=2.0e-03  [197s]
t=  9.00 H0tau= 7.2567 phi_b=+9.901944e-01 H_J/H0=+0.651294 b_b=-2.079e+00 a_b=-2.206e+00 phi_min=-0.9965 M=5.1e-04 Mshell=4.8e-03 H=2.6e-04 Hshell=2.5e-03  [207s]
t=  9.50 H0tau= 7.3068 phi_b=+9.904954e-01 H_J/H0=+0.649279 b_b=-2.542e+00 a_b=-2.673e+00 phi_min=-0.9965 M=5.1e-04 Mshell=7.5e-03 H=4.1e-04 Hshell=3.0e-03  [218s]
t= 10.00 H0tau= 7.3381 phi_b=+9.906014e-01 H_J/H0=+0.647835 b_b=-3.019e+00 a_b=-3.153e+00 phi_min=-0.9965 M=5.1e-04 Mshell=1.2e-02 H=7.3e-04 Hshell=3.6e-03  [227s]
t= 10.50 H0tau= 7.3574 phi_b=+9.906122e-01 H_J/H0=+0.646514 b_b=-3.505e+00 a_b=-3.640e+00 phi_min=-0.9965 M=8.3e-04 Mshell=1.9e-02 H=1.3e-03 Hshell=4.4e-03  [237s]
t= 11.00 H0tau= 7.3693 phi_b=+9.905679e-01 H_J/H0=+0.644954 b_b=-3.996e+00 a_b=-4.133e+00 phi_min=-0.9965 M=1.4e-03 Mshell=3.1e-02 H=2.1e-03 Hshell=5.4e-03  [246s]
t= 11.50 H0tau= 7.3766 phi_b=+9.904879e-01 H_J/H0=+0.642760 b_b=-4.491e+00 a_b=-4.628e+00 phi_min=-0.9965 M=2.3e-03 Mshell=5.0e-02 H=3.6e-03 Hshell=7.1e-03  [256s]
t= 12.00 H0tau= 7.3810 phi_b=+9.903830e-01 H_J/H0=+0.639376 b_b=-4.988e+00 a_b=-5.125e+00 phi_min=-0.9965 M=3.7e-03 Mshell=8.0e-02 H=6.0e-03 Hshell=9.8e-03  [265s]
{"H0_tau_end": 7.380988485949045, "tag": "runs/ref_plus_ko002", "d": 0.0, "dc": 0.0001, "dz": 0.002, "L": 12.0, "t_det": 0.1, "t_end": 11.999999999998789, "stop_reason": "t_final", "phi_b_static": 0.002335296128157833, "rho_b": 7.836278852195564, "phi_b_end": 0.9903830407056888, "HJ_over_H0_end": 0.6393760723101785, "growth_fit": null, "max_momentum_constraint": 0.05214715937874749, "max_M_shell": 0.08016906012955057, "max_H_interior": 0.027614391600706837, "max_H_shell": 0.009839439145339397, "pslope": false, "runtime_s": 265.2}
