static shell: phi_h+1=3.495607e-03 y_b=4.09327284 rho_b=7.836279 phi_b=+2.3353e-03 junction residuals=(5.0e-16,-3.3e-16)
junction check on grid: Hc_b - sigma rho_b/6 = -2.75e-12 ; phiz_b + sigma' rho_b/2 = -1.18e-11
seed: dc=-5.0e-05  max|a|=6.70e-06 max|f|=4.51e-05  f_b=-4.470e-05
t=  0.00 H0tau= 0.0000 phi_b=+2.290593e-03 H_J/H0=+0.999993 b_b=+6.698e-06 a_b=+6.698e-06 phi_min=-0.9965 M=0.0e+00 Mshell=0.0e+00 H=7.0e-10 Hshell=3.3e-07  [0s]
t=  0.50 H0tau= 0.5000 phi_b=+2.258217e-03 H_J/H0=+1.000006 b_b=+8.208e-06 a_b=+1.064e-05 phi_min=-0.9965 M=1.4e-03 Mshell=1.8e-07 H=7.0e-04 Hshell=6.9e-08  [10s]
t=  1.00 H0tau= 1.0000 phi_b=+2.163953e-03 H_J/H0=+1.000016 b_b=+1.751e-05 a_b=+2.192e-05 phi_min=-0.9965 M=5.2e-05 Mshell=4.0e-07 H=2.6e-05 Hshell=1.6e-07  [20s]
t=  1.50 H0tau= 1.5000 phi_b=+1.949044e-03 H_J/H0=+1.000036 b_b=+3.927e-05 a_b=+4.754e-05 phi_min=-0.9965 M=2.5e-05 Mshell=9.1e-07 H=1.1e-05 Hshell=3.7e-07  [31s]
t=  2.00 H0tau= 2.0001 phi_b=+1.463911e-03 H_J/H0=+1.000080 b_b=+8.842e-05 a_b=+1.053e-04 phi_min=-0.9965 M=2.7e-05 Mshell=2.0e-06 H=1.3e-05 Hshell=8.3e-07  [40s]
t=  2.50 H0tau= 2.5001 phi_b=+3.687094e-04 H_J/H0=+1.000180 b_b=+1.992e-04 a_b=+2.352e-04 phi_min=-0.9965 M=2.7e-05 Mshell=4.6e-06 H=1.3e-05 Hshell=1.9e-06  [52s]
t=  3.00 H0tau= 3.0003 phi_b=-2.106503e-03 H_J/H0=+1.000404 b_b=+4.482e-04 a_b=+5.276e-04 phi_min=-0.9965 M=2.6e-05 Mshell=1.0e-05 H=1.3e-05 Hshell=4.2e-06  [63s]
t=  3.50 H0tau= 3.5006 phi_b=-7.714968e-03 H_J/H0=+1.000900 b_b=+1.005e-03 a_b=+1.183e-03 phi_min=-0.9965 M=2.6e-05 Mshell=2.3e-05 H=1.3e-05 Hshell=9.5e-06  [76s]
t=  4.00 H0tau= 4.0014 phi_b=-2.049647e-02 H_J/H0=+1.001966 b_b=+2.240e-03 a_b=+2.639e-03 phi_min=-0.9965 M=2.5e-05 Mshell=4.9e-05 H=1.2e-05 Hshell=2.1e-05  [89s]
t=  4.50 H0tau= 4.5031 phi_b=-5.000491e-02 H_J/H0=+1.004090 b_b=+4.903e-03 a_b=+5.810e-03 phi_min=-0.9965 M=2.6e-05 Mshell=1.0e-04 H=1.2e-05 Hshell=4.8e-05  [99s]
t=  5.00 H0tau= 5.0068 phi_b=-1.201249e-01 H_J/H0=+1.007222 b_b=+1.023e-02 a_b=+1.231e-02 phi_min=-0.9965 M=5.8e-05 Mshell=1.8e-04 H=1.9e-05 Hshell=1.0e-04  [113s]
t=  5.50 H0tau= 5.5138 phi_b=-2.974820e-01 H_J/H0=+1.002688 b_b=+1.784e-02 a_b=+2.284e-02 phi_min=-0.9965 M=1.3e-04 Mshell=2.0e-04 H=4.4e-05 Hshell=2.1e-04  [125s]
t=  6.00 H0tau= 6.0214 phi_b=-8.012871e-01 H_J/H0=+0.885395 b_b=+2.311e-04 a_b=+1.393e-02 phi_min=-0.9966 M=2.7e-04 Mshell=4.6e-04 H=9.7e-05 Hshell=5.9e-05  [138s]
t=  6.50 H0tau= 6.4737 phi_b=-2.250360e+00 H_J/H0=-0.386217 b_b=-3.138e-01 a_b=-2.650e-01 phi_min=-2.2504 M=3.7e-03 Mshell=3.0e-03 H=6.8e-04 Hshell=6.7e-04  [152s]
t=  7.00 H0tau= 6.7108 phi_b=-4.251747e+00 H_J/H0=-4.802308 b_b=-1.346e+00 a_b=-1.244e+00 phi_min=-4.2517 M=2.8e-02 Mshell=6.4e-04 H=9.4e-03 Hshell=3.0e-05  [165s]
t=  7.50 H0tau= 6.7896 phi_b=-5.429084e+00 H_J/H0=-10.055216 b_b=-2.408e+00 a_b=-2.288e+00 phi_min=-5.4291 M=5.4e-02 Mshell=4.7e-04 H=2.6e-02 Hshell=1.7e-04  [179s]
t=  8.00 H0tau= 6.8192 phi_b=-6.099934e+00 H_J/H0=-17.979665 b_b=-3.286e+00 a_b=-3.175e+00 phi_min=-6.0999 M=6.8e-02 Mshell=2.8e-04 H=3.6e-02 Hshell=2.9e-04  [191s]
t=  8.50 H0tau= 6.8322 phi_b=-6.569625e+00 H_J/H0=-32.093075 b_b=-4.059e+00 a_b=-3.979e+00 phi_min=-6.5696 M=7.5e-02 Mshell=3.3e-04 H=4.0e-02 Hshell=4.8e-04  [202s]
t=  9.00 H0tau= 6.8383 phi_b=-6.935573e+00 H_J/H0=-55.279215 b_b=-4.765e+00 a_b=-4.735e+00 phi_min=-6.9356 M=7.7e-02 Mshell=5.0e-04 H=4.2e-02 Hshell=7.6e-04  [213s]
t=  9.50 H0tau= 6.8415 phi_b=-7.229401e+00 H_J/H0=-89.281977 b_b=-5.416e+00 a_b=-5.452e+00 phi_min=-7.2294 M=7.8e-02 Mshell=8.3e-04 H=4.3e-02 Hshell=1.2e-03  [224s]
{"H0_tau_end": 6.841453758279774, "tag": "runs/ref_minus_half", "d": 0.0, "dc": -5e-05, "dz": 0.002, "L": 12.0, "t_det": 0.1, "t_end": 9.500000000000174, "stop_reason": "t_final", "phi_b_static": 0.002335296128157833, "rho_b": 7.836278852195564, "phi_b_end": -7.229400801894611, "HJ_over_H0_end": -89.28197749417029, "growth_fit": {"growth_rate": 1.6282272335801775, "window": [2.269999999999861, 2.5099999999998346], "n": 25}, "max_momentum_constraint": 0.07790219477197252, "max_M_shell": 0.002991330432495168, "max_H_interior": 0.0426946167715566, "max_H_shell": 0.0012843570562126514, "pslope": false, "runtime_s": 223.6}
