static shell: phi_h+1=8.785515e-07 y_b=8.22820155 rho_b=78.828177 phi_b=+2.2796e-05 junction residuals=(-2.8e-15,5.2e-14)
junction check on grid: Hc_b - sigma rho_b/6 = -1.96e-11 ; phiz_b + sigma' rho_b/2 = -4.26e-10
seed: dc=1.0e-04  max|a|=1.34e-05 max|f|=9.02e-05  f_b=+8.978e-05
t=  0.00 H0tau= 0.0000 phi_b=+1.125797e-04 H_J/H0=+1.000013 b_b=-1.342e-05 a_b=-1.342e-05 phi_min=-1.0000 M=0.0e+00 Mshell=0.0e+00 H=3.4e-09 Hshell=3.5e-06  [0s]
t=  0.50 H0tau= 0.5002 phi_b=+1.010265e-03 H_J/H0=+0.998932 b_b=+1.095e-03 a_b=+2.631e-05 phi_min=-1.0000 M=5.3e-01 Mshell=2.9e-05 H=2.1e-01 Hshell=2.7e-06  [13s]
t=  1.00 H0tau= 1.0033 phi_b=+2.013772e-02 H_J/H0=+0.975353 b_b=+2.540e-02 a_b=-6.050e-04 phi_min=-1.0000 M=8.0e-01 Mshell=3.2e-04 H=6.0e-01 Hshell=5.2e-05  [25s]
/Users/ricardomaldonado/Documents/D-Blast 3/untitled folder 150/HDBLAST_CHAT13_NONLINEAR_ROLLOFF_20260921/referee_numerics/rolloff5d_ref.py:188: RuntimeWarning: overflow encountered in expm1
  e2b = np.expm1(2*b)
/Users/ricardomaldonado/Documents/D-Blast 3/untitled folder 150/HDBLAST_CHAT13_NONLINEAR_ROLLOFF_20260921/referee_numerics/rolloff5d_ref.py:191: RuntimeWarning: overflow encountered in multiply
  kin = 2*pa + pa*pa; grad = 2*Hc*az + az*az
/Users/ricardomaldonado/Documents/D-Blast 3/untitled folder 150/HDBLAST_CHAT13_NONLINEAR_ROLLOFF_20260921/referee_numerics/rolloff5d_ref.py:193: RuntimeWarning: overflow encountered in multiply
  rbb = bzz + 3*kin - 3*grad - 0.5*pf*pf + 0.5*(2*phz*fz + fz*fz) - (1/3)*SU
/Users/ricardomaldonado/Documents/D-Blast 3/untitled folder 150/HDBLAST_CHAT13_NONLINEAR_ROLLOFF_20260921/referee_numerics/rolloff5d_ref.py:193: RuntimeWarning: invalid value encountered in subtract
  rbb = bzz + 3*kin - 3*grad - 0.5*pf*pf + 0.5*(2*phz*fz + fz*fz) - (1/3)*SU
/Users/ricardomaldonado/Documents/D-Blast 3/untitled folder 150/HDBLAST_CHAT13_NONLINEAR_ROLLOFF_20260921/referee_numerics/rolloff5d_ref.py:194: RuntimeWarning: overflow encountered in multiply
  rf = fzz - 3*(1 + pa)*pf + 3*((Hc + az)*(phz + fz) - Hc*phz) - SU1
/Users/ricardomaldonado/Documents/D-Blast 3/untitled folder 150/HDBLAST_CHAT13_NONLINEAR_ROLLOFF_20260921/referee_numerics/rolloff5d_ref.py:194: RuntimeWarning: invalid value encountered in subtract
  rf = fzz - 3*(1 + pa)*pf + 3*((Hc + az)*(phz + fz) - Hc*phz) - SU1
/Users/ricardomaldonado/Documents/D-Blast 3/untitled folder 150/HDBLAST_CHAT13_NONLINEAR_ROLLOFF_20260921/referee_numerics/rolloff5d_ref.py:40: RuntimeWarning: overflow encountered in square
  dU = sum(D[j]*f**j/math.factorial(j) for j in range(1, 7))
/Users/ricardomaldonado/Documents/D-Blast 3/untitled folder 150/HDBLAST_CHAT13_NONLINEAR_ROLLOFF_20260921/referee_numerics/rolloff5d_ref.py:40: RuntimeWarning: overflow encountered in power
  dU = sum(D[j]*f**j/math.factorial(j) for j in range(1, 7))
/Users/ricardomaldonado/Documents/D-Blast 3/untitled folder 150/HDBLAST_CHAT13_NONLINEAR_ROLLOFF_20260921/referee_numerics/rolloff5d_ref.py:40: RuntimeWarning: invalid value encountered in add
  dU = sum(D[j]*f**j/math.factorial(j) for j in range(1, 7))
/Users/ricardomaldonado/Documents/D-Blast 3/untitled folder 150/HDBLAST_CHAT13_NONLINEAR_ROLLOFF_20260921/referee_numerics/rolloff5d_ref.py:41: RuntimeWarning: overflow encountered in square
  dU1 = sum(D[j+1]*f**j/math.factorial(j) for j in range(1, 6))
/Users/ricardomaldonado/Documents/D-Blast 3/untitled folder 150/HDBLAST_CHAT13_NONLINEAR_ROLLOFF_20260921/referee_numerics/rolloff5d_ref.py:41: RuntimeWarning: overflow encountered in power
  dU1 = sum(D[j+1]*f**j/math.factorial(j) for j in range(1, 6))
/Users/ricardomaldonado/Documents/D-Blast 3/untitled folder 150/HDBLAST_CHAT13_NONLINEAR_ROLLOFF_20260921/referee_numerics/rolloff5d_ref.py:41: RuntimeWarning: invalid value encountered in add
  dU1 = sum(D[j+1]*f**j/math.factorial(j) for j in range(1, 6))
/Users/ricardomaldonado/Documents/D-Blast 3/untitled folder 150/HDBLAST_CHAT13_NONLINEAR_ROLLOFF_20260921/referee_numerics/rolloff5d_ref.py:191: RuntimeWarning: invalid value encountered in add
  kin = 2*pa + pa*pa; grad = 2*Hc*az + az*az
/Users/ricardomaldonado/Documents/D-Blast 3/untitled folder 150/HDBLAST_CHAT13_NONLINEAR_ROLLOFF_20260921/referee_numerics/rolloff5d_ref.py:146: RuntimeWarning: invalid value encountered in subtract
  return +eps*(F[:-6] - 6*F[1:-5] + 15*F[2:-4] - 20*F[3:-3] + 15*F[4:-2] - 6*F[5:-1] + F[6:])/(64*h)
/Users/ricardomaldonado/Documents/D-Blast 3/untitled folder 150/HDBLAST_CHAT13_NONLINEAR_ROLLOFF_20260921/referee_numerics/rolloff5d_ref.py:146: RuntimeWarning: invalid value encountered in add
  return +eps*(F[:-6] - 6*F[1:-5] + 15*F[2:-4] - 20*F[3:-3] + 15*F[4:-2] - 6*F[5:-1] + F[6:])/(64*h)
/Users/ricardomaldonado/Documents/D-Blast 3/untitled folder 150/HDBLAST_CHAT13_NONLINEAR_ROLLOFF_20260921/referee_numerics/rolloff5d_ref.py:138: RuntimeWarning: invalid value encountered in subtract
  return (F[:-4] - 8*F[1:-3] + 8*F[3:-1] - F[4:])/(12*h)
/Users/ricardomaldonado/Documents/D-Blast 3/untitled folder 150/HDBLAST_CHAT13_NONLINEAR_ROLLOFF_20260921/referee_numerics/rolloff5d_ref.py:138: RuntimeWarning: invalid value encountered in add
  return (F[:-4] - 8*F[1:-3] + 8*F[3:-1] - F[4:])/(12*h)
/Users/ricardomaldonado/Documents/D-Blast 3/untitled folder 150/HDBLAST_CHAT13_NONLINEAR_ROLLOFF_20260921/referee_numerics/rolloff5d_ref.py:141: RuntimeWarning: invalid value encountered in add
  return (-F[:-4] + 16*F[1:-3] - 30*F[2:-2] + 16*F[3:-1] - F[4:])/(12*h*h)
/Users/ricardomaldonado/Documents/D-Blast 3/untitled folder 150/HDBLAST_CHAT13_NONLINEAR_ROLLOFF_20260921/referee_numerics/rolloff5d_ref.py:141: RuntimeWarning: invalid value encountered in subtract
  return (-F[:-4] + 16*F[1:-3] - 30*F[2:-2] + 16*F[3:-1] - F[4:])/(12*h*h)
/Users/ricardomaldonado/Documents/D-Blast 3/untitled folder 150/HDBLAST_CHAT13_NONLINEAR_ROLLOFF_20260921/referee_numerics/rolloff5d_ref.py:192: RuntimeWarning: overflow encountered in multiply
  ra = azz - 3*kin + 3*grad + (2/3)*SU
/Users/ricardomaldonado/Documents/D-Blast 3/untitled folder 150/HDBLAST_CHAT13_NONLINEAR_ROLLOFF_20260921/referee_numerics/rolloff5d_ref.py:193: RuntimeWarning: invalid value encountered in add
  rbb = bzz + 3*kin - 3*grad - 0.5*pf*pf + 0.5*(2*phz*fz + fz*fz) - (1/3)*SU
/Users/ricardomaldonado/Documents/D-Blast 3/untitled folder 150/HDBLAST_CHAT13_NONLINEAR_ROLLOFF_20260921/referee_numerics/rolloff5d_ref.py:194: RuntimeWarning: invalid value encountered in add
  rf = fzz - 3*(1 + pa)*pf + 3*((Hc + az)*(phz + fz) - Hc*phz) - SU1
{"H0_tau_end": NaN, "tag": "runs/ref_t1e3_dz1e-3", "d": 0.0, "dc": 0.0001, "dz": 0.001, "L": 3.0, "t_det": 0.001, "t_end": 1.4699999999998936, "stop_reason": "non-finite", "phi_b_static": 2.279636396400786e-05, "rho_b": 78.82817684806933, "phi_b_end": NaN, "HJ_over_H0_end": NaN, "growth_fit": null, "max_momentum_constraint": 0.9981469444282215, "max_M_shell": 0.013106541038340108, "max_H_interior": 0.7058738172876166, "max_H_shell": 0.0010837462264785835, "pslope": false, "runtime_s": 36.0}
