static shells: rho_b=7.8382855381 phi_b=6.170898e-04 (bg); seed phi_b=2.982687e-03 rho_b=7.8354627273  [22s]
grid: 17160 points, dz 2.50e-04 (shell) .. 1.00e-03 (far), L=16.00; chart xc=3.1 F_inf=3.1020232804669727; T_switch=2.1020232804669727; kappa=10
Remedy A projection: {'final': True, 'max_rel_H_window': 2.3936217636461518e-11, 'max_rel_M_window': 8.287669871037978e-08, 'max_abs_shift': 1.632910961374626e-05}
T=  0.000 H0tau= 0.0000 phi_b=+0.00298 H/H0=+1.00034 lapse=1.0037 R=0.000e+00 Wy/H0^2=+4.9566e-03 rad=0.0000e+00 mode=dev Hmax=1.9e-03 [2s]
T=  0.060 H0tau= 0.0602 phi_b=+0.00316 H/H0=+1.00000 lapse=1.0042 R=6.037e-08 Wy/H0^2=+2.4940e-03 rad=4.3146e-07 mode=dev Hmax=- [35s]
T=  0.120 H0tau= 0.1205 phi_b=+0.00339 H/H0=+0.99974 lapse=1.0048 R=1.468e-07 Wy/H0^2=+1.7484e-03 rad=1.0492e-06 mode=dev Hmax=- [68s]
T=  0.180 H0tau= 0.1808 phi_b=+0.00369 H/H0=+0.99957 lapse=1.0055 R=2.835e-07 Wy/H0^2=+1.1610e-03 rad=2.0249e-06 mode=dev Hmax=- [102s]
T=  0.240 H0tau= 0.2412 phi_b=+0.00406 H/H0=+0.99945 lapse=1.0062 R=4.863e-07 Wy/H0^2=+8.0137e-04 rad=3.4728e-06 mode=dev Hmax=- [134s]
T=  0.300 H0tau= 0.3016 phi_b=+0.00451 H/H0=+0.99936 lapse=1.0070 R=7.618e-07 Wy/H0^2=+6.5738e-04 rad=5.4380e-06 mode=dev Hmax=8.9e-05 [167s]
T=  0.360 H0tau= 0.3620 phi_b=+0.00503 H/H0=+0.99928 lapse=1.0079 R=1.112e-06 Wy/H0^2=+6.7047e-04 rad=7.9357e-06 mode=dev Hmax=- [200s]
T=  0.420 H0tau= 0.4225 phi_b=+0.00562 H/H0=+0.99919 lapse=1.0090 R=1.544e-06 Wy/H0^2=+7.7317e-04 rad=1.1009e-05 mode=dev Hmax=- [234s]
T=  0.480 H0tau= 0.4831 phi_b=+0.00630 H/H0=+0.99909 lapse=1.0101 R=2.073e-06 Wy/H0^2=+9.1387e-04 rad=1.4775e-05 mode=dev Hmax=- [266s]
T=  0.540 H0tau= 0.5437 phi_b=+0.00707 H/H0=+0.99896 lapse=1.0114 R=2.730e-06 Wy/H0^2=+1.0651e-03 rad=1.9439e-05 mode=dev Hmax=- [299s]
T=  0.600 H0tau= 0.6045 phi_b=+0.00793 H/H0=+0.99882 lapse=1.0128 R=3.556e-06 Wy/H0^2=+1.2200e-03 rad=2.5302e-05 mode=dev Hmax=1.2e-05 [333s]
T=  0.660 H0tau= 0.6653 phi_b=+0.00892 H/H0=+0.99865 lapse=1.0145 R=4.608e-06 Wy/H0^2=+1.3838e-03 rad=3.2759e-05 mode=dev Hmax=- [366s]
T=  0.720 H0tau= 0.7262 phi_b=+0.01004 H/H0=+0.99846 lapse=1.0163 R=5.958e-06 Wy/H0^2=+1.5655e-03 rad=4.2307e-05 mode=dev Hmax=- [398s]
T=  0.780 H0tau= 0.7872 phi_b=+0.01131 H/H0=+0.99824 lapse=1.0184 R=7.694e-06 Wy/H0^2=+1.7734e-03 rad=5.4571e-05 mode=dev Hmax=- [430s]
T=  0.840 H0tau= 0.8484 phi_b=+0.01276 H/H0=+0.99799 lapse=1.0208 R=9.930e-06 Wy/H0^2=+2.0116e-03 rad=7.0337e-05 mode=dev Hmax=- [461s]
T=  0.900 H0tau= 0.9097 phi_b=+0.01441 H/H0=+0.99770 lapse=1.0234 R=1.281e-05 Wy/H0^2=+2.2883e-03 rad=9.0616e-05 mode=dev Hmax=1.0e-05 [493s]
T=  0.960 H0tau= 0.9712 phi_b=+0.01628 H/H0=+0.99737 lapse=1.0264 R=1.653e-05 Wy/H0^2=+2.6120e-03 rad=1.1671e-04 mode=dev Hmax=- [524s]
T=  1.020 H0tau= 1.0329 phi_b=+0.01842 H/H0=+0.99698 lapse=1.0298 R=2.133e-05 Wy/H0^2=+2.9696e-03 rad=1.5029e-04 mode=dev Hmax=- [557s]
T=  1.080 H0tau= 1.0948 phi_b=+0.02085 H/H0=+0.99654 lapse=1.0337 R=2.753e-05 Wy/H0^2=+3.3897e-03 rad=1.9354e-04 mode=dev Hmax=- [588s]
T=  1.140 H0tau= 1.1570 phi_b=+0.02362 H/H0=+0.99602 lapse=1.0380 R=3.555e-05 Wy/H0^2=+3.8629e-03 rad=2.4927e-04 mode=dev Hmax=- [619s]
T=  1.200 H0tau= 1.2194 phi_b=+0.02678 H/H0=+0.99541 lapse=1.0429 R=4.594e-05 Wy/H0^2=+4.4103e-03 rad=3.2110e-04 mode=dev Hmax=9.8e-06 [651s]
T=  1.260 H0tau= 1.2821 phi_b=+0.03039 H/H0=+0.99471 lapse=1.0484 R=5.939e-05 Wy/H0^2=+5.0402e-03 rad=4.1372e-04 mode=dev Hmax=- [682s]
T=  1.320 H0tau= 1.3452 phi_b=+0.03451 H/H0=+0.99388 lapse=1.0547 R=7.684e-05 Wy/H0^2=+5.7651e-03 rad=5.3317e-04 mode=dev Hmax=- [714s]
T=  1.380 H0tau= 1.4087 phi_b=+0.03923 H/H0=+0.99290 lapse=1.0618 R=9.950e-05 Wy/H0^2=+6.6024e-03 rad=6.8728e-04 mode=dev Hmax=- [745s]
T=  1.440 H0tau= 1.4727 phi_b=+0.04463 H/H0=+0.99174 lapse=1.0698 R=1.290e-04 Wy/H0^2=+7.5724e-03 rad=8.8613e-04 mode=dev Hmax=- [777s]
T=  1.500 H0tau= 1.5371 phi_b=+0.05083 H/H0=+0.99037 lapse=1.0789 R=1.673e-04 Wy/H0^2=+8.6997e-03 rad=1.1428e-03 mode=dev Hmax=1.0e-05 [809s]
T=  1.560 H0tau= 1.6022 phi_b=+0.05793 H/H0=+0.98872 lapse=1.0892 R=2.173e-04 Wy/H0^2=+1.0014e-02 rad=1.4739e-03 mode=dev Hmax=- [841s]
T=  1.620 H0tau= 1.6679 phi_b=+0.06610 H/H0=+0.98675 lapse=1.1009 R=2.825e-04 Wy/H0^2=+1.1552e-02 rad=1.9012e-03 mode=dev Hmax=- [872s]
T=  1.680 H0tau= 1.7343 phi_b=+0.07550 H/H0=+0.98436 lapse=1.1141 R=3.679e-04 Wy/H0^2=+1.3360e-02 rad=2.4523e-03 mode=dev Hmax=- [904s]
T=  1.740 H0tau= 1.8016 phi_b=+0.08635 H/H0=+0.98147 lapse=1.1291 R=4.796e-04 Wy/H0^2=+1.5495e-02 rad=3.1626e-03 mode=dev Hmax=- [935s]
T=  1.800 H0tau= 1.8698 phi_b=+0.09887 H/H0=+0.97793 lapse=1.1460 R=6.261e-04 Wy/H0^2=+1.8029e-02 rad=4.0769e-03 mode=dev Hmax=1.0e-05 [966s]
T=  1.860 H0tau= 1.9391 phi_b=+0.11336 H/H0=+0.97357 lapse=1.1653 R=8.186e-04 Wy/H0^2=+2.1057e-02 rad=5.2514e-03 mode=dev Hmax=- [997s]
T=  1.920 H0tau= 2.0097 phi_b=+0.13015 H/H0=+0.96817 lapse=1.1871 R=1.072e-03 Wy/H0^2=+2.4697e-02 rad=6.7559e-03 mode=dev Hmax=- [1029s]
T=  1.980 H0tau= 2.0817 phi_b=+0.14965 H/H0=+0.96144 lapse=1.2118 R=1.405e-03 Wy/H0^2=+2.9108e-02 rad=8.6751e-03 mode=dev Hmax=- [1061s]
T=  2.040 H0tau= 2.1552 phi_b=+0.17232 H/H0=+0.95299 lapse=1.2398 R=1.844e-03 Wy/H0^2=+3.4491e-02 rad=1.1108e-02 mode=dev Hmax=- [1093s]
T=  2.100 H0tau= 2.2305 phi_b=+0.19872 H/H0=+0.94232 lapse=1.2714 R=2.421e-03 Wy/H0^2=+4.1109e-02 rad=1.4167e-02 mode=dev Hmax=1.0e-05 [1125s]
switched to full-field mode at T=2.1020
T=  2.410 H0tau= 2.6576 phi_b=+0.42069 H/H0=+0.81922 lapse=1.5047 R=9.537e-03 Wy/H0^2=+1.1097e-01 rad=4.2663e-02 mode=full Hmax=- [1156s]
T=  2.730 H0tau= 3.1923 phi_b=+0.81582 H/H0=+0.47217 lapse=1.8450 R=2.359e-02 Wy/H0^2=+2.1096e-01 rad=6.3401e-02 mode=full Hmax=- [1187s]
T=  3.050 H0tau= 3.8412 phi_b=+1.02051 H/H0=+0.21712 lapse=2.2160 R=1.676e-02 Wy/H0^2=+3.6079e-02 rad=3.8625e-02 mode=full Hmax=- [1217s]
T=  3.370 H0tau= 4.6141 phi_b=+1.03556 H/H0=+0.15344 lapse=2.6354 R=9.670e-03 Wy/H0^2=+2.8352e-03 rad=2.2092e-02 mode=full Hmax=- [1248s]
T=  3.680 H0tau= 5.5233 phi_b=+1.03608 H/H0=+0.11896 lapse=3.2908 R=5.926e-03 Wy/H0^2=+1.0308e-03 rad=1.3499e-02 mode=full Hmax=- [1278s]
T=  3.990 H0tau= 6.7037 phi_b=+1.03610 H/H0=+0.09215 lapse=4.4260 R=3.619e-03 Wy/H0^2=+6.0348e-04 rad=8.2297e-03 mode=full Hmax=- [1309s]
T=  4.300 H0tau= 8.3488 phi_b=+1.03610 H/H0=+0.06980 lapse=6.3579 R=2.138e-03 Wy/H0^2=+3.5579e-04 rad=4.8561e-03 mode=full Hmax=4.6e-05 [1339s]
T=  4.610 H0tau=10.7880 phi_b=+1.03610 H/H0=+0.05078 lapse=9.6895 R=1.198e-03 Wy/H0^2=+1.9934e-04 rad=2.7190e-03 mode=full Hmax=- [1370s]
T=  4.920 H0tau=14.6362 phi_b=+1.03610 H/H0=+0.03454 lapse=15.8039 R=6.295e-04 Wy/H0^2=+1.0477e-04 rad=1.4284e-03 mode=full Hmax=- [1401s]
T=  5.240 H0tau=21.6092 phi_b=+1.03610 H/H0=+0.01989 lapse=30.1968 R=3.021e-04 Wy/H0^2=+5.0369e-05 rad=6.8531e-04 mode=full Hmax=- [1431s]
{"stop": "non-finite", "T_end": 5.419999999998706, "H0tau_end": 28.794328559646647, "runtime": 1448.3}
