{
  "status": "PASS",
  "scope": "Exact algebra and analytic endpoint coefficients only; no physical response, source, mode, spectral or work numerical evaluation",
  "proposal_status": "UNREGISTERED_AND_NUMERICALLY_UNEXECUTED",
  "python": "3.12.14",
  "sympy": "1.14.0",
  "checks_count": 21,
  "checks": [
    "canonical beta energy normalization",
    "omega equals two k Jacobian",
    "forced mode beta extraction",
    "bounded complex amplitude sign",
    "linear Wronskian",
    "infrared bounded u1 limit",
    "occupation coherence leading cancellation",
    "second-order Wronskian coefficient",
    "fixed-comoving cutoff moving-reference derivative",
    "finite-cutoff work drift coefficient",
    "continuum work drift limit",
    "local contact exact derivative and drift",
    "physical source work versus canonical source work",
    "postpulse minimal stress trace",
    "postpulse minimal stress Ward identity",
    "canonical/minimal density operator reduction",
    "infrared spectral energy bound coefficient",
    "UV spectral energy bound n=2",
    "UV spectral energy bound n=3",
    "third-derivative UV coefficient",
    "finite work kernel removable endpoint"
  ],
  "mutations_rejected_count": 8,
  "mutations_rejected": [
    "wrong beta global phase is caught by complex amplitude",
    "missing source-work one-half",
    "omitted finite-cutoff drift",
    "reversed finite-cutoff drift",
    "continuum drift substituted at finite K",
    "physical minimal stress replaced by radiation equation of state",
    "occupation-only leading variance",
    "first-order truncation claimed normalized through quadratic order"
  ],
  "source_pins_checked": 9,
  "checkout_sources_checked": true,
  "verifier_sha256": "d40c08f12c3d9c7f287e7b6940bd4f7bf5137857c314f1d039a1facc35c1b780"
}
