main_ps0.5_G1000_y0.1_bcut_dzf1e-3           INCONCLUSIVE (no plateau within the evol r=-         Om_r=-       Rj=0.000477 lam_c=1       end=  7.35 last_r=306 Wid=1.2e-04/1.6e-02 led=3.7e-05
main_ps0.5_G1000_y0.1_bcut_dzf5e-4           INCONCLUSIVE (no plateau within the evol r=-         Om_r=-       Rj=0.000477 lam_c=1       end=  7.35 last_r=306 Wid=1.0e-04/1.6e-02 led=4.2e-05
main_ps0.5_G1000_y0.1_bneed_dzf1e-3          INCONCLUSIVE (no plateau within the evol r=-         Om_r=-       Rj=0.501    lam_c=20.6    end=  1.67 last_r=-1.33e+04 Wid=1.4e-04/1.1e-02 led=1.1e-03
main_ps0.5_G1000_y0.1_bneed_dzf5e-4          INCONCLUSIVE (no plateau within the evol r=-         Om_r=-       Rj=0.51     lam_c=20.6    end=  1.67 last_r=-1.34e+04 Wid=1.3e-04/1.1e-02 led=1.2e-03
main_ps0.5_G1000_y1_bcut_dzf1e-3             INCONCLUSIVE (no plateau within the evol r=-         Om_r=-       Rj=0.000159 lam_c=1       end=  7.35 last_r=674 Wid=1.2e-04/1.6e-02 led=5.1e-05
main_ps0.5_G1000_y1_bcut_dzf5e-4             INCONCLUSIVE (no plateau within the evol r=-         Om_r=-       Rj=0.000158 lam_c=1       end=  7.35 last_r=674 Wid=1.0e-04/1.6e-02 led=5.1e-05
main_ps0.5_G1000_y1_bneed_dzf1e-3            INCONCLUSIVE (no plateau within the evol r=-         Om_r=-       Rj=0.466    lam_c=20.6    end=  1.67 last_r=-127 Wid=1.4e-04/1.2e-02 led=1.3e-03
main_ps0.5_G1000_y1_bneed_dzf5e-4            INCONCLUSIVE (no plateau within the evol r=-         Om_r=-       Rj=0.478    lam_c=20.6    end=  1.67 last_r=-128 Wid=1.3e-04/1.2e-02 led=1.3e-03
main_ps0.5_G100_y0.1_bcut_dzf1e-3            INCONCLUSIVE (no plateau within the evol r=-         Om_r=-       Rj=0.00168  lam_c=1       end=  7.44 last_r=562 Wid=1.1e-04/1.6e-02 led=4.0e-05
main_ps0.5_G100_y0.1_bcut_dzf5e-4            INCONCLUSIVE (no plateau within the evol r=-         Om_r=-       Rj=0.00168  lam_c=1       end=  7.44 last_r=562 Wid=1.0e-04/1.6e-02 led=4.6e-05
main_ps0.5_G100_y0.1_bneed_dzf1e-3           INCONCLUSIVE (no plateau within the evol r=-         Om_r=-       Rj=0.349    lam_c=11.5    end=  2.62 last_r=1.79e+03 Wid=1.8e-04/1.8e-02 led=7.2e-04
main_ps0.5_G100_y0.1_bneed_dzf5e-4           INCONCLUSIVE (no plateau within the evol r=-         Om_r=-       Rj=0.349    lam_c=11.5    end=  2.62 last_r=1.78e+03 Wid=1.5e-04/1.8e-02 led=6.5e-04
main_ps0.5_G100_y1_bcut_dzf1e-3              INCONCLUSIVE (no plateau within the evol r=-         Om_r=-       Rj=0.000568 lam_c=1       end=  7.44 last_r=94.1 Wid=1.1e-04/1.6e-02 led=4.7e-05
main_ps0.5_G100_y1_bcut_dzf5e-4              INCONCLUSIVE (no plateau within the evol r=-         Om_r=-       Rj=0.000568 lam_c=1       end=  7.44 last_r=94 Wid=1.0e-04/1.6e-02 led=4.7e-05
main_ps0.5_G100_y1_bneed_dzf1e-3             INCONCLUSIVE (no plateau within the evol r=-         Om_r=-       Rj=0.347    lam_c=11.5    end=  3.06 last_r=4.36 Wid=1.8e-04/1.8e-02 led=1.8e-04
main_ps0.5_G100_y1_bneed_dzf5e-4             INCONCLUSIVE (no plateau within the evol r=-         Om_r=-       Rj=0.347    lam_c=11.5    end=  2.82 last_r=11.2 Wid=1.6e-04/1.8e-02 led=1.9e-04
main_ps0.9_G1000_y0.1_bcut_dzf1e-3           INCONCLUSIVE (no plateau within the evol r=-         Om_r=-       Rj=8.11e-05 lam_c=1       end=  7.35 last_r=2.07e+04 Wid=1.2e-04/1.6e-02 led=3.6e-05
main_ps0.9_G1000_y0.1_bcut_dzf5e-4           INCONCLUSIVE (no plateau within the evol r=-         Om_r=-       Rj=8.11e-05 lam_c=1       end=  7.35 last_r=2.07e+04 Wid=1.0e-04/1.6e-02 led=5.0e-05
main_ps0.9_G1000_y0.1_bneed_dzf1e-3          INCONCLUSIVE (no plateau within the evol r=-         Om_r=-       Rj=0.678    lam_c=50.6    end=  2.04 last_r=-3.68e+03 Wid=2.7e-04/9.7e-03 led=7.9e-04
main_ps0.9_G1000_y0.1_bneed_dzf5e-4          INCONCLUSIVE (no plateau within the evol r=-         Om_r=-       Rj=0.837    lam_c=50.6    end=  2.04 last_r=-6.83e+03 Wid=2.2e-04/9.5e-03 led=6.4e-04
main_ps0.9_G1000_y1_bcut_dzf1e-3             INCONCLUSIVE (no plateau within the evol r=-         Om_r=-       Rj=5.77e-05 lam_c=1       end=  7.35 last_r=8.47e+03 Wid=1.2e-04/1.6e-02 led=4.5e-05
main_ps0.9_G1000_y1_bcut_dzf5e-4             INCONCLUSIVE (no plateau within the evol r=-         Om_r=-       Rj=5.77e-05 lam_c=1       end=  7.35 last_r=8.47e+03 Wid=1.0e-04/1.6e-02 led=4.5e-05
main_ps0.9_G1000_y1_bneed_dzf1e-3            INCONCLUSIVE (no plateau within the evol r=-         Om_r=-       Rj=0.599    lam_c=50.6    end=  2.04 last_r=-20.2 Wid=2.7e-04/1.0e-02 led=7.8e-04
main_ps0.9_G1000_y1_bneed_dzf5e-4            INCONCLUSIVE (no plateau within the evol r=-         Om_r=-       Rj=0.672    lam_c=50.6    end=  2.04 last_r=-38.6 Wid=2.2e-04/1.0e-02 led=7.1e-04
main_ps0.9_G100_y0.1_bcut_dzf1e-3            INCONCLUSIVE (no plateau within the evol r=-         Om_r=-       Rj=0.00037  lam_c=1       end=  7.35 last_r=1.13e+05 Wid=1.1e-04/1.6e-02 led=3.6e-05
main_ps0.9_G100_y0.1_bcut_dzf5e-4            INCONCLUSIVE (no plateau within the evol r=-         Om_r=-       Rj=0.00037  lam_c=1       end=  7.35 last_r=1.13e+05 Wid=1.0e-04/1.6e-02 led=5.1e-05
main_ps0.9_G100_y0.1_bneed_dzf1e-3           INCONCLUSIVE (no plateau within the evol r=-         Om_r=-       Rj=1.87     lam_c=28.5    end=  2.46 last_r=-1.09e+03 Wid=4.5e-04/1.0e-02 led=2.1e-02
main_ps0.9_G100_y0.1_bneed_dzf5e-4           INCONCLUSIVE (no plateau within the evol r=-         Om_r=-       Rj=1.88     lam_c=28.5    end=  2.46 last_r=-1.12e+03 Wid=4.2e-04/9.9e-03 led=1.7e-02
main_ps0.9_G100_y1_bcut_dzf1e-3              INCONCLUSIVE (no plateau within the evol r=-         Om_r=-       Rj=0.000356 lam_c=1       end=  7.35 last_r=3.56e+03 Wid=1.1e-04/1.6e-02 led=4.1e-05
main_ps0.9_G100_y1_bcut_dzf5e-4              INCONCLUSIVE (no plateau within the evol r=-         Om_r=-       Rj=0.000356 lam_c=1       end=  7.35 last_r=3.56e+03 Wid=1.0e-04/1.6e-02 led=4.3e-05
main_ps0.9_G100_y1_bneed_dzf1e-3             INCONCLUSIVE (no plateau within the evol r=-         Om_r=-       Rj=1.84     lam_c=28.5    end=  2.46 last_r=-8.86 Wid=4.5e-04/1.0e-02 led=2.9e-03
main_ps0.9_G100_y1_bneed_dzf5e-4             INCONCLUSIVE (no plateau within the evol r=-         Om_r=-       Rj=1.85     lam_c=28.5    end=  2.46 last_r=-9.18 Wid=4.2e-04/1.0e-02 led=2.4e-03
{
 "verdict_lambda_c_1": "INCONCLUSIVE at lambda_c = 1",
 "b_cut_cells_completed": [
  "ps0.5_G100_y1_bcut",
  "ps0.5_G100_y0.1_bcut",
  "ps0.5_G1000_y1_bcut",
  "ps0.5_G1000_y0.1_bcut",
  "ps0.9_G100_y1_bcut",
  "ps0.9_G100_y0.1_bcut",
  "ps0.9_G1000_y1_bcut",
  "ps0.9_G1000_y0.1_bcut"
 ],
 "b_cut_cells_not_run": [],
 "b_cut_classes": {
  "ps0.5_G100_y1_bcut": "UNRELIABLE",
  "ps0.5_G100_y0.1_bcut": "UNRELIABLE",
  "ps0.5_G1000_y1_bcut": "UNRELIABLE",
  "ps0.5_G1000_y0.1_bcut": "UNRELIABLE",
  "ps0.9_G100_y1_bcut": "UNRELIABLE",
  "ps0.9_G100_y0.1_bcut": "UNRELIABLE",
  "ps0.9_G1000_y1_bcut": "UNRELIABLE",
  "ps0.9_G1000_y0.1_bcut": "UNRELIABLE"
 },
 "reduced_all_eight_fail_at_b_cut": true,
 "b_need_classes": {
  "main_ps0.5_G1000_y0.1_bneed": "UNRELIABLE",
  "main_ps0.5_G1000_y1_bneed": "UNRELIABLE",
  "main_ps0.5_G100_y0.1_bneed": "UNRELIABLE",
  "main_ps0.5_G100_y1_bneed": "UNRELIABLE",
  "main_ps0.9_G1000_y0.1_bneed": "UNRELIABLE",
  "main_ps0.9_G1000_y1_bneed": "UNRELIABLE",
  "main_ps0.9_G100_y0.1_bneed": "UNRELIABLE",
  "main_ps0.9_G100_y1_bneed": "UNRELIABLE"
 },
 "any_reliable_PASS_at_b_need": false
}
{
 "K1_chioff_Y0_dc1e-2_dzf1e-3": {
  "ref": "main_dstar_Y0_dc1e-2_dzf1e-3",
  "diffs": {
   "n_common": 305,
   "max_dT": 0.0,
   "phi_b": 0.0,
   "H_over_H0": 0.0,
   "Wy": 0.0,
   "R": 0.0
  },
  "stop_B1": "non-finite",
  "stop_A1": "non-finite",
  "H0tau_end_B1": 7.352647282501389,
  "H0tau_end_A1": 7.352647282501389,
  "class_B1": "INCONCLUSIVE (no plateau within the evolution)",
  "class_A1": "INCONCLUSIVE (no plateau within the evolution)",
  "r_B1": null,
  "r_A1": null,
  "tol_fields": 1e-08,
  "PASS": true
 },
 "K2_toy_Y1_dc1e-2_dzf1e-3": {
  "ref": "main_dstar_Y1_dc1e-2_dzf1e-3",
  "diffs": {
   "n_common": 543,
   "max_dT": 0.0,
   "phi_b": 1.2712053631958042e-13,
   "H_over_H0": 8.060552225686024e-12,
   "Wy": 1.5190626534433704e-11,
   "R": 0.006002322014004698
  },
  "stop_B1": "non-finite",
  "stop_A1": "non-finite",
  "H0tau_end_B1": 28.780976050691947,
  "H0tau_end_A1": 28.780976050479232,
  "class_B1": "PASS-conservative",
  "class_A1": "PASS-conservative",
  "r_B1": 0.07382357199041681,
  "r_A1": 0.07382357198492645,
  "tol_fields": 1e-06,
  "PASS_formal_A1_tolerance": true,
  "fields_within_1e-6": true
 }
}
