08:36:09 start pre_ps0.5_G100_y1_bneed
08:36:29 end pre_ps0.5_G100_y1_bneed
08:36:29 start main_ps0.5_G100_y1_bneed_dzf1e-3
08:37:33 end main_ps0.5_G100_y1_bneed_dzf1e-3
08:37:33 start main_ps0.5_G100_y1_bneed_dzf5e-4
08:41:10 end main_ps0.5_G100_y1_bneed_dzf5e-4
08:41:10 start pre_ps0.5_G1000_y1_bneed
08:41:29 end pre_ps0.5_G1000_y1_bneed
08:41:29 start main_ps0.5_G1000_y1_bneed_dzf1e-3
08:42:35 end main_ps0.5_G1000_y1_bneed_dzf1e-3
08:42:35 start main_ps0.5_G1000_y1_bneed_dzf5e-4
08:46:17 end main_ps0.5_G1000_y1_bneed_dzf5e-4
08:46:17 start pre_ps0.9_G100_y1_bneed
08:46:30 end pre_ps0.9_G100_y1_bneed
08:46:30 start main_ps0.9_G100_y1_bneed_dzf1e-3
08:47:22 end main_ps0.9_G100_y1_bneed_dzf1e-3
08:47:22 start main_ps0.9_G100_y1_bneed_dzf5e-4
08:50:16 end main_ps0.9_G100_y1_bneed_dzf5e-4
08:50:16 start pre_ps0.9_G1000_y1_bneed
08:50:27 end pre_ps0.9_G1000_y1_bneed
08:50:27 start main_ps0.9_G1000_y1_bneed_dzf1e-3
08:51:18 end main_ps0.9_G1000_y1_bneed_dzf1e-3
08:51:18 start main_ps0.9_G1000_y1_bneed_dzf5e-4
08:54:03 end main_ps0.9_G1000_y1_bneed_dzf5e-4
08:54:03 start pre_ps0.5_G100_y1_bcut
08:54:17 end pre_ps0.5_G100_y1_bcut
08:54:17 start main_ps0.5_G100_y1_bcut_dzf1e-3
08:55:15 end main_ps0.5_G100_y1_bcut_dzf1e-3
08:55:15 start main_ps0.5_G100_y1_bcut_dzf5e-4
08:58:29 end main_ps0.5_G100_y1_bcut_dzf5e-4
08:58:29 start pre_ps0.5_G1000_y1_bcut
08:58:43 end pre_ps0.5_G1000_y1_bcut
08:58:43 start main_ps0.5_G1000_y1_bcut_dzf1e-3
08:59:42 end main_ps0.5_G1000_y1_bcut_dzf1e-3
08:59:42 start main_ps0.5_G1000_y1_bcut_dzf5e-4
09:02:57 end main_ps0.5_G1000_y1_bcut_dzf5e-4
09:02:57 start pre_ps0.9_G100_y1_bcut
09:03:11 end pre_ps0.9_G100_y1_bcut
09:03:11 start main_ps0.9_G100_y1_bcut_dzf1e-3
09:04:12 end main_ps0.9_G100_y1_bcut_dzf1e-3
09:04:12 start main_ps0.9_G100_y1_bcut_dzf5e-4
09:07:26 end main_ps0.9_G100_y1_bcut_dzf5e-4
09:07:26 start pre_ps0.9_G1000_y1_bcut
09:07:40 end pre_ps0.9_G1000_y1_bcut
09:07:40 start main_ps0.9_G1000_y1_bcut_dzf1e-3
09:08:42 end main_ps0.9_G1000_y1_bcut_dzf1e-3
09:08:42 start main_ps0.9_G1000_y1_bcut_dzf5e-4
09:11:58 end main_ps0.9_G1000_y1_bcut_dzf5e-4
09:11:58 start ctl_ps0.5_G100_y1_bneed_ramp1.5_dzf1e-3
09:13:03 end ctl_ps0.5_G100_y1_bneed_ramp1.5_dzf1e-3
09:13:03 start ctl_ps0.5_G100_y1_bneed_instant_dzf1e-3
09:14:07 end ctl_ps0.5_G100_y1_bneed_instant_dzf1e-3
09:14:07 start ctl_ps0.5_G100_y1_bneed_noD_dzf1e-3
09:15:13 end ctl_ps0.5_G100_y1_bneed_noD_dzf1e-3
09:15:13 start pre_ps0.5_G100_y0.1_bneed
09:15:33 end pre_ps0.5_G100_y0.1_bneed
09:15:33 start main_ps0.5_G100_y0.1_bneed_dzf1e-3
09:16:40 end main_ps0.5_G100_y0.1_bneed_dzf1e-3
09:16:40 start main_ps0.5_G100_y0.1_bneed_dzf5e-4
09:20:25 end main_ps0.5_G100_y0.1_bneed_dzf5e-4
09:20:25 start pre_ps0.5_G1000_y0.1_bneed
09:20:45 end pre_ps0.5_G1000_y0.1_bneed
09:20:45 start main_ps0.5_G1000_y0.1_bneed_dzf1e-3
09:21:51 end main_ps0.5_G1000_y0.1_bneed_dzf1e-3
09:21:51 start main_ps0.5_G1000_y0.1_bneed_dzf5e-4
09:25:32 end main_ps0.5_G1000_y0.1_bneed_dzf5e-4
09:25:32 start pre_ps0.9_G100_y0.1_bneed
09:25:44 end pre_ps0.9_G100_y0.1_bneed
09:25:44 start main_ps0.9_G100_y0.1_bneed_dzf1e-3
09:26:35 end main_ps0.9_G100_y0.1_bneed_dzf1e-3
09:26:35 start main_ps0.9_G100_y0.1_bneed_dzf5e-4
09:29:26 end main_ps0.9_G100_y0.1_bneed_dzf5e-4
09:29:26 start pre_ps0.9_G1000_y0.1_bneed
09:29:37 end pre_ps0.9_G1000_y0.1_bneed
09:29:37 start main_ps0.9_G1000_y0.1_bneed_dzf1e-3
09:30:26 end main_ps0.9_G1000_y0.1_bneed_dzf1e-3
09:30:26 start main_ps0.9_G1000_y0.1_bneed_dzf5e-4
09:33:09 end main_ps0.9_G1000_y0.1_bneed_dzf5e-4
09:33:09 start pre_ps0.5_G100_y0.1_bcut
09:33:23 end pre_ps0.5_G100_y0.1_bcut
09:33:23 start main_ps0.5_G100_y0.1_bcut_dzf1e-3
09:34:20 end main_ps0.5_G100_y0.1_bcut_dzf1e-3
09:34:20 start main_ps0.5_G100_y0.1_bcut_dzf5e-4
09:37:33 end main_ps0.5_G100_y0.1_bcut_dzf5e-4
09:37:33 start pre_ps0.5_G1000_y0.1_bcut
09:37:47 end pre_ps0.5_G1000_y0.1_bcut
09:37:47 start main_ps0.5_G1000_y0.1_bcut_dzf1e-3
09:38:44 end main_ps0.5_G1000_y0.1_bcut_dzf1e-3
09:38:44 start main_ps0.5_G1000_y0.1_bcut_dzf5e-4
09:41:56 end main_ps0.5_G1000_y0.1_bcut_dzf5e-4
09:41:56 start pre_ps0.9_G100_y0.1_bcut
09:42:10 end pre_ps0.9_G100_y0.1_bcut
09:42:10 start main_ps0.9_G100_y0.1_bcut_dzf1e-3
09:43:08 end main_ps0.9_G100_y0.1_bcut_dzf1e-3
09:43:08 start main_ps0.9_G100_y0.1_bcut_dzf5e-4
09:46:19 end main_ps0.9_G100_y0.1_bcut_dzf5e-4
09:46:19 start pre_ps0.9_G1000_y0.1_bcut
09:46:33 end pre_ps0.9_G1000_y0.1_bcut
09:46:33 start main_ps0.9_G1000_y0.1_bcut_dzf1e-3
09:47:31 end main_ps0.9_G1000_y0.1_bcut_dzf1e-3
09:47:31 start main_ps0.9_G1000_y0.1_bcut_dzf5e-4
09:50:43 end main_ps0.9_G1000_y0.1_bcut_dzf5e-4
