test_independent_access_change_rejects (__main__.IndependentControls.test_independent_access_change_rejects) ... ok
test_independent_all29_fresh_streams_both_states (__main__.IndependentControls.test_independent_all29_fresh_streams_both_states) ... ok
test_independent_creator_change_rejects (__main__.IndependentControls.test_independent_creator_change_rejects) ... ok
test_independent_current_prior_owner_change_rejects_pre_action (__main__.IndependentControls.test_independent_current_prior_owner_change_rejects_pre_action) ... ok
test_independent_custom_field_change_rejects (__main__.IndependentControls.test_independent_custom_field_change_rejects) ... ok
test_independent_each_identity_field_for_old_and_new_blocks_before_latch (__main__.IndependentControls.test_independent_each_identity_field_for_old_and_new_blocks_before_latch) ... ok
test_independent_empty_final_identity_blocks_before_publish_latch (__main__.IndependentControls.test_independent_empty_final_identity_blocks_before_publish_latch) ... ok
test_independent_empty_identity_cannot_receive_verified_receipt (__main__.IndependentControls.test_independent_empty_identity_cannot_receive_verified_receipt) ... ok
test_independent_exact_prior_reference_append_accepts (__main__.IndependentControls.test_independent_exact_prior_reference_append_accepts) ... ok
test_independent_final_file_identity_change_must_block_publish (__main__.IndependentControls.test_independent_final_file_identity_change_must_block_publish)
Critical guard reproduction: unchanged bytes, MD5, metadata and raw ETag. ... ok
test_independent_first_note_language_change_rejects (__main__.IndependentControls.test_independent_first_note_language_change_rejects) ... ok
test_independent_historical_note_change_rejects (__main__.IndependentControls.test_independent_historical_note_change_rejects) ... ok
test_independent_identity_helper_rejects_missing_empty_nonstring (__main__.IndependentControls.test_independent_identity_helper_rejects_missing_empty_nonstring) ... ok
test_independent_missing_replay_marker_rejects_before_any_action (__main__.IndependentControls.test_independent_missing_replay_marker_rejects_before_any_action) ... ok
test_independent_old_related_identifier_change_rejects (__main__.IndependentControls.test_independent_old_related_identifier_change_rejects) ... ok
test_independent_orphan_journal_rejects_on_restart (__main__.IndependentControls.test_independent_orphan_journal_rejects_on_restart) ... ok
test_independent_raw_etag_change_stops_before_decimal_conversion (__main__.IndependentControls.test_independent_raw_etag_change_stops_before_decimal_conversion) ... ok
test_independent_rights_change_rejects (__main__.IndependentControls.test_independent_rights_change_rejects) ... ok
test_independent_same_identity_inherited_bad_bytes_block_publish (__main__.IndependentControls.test_independent_same_identity_inherited_bad_bytes_block_publish) ... ok
test_independent_stale_state_binding_rejects_on_restart (__main__.IndependentControls.test_independent_stale_state_binding_rejects_on_restart) ... ok
test_independent_unreviewed_related_identifier_append_rejects (__main__.IndependentControls.test_independent_unreviewed_related_identifier_append_rejects) ... ok
test_independent_wrong_draft_owner_cannot_be_adopted (__main__.IndependentControls.test_independent_wrong_draft_owner_cannot_be_adopted) ... ok
test_independent_wrong_replay_marker_rejects (__main__.IndependentControls.test_independent_wrong_replay_marker_rejects) ... ok

----------------------------------------------------------------------
Ran 23 tests in 2.409s

OK
