static shells loaded from shells_0.001_0.5975949350280132_-3.1942416958680835_0.0001_2.5e-05.pkl
static shells: rho_b=78.8283759665 phi_b=5.891232e-06 (bg); seed phi_b=2.910470e-05 rho_b=78.8281025332  [0s]
grid (rho): 1149 points, dz 2.97e-04 (shell) .. 3.00e-02 (far), L=24.00, 42.7 points per wall width 1/rho_b; chart xc=18.7 F_inf=18.7; T_switch=17.7; kappa=10
T=  0.000 H0tau= 0.0000 phi_b=+0.00003 H/H0=+1.00000 lapse=1.0000 R=0.000e+00 Wy/H0^2=+5.1769e-05 rad=0.0000e+00 mode=dev Hmax=3.0e-13 [0s]
T=  0.925 H0tau= 0.9254 phi_b=+0.00004 H/H0=+1.00000 lapse=1.0000 R=2.819e-13 Wy/H0^2=-6.4362e-07 rad=1.9469e-10 mode=dev Hmax=- [30s]
T=  1.861 H0tau= 1.8607 phi_b=+0.00005 H/H0=+1.00000 lapse=1.0000 R=5.274e-13 Wy/H0^2=-6.6142e-07 rad=3.6432e-10 mode=dev Hmax=- [60s]
T=  2.786 H0tau= 2.7861 phi_b=+0.00006 H/H0=+1.00001 lapse=1.0000 R=9.666e-13 Wy/H0^2=-9.4105e-07 rad=6.6766e-10 mode=dev Hmax=2.0e-09 [90s]
T=  3.702 H0tau= 3.7016 phi_b=+0.00008 H/H0=+1.00001 lapse=1.0000 R=1.760e-12 Wy/H0^2=-1.2657e-06 rad=1.2154e-09 mode=dev Hmax=- [120s]
T=  4.627 H0tau= 4.6269 phi_b=+0.00011 H/H0=+1.00001 lapse=1.0000 R=3.224e-12 Wy/H0^2=-1.7087e-06 rad=2.2269e-09 mode=dev Hmax=- [150s]
T=  5.463 H0tau= 5.4628 phi_b=+0.00014 H/H0=+1.00001 lapse=1.0000 R=5.571e-12 Wy/H0^2=-2.2432e-06 rad=3.8480e-09 mode=dev Hmax=- [181s]
T=  6.398 H0tau= 6.3981 phi_b=+0.00019 H/H0=+1.00002 lapse=1.0000 R=1.027e-11 Wy/H0^2=-3.0437e-06 rad=7.0964e-09 mode=dev Hmax=- [211s]
T=  7.324 H0tau= 7.3234 phi_b=+0.00026 H/H0=+1.00003 lapse=1.0000 R=1.883e-11 Wy/H0^2=-4.1175e-06 rad=1.3002e-08 mode=dev Hmax=- [241s]
T=  8.219 H0tau= 8.2189 phi_b=+0.00035 H/H0=+1.00003 lapse=0.9999 R=3.383e-11 Wy/H0^2=-5.5173e-06 rad=2.3359e-08 mode=dev Hmax=- [271s]
T=  9.115 H0tau= 9.1144 phi_b=+0.00046 H/H0=+1.00005 lapse=0.9999 R=6.078e-11 Wy/H0^2=-7.3950e-06 rad=4.1967e-08 mode=dev Hmax=- [302s]
T= 10.020 H0tau=10.0197 phi_b=+0.00062 H/H0=+1.00006 lapse=0.9998 R=1.099e-10 Wy/H0^2=-9.9491e-06 rad=7.5884e-08 mode=dev Hmax=- [332s]
T= 10.936 H0tau=10.9348 phi_b=+0.00083 H/H0=+1.00008 lapse=0.9995 R=2.001e-10 Wy/H0^2=-1.3442e-05 rad=1.3809e-07 mode=dev Hmax=- [362s]
T= 11.861 H0tau=11.8595 phi_b=+0.00113 H/H0=+1.00011 lapse=0.9988 R=3.665e-10 Wy/H0^2=-1.8252e-05 rad=2.5288e-07 mode=dev Hmax=- [392s]
T= 12.757 H0tau=12.7535 phi_b=+0.00151 H/H0=+1.00015 lapse=0.9974 R=6.581e-10 Wy/H0^2=-2.4619e-05 rad=4.5393e-07 mode=dev Hmax=- [423s]
T= 13.702 H0tau=13.6947 phi_b=+0.00205 H/H0=+1.00020 lapse=0.9936 R=1.220e-09 Wy/H0^2=-3.3971e-05 rad=8.4068e-07 mode=dev Hmax=- [453s]
T= 14.657 H0tau=14.6400 phi_b=+0.00279 H/H0=+1.00028 lapse=0.9842 R=2.268e-09 Wy/H0^2=-4.7556e-05 rad=1.5620e-06 mode=dev Hmax=- [483s]
T= 15.602 H0tau=15.5617 phi_b=+0.00377 H/H0=+1.00038 lapse=0.9631 R=4.158e-09 Wy/H0^2=-6.7559e-05 rad=2.8613e-06 mode=dev Hmax=- [513s]
T= 16.548 H0tau=16.4554 phi_b=+0.00506 H/H0=+1.00051 lapse=0.9255 R=7.506e-09 Wy/H0^2=-1.0018e-04 rad=5.1591e-06 mode=dev Hmax=- [543s]
T= 17.483 H0tau=17.3087 phi_b=+0.00670 H/H0=+1.00070 lapse=0.9154 R=1.334e-08 Wy/H0^2=-2.0284e-04 rad=9.1561e-06 mode=dev Hmax=- [573s]
switched to full-field mode at T=17.6999
T= 18.926 H0tau=19.4698 phi_b=+0.01115 H/H0=+0.98211 lapse=5.0012 R=3.840e-08 Wy/H0^2=+3.8333e-02 rad=2.6229e-05 mode=full Hmax=- [603s]
{"stop": "shell lapse diverged or vanished (|B_b| > 40) at T=18.9723", "T_end": 18.97232673268522, "H0tau_end": 19.825838929229317, "runtime": 604.3}
