static shells loaded from shells_0.001_0.5975949350280132_-3.1942416958680835_0.0001_2.5e-05.pkl
static shells: rho_b=78.8283759665 phi_b=5.891232e-06 (bg); seed phi_b=2.910470e-05 rho_b=78.8281025332  [0s]
grid (rho): 2297 points, dz 1.49e-04 (shell) .. 1.50e-02 (far), L=24.00, 85.4 points per wall width 1/rho_b; chart xc=18.7 F_inf=18.7; T_switch=17.7; kappa=10
T=  0.000 H0tau= 0.0000 phi_b=+0.00003 H/H0=+1.00000 lapse=1.0000 R=0.000e+00 Wy/H0^2=+5.1769e-05 rad=0.0000e+00 mode=dev Hmax=3.3e-13 [0s]
T=  0.301 H0tau= 0.3007 phi_b=+0.00003 H/H0=+1.00000 lapse=1.0000 R=1.393e-13 Wy/H0^2=-1.1619e-07 rad=9.6199e-11 mode=dev Hmax=1.4e-08 [30s]
T=  0.601 H0tau= 0.6015 phi_b=+0.00003 H/H0=+1.00000 lapse=1.0000 R=2.161e-13 Wy/H0^2=-5.7101e-07 rad=1.4931e-10 mode=dev Hmax=4.3e-09 [60s]
T=  0.902 H0tau= 0.9022 phi_b=+0.00004 H/H0=+1.00000 lapse=1.0000 R=2.771e-13 Wy/H0^2=-4.1623e-07 rad=1.9144e-10 mode=dev Hmax=2.5e-09 [91s]
T=  1.213 H0tau= 1.2130 phi_b=+0.00004 H/H0=+1.00000 lapse=1.0000 R=3.439e-13 Wy/H0^2=-5.0801e-07 rad=2.3757e-10 mode=dev Hmax=- [121s]
T=  1.514 H0tau= 1.5137 phi_b=+0.00004 H/H0=+1.00000 lapse=1.0000 R=4.200e-13 Wy/H0^2=-6.0836e-07 rad=2.9008e-10 mode=dev Hmax=- [151s]
T=  1.814 H0tau= 1.8145 phi_b=+0.00005 H/H0=+1.00000 lapse=1.0000 R=5.116e-13 Wy/H0^2=-7.1335e-07 rad=3.5342e-10 mode=dev Hmax=- [182s]
T=  2.115 H0tau= 2.1152 phi_b=+0.00005 H/H0=+1.00000 lapse=1.0000 R=6.230e-13 Wy/H0^2=-7.7935e-07 rad=4.3036e-10 mode=dev Hmax=- [212s]
T=  2.416 H0tau= 2.4160 phi_b=+0.00006 H/H0=+1.00001 lapse=1.0000 R=7.586e-13 Wy/H0^2=-8.4428e-07 rad=5.2398e-10 mode=dev Hmax=- [242s]
T=  2.717 H0tau= 2.7167 phi_b=+0.00006 H/H0=+1.00001 lapse=1.0000 R=9.236e-13 Wy/H0^2=-9.2802e-07 rad=6.3795e-10 mode=dev Hmax=- [272s]
T=  3.017 H0tau= 3.0174 phi_b=+0.00007 H/H0=+1.00001 lapse=1.0000 R=1.124e-12 Wy/H0^2=-1.0187e-06 rad=7.7670e-10 mode=dev Hmax=- [303s]
T=  3.318 H0tau= 3.3182 phi_b=+0.00007 H/H0=+1.00001 lapse=1.0000 R=1.369e-12 Wy/H0^2=-1.1236e-06 rad=9.4563e-10 mode=dev Hmax=- [333s]
T=  3.619 H0tau= 3.6189 phi_b=+0.00008 H/H0=+1.00001 lapse=1.0000 R=1.667e-12 Wy/H0^2=-1.2408e-06 rad=1.1513e-09 mode=dev Hmax=- [363s]
T=  3.920 H0tau= 3.9197 phi_b=+0.00009 H/H0=+1.00001 lapse=1.0000 R=2.029e-12 Wy/H0^2=-1.3692e-06 rad=1.4017e-09 mode=dev Hmax=- [394s]
T=  4.220 H0tau= 4.2204 phi_b=+0.00010 H/H0=+1.00001 lapse=1.0000 R=2.471e-12 Wy/H0^2=-1.5122e-06 rad=1.7065e-09 mode=dev Hmax=- [425s]
T=  4.521 H0tau= 4.5211 phi_b=+0.00011 H/H0=+1.00001 lapse=1.0000 R=3.008e-12 Wy/H0^2=-1.6681e-06 rad=2.0776e-09 mode=dev Hmax=- [455s]
T=  4.792 H0tau= 4.7918 phi_b=+0.00012 H/H0=+1.00001 lapse=1.0000 R=3.591e-12 Wy/H0^2=-1.8216e-06 rad=2.4802e-09 mode=dev Hmax=- [486s]
T=  5.093 H0tau= 5.0925 phi_b=+0.00013 H/H0=+1.00001 lapse=1.0000 R=4.372e-12 Wy/H0^2=-2.0103e-06 rad=3.0196e-09 mode=dev Hmax=- [516s]
T=  5.403 H0tau= 5.4033 phi_b=+0.00014 H/H0=+1.00001 lapse=1.0000 R=5.358e-12 Wy/H0^2=-2.2253e-06 rad=3.7005e-09 mode=dev Hmax=- [546s]
T=  5.704 H0tau= 5.7040 phi_b=+0.00016 H/H0=+1.00002 lapse=1.0000 R=6.523e-12 Wy/H0^2=-2.4551e-06 rad=4.5052e-09 mode=dev Hmax=- [576s]
T=  6.005 H0tau= 6.0048 phi_b=+0.00017 H/H0=+1.00002 lapse=1.0000 R=7.942e-12 Wy/H0^2=-2.7088e-06 rad=5.4849e-09 mode=dev Hmax=- [607s]
T=  6.316 H0tau= 6.3155 phi_b=+0.00019 H/H0=+1.00002 lapse=1.0000 R=9.732e-12 Wy/H0^2=-2.9984e-06 rad=6.7217e-09 mode=dev Hmax=5.9e-10 [638s]
T=  6.616 H0tau= 6.6163 phi_b=+0.00021 H/H0=+1.00002 lapse=1.0000 R=1.185e-11 Wy/H0^2=-3.3081e-06 rad=8.1834e-09 mode=dev Hmax=6.6e-10 [669s]
T=  6.917 H0tau= 6.9170 phi_b=+0.00023 H/H0=+1.00002 lapse=1.0000 R=1.443e-11 Wy/H0^2=-3.6497e-06 rad=9.9629e-09 mode=dev Hmax=7.3e-10 [699s]
T=  7.218 H0tau= 7.2177 phi_b=+0.00025 H/H0=+1.00002 lapse=1.0000 R=1.756e-11 Wy/H0^2=-4.0267e-06 rad=1.2129e-08 mode=dev Hmax=8.2e-10 [729s]
T=  7.529 H0tau= 7.5285 phi_b=+0.00028 H/H0=+1.00003 lapse=1.0000 R=2.152e-11 Wy/H0^2=-4.4571e-06 rad=1.4864e-08 mode=dev Hmax=- [760s]
T=  7.829 H0tau= 7.8292 phi_b=+0.00031 H/H0=+1.00003 lapse=1.0000 R=2.620e-11 Wy/H0^2=-4.9173e-06 rad=1.8096e-08 mode=dev Hmax=- [791s]
T=  8.130 H0tau= 8.1299 phi_b=+0.00034 H/H0=+1.00003 lapse=0.9999 R=3.190e-11 Wy/H0^2=-5.4250e-06 rad=2.2031e-08 mode=dev Hmax=- [821s]
T=  8.431 H0tau= 8.4307 phi_b=+0.00037 H/H0=+1.00004 lapse=0.9999 R=3.884e-11 Wy/H0^2=-5.9850e-06 rad=2.6821e-08 mode=dev Hmax=- [851s]
T=  8.732 H0tau= 8.7314 phi_b=+0.00041 H/H0=+1.00004 lapse=0.9999 R=4.729e-11 Wy/H0^2=-6.6027e-06 rad=3.2652e-08 mode=dev Hmax=- [882s]
T=  9.032 H0tau= 9.0321 phi_b=+0.00045 H/H0=+1.00004 lapse=0.9999 R=5.757e-11 Wy/H0^2=-7.2840e-06 rad=3.9751e-08 mode=dev Hmax=- [912s]
T=  9.333 H0tau= 9.3328 phi_b=+0.00050 H/H0=+1.00005 lapse=0.9999 R=7.009e-11 Wy/H0^2=-8.0355e-06 rad=4.8393e-08 mode=dev Hmax=- [943s]
T=  9.634 H0tau= 9.6335 phi_b=+0.00055 H/H0=+1.00005 lapse=0.9999 R=8.533e-11 Wy/H0^2=-8.8644e-06 rad=5.8913e-08 mode=dev Hmax=- [974s]
T=  9.935 H0tau= 9.9342 phi_b=+0.00060 H/H0=+1.00006 lapse=0.9999 R=1.039e-10 Wy/H0^2=-9.7785e-06 rad=7.1720e-08 mode=dev Hmax=- [1004s]
T= 10.245 H0tau=10.2450 phi_b=+0.00067 H/H0=+1.00007 lapse=0.9999 R=1.273e-10 Wy/H0^2=-1.0822e-05 rad=8.7883e-08 mode=dev Hmax=- [1035s]
T= 10.556 H0tau=10.5557 phi_b=+0.00074 H/H0=+1.00007 lapse=0.9998 R=1.560e-10 Wy/H0^2=-1.1976e-05 rad=1.0769e-07 mode=dev Hmax=- [1066s]
T= 10.867 H0tau=10.8664 phi_b=+0.00082 H/H0=+1.00008 lapse=0.9998 R=1.912e-10 Wy/H0^2=-1.3254e-05 rad=1.3195e-07 mode=dev Hmax=- [1096s]
T= 11.168 H0tau=11.1671 phi_b=+0.00090 H/H0=+1.00009 lapse=0.9998 R=2.327e-10 Wy/H0^2=-1.4619e-05 rad=1.6063e-07 mode=dev Hmax=- [1127s]
T= 11.468 H0tau=11.4677 phi_b=+0.00099 H/H0=+1.00010 lapse=0.9997 R=2.833e-10 Wy/H0^2=-1.6124e-05 rad=1.9553e-07 mode=dev Hmax=- [1157s]
T= 11.769 H0tau=11.7684 phi_b=+0.00109 H/H0=+1.00011 lapse=0.9996 R=3.449e-10 Wy/H0^2=-1.7783e-05 rad=2.3801e-07 mode=dev Hmax=- [1187s]
T= 12.070 H0tau=12.0690 phi_b=+0.00121 H/H0=+1.00012 lapse=0.9996 R=4.199e-10 Wy/H0^2=-1.9612e-05 rad=2.8970e-07 mode=dev Hmax=- [1218s]
T= 12.371 H0tau=12.3696 phi_b=+0.00133 H/H0=+1.00013 lapse=0.9994 R=5.111e-10 Wy/H0^2=-2.1628e-05 rad=3.5262e-07 mode=dev Hmax=- [1248s]
T= 12.681 H0tau=12.6802 phi_b=+0.00147 H/H0=+1.00015 lapse=0.9993 R=6.263e-10 Wy/H0^2=-2.3927e-05 rad=4.3200e-07 mode=dev Hmax=- [1279s]
T= 12.982 H0tau=12.9807 phi_b=+0.00162 H/H0=+1.00016 lapse=0.9991 R=7.623e-10 Wy/H0^2=-2.6383e-05 rad=5.2576e-07 mode=dev Hmax=- [1309s]
T= 13.293 H0tau=13.2911 phi_b=+0.00180 H/H0=+1.00018 lapse=0.9989 R=9.340e-10 Wy/H0^2=-2.9183e-05 rad=6.4404e-07 mode=dev Hmax=- [1340s]
T= 13.604 H0tau=13.6015 phi_b=+0.00199 H/H0=+1.00020 lapse=0.9985 R=1.144e-09 Wy/H0^2=-3.2278e-05 rad=7.8886e-07 mode=dev Hmax=- [1370s]
T= 13.914 H0tau=13.9117 phi_b=+0.00220 H/H0=+1.00022 lapse=0.9981 R=1.402e-09 Wy/H0^2=-3.5697e-05 rad=9.6614e-07 mode=dev Hmax=- [1401s]
T= 14.225 H0tau=14.2218 phi_b=+0.00243 H/H0=+1.00024 lapse=0.9976 R=1.717e-09 Wy/H0^2=-3.9474e-05 rad=1.1831e-06 mode=dev Hmax=- [1431s]
{"stop": "wall-clock limit 1450s", "T_end": 14.425618811890862, "H0tau_end": 14.421817960223864, "runtime": 1450.7}
--- resume Thu Oct  1 09:36:34 UTC 2026
static shells loaded from shells_0.001_0.5975949350280132_-3.1942416958680835_0.0001_2.5e-05.pkl
static shells: rho_b=78.8283759665 phi_b=5.891232e-06 (bg); seed phi_b=2.910470e-05 rho_b=78.8281025332  [0s]
grid (rho): 2297 points, dz 1.49e-04 (shell) .. 1.50e-02 (far), L=24.00, 85.4 points per wall width 1/rho_b; chart xc=18.7 F_inf=18.7; T_switch=17.7; kappa=10
resumed from /home/user/unified-theory-maldonado/research/HDBLAST_CHECKPOINT_20260930/B2_delta1e-3/runs/ctl/sens_Y1_dc1e-4_xc18.7_S2_ckpt.pkl at T=14.4256 H0tau=14.4218 (mode dev, 1439 records)
T= 14.736 H0tau=14.7316 phi_b=+0.00287 H/H0=+1.00028 lapse=0.9964 R=2.396e-09 Wy/H0^2=-4.6560e-05 rad=1.6506e-06 mode=dev Hmax=2.0e-08 [30s]
T= 15.057 H0tau=15.0511 phi_b=+0.00319 H/H0=+1.00031 lapse=0.9956 R=2.953e-09 Wy/H0^2=-5.1631e-05 rad=2.0335e-06 mode=dev Hmax=- [61s]
T= 15.368 H0tau=15.3604 phi_b=+0.00353 H/H0=+1.00034 lapse=0.9948 R=3.615e-09 Wy/H0^2=-5.7059e-05 rad=2.4884e-06 mode=dev Hmax=- [91s]
T= 15.689 H0tau=15.6794 phi_b=+0.00391 H/H0=+1.00038 lapse=0.9942 R=4.454e-09 Wy/H0^2=-6.3252e-05 rad=3.0645e-06 mode=dev Hmax=- [121s]
T= 16.010 H0tau=15.9984 phi_b=+0.00434 H/H0=+1.00042 lapse=0.9947 R=5.487e-09 Wy/H0^2=-7.0110e-05 rad=3.7736e-06 mode=dev Hmax=- [152s]
T= 16.320 H0tau=16.3078 phi_b=+0.00481 H/H0=+1.00046 lapse=0.9975 R=6.717e-09 Wy/H0^2=-7.7473e-05 rad=4.6178e-06 mode=dev Hmax=- [183s]
T= 16.641 H0tau=16.6289 phi_b=+0.00534 H/H0=+1.00051 lapse=1.0056 R=8.286e-09 Wy/H0^2=-8.5940e-05 rad=5.6934e-06 mode=dev Hmax=9.6e-08 [214s]
T= 16.962 H0tau=16.9541 phi_b=+0.00594 H/H0=+1.00057 lapse=1.0248 R=1.025e-08 Wy/H0^2=-9.5508e-05 rad=7.0382e-06 mode=dev Hmax=- [245s]
T= 17.263 H0tau=17.2675 phi_b=+0.00658 H/H0=+1.00062 lapse=1.0636 R=1.258e-08 Wy/H0^2=-1.0589e-04 rad=8.6330e-06 mode=dev Hmax=- [275s]
T= 17.583 H0tau=17.6210 phi_b=+0.00738 H/H0=+1.00070 lapse=1.1521 R=1.585e-08 Wy/H0^2=-1.1966e-04 rad=1.0871e-05 mode=dev Hmax=- [306s]
switched to full-field mode at T=17.7000
T= 18.085 H0tau=18.2806 phi_b=+0.00915 H/H0=+1.00083 lapse=1.5760 R=2.429e-08 Wy/H0^2=-1.2278e-04 rad=1.6628e-05 mode=full Hmax=- [336s]
T= 18.686 H0tau=20.2112 phi_b=+0.01373 H/H0=+0.96907 lapse=11.8314 R=1.237e-07 Wy/H0^2=+6.7243e-02 rad=8.4277e-05 mode=full Hmax=- [366s]
{"stop": "shell lapse diverged or vanished (|B_b| > 40) at T=18.7007", "T_end": 18.7006930692552, "H0tau_end": 20.47033143732436, "runtime": 1817.7}
